--------- beginning of system
D/Recents_RecentsTaskLoader( 3428): getTaskStack is getting called
W/ResourcesManager( 3394): Asset path '/system/framework/sechardware.jar' does not exist or contains no resources.
W/ResourcesManager( 3394): Asset path '/system/framework/com.google.android.maps.jar' does not exist or contains no resources.
W/ResourcesManager( 3394): Asset path '/system/framework/twframework.jar' does not exist or contains no resources.
D/PackageManager(  947): findPreferredActivity: No PreferredActivities set
D/PackageManager(  947): findPreferredActivity: No PreferredActivities set
D/Recents_RecentsActivity( 3428): onStart is getting called 
D/PackageManager(  947): findPreferredActivity: No PreferredActivities set
D/Recents_RecentsActivity( 3428): onResume is getting called 
D/Recents_TaskStackView( 3428): onMeasure is getting called
D/Recents_TaskStackView( 3428): computeRects is called 1080windowWidth1920taskStackBoundsRect(0, 0 - 1080, 1920)
D/Recents_TaskStackView( 3428): updateMinMaxScroll is getting called
D/Recents_TaskStackView( 3428): requestSynchronizeStackViewsWithModel duration=0
D/Recents_TaskStackView( 3428): requestSynchronizeStackViewsWithModel duration=0
D/Recents_TaskStackView( 3428): synchronizeStackViewsWithModel is called mStackViewsDirtytrue
D/Recents_TaskStackView( 3428): updateStackTransforms is getting called
D/Recents_TaskView( 3428): setDim is called dim=96
D/Recents_TaskView( 3428): setTaskProgress is called mTaskProgress=0.0
D/Recents_TaskView( 3428): getDim is called mDim=96
D/Recents_TaskView( 3428): setDim is called dim=96
D/Recents_TaskViewHeader( 3428): onFinishInflate
D/Recents_TaskView( 3428): onFinishInflate
D/Recents_TaskView( 3428): onTaskBound is getting called
D/Recents_TaskView( 3428): animateFooterVisibility is called
D/Recents_TaskStackView( 3428): prepareViewToLeavePool TaskView=com.android.systemui.recents.views.TaskView{20cb4f87 VFE..... ......I. 0,0-0,0}isNewViewtrue
D/Recents_RecentsTaskLoader( 3428): loadTaskData is getting called
D/Recents_TaskView( 3428): onTaskDataLoaded is getting called
D/Recents_TaskViewHeader( 3428): rebindToTask task=Task (244): com.gh4a [com.android.systemui.recents.model.Task@15b61bb5]
D/Recents_TaskView( 3428): updateViewPropertiesToTaskTransform is called
D/Recents_TaskView( 3428): setDim is called dim=12
D/Recents_TaskView( 3428): setTaskProgress is called mTaskProgress=0.6402948
D/Recents_TaskView( 3428): setDim is called dim=96
D/Recents_TaskView( 3428): setTaskProgress is called mTaskProgress=0.0
D/Recents_TaskView( 3428): getDim is called mDim=96
D/Recents_TaskView( 3428): setDim is called dim=96
D/Recents_TaskViewHeader( 3428): onFinishInflate
D/Recents_TaskView( 3428): onFinishInflate
D/Recents_TaskView( 3428): onTaskBound is getting called
D/Recents_TaskView( 3428): animateFooterVisibility is called
D/Recents_TaskStackView( 3428): prepareViewToLeavePool TaskView=com.android.systemui.recents.views.TaskView{3d618220 VFE..... ......I. 0,0-0,0}isNewViewtrue
D/Recents_RecentsTaskLoader( 3428): loadTaskData is getting called
D/Recents_TaskView( 3428): onTaskDataLoaded is getting called
D/Recents_TaskViewHeader( 3428): rebindToTask task=Task (254): com.google.android.youtube [com.android.systemui.recents.model.Task@32362eb4]
D/Recents_TaskView( 3428): updateViewPropertiesToTaskTransform is called
D/Recents_TaskView( 3428): setDim is called dim=24
D/Recents_TaskView( 3428): setTaskProgress is called mTaskProgress=0.5
D/StatusBarManagerService(  947): manageDisableList userId=0 what=0x0 pkg=WindowManager.LayoutParams
D/VoIPInterfaceManager(  947): isVoIPRinging()...
D/VoIPInterfaceManager(  947): isVoIPRunningAndDeregi()...
D/VoIPInterfaceManager(  947): Not exist call session
D/Recents_TaskStackView( 3428): onMeasure is getting called
D/Recents_TaskStackView( 3428): computeRects is called 1080windowWidth1920taskStackBoundsRect(0, 0 - 1080, 1920)
D/Recents_TaskStackView( 3428): updateMinMaxScroll is getting called
D/Recents_TaskStackView( 3428): requestSynchronizeStackViewsWithModel duration=0
D/Recents_TaskStackView( 3428): requestSynchronizeStackViewsWithModel duration=0
D/Recents_TaskStackView( 3428): synchronizeStackViewsWithModel is called mStackViewsDirtytrue
D/Recents_TaskStackView( 3428): updateStackTransforms is getting called
D/Recents_TaskView( 3428): updateViewPropertiesToTaskTransform is called
D/Recents_TaskView( 3428): setDim is called dim=12
D/Recents_TaskView( 3428): setTaskProgress is called mTaskProgress=0.6402948
D/Recents_TaskView( 3428): updateViewPropertiesToTaskTransform is called
D/Recents_TaskView( 3428): setDim is called dim=24
D/Recents_TaskView( 3428): setTaskProgress is called mTaskProgress=0.5
D/Recents_TaskStackView( 3428): onLayout is getting called
D/Recents_TaskView( 3428): prepareEnterRecentsAnimation is called
D/Recents_TaskView( 3428): getDim is called mDim=12
D/Recents_TaskView( 3428): setDim is called dim=12
D/Recents_TaskView( 3428): prepareEnterRecentsAnimation is called
D/Recents_TaskView( 3428): getDim is called mDim=24
D/Recents_TaskView( 3428): setDim is called dim=24
D/Recents_TaskStackView( 3428): synchronizeStackViewsWithModel is called mStackViewsDirtyfalse
D/StatusBarManagerService(  947): manageDisableList userId=0 what=0x0 pkg=WindowManager.LayoutParams
W/ContextImpl(  947): Calling a method in the system process without a qualified user: android.app.ContextImpl.sendBroadcast:1699 com.android.server.InputMethodManagerService$6.run:2733 java.lang.Thread.run:818 <bottom of call stack> <bottom of call stack> 
W/ContextImpl(  947): Calling a method in the system process without a qualified user: android.app.ContextImpl.sendBroadcast:1699 com.android.internal.policy.impl.PhoneWindowManager.notifyToSSRM:5611 com.android.internal.policy.impl.PhoneWindowManager.access$600:192 com.android.internal.policy.impl.PhoneWindowManager$PolicyHandler.handleMessage:806 android.os.Handler.dispatchMessage:102 
D/Recents_TaskStackView( 3428): onMeasure is getting called
D/Recents_TaskStackView( 3428): computeRects is called 1080windowWidth1920taskStackBoundsRect(0, 0 - 1080, 1920)
D/Recents_TaskStackView( 3428): updateMinMaxScroll is getting called
D/Recents_TaskStackView( 3428): onLayout is getting called
D/Recents_TaskStackView( 3428): synchronizeStackViewsWithModel is called mStackViewsDirtyfalse
D/Recents_AlternateRecentsComponent( 3199): onAnimationStarted is getting called
W/ActivityManager(  947): mDVFSHelper.release()
D/Recents_TaskStackView( 3428): startEnterRecentsAnimation is getting called
D/Recents_TaskView( 3428): startEnterRecentsAnimation is called
D/Recents_TaskView( 3428): animateFooterVisibility is called
D/Recents_TaskView( 3428): startEnterRecentsAnimation is called
D/Recents_TaskView( 3428): animateFooterVisibility is called
D/VoIPInterfaceManager(  947): isVoIPRinging()...
D/VoIPInterfaceManager(  947): isVoIPRunningAndDeregi()...
D/VoIPInterfaceManager(  947): Not exist call session
D/VoIPInterfaceManager(  947): isVoIPRinging()...
D/VoIPInterfaceManager(  947): isVoIPRunningAndDeregi()...
D/VoIPInterfaceManager(  947): Not exist call session
V/VibratorService(  947): hasVibrator - useVibetonz: true
D/VibratorService(  947): Turning vibrator off - ImmVibe.
V/VibratorService(  947): vibrateImmVibe - package: android, type: 9, magnitude: 10000
D/Recents_AlternateRecentsComponent( 3199): onToggleRecents is getting called
D/Recents_AlternateRecentsComponent( 3199): toggleRecentsActivity is getting called
V/Scroll/Pause Worker(  947): onReceive: android.intent.action.CLOSE_SYSTEM_DIALOGS
D/Recents_AlternateRecentsComponent( 3199): isRecentsTopMost is getting called
D/Recents_AlternateRecentsComponent( 3199): toggleRecentsActivity ->Recent is on the Top so dismiss it
W/ContextImpl(  947): Calling a method in the system process without a qualified user: android.app.ContextImpl.sendBroadcast:1699 com.android.server.accessibility.AccessibilityManagerService$DirectAccessBrocastReceiver.onReceive:393 android.app.LoadedApk$ReceiverDispatcher$Args.run:923 android.os.Handler.handleCallback:739 android.os.Handler.dispatchMessage:95 
D/AirplaneModeTile( 3199): onReceive : android.intent.action.CLOSE_SYSTEM_DIALOGS
D/Recents_RecentsActivity( 3428): dismissRecentsToFocusedTaskOrHome is getting called mVisible=true
D/Recents_RecentsActivity( 3428): dismissRecentsToAltHomeRaw is getting called animated=true
D/HotspotTile( 3199): onReceive : android.intent.action.CLOSE_SYSTEM_DIALOGS
D/Recents_TaskStackView( 3428): startExitToHomeAnimation is getting called
D/Recents_TaskView( 3428): startExitToHomeAnimation is called
D/Recents_TaskView( 3428): startExitToHomeAnimation is called
D/Recents_TaskStackView( 3428): prepareViewToLeavePool TaskView=com.android.systemui.recents.views.TaskView{20cb4f87 VFE...C. ........ 52,48-1028,1024}
D/Recents_RecentsTaskLoader( 3428): unloadTaskData is getting called
D/Recents_TaskView( 3428): onTaskDataUnloaded is getting called
D/Recents_TaskView( 3428): setDim is called dim=0
D/VoIPInterfaceManager(  947): isVoIPRinging()...
D/VoIPInterfaceManager(  947): isVoIPRunningAndDeregi()...
D/VoIPInterfaceManager(  947): Not exist call session
D/Recents_TaskStackView( 3428): prepareViewToLeavePool TaskView=com.android.systemui.recents.views.TaskView{3d618220 VFE...C. ........ 52,48-1028,1024}
D/Recents_RecentsTaskLoader( 3428): unloadTaskData is getting called
D/Recents_TaskView( 3428): onTaskDataUnloaded is getting called
D/Recents_TaskView( 3428): setDim is called dim=0
W/ActivityManager(  947): mDVFSHelper.acquire()
W/ContextImpl(  947): Calling a method in the system process without a qualified user: android.app.ContextImpl.sendBroadcast:1699 com.android.internal.policy.impl.PhoneWindowManager.notifyToSSRM:5611 com.android.internal.policy.impl.PhoneWindowManager.access$600:192 com.android.internal.policy.impl.PhoneWindowManager$PolicyHandler.handleMessage:806 android.os.Handler.dispatchMessage:102 
V/WindowManager(  947): rotationForOrientationLw(orient=1, last=0); user=0 USER_ROTATION_LOCKED sensorRotation=0 mLidState=-1 mDockMode=0 mHdmiPlugged=false
D/VoIPInterfaceManager(  947): isVoIPRinging()...
D/VoIPInterfaceManager(  947): isVoIPRunningAndDeregi()...
D/VoIPInterfaceManager(  947): Not exist call session
D/StatusBarManagerService(  947): manageDisableList userId=0 what=0x0 pkg=WindowManager.LayoutParams
D/VoIPInterfaceManager(  947): isVoIPRinging()...
D/VoIPInterfaceManager(  947): isVoIPRunningAndDeregi()...
D/VoIPInterfaceManager(  947): Not exist call session
W/ContextImpl(  947): Calling a method in the system process without a qualified user: android.app.ContextImpl.sendBroadcast:1699 com.android.server.InputMethodManagerService$6.run:2733 java.lang.Thread.run:818 <bottom of call stack> <bottom of call stack> 
D/VoIPInterfaceManager(  947): isVoIPRinging()...
D/VoIPInterfaceManager(  947): isVoIPRunningAndDeregi()...
D/VoIPInterfaceManager(  947): Not exist call session
D/VoIPInterfaceManager(  947): isVoIPRinging()...
D/VoIPInterfaceManager(  947): isVoIPRunningAndDeregi()...
D/VoIPInterfaceManager(  947): Not exist call session
D/VoIPInterfaceManager(  947): isVoIPRinging()...
D/VoIPInterfaceManager(  947): isVoIPRunningAndDeregi()...
D/VoIPInterfaceManager(  947): Not exist call session
D/StatusBarManagerService(  947): manageDisableList userId=0 what=0x0 pkg=WindowManager.LayoutParams
W/ActivityManager(  947): mDVFSHelper.release()
D/Recents_RecentsActivity( 3428): onStop is getting called 
D/Recents_RecentsActivity( 3428): onDestroy is getting called 
D/VoIPInterfaceManager(  947): isVoIPRinging()...
D/VoIPInterfaceManager(  947): isVoIPRunningAndDeregi()...
D/VoIPInterfaceManager(  947): Not exist call session
D/VoIPInterfaceManager(  947): isVoIPRinging()...
D/VoIPInterfaceManager(  947): isVoIPRunningAndDeregi()...
D/VoIPInterfaceManager(  947): Not exist call session
D/VoIPInterfaceManager(  947): isVoIPRinging()...
D/VoIPInterfaceManager(  947): isVoIPRunningAndDeregi()...
D/VoIPInterfaceManager(  947): Not exist call session
V/VibratorService(  947): hasVibrator - useVibetonz: true
D/VibratorService(  947): Turning vibrator off - ImmVibe.
V/VibratorService(  947): vibrateImmVibe - package: android, type: 9, magnitude: 10000
V/Scroll/Pause Worker(  947): onReceive: android.intent.action.CLOSE_SYSTEM_DIALOGS
W/ContextImpl(  947): Calling a method in the system process without a qualified user: android.app.ContextImpl.sendBroadcast:1699 com.android.server.accessibility.AccessibilityManagerService$DirectAccessBrocastReceiver.onReceive:393 android.app.LoadedApk$ReceiverDispatcher$Args.run:923 android.os.Handler.handleCallback:739 android.os.Handler.dispatchMessage:95 
D/Recents_AlternateRecentsComponent( 3199): onToggleRecents is getting called
D/Recents_AlternateRecentsComponent( 3199): toggleRecentsActivity is getting called
D/Recents_AlternateRecentsComponent( 3199): isRecentsTopMost is getting called
D/Recents_AlternateRecentsComponent( 3199): startRecentsActivity with arg is getting called
D/Recents_AlternateRecentsComponent( 3199): getHomeTransitionActivityOptions is getting called
D/Recents_AlternateRecentsComponent( 3199): startAlternateRecentsActivity with arg is getting called
I/ActivityManager(  947): START u0 {act=com.android.systemui.recents.SHOW_RECENTS flg=0x10800000 cmp=com.android.systemui/.recents.RecentsActivity (has extras)} from uid 10053 on display 0
W/ActivityManager(  947): mDVFSHelper.acquire()
V/WindowManager(  947): rotationForOrientationLw(orient=-1, last=0); user=0 USER_ROTATION_LOCKED sensorRotation=0 mLidState=-1 mDockMode=0 mHdmiPlugged=false
D/VoIPInterfaceManager(  947): isVoIPRinging()...
D/VoIPInterfaceManager(  947): isVoIPRunningAndDeregi()...
D/VoIPInterfaceManager(  947): Not exist call session
D/AirplaneModeTile( 3199): onReceive : android.intent.action.CLOSE_SYSTEM_DIALOGS
D/HotspotTile( 3199): onReceive : android.intent.action.CLOSE_SYSTEM_DIALOGS
D/Recents_RecentsActivity( 3428): onCreate is getting called
D/VoIPInterfaceManager(  947): isVoIPRinging()...
D/VoIPInterfaceManager(  947): isVoIPRunningAndDeregi()...
D/VoIPInterfaceManager(  947): Not exist call session
D/PackageManager(  947): findPreferredActivity: No PreferredActivities set
D/Recents_RecentsActivity( 3428): updateRecentsTasks is getting called
D/Recents_RecentsTaskLoader( 3428): getTaskStack is getting called
D/PackageManager(  947): findPreferredActivity: No PreferredActivities set
D/PackageManager(  947): findPreferredActivity: No PreferredActivities set
D/Recents_RecentsActivity( 3428): onStart is getting called 
D/PackageManager(  947): findPreferredActivity: No PreferredActivities set
D/Recents_RecentsActivity( 3428): onResume is getting called 
V/ActivityThread( 3394): updateVisibility : ActivityRecord{18e6f6e1 token=android.os.BinderProxy@3f1812a6 {com.sec.android.app.launcher/com.android.launcher2.Launcher}} show : false
D/Recents_TaskStackView( 3428): onMeasure is getting called
D/Recents_TaskStackView( 3428): computeRects is called 1080windowWidth1920taskStackBoundsRect(0, 0 - 1080, 1920)
D/Recents_TaskStackView( 3428): updateMinMaxScroll is getting called
D/Recents_TaskStackView( 3428): requestSynchronizeStackViewsWithModel duration=0
D/Recents_TaskStackView( 3428): requestSynchronizeStackViewsWithModel duration=0
D/Recents_TaskStackView( 3428): synchronizeStackViewsWithModel is called mStackViewsDirtytrue
D/Recents_TaskStackView( 3428): updateStackTransforms is getting called
D/Recents_TaskView( 3428): setDim is called dim=96
D/Recents_TaskView( 3428): setTaskProgress is called mTaskProgress=0.0
D/Recents_TaskView( 3428): getDim is called mDim=96
D/Recents_TaskView( 3428): setDim is called dim=96
D/VoIPInterfaceManager(  947): isVoIPRinging()...
D/VoIPInterfaceManager(  947): isVoIPRunningAndDeregi()...
D/VoIPInterfaceManager(  947): Not exist call session
D/Recents_TaskViewHeader( 3428): onFinishInflate
D/Recents_TaskView( 3428): onFinishInflate
D/Recents_TaskView( 3428): onTaskBound is getting called
D/Recents_TaskView( 3428): animateFooterVisibility is called
D/Recents_TaskStackView( 3428): prepareViewToLeavePool TaskView=com.android.systemui.recents.views.TaskView{29bb58f3 VFE..... ......I. 0,0-0,0}isNewViewtrue
D/Recents_RecentsTaskLoader( 3428): loadTaskData is getting called
D/Recents_TaskView( 3428): onTaskDataLoaded is getting called
D/Recents_TaskViewHeader( 3428): rebindToTask task=Task (244): com.gh4a [com.android.systemui.recents.model.Task@178c2e57]
D/Recents_TaskView( 3428): updateViewPropertiesToTaskTransform is called
D/Recents_TaskView( 3428): setDim is called dim=12
D/Recents_TaskView( 3428): setTaskProgress is called mTaskProgress=0.6402948
D/Recents_TaskView( 3428): setDim is called dim=96
D/Recents_TaskView( 3428): setTaskProgress is called mTaskProgress=0.0
D/Recents_TaskView( 3428): getDim is called mDim=96
D/Recents_TaskView( 3428): setDim is called dim=96
D/Recents_TaskViewHeader( 3428): onFinishInflate
D/Recents_TaskView( 3428): onFinishInflate
D/Recents_TaskView( 3428): onTaskBound is getting called
D/Recents_TaskView( 3428): animateFooterVisibility is called
D/Recents_TaskStackView( 3428): prepareViewToLeavePool TaskView=com.android.systemui.recents.views.TaskView{2c737fae VFE..... ......I. 0,0-0,0}isNewViewtrue
D/Recents_RecentsTaskLoader( 3428): loadTaskData is getting called
D/Recents_TaskView( 3428): onTaskDataLoaded is getting called
D/Recents_TaskViewHeader( 3428): rebindToTask task=Task (254): com.google.android.youtube [com.android.systemui.recents.model.Task@18d119b0]
D/Recents_TaskView( 3428): updateViewPropertiesToTaskTransform is called
D/Recents_TaskView( 3428): setDim is called dim=24
D/Recents_TaskView( 3428): setTaskProgress is called mTaskProgress=0.5
D/StatusBarManagerService(  947): manageDisableList userId=0 what=0x0 pkg=WindowManager.LayoutParams
D/VoIPInterfaceManager(  947): isVoIPRinging()...
D/VoIPInterfaceManager(  947): isVoIPRunningAndDeregi()...
D/VoIPInterfaceManager(  947): Not exist call session
D/Recents_TaskStackView( 3428): onMeasure is getting called
D/Recents_TaskStackView( 3428): computeRects is called 1080windowWidth1920taskStackBoundsRect(0, 0 - 1080, 1920)
D/Recents_TaskStackView( 3428): updateMinMaxScroll is getting called
D/Recents_TaskStackView( 3428): requestSynchronizeStackViewsWithModel duration=0
D/Recents_TaskStackView( 3428): requestSynchronizeStackViewsWithModel duration=0
D/Recents_TaskStackView( 3428): synchronizeStackViewsWithModel is called mStackViewsDirtytrue
D/Recents_TaskStackView( 3428): updateStackTransforms is getting called
D/Recents_TaskView( 3428): updateViewPropertiesToTaskTransform is called
D/Recents_TaskView( 3428): setDim is called dim=12
D/Recents_TaskView( 3428): setTaskProgress is called mTaskProgress=0.6402948
D/Recents_TaskView( 3428): updateViewPropertiesToTaskTransform is called
D/Recents_TaskView( 3428): setDim is called dim=24
D/Recents_TaskView( 3428): setTaskProgress is called mTaskProgress=0.5
D/Recents_TaskStackView( 3428): onLayout is getting called
D/Recents_TaskView( 3428): prepareEnterRecentsAnimation is called
D/Recents_TaskView( 3428): getDim is called mDim=12
D/Recents_TaskView( 3428): setDim is called dim=12
D/Recents_TaskView( 3428): prepareEnterRecentsAnimation is called
D/Recents_TaskView( 3428): getDim is called mDim=24
D/Recents_TaskView( 3428): setDim is called dim=24
D/Recents_TaskStackView( 3428): synchronizeStackViewsWithModel is called mStackViewsDirtyfalse
D/VoIPInterfaceManager(  947): isVoIPRinging()...
D/VoIPInterfaceManager(  947): isVoIPRunningAndDeregi()...
D/VoIPInterfaceManager(  947): Not exist call session
D/StatusBarManagerService(  947): manageDisableList userId=0 what=0x0 pkg=WindowManager.LayoutParams
W/ContextImpl(  947): Calling a method in the system process without a qualified user: android.app.ContextImpl.sendBroadcast:1699 com.android.server.InputMethodManagerService$6.run:2733 java.lang.Thread.run:818 <bottom of call stack> <bottom of call stack> 
D/Recents_TaskStackView( 3428): onMeasure is getting called
D/Recents_TaskStackView( 3428): computeRects is called 1080windowWidth1920taskStackBoundsRect(0, 0 - 1080, 1920)
D/Recents_TaskStackView( 3428): updateMinMaxScroll is getting called
D/Recents_TaskStackView( 3428): onLayout is getting called
D/Recents_TaskStackView( 3428): synchronizeStackViewsWithModel is called mStackViewsDirtyfalse
W/ContextImpl(  947): Calling a method in the system process without a qualified user: android.app.ContextImpl.sendBroadcast:1699 com.android.internal.policy.impl.PhoneWindowManager.notifyToSSRM:5611 com.android.internal.policy.impl.PhoneWindowManager.access$600:192 com.android.internal.policy.impl.PhoneWindowManager$PolicyHandler.handleMessage:806 android.os.Handler.dispatchMessage:102 
D/Recents_AlternateRecentsComponent( 3199): onAnimationStarted is getting called
D/Recents_TaskStackView( 3428): startEnterRecentsAnimation is getting called
D/Recents_TaskView( 3428): startEnterRecentsAnimation is called
D/Recents_TaskView( 3428): animateFooterVisibility is called
D/Recents_TaskView( 3428): startEnterRecentsAnimation is called
D/Recents_TaskView( 3428): animateFooterVisibility is called
W/ActivityManager(  947): mDVFSHelper.release()
D/Recents_RecentsTaskLoader( 3428): getTaskStack is getting called
D/PackageManager(  947): findPreferredActivity: No PreferredActivities set
D/TaskPersister(  947): removeObsoleteFile: deleting file=254_task.xml
D/Recents_RecentsActivity( 3428): dismissRecentsToHome is getting called animated=false
D/Recents_RecentsActivity( 3428): dismissRecentsToAltHomeRaw is getting called animated=false
D/TaskPersister(  947): removeObsoleteFile: deleting file=254_task_thumbnail.png
D/TaskPersister(  947): removeObsoleteFile: deleting file=244_task.xml
D/TaskPersister(  947): removeObsoleteFile: deleting file=244_task_thumbnail.png
W/ActivityManager(  947): mDVFSHelper.acquire()
V/WindowManager(  947): rotationForOrientationLw(orient=1, last=0); user=0 USER_ROTATION_LOCKED sensorRotation=0 mLidState=-1 mDockMode=0 mHdmiPlugged=false
W/ContextImpl(  947): Calling a method in the system process without a qualified user: android.app.ContextImpl.sendBroadcast:1699 com.android.internal.policy.impl.PhoneWindowManager.notifyToSSRM:5611 com.android.internal.policy.impl.PhoneWindowManager.access$600:192 com.android.internal.policy.impl.PhoneWindowManager$PolicyHandler.handleMessage:806 android.os.Handler.dispatchMessage:102 
D/StatusBarManagerService(  947): manageDisableList userId=0 what=0x0 pkg=WindowManager.LayoutParams
W/ContextImpl(  947): Calling a method in the system process without a qualified user: android.app.ContextImpl.sendBroadcast:1699 com.android.server.InputMethodManagerService$6.run:2733 java.lang.Thread.run:818 <bottom of call stack> <bottom of call stack> 
D/StatusBarManagerService(  947): manageDisableList userId=0 what=0x0 pkg=WindowManager.LayoutParams
W/ActivityManager(  947): mDVFSHelper.release()
D/Recents_RecentsActivity( 3428): onStop is getting called 
D/Recents_RecentsActivity( 3428): onDestroy is getting called 
E/Watchdog(  947): !@Sync 5
D/BatteryService(  947): !@BatteryListener : batteryPropertiesChanged!
D/BatteryService(  947): level:79, scale:100, status:2, health:2, present:true, voltage: 4110, temperature: 293, technology: Li-ion, AC powered:false, USB powered:true, Wireless powered:false, icon:17303687, invalid charger:0
D/BatteryService(  947): online:4, current avg:460, charge type:1, power sharing:false, high voltage charger:false, capacity:280000, current_now:460
D/BatteryService(  947): Sending ACTION_BATTERY_CHANGED.
I/MotionRecognitionService(  947): Plugged
I/MotionRecognitionService(  947): setPowerConnected  = true
D/STATUSBAR-PhoneStatusBar( 3199):  mBrightnessEnablebySettings = true mBrightnessEnablebyBattery = true mBrightnessEnablebyDisableFlag = true mPmsBrightnessEnablebySettings = true
D/BatteryMeterView( 3199): ACTION_BATTERY_CHANGED : level:79 status:2 health:2
D/BatteryMeterView( 3199): ACTION_BATTERY_CHANGED : level:79 status:2 health:2
D/BatteryMeterView( 3199): ACTION_BATTERY_CHANGED : level:79 status:2 health:2
--------- beginning of main
V/AudioPolicyManager_legacy( 3378): ====bluetoothVolume[8][11] = 0.251189
V/AudioPolicyManager_legacy( 3378): ====bluetoothVolume[8][12] = 0.354813
V/AudioPolicyManager_legacy( 3378): ====bluetoothVolume[8][13] = 0.501187
V/AudioPolicyManager_legacy( 3378): ====bluetoothVolume[8][14] = 0.707946
V/AudioPolicyManager_legacy( 3378): ====bluetoothVolume[8][15] = 1.000000
V/AudioPolicyManager_legacy( 3378): ====bluetoothVolume[8][16] = 0.500000
V/AudioPolicyManager_legacy( 3378): ====bluetoothVolume[9][0] = 0.000000
V/AudioPolicyManager_legacy( 3378): ====bluetoothVolume[9][1] = 0.074989
V/AudioPolicyManager_legacy( 3378): ====bluetoothVolume[9][2] = 0.089125
V/AudioPolicyManager_legacy( 3378): ====bluetoothVolume[9][3] = 0.105925
V/AudioPolicyManager_legacy( 3378): ====bluetoothVolume[9][4] = 0.125893
V/AudioPolicyManager_legacy( 3378): ====bluetoothVolume[9][5] = 0.149624
V/AudioPolicyManager_legacy( 3378): ====bluetoothVolume[9][6] = 0.177828
V/AudioPolicyManager_legacy( 3378): ====bluetoothVolume[9][7] = 0.211349
V/AudioPolicyManager_legacy( 3378): ====bluetoothVolume[9][8] = 0.251189
V/AudioPolicyManager_legacy( 3378): ====bluetoothVolume[9][9] = 0.298538
V/AudioPolicyManager_legacy( 3378): ====bluetoothVolume[9][10] = 0.354813
V/AudioPolicyManager_legacy( 3378): ====bluetoothVolume[9][11] = 0.421696
V/AudioPolicyManager_legacy( 3378): ====bluetoothVolume[9][12] = 0.501187
V/AudioPolicyManager_legacy( 3378): ====bluetoothVolume[9][13] = 0.595662
V/AudioPolicyManager_legacy( 3378): ====bluetoothVolume[9][14] = 0.707946
V/AudioPolicyManager_legacy( 3378): ====bluetoothVolume[9][15] = 0.841395
V/AudioPolicyManager_legacy( 3378): ====bluetoothVolume[9][16] = 0.500000
V/AudioPolicyManager_legacy( 3378): ====bluetoothVolume[10][0] = 0.000000
V/AudioPolicyManager_legacy( 3378): ====bluetoothVolume[10][1] = 0.003350
V/AudioPolicyManager_legacy( 3378): ====bluetoothVolume[10][2] = 0.007943
V/AudioPolicyManager_legacy( 3378): ====bluetoothVolume[10][3] = 0.014962
V/AudioPolicyManager_legacy( 3378): ====bluetoothVolume[10][4] = 0.022387
V/AudioPolicyManager_legacy( 3378): ====bluetoothVolume[10][5] = 0.031623
V/AudioPolicyManager_legacy( 3378): ====bluetoothVolume[10][6] = 0.044668
V/AudioPolicyManager_legacy( 3378): ====bluetoothVolume[10][7] = 0.063096
V/AudioPolicyManager_legacy( 3378): ====bluetoothVolume[10][8] = 0.089125
V/AudioPolicyManager_legacy( 3378): ====bluetoothVolume[10][9] = 0.125893
V/AudioPolicyManager_legacy( 3378): ====bluetoothVolume[10][10] = 0.177828
V/AudioPolicyManager_legacy( 3378): ====bluetoothVolume[10][11] = 0.251189
V/AudioPolicyManager_legacy( 3378): ====bluetoothVolume[10][12] = 0.354813
V/AudioPolicyManager_legacy( 3378): ====bluetoothVolume[10][13] = 0.501187
V/AudioPolicyManager_legacy( 3378): ====bluetoothVolume[10][14] = 0.707946
V/AudioPolicyManager_legacy( 3378): ====bluetoothVolume[10][15] = 1.000000
V/AudioPolicyManager_legacy( 3378): ====bluetoothVolume[10][16] = 0.500000
V/AudioPolicyManager_legacy( 3378): ====bluetoothVolume[11][0] = 0.177828
V/AudioPolicyManager_legacy( 3378): ====bluetoothVolume[11][1] = 0.251189
V/AudioPolicyManager_legacy( 3378): ====bluetoothVolume[11][2] = 0.354813
V/AudioPolicyManager_legacy( 3378): ====bluetoothVolume[11][3] = 0.501187
V/AudioPolicyManager_legacy( 3378): ====bluetoothVolume[11][4] = 0.707946
V/AudioPolicyManager_legacy( 3378): ====bluetoothVolume[11][5] = 1.000000
V/AudioPolicyManager_legacy( 3378): ====bluetoothVolume[11][6] = 0.500000
V/AudioPolicyManager_legacy( 3378): ====bluetoothVolume[11][7] = 0.000000
V/AudioPolicyManager_legacy( 3378): ====bluetoothVolume[11][8] = 0.000000
V/AudioPolicyManager_legacy( 3378): ====bluetoothVolume[11][9] = 0.000000
V/AudioPolicyManager_legacy( 3378): ====bluetoothVolume[11][10] = 0.000000
V/AudioPolicyManager_legacy( 3378): ====bluetoothVolume[11][11] = 0.000000
V/AudioPolicyManager_legacy( 3378): ====bluetoothVolume[11][12] = 0.000000
V/AudioPolicyManager_legacy( 3378): ====bluetoothVolume[11][13] = 0.000000
V/AudioPolicyManager_legacy( 3378): ====bluetoothVolume[11][14] = 0.000000
V/AudioPolicyManager_legacy( 3378): ====bluetoothVolume[11][15] = 0.000000
V/AudioPolicyManager_legacy( 3378): ====bluetoothVolume[11][16] = 0.000000
V/AudioPolicyManager_legacy( 3378): ====bluetoothVolume[12][0] = 0.177828
V/AudioPolicyManager_legacy( 3378): ====bluetoothVolume[12][1] = 0.251189
V/AudioPolicyManager_legacy( 3378): ====bluetoothVolume[12][2] = 0.354813
V/AudioPolicyManager_legacy( 3378): ====bluetoothVolume[12][3] = 0.501187
V/AudioPolicyManager_legacy( 3378): ====bluetoothVolume[12][4] = 0.707946
V/AudioPolicyManager_legacy( 3378): ====bluetoothVolume[12][5] = 1.000000
V/AudioPolicyManager_legacy( 3378): ====bluetoothVolume[12][6] = 0.500000
V/AudioPolicyManager_legacy( 3378): ====bluetoothVolume[12][7] = 0.000000
V/AudioPolicyManager_legacy( 3378): ====bluetoothVolume[12][8] = 0.000000
V/AudioPolicyManager_legacy( 3378): ====bluetoothVolume[12][9] = 0.000000
V/AudioPolicyManager_legacy( 3378): ====bluetoothVolume[12][10] = 0.000000
V/AudioPolicyManager_legacy( 3378): ====bluetoothVolume[12][11] = 0.000000
V/AudioPolicyManager_legacy( 3378): ====bluetoothVolume[12][12] = 0.000000
V/AudioPolicyManager_legacy( 3378): ====bluetoothVolume[12][13] = 0.000000
V/AudioPolicyManager_legacy( 3378): ====bluetoothVolume[12][14] = 0.000000
V/AudioPolicyManager_legacy( 3378): ====bluetoothVolume[12][15] = 0.000000
V/AudioPolicyManager_legacy( 3378): ====bluetoothVolume[12][16] = 0.000000
V/AudioPolicyManager_legacy( 3378): ==== situationVolume[0][0] = 0.500000
V/AudioPolicyManager_legacy( 3378): ==== situationVolume[0][1] = 1.000000
V/AudioPolicyManager_legacy( 3378): ==== situationVolume[1][0] = 0.800000
V/AudioPolicyManager_legacy( 3378): ==== situationVolume[1][1] = 0.700000
V/AudioPolicyManager_legacy( 3378): ==== situationVolume[2][0] = 0.500000
V/AudioPolicyManager_legacy( 3378): ==== situationVolume[2][1] = 1.000000
V/AudioPolicyManager_legacy( 3378): ==== situationVolume[3][0] = 0.260000
V/AudioPolicyManager_legacy( 3378): ==== situationVolume[3][1] = 0.500000
V/AudioPolicyManager_legacy( 3378): ==== situationVolume[4][0] = 0.500000
V/AudioPolicyManager_legacy( 3378): ==== situationVolume[4][1] = 0.500000
V/AudioPolicyManager_legacy( 3378): ==== situationVolume[5][0] = 0.500000
V/AudioPolicyManager_legacy( 3378): ==== situationVolume[5][1] = 0.500000
V/AudioPolicyManager_legacy( 3378): ==== situationVolume[6][0] = 1.000000
V/AudioPolicyManager_legacy( 3378): ==== situationVolume[6][1] = 0.030000
V/AudioPolicyManager_legacy( 3378): ==== situationVolume[7][0] = 1.000000
V/AudioPolicyManager_legacy( 3378): ==== situationVolume[7][1] = 1.000000
V/AudioPolicyManager_legacy( 3378): ==== situationVolume[8][0] = 1.000000
V/AudioPolicyManager_legacy( 3378): ==== situationVolume[8][1] = 0.700000
V/AudioPolicyManager_legacy( 3378): ==== situationVolume[9][0] = 0.500000
V/AudioPolicyManager_legacy( 3378): ==== situationVolume[9][1] = 0.500000
V/AudioPolicyManager_legacy( 3378): ==== situationVolume[10][0] = 0.500000
V/AudioPolicyManager_legacy( 3378): ==== situationVolume[10][1] = 0.500000
V/AudioPolicyManager_legacy( 3378): ==== situationVolume[11][0] = 0.840000
V/AudioPolicyManager_legacy( 3378): ==== situationVolume[11][1] = 1.000000
V/AudioPolicyManager_legacy( 3378): ==== situationVolume[12][0] = 0.500000
V/AudioPolicyManager_legacy( 3378): ==== situationVolume[12][1] = 1.000000
V/AudioPolicyManager_legacy( 3378): ==== situationVolume[13][0] = 0.500000
V/AudioPolicyManager_legacy( 3378): ==== situationVolume[13][1] = 1.000000
V/AudioPolicyManager_legacy( 3378): ==== situationVolume[14][0] = 0.500000
V/AudioPolicyManager_legacy( 3378): ==== situationVolume[14][1] = 1.000000
V/AudioPolicyManager_legacy( 3378): ==== situationVolume[15][0] = 0.500000
V/AudioPolicyManager_legacy( 3378): ==== situationVolume[15][1] = 1.000000
V/AudioPolicyManager_legacy( 3378): ==== situationVolume[16][0] = 0.500000
V/AudioPolicyManager_legacy( 3378): ==== situationVolume[16][1] = 1.000000
D/Audio_Control_CSC( 3378): get_CS_ISO_Code country_code = ES
D/Audio_Control_CSC( 3378): get_ShutterSound_Off
D/Audio_Control_CSC( 3378): getCameraShutterOn()_mbIsShutterOn = 0
I/AudioPolicyService( 3378): forced_val : 0
V/AudioPolicyManager_legacy( 3378): setSystemProperty() property ro.camera.sound.forced, value 0
I/AudioPolicyManager_legacy( 3378): ENFORCED_AUDIBLE can be muted
V/TranscoderService( 3378): TranscoderService created
E/SoundTriggerHwService( 3378): couldn't load sound trigger module sound_trigger.primary (No such file or directory)
V/AudioHardwareALSA( 3378): setParameters() restarting=true
D/SurfaceFlinger(  233): FPS : 0.90
W/SurfaceFlinger(  233): Fail to Open /sys/devices/platform/gpusysfs/fps
V/AudioPolicyManager_legacy( 3378): setPhoneState() state 0
W/AudioPolicyManager_legacy( 3378): setPhoneState() setting same state 0
V/AudioPolicyManager_legacy( 3378): setForceUse() usage 0, config 0, mPhoneState 0
V/AudioPolicyManager_legacy( 3378): getOutputsForDevice device 0002 -> 0002
V/AudioPolicyManager_legacy( 3378): getOutputsForDevice device 0002 -> 0002
E/AudioPolicyManager_legacy( 3378): getDeviceForStrategy() speaker device not found
V/AudioPolicyManager_legacy( 3378): getOutputsForDevice device 0002 -> 0002
V/AudioPolicyManager_legacy( 3378): getOutputsForDevice device 0002 -> 0002
E/AudioPolicyManager_legacy( 3378): getDeviceForStrategy() speaker device not found
V/AudioPolicyManager_legacy( 3378): getOutputsForDevice device 0002 -> 0002
V/AudioPolicyManager_legacy( 3378): getOutputsForDevice device 0002 -> 0002
E/AudioPolicyManager_legacy( 3378): getDeviceForStrategy() speaker device not found
V/AudioPolicyManager_legacy( 3378): getOutputsForDevice device 0002 -> 0002
V/AudioPolicyManager_legacy( 3378): getOutputsForDevice device 0002 -> 0002
V/AudioPolicyManager_legacy( 3378): getOutputsForDevice device 0002 -> 0002
V/AudioPolicyManager_legacy( 3378): getOutputsForDevice device 0002 -> 0002
V/AudioPolicyManager_legacy( 3378): getOutputsForDevice device 0002 -> 0002
V/AudioPolicyManager_legacy( 3378): getOutputsForDevice device 0002 -> 0002
E/AudioPolicyManager_legacy( 3378): getDeviceForStrategy() speaker device not found
E/AudioPolicyManager_legacy( 3378): getDeviceForStrategy() speaker device not found
E/AudioPolicyManager_legacy( 3378): getDeviceForStrategy() speaker device not found
V/AudioPolicyManager_legacy( 3378): setForceUse() usage 2, config 0, mPhoneState 0
V/AudioPolicyManager_legacy( 3378): getOutputsForDevice device 0002 -> 0002
V/AudioPolicyManager_legacy( 3378): getOutputsForDevice device 0002 -> 0002
E/AudioPolicyManager_legacy( 3378): getDeviceForStrategy() speaker device not found
V/AudioPolicyManager_legacy( 3378): getOutputsForDevice device 0002 -> 0002
V/AudioPolicyManager_legacy( 3378): getOutputsForDevice device 0002 -> 0002
E/AudioPolicyManager_legacy( 3378): getDeviceForStrategy() speaker device not found
V/AudioPolicyManager_legacy( 3378): getOutputsForDevice device 0002 -> 0002
V/AudioPolicyManager_legacy( 3378): getOutputsForDevice device 0002 -> 0002
E/AudioPolicyManager_legacy( 3378): getDeviceForStrategy() speaker device not found
V/AudioPolicyManager_legacy( 3378): getOutputsForDevice device 0002 -> 0002
V/AudioPolicyManager_legacy( 3378): getOutputsForDevice device 0002 -> 0002
V/AudioPolicyManager_legacy( 3378): getOutputsForDevice device 0002 -> 0002
V/AudioPolicyManager_legacy( 3378): getOutputsForDevice device 0002 -> 0002
V/AudioPolicyManager_legacy( 3378): getOutputsForDevice device 0002 -> 0002
V/AudioPolicyManager_legacy( 3378): getOutputsForDevice device 0002 -> 0002
E/AudioPolicyManager_legacy( 3378): getDeviceForStrategy() speaker device not found
E/AudioPolicyManager_legacy( 3378): getDeviceForStrategy() speaker device not found
E/AudioPolicyManager_legacy( 3378): getDeviceForStrategy() speaker device not found
V/AudioPolicyManager_legacy( 3378): setForceUse() usage 4, config 0, mPhoneState 0
V/AudioPolicyManager_legacy( 3378): getOutputsForDevice device 0002 -> 0002
V/AudioPolicyManager_legacy( 3378): getOutputsForDevice device 0002 -> 0002
E/AudioPolicyManager_legacy( 3378): getDeviceForStrategy() speaker device not found
V/AudioPolicyManager_legacy( 3378): getOutputsForDevice device 0002 -> 0002
V/AudioPolicyManager_legacy( 3378): getOutputsForDevice device 0002 -> 0002
E/AudioPolicyManager_legacy( 3378): getDeviceForStrategy() speaker device not found
V/AudioPolicyManager_legacy( 3378): getOutputsForDevice device 0002 -> 0002
V/AudioPolicyManager_legacy( 3378): getOutputsForDevice device 0002 -> 0002
E/AudioPolicyManager_legacy( 3378): getDeviceForStrategy() speaker device not found
V/AudioPolicyManager_legacy( 3378): getOutputsForDevice device 0002 -> 0002
V/AudioPolicyManager_legacy( 3378): getOutputsForDevice device 0002 -> 0002
V/AudioPolicyManager_legacy( 3378): getOutputsForDevice device 0002 -> 0002
V/AudioPolicyManager_legacy( 3378): getOutputsForDevice device 0002 -> 0002
V/AudioPolicyManager_legacy( 3378): getOutputsForDevice device 0002 -> 0002
V/AudioPolicyManager_legacy( 3378): getOutputsForDevice device 0002 -> 0002
E/AudioPolicyManager_legacy( 3378): getDeviceForStrategy() speaker device not found
E/AudioPolicyManager_legacy( 3378): getDeviceForStrategy() speaker device not found
E/AudioPolicyManager_legacy( 3378): getDeviceForStrategy() speaker device not found
V/AudioPolicyManager_legacy( 3378): initStreamVolume() stream 13, min 0, max 15
V/AudioPolicyManager_legacy( 3378): setStreamVolumeIndex() stream 13, device 40000000, index 7
V/AudioPolicyManager_legacy( 3378): setStreamVolumeIndex() stream 13, device 4000000, index 7
V/AudioPolicyManager_legacy( 3378): setStreamVolumeIndex() stream 13, device 0001, index 7
V/AudioPolicyManager_legacy( 3378): setStreamVolumeIndex() stream 13, device 0002, index 11
V/AudioPolicyManager_legacy( 3378): setStreamVolumeIndex() stream 13, device 0004, index 9
V/AudioPolicyManager_legacy( 3378): setStreamVolumeIndex() stream 13, device 0008, index 13
V/AudioPolicyManager_legacy( 3378): initStreamVolume() stream 12, min 0, max 5
V/AudioPolicyManager_legacy( 3378): setStreamVolumeIndex() stream 12, device 40000000, index 4
V/AudioPolicyManager_legacy( 3378): setStreamVolumeIndex() stream 12, device 4000000, index 4
V/AudioPolicyManager_legacy( 3378): setStreamVolumeIndex() stream 12, device 0001, index 5
V/AudioPolicyManager_legacy( 3378): setStreamVolumeIndex() stream 12, device 0002, index 5
V/AudioPolicyManager_legacy( 3378): initStreamVolume() stream 11, min 0, max 5
V/AudioPolicyManager_legacy( 3378): setStreamVolumeIndex() stream 11, device 40000000, index 4
V/AudioPolicyManager_legacy( 3378): setStreamVolumeIndex() stream 11, device 4000000, index 4
V/AudioPolicyManager_legacy( 3378): setStreamVolumeIndex() stream 11, device 0001, index 5
V/AudioPolicyManager_legacy( 3378): setStreamVolumeIndex() stream 11, device 0002, index 5
V/AudioPolicyManager_legacy( 3378): initStreamVolume() stream 10, min 0, max 15
V/AudioPolicyManager_legacy( 3378): setStreamVolumeIndex() stream 10, device 40000000, index 7
V/AudioPolicyManager_legacy( 3378): setStreamVolumeIndex() stream 10, device 4000000, index 7
V/AudioPolicyManager_legacy( 3378): setStreamVolumeIndex() stream 10, device 0001, index 7
V/AudioPolicyManager_legacy( 3378): setStreamVolumeIndex() stream 10, device 0002, index 11
V/AudioPolicyManager_legacy( 3378): setStreamVolumeIndex() stream 10, device 0004, index 9
V/AudioPolicyManager_legacy( 3378): setStreamVolumeIndex() stream 10, device 0008, index 13
V/AudioPolicyManager_legacy( 3378): initStreamVolume() stream 9, min 0, max 15
V/AudioPolicyManager_legacy( 3378): setStreamVolumeIndex() stream 9, device 40000000, index 7
V/AudioPolicyManager_legacy( 3378): setStreamVolumeIndex() stream 9, device 4000000, index 7
V/AudioPolicyManager_legacy( 3378): setStreamVolumeIndex() stream 9, device 0001, index 7
V/AudioPolicyManager_legacy( 3378): setStreamVolumeIndex() stream 9, device 0002, index 11
V/AudioPolicyManager_legacy( 3378): setStreamVolumeIndex() stream 9, device 0004, index 9
V/AudioPolicyManager_legacy( 3378): setStreamVolumeIndex() stream 9, device 0008, index 13
V/AudioPolicyManager_legacy( 3378): initStreamVolume() stream 8, min 0, max 15
V/AudioPolicyManager_legacy( 3378): setStreamVolumeIndex() stream 8, device 40000000, index 0
V/AudioPolicyManager_legacy( 3378): setStreamVolumeIndex() stream 8, device 4000000, index 0
V/AudioPolicyManager_legacy( 3378): setStreamVolumeIndex() stream 8, device 0002, index 0
V/AudioPolicyManager_legacy( 3378): initStreamVolume() stream 7, min 0, max 7
V/AudioPolicyManager_legacy( 3378): setStreamVolumeIndex() stream 7, device 40000000, index 0
V/AudioPolicyManager_legacy( 3378): initStreamVolume() stream 6, min 0, max 15
V/AudioPolicyManager_legacy( 3378): setStreamVolumeIndex() stream 6, device 40000000, index 7
V/AudioPolicyManager_legacy( 3378): setStreamVolumeIndex() stream 6, device 4000000, index 7
V/AudioPolicyManager_legacy( 3378): initStreamVolume() stream 5, min 0, max 7
V/AudioPolicyManager_legacy( 3378): setStreamVolumeIndex() stream 5, device 40000000, index 0
V/AudioPolicyManager_legacy( 3378): setStreamVolumeIndex() stream 5, device 4000000, index 0
V/AudioPolicyManager_legacy( 3378): setStreamVolumeIndex() stream 5, device 0002, index 0
V/AudioPolicyManager_legacy( 3378): initStreamVolume() stream 4, min 0, max 7
V/AudioPolicyManager_legacy( 3378): setStreamVolumeIndex() stream 4, device 40000000, index 7
V/AudioPolicyManager_legacy( 3378): setStreamVolumeIndex() stream 4, device 4000000, index 7
V/AudioPolicyManager_legacy( 3378): initStreamVolume() stream 3, min 0, max 15
V/AudioPolicyManager_legacy( 3378): setStreamVolumeIndex() stream 3, device 40000000, index 7
V/AudioPolicyManager_legacy( 3378): setStreamVolumeIndex() stream 3, device 4000000, index 7
V/AudioPolicyManager_legacy( 3378): setStreamVolumeIndex() stream 3, device 0001, index 7
V/AudioPolicyManager_legacy( 3378): setStreamVolumeIndex() stream 3, device 0002, index 11
V/AudioPolicyManager_legacy( 3378): setStreamVolumeIndex() stream 3, device 0004, index 9
V/AudioPolicyManager_legacy( 3378): setStreamVolumeIndex() stream 3, device 0008, index 13
V/AudioPolicyManager_legacy( 3378): initStreamVolume() stream 2, min 0, max 7
V/AudioPolicyManager_legacy( 3378): setStreamVolumeIndex() stream 2, device 40000000, index 0
V/AudioPolicyManager_legacy( 3378): setStreamVolumeIndex() stream 2, device 4000000, index 0
V/AudioPolicyManager_legacy( 3378): setStreamVolumeIndex() stream 2, device 0002, index 0
V/AudioPolicyManager_legacy( 3378): initStreamVolume() stream 1, min 0, max 7
V/AudioPolicyManager_legacy( 3378): setStreamVolumeIndex() stream 1, device 40000000, index 0
V/AudioPolicyManager_legacy( 3378): setStreamVolumeIndex() stream 1, device 4000000, index 0
V/AudioPolicyManager_legacy( 3378): setStreamVolumeIndex() stream 1, device 0002, index 0
V/AudioPolicyManager_legacy( 3378): initStreamVolume() stream 0, min 0, max 5
V/AudioPolicyManager_legacy( 3378): setStreamVolumeIndex() stream 0, device 40000000, index 4
V/AudioPolicyManager_legacy( 3378): setStreamVolumeIndex() stream 0, device 4000000, index 4
V/AudioPolicyManager_legacy( 3378): setStreamVolumeIndex() stream 0, device 0001, index 5
V/AudioPolicyManager_legacy( 3378): setStreamVolumeIndex() stream 0, device 0002, index 5
V/AudioPolicyManager_legacy( 3378): setForceUse() usage 1, config 10, mPhoneState 0
V/AudioPolicyManager_legacy( 3378): getOutputsForDevice device 0002 -> 0002
V/AudioPolicyManager_legacy( 3378): getOutputsForDevice device 0002 -> 0002
E/AudioPolicyManager_legacy( 3378): getDeviceForStrategy() speaker device not found
V/AudioPolicyManager_legacy( 3378): getOutputsForDevice device 0002 -> 0002
V/AudioPolicyManager_legacy( 3378): getOutputsForDevice device 0002 -> 0002
E/AudioPolicyManager_legacy( 3378): getDeviceForStrategy() speaker device not found
V/AudioPolicyManager_legacy( 3378): getOutputsForDevice device 0002 -> 0002
V/AudioPolicyManager_legacy( 3378): getOutputsForDevice device 0002 -> 0002
E/AudioPolicyManager_legacy( 3378): getDeviceForStrategy() speaker device not found
V/AudioPolicyManager_legacy( 3378): getOutputsForDevice device 0002 -> 0002
V/AudioPolicyManager_legacy( 3378): getOutputsForDevice device 0002 -> 0002
V/AudioPolicyManager_legacy( 3378): getOutputsForDevice device 0002 -> 0002
V/AudioPolicyManager_legacy( 3378): getOutputsForDevice device 0002 -> 0002
V/AudioPolicyManager_legacy( 3378): getOutputsForDevice device 0002 -> 0002
V/AudioPolicyManager_legacy( 3378): getOutputsForDevice device 0002 -> 0002
E/AudioPolicyManager_legacy( 3378): getDeviceForStrategy() speaker device not found
E/AudioPolicyManager_legacy( 3378): getDeviceForStrategy() speaker device not found
E/AudioPolicyManager_legacy( 3378): getDeviceForStrategy() speaker device not found
V/AudioPolicyManager_legacy( 3378): setForceUse() usage 3, config 8, mPhoneState 0
V/AudioPolicyManager_legacy( 3378): getOutputsForDevice device 0002 -> 0002
V/AudioPolicyManager_legacy( 3378): getOutputsForDevice device 0002 -> 0002
E/AudioPolicyManager_legacy( 3378): getDeviceForStrategy() speaker device not found
V/AudioPolicyManager_legacy( 3378): getOutputsForDevice device 0002 -> 0002
V/AudioPolicyManager_legacy( 3378): getOutputsForDevice device 0002 -> 0002
E/AudioPolicyManager_legacy( 3378): getDeviceForStrategy() speaker device not found
V/AudioPolicyManager_legacy( 3378): getOutputsForDevice device 0002 -> 0002
V/AudioPolicyManager_legacy( 3378): getOutputsForDevice device 0002 -> 0002
E/AudioPolicyManager_legacy( 3378): getDeviceForStrategy() speaker device not found
V/AudioPolicyManager_legacy( 3378): getOutputsForDevice device 0002 -> 0002
V/AudioPolicyManager_legacy( 3378): getOutputsForDevice device 0002 -> 0002
V/AudioPolicyManager_legacy( 3378): getOutputsForDevice device 0002 -> 0002
V/AudioPolicyManager_legacy( 3378): getOutputsForDevice device 0002 -> 0002
V/AudioPolicyManager_legacy( 3378): getOutputsForDevice device 0002 -> 0002
V/AudioPolicyManager_legacy( 3378): getOutputsForDevice device 0002 -> 0002
E/AudioPolicyManager_legacy( 3378): getDeviceForStrategy() speaker device not found
E/AudioPolicyManager_legacy( 3378): getDeviceForStrategy() speaker device not found
E/AudioPolicyManager_legacy( 3378): getDeviceForStrategy() speaker device not found
V/AudioHardwareALSA( 3378): setParameters() toMono=0
D/ALSADevice( 3378): set:: name LRSM data index 0
V/AudioHardwareALSA( 3378): setParameters() dualmic_enabled=false
I/AudioHardwareALSA( 3378): DualMic feature Disabled
V/ALSADevice( 3378): setFlags: flags 10
I/AudioPolicyManager_legacy( 3378): setAudioPolicyConfig: audioParam;allsoundmute=0
V/AudioHardwareALSA( 3378): setParameters() allsoundmute=0
D/AudioHardwareALSA( 3378): setParameters() allsoundmute=0 End.
I/AudioFlinger( 3378): allsoundmute = 0
D/SamsungAudioService(  947): setNaturalSoundMode() - mode:0
V/AudioHardwareALSA( 3378): setParameters() bwe=off
V/AudioHardwareALSA( 3378): setParameters() sound_balance=50
D/ALSADevice( 3378): set:: name LRSM data index 0
V/AudioHardwareALSA( 3378): setParameters() voice_trig=
V/AudioHardwareALSA( 3378): setParameters() restarting=false
E/SMD     ( 3364): smd Interface open failed errno is 2 -1
D/StatusBar.NetworkController( 3199): refreshViews connected={ wifi } level=1 combinedSignalIconId=0x7f020511/com.android.systemui:drawable/stat_sys_wifi_signal_2 mobileLabel=ROGERS wifiLabel="something"xxxxXXXXxxxxXXXX emergencyOnly=false combinedLabel="something"xxxxXXXXxxxxXXXX mAirplaneMode=false mDataActivity=0 mPhoneSignalIconId=0x7f02043a/com.android.systemui:drawable/stat_sys_signal_1_auto_rotate mQSPhoneSignalIconId=0x7f020128/com.android.systemui:drawable/ic_qs_signal_1 mDataDirectionIconId=0x0/(null) mDataSignalIconId=0x7f02043a/com.android.systemui:drawable/stat_sys_signal_1_auto_rotate mDataTypeIconId=0x7f020307/com.android.systemui:drawable/stat_sys_data_connected_4g mQSDataTypeIconId=0x7f02012e/com.android.systemui:drawable/ic_qs_signal_4g mNoSimIconId=0x0/(null) mWifiIconId=0x7f020511/com.android.systemui:drawable/stat_sys_wifi_signal_2 mQSWifiIconId=0x7f020141/com.android.systemui:drawable/ic_qs_wifi_2 mWifiActivityIconId=0x7f0204ea/com.android.systemui:drawable/stat_sys_signal_no_inout mBluetoothTetherIconId=0x10808cc/android:drawable/stat_sys_tether_bluetooth
D/STATUSBAR-WifiQuickSettingButton( 3199): onWifiSignalChanged enabled=true enabledDesc:"something"
D/StatusBar.NetworkController( 3199): refreshSignalCluster - setNWBoosterIndicators(false)
D/StatusBar.NetworkController( 3199): applyOpen
D/StatusBar.NetworkController( 3199): refreshSignalCluster - setNWBoosterIndicators(false)
D/StatusBar.NetworkController( 3199): applyOpen
D/StatusBar.NetworkController( 3199): refreshSignalCluster - setNWBoosterIndicators(false)
D/StatusBar.NetworkController( 3199): applyOpen
D/StatusBar.NetworkController( 3199): refreshSignalCluster - setNWBoosterIndicators(false)
D/StatusBar.NetworkController( 3199): applyOpen
D/SurfaceFlinger(  233): FPS : 0.97
W/SurfaceFlinger(  233): Fail to Open /sys/devices/platform/gpusysfs/fps
E/SMD     ( 3364): smd Interface open failed errno is 2 -1
W/BroadcastQueue(  947): Timeout of broadcast BroadcastRecord{86e9338 u-1 android.net.wifi.STATE_CHANGE} - receiver=android.os.BinderProxy@1d3fef11, started 60000ms ago
W/BroadcastQueue(  947): Receiver during timeout: ResolveInfo{27362876 com.android.systemui/.wifi.WifiStatusReceiver m=0x108000}
D/ActivityManager(  947): startService callerProcessName:org.fdroid.fdroid, calleePkgName: org.fdroid.fdroid
I/Process (  947): Sending signal. PID: 3199 SIG: 3
I/art     ( 3199): Thread[5,tid=3208,WaitingInMainSignalCatcherLoop,Thread*=0x6800e400,peer=0x12c00080,"Signal Catcher"]: reacting to signal 3
