D/CrashAnrDetector(  947):          454fd9f4  454fdb48  [stack:3119]
D/CrashAnrDetector(  947):          454fd9f8  40558241  /system/lib/libaudiopolicymanagerdefault.so
D/CrashAnrDetector(  947):          454fd9fc  454fdbdc  [stack:3119]
D/CrashAnrDetector(  947):          454fda00  4331d010  [anon:libc_malloc]
D/CrashAnrDetector(  947):          454fda04  405499d5  /system/lib/libaudiopolicymanagerdefault.so
D/CrashAnrDetector(  947):          454fda08  00000000  
D/CrashAnrDetector(  947):          454fda0c  00000000  
D/CrashAnrDetector(  947):          454fda10  00000000  
D/CrashAnrDetector(  947):          454fda14  4331d010  [anon:libc_malloc]
D/CrashAnrDetector(  947): processName:/system/bin/mediaserver
D/CrashAnrDetector(  947): broadcastEvent : null SYSTEM_TOMBSTONE
W/ContextImpl(  947): Calling a method in the system process without a qualified user: android.app.ContextImpl.sendBroadcast:1713 com.android.server.analytics.data.collection.application.CrashAnrDetector.broadcastEvent:296 com.android.server.analytics.data.collection.application.CrashAnrDetector.processDropBoxEntry:254 com.android.server.analytics.data.collection.application.CrashAnrDetector.access$100:60 com.android.server.analytics.data.collection.application.CrashAnrDetector$1.onReceive:102 
I/bluedroid( 3957): update_radio_count
D/BluetoothAdapterState( 3957): CURRENT_STATE=OFF, MSG = USER_TURN_ON_RADIO
I/BluetoothAdapterState( 3957): Entering PendingCommandState State: isTurningOn()=false, isTurningOff()=false
D/BluetoothAdapterState( 3957): CURRENT_STATE=PENDING, MSG = BEGIN_ENABLE_RADIO, isTurningOnRadio=true, isTurningOffRadio=false
I/bluedroid( 3957): enable
I/bt_hci_bdroid( 3957): init
I/GKI_LINUX( 3957): gki_task_entry task_id=0 [BTU] starting
I/bt_vendor( 3957): init
I/bt_vnd_conf( 3957): Attempt to load conf from /etc/bluetooth/bt_vendor.conf
I/bt_vnd_conf( 3957): vnd_load_conf file >/etc/bluetooth/bt_vendor.conf< not found
D/bt_userial( 3957): userial_init
I/bt_hwcfg( 3957): hw_4335_axi_bridge_lock
I/bt_userial_vendor( 3957): userial vendor open: opening /dev/ttyHS0
I/bt_userial_vendor( 3957): userial_vendor_open():UART is setup
I/bt_userial_vendor( 3957): device fd = 60 open
E/bt_hwcfg( 3957): Start CFG HW, HCI reset
D/bt_userial( 3957): Entering userial_read_thread()
E/SMD     ( 3364): smd Interface open failed errno is 2 -1
E/bt_hwcfg( 3957): Read Local Name after HCI reset
D/bt_hwcfg( 3957): Chipset BCM4335A0
D/bt_hwcfg( 3957): Target name = [BCM4335A0]
I/bt_hwcfg( 3957): module_type[semcosh].
I/bt_hwcfg( 3957): module_type[semcosh] is invalid.
E/bt_hwcfg( 3957): patchram path ORG . BCM4335A0
E/bt_hwcfg( 3957): patchram path ORG .. BCM4335A0
E/bt_hwcfg( 3957): patchram path ORG bcm2079xB4_firmware.ncd BCM4335A0
E/bt_hwcfg( 3957): patchram path ORG bcm2079xB4_pre_firmware.ncd BCM4335A0
E/bt_hwcfg( 3957): patchram path ORG bcm4335_V0343.0353.hcd BCM4335A0
E/bt_hwcfg( 3957): fw ver (org)0.0
E/bt_hwcfg( 3957): vendor lib preload failed to locate firmware patch file
E/bt_hwcfg( 3957): Remove module rev, try again BCM4335
D/bt_hwcfg( 3957): Target name = [BCM4335]
I/bt_hwcfg( 3957): module_type[semcosh].
I/bt_hwcfg( 3957): module_type[semcosh] is invalid.
E/bt_hwcfg( 3957): patchram path ORG . BCM4335
E/bt_hwcfg( 3957): patchram path ORG .. BCM4335
E/bt_hwcfg( 3957): patchram path ORG bcm2079xB4_firmware.ncd BCM4335
E/bt_hwcfg( 3957): patchram path ORG bcm2079xB4_pre_firmware.ncd BCM4335
E/bt_hwcfg( 3957): patchram path ORG bcm4335_V0343.0353.hcd BCM4335
I/bt_hwcfg( 3957): patch(org) : bcm4335_V0343.0353.hcd
I/bt_hwcfg( 3957): Found patchfile: /vendor/firmware/bcm4335_V0343.0353.hcd
E/bt_hwcfg( 3957): ORG patchram base 0343
E/bt_hwcfg( 3957): ORG patchram minor 0353
E/bt_hwcfg( 3957): fw ver (org)343.353
E/bt_hwcfg( 3957): Final Patchram is /vendor/firmware/bcm4335_V0343.0353.hcd
E/alsa_pcm( 3676): cannot open device '/dev/snd/pcmC0D0p', errno 12
V/ALSADevice( 3676): pcm_open returned fd -1
E/ALSADevice( 3676): open: Failed to initialize ALSA device 'hw:0,0'
E/AudioHardwareALSA( 3676): Device open failed
W/AudioPolicyManager_legacy( 3676): Cannot open output stream for device 00000002 on hw module primary
D/AudioHardwareALSA( 3676): openInputStream: devices 0x80000004 format 0x1 channels 0 sampleRate 12
V/ALSADevice( 3676): setFlags: flags 10
V/AudioHardwareALSA( 3676): updated channel info: channels=2
V/ALSADevice( 3676): mInChannels:2
D/ALSADevice( 3676): route: devices 0x80000004 in mode 0
V/ALSADevice( 3676): switchDevice: device 0x80000004 mode:0
V/ALSADevice( 3676): getUCMDevice for output device: devices:0 is input device:0
D/ALSADevice( 3676): No valid output device: 0
V/ALSADevice( 3676): getUCMDevice for input device: devices:4 is input device:1
V/ALSADevice( 3676): switchDevice,rxDev:(null), txDev:Main Mic, curRxDev:Speaker, curTxDev:None
D/alsa_ucm( 3676): snd_use_case_set(): uc_mgr 0x43318510 identifier _enadev value Main Mic
D/ALSADevice( 3676): switchDevice: mCurTxUCMDevivce Main Mic mCurRxDevDevice Speaker inCallDevSwitch = 0
V/ALSADevice( 3676): switchDevice Done
D/alsa_ucm( 3676): snd_use_case_set(): uc_mgr 0x43318510 identifier _enamod value Capture Music
D/alsa_ucm( 3676): Set mixer controls for Main Mic enable 1
D/alsa_ucm( 3676): acdb_id 54 cap 2 enable 1
D/ACDB-LOADER( 3676): ACDB -> send_audio_cal, acdb_id = 54, path =  1
D/ACDB-LOADER( 3676): ACDB -> send_adm_topology
D/ACDB-LOADER( 3676): ACDB -> ACDB_CMD_GET_AUDPROC_COMMON_TOPOLOGY_ID
D/ACDB-LOADER( 3676): ACDB -> send_asm_topology
D/ACDB-LOADER( 3676): ACDB -> ACDB_CMD_GET_AUDPROC_STREAM_TOPOLOGY_ID
D/ACDB-LOADER( 3676): ACDB -> send_audtable
D/ACDB-LOADER( 3676): ACDB -> ACDB_CMD_GET_AUDPROC_COMMON_TABLE
D/ACDB-LOADER( 3676): ACDB -> AUDIO_SET_AUDPROC_CAL
D/ACDB-LOADER( 3676): ACDB -> send_audvoltable
D/ACDB-LOADER( 3676): ACDB -> ACDB_CMD_GET_AUDPROC_GAIN_DEP_VOLTBL_STEP_COPP
E/ACDB-LOADER( 3676): Error: ACDB AudProc vol returned = -8
D/ACDB-LOADER( 3676): ACDB -> AUDIO_SET_AUDPROC_VOL_CAL
D/ACDB-LOADER( 3676): ACDB -> AUDIO_SET_AFE_CAL
D/ACDB-LOADER( 3676): ACDB -> send_hw_delay : acdb_id = 54 path = 1
D/ACDB-LOADER( 3676): ACDB -> ACDB_CMD_GET_DEVICE_PROPERTY_SIZE
D/ACDB-LOADER( 3676): ACDB -> ACDB_AVSYNC_INFO: ACDB_CMD_GET_DEVICE_PROPERTY
D/ACDB-LOADER( 3676): send_hw_delay id = 54 delay_num_entries = 1 result = 0
D/alsa_ucm( 3676): Setting mixer control: Main Mic Delay, value: 4
D/alsa_ucm( 3676): Setting mixer control: SLIM_0_TX Channels, value: One
D/alsa_ucm( 3676): Setting mixer control: SLIM TX7 MUX, value: DEC4
D/alsa_ucm( 3676): Setting mixer control: DEC4 MUX, value: ADC3
D/alsa_ucm( 3676): Setting multi value: ADC3 Volume
D/alsa_ucm( 3676): Setting multi value: DEC4 Volume
I/bt_hwcfg( 3957): Applying 4335 AXI BRIDGE patch...
D/alsa_ucm( 3676): Setting mixer control: MICBIAS1 CAPLESS Switch, value: 1
D/alsa_ucm( 3676): Set mixer controls for Capture Music enable 1
D/alsa_ucm( 3676): Setting mixer control: MultiMedia1 Mixer SLIM_0_TX, value: 1
V/AudioHardwareALSA( 3676): OpenInoutStream: getInputBufferSize sampleRate:48000 format:1, channels:0
D/AudioHardwareALSA( 3676): getInputBufferSize PCM 16 bit = 4096
D/AudioHardwareALSA( 3676): getInputBufferSize returns(4096)for:sampleRate(48000)+format(1)+channelCount(2)
D/ALSADevice( 3676): close: handle 0x43357680 h 0x0
D/ALSADevice( 3676): open: handle 0x43357680, format 0x2
D/ALSADevice( 3676): Device value returned is hw:0,0
V/ALSADevice( 3676): flags 10000000, devName hw:0,0
I/bt_hwcfg( 3957): UART_2STOPBITS: HW_CFG_LAUNCH_4335A_AXI_PATCH, Setbaudrate to 921k
I/bt_hwcfg( 3957): UART_2STOPBITS: hw_config_setbaudrate_921k funtion
I/bt_hwcfg( 3957): HW_CFG_SET_UART_BAUD_1 : bt vendor lib: set UART baud 921600
I/ServiceManager(  947): Waiting for service media.audio_policy...
E/SMD     ( 3364): smd Interface open failed errno is 2 -1
E/Diag_Lib( 4017):  Diag_LSM_Init: Failed to open handle to diag driver, error = 2
I/bt_hwcfg( 3957): hw_4335_release_axi_bridge_lock
I/bt_hwcfg( 3957): bt vendor lib: set UART baud 115200
I/bt_hwcfg( 3957): FW Download delta = 1297333
D/bt_hwcfg( 3957): Settlement delay -- 100 ms
I/bt_hwcfg( 3957): Setting fw settlement delay to 100 
I/bt_hwcfg( 3957): bt vendor lib: set UART baud 3000000
I/bt_userial_vendor( 3957): UART_2STOPBITS : vnd_userial.termios.c_cflag = 1cbd
I/bt_userial_vendor( 3957): device fd = 60 close
I/bt_userial_vendor( 3957): userial vendor open: opening /dev/ttyHS0
I/bt_userial_vendor( 3957): userial_vendor_open():UART is setup
I/bt_userial_vendor( 3957): device fd = 60 open
I/bt_hwcfg( 3957): UART_2STOPBITS: reopen uart with 2 stop bits
I/bt_hwcfg( 3957): vendor lib fwcfg completed
I/        ( 3957): BTE_InitTraceLevels -- TRC_HCI
I/        ( 3957): BTE_InitTraceLevels -- TRC_L2CAP
I/        ( 3957): BTE_InitTraceLevels -- TRC_RFCOMM
I/        ( 3957): BTE_InitTraceLevels -- TRC_AVDT
I/        ( 3957): BTE_InitTraceLevels -- TRC_AVRC
I/        ( 3957): BTE_InitTraceLevels -- TRC_A2D
I/        ( 3957): BTE_InitTraceLevels -- TRC_BNEP
I/        ( 3957): BTE_InitTraceLevels -- TRC_BTM
I/        ( 3957): BTE_InitTraceLevels -- TRC_GAP
I/        ( 3957): BTE_InitTraceLevels -- TRC_PAN
I/        ( 3957): BTE_InitTraceLevels -- TRC_SAP
I/        ( 3957): BTE_InitTraceLevels -- TRC_SDP
I/        ( 3957): BTE_InitTraceLevels -- TRC_GATT
I/        ( 3957): BTE_InitTraceLevels -- TRC_SMP
I/        ( 3957): BTE_InitTraceLevels -- TRC_BTAPP
I/        ( 3957): BTE_InitTraceLevels -- TRC_BTIF
I/        ( 3957): BTE_InitTraceLevels -- TRC_PROTOCOL
I/ServiceManager(  947): Waiting for service media.audio_policy...
W/bt-l2cap( 3957): l2c_link_processs_ble_num_bufs 15
E/bt-btm  ( 3957): BTM_SecRegister:p_cb_info->p_le_callback == 0x8179c47d 
E/bt-btm  ( 3957): BTM_SecRegister: btm_cb.api.p_le_callback = 0x8179c47d 
D/ContactProvider( 3789): getAllContactInfoList Start
E/bt-btif ( 3957): bta_dm_ctrl_features_rd_cmpl_cback Ctrl BLE feature read failed: status :1
E/bt-btif ( 3957): btif_config_get(L310): assert failed: section && *section && key && *key && name && *name && bytes && type
E/bt-btif ( 3957): btif_config_get(L310): assert failed: section && *section && key && *key && name && *name && bytes && type
E/bt-btif ( 3957): btif_storage_get_adapter_property service_mask:0x2000000
D/BluetoothAdapterProperties( 3957): Address is:08:EE:8B:CE:E5:C2
E/BluetoothServiceJni( 3957): populateRssiValuesNative
I/bluedroid( 3957): getModelRssiValues
E/BluetoothServiceJni( 3957): model_rssi_values_callback: low = -60, mid = -50, high = 127
D/BluetoothAdapterProperties( 3957): modelRssiValuesCallback, low, mid, high = -60,-50,127
D/BluetoothAdapterProperties( 3957): Name is: SomeGuy
D/SettingsProvider(  947): name = bluetooth_name
D/BluetoothAdapterProperties( 3957): Scan Mode:20
D/BluetoothAdapterProperties( 3957): Discoverable Timeout:120
D/BluetoothAdapterProperties( 3957): LE Address is:00:00:00:00:00:00
E/bt-btif ( 3957): btif_handle_bluetooth_enable_evt: btif_core_radio_ref_count:1
E/bt-btif ( 3957): btif_sock_init, radio_req:1, rfc_init:0, vhci_init:0
E/bt-btif ( 3957): btif_sock_init: !vhci_init
D/BluetoothAdapterState( 3957): CURRENT_STATE=PENDING, MSG = ENABLED_RADIO, isTurningOnRadio=true, isTurningOffRadio=false
D/BluetoothBondStateMachine( 3957): make
I/BluetoothBondStateMachine( 3957): StableState(): Entering Off State
D/BluetoothSecureManager( 3957): getInstant: null
D/BluetoothSecureManager( 3957): calling getMethod for getService
D/BluetoothSecureManager( 3957): calling getService
D/BluetoothSecureManager( 3957): getService return binder: android.os.BinderProxy@33d0c38d
D/BluetoothSecureManagerService(  947): isSecureModeEnabled
E/bt_h4   ( 3957): vendor lib postload completed
D/BluetoothSecureManagerService(  947): getSecureModeSetting, name: secure_mode_enable
D/BtConfig.SecureMode( 3957): isSecureModeOn:false
W/BluetoothAdapterService( 3957): isProfileEnabled(): profile not found com.android.bluetooth.gatt.GattService
D/BtConfig.SecureMode( 3957): isSecureModeOn:false
D/BluetoothAdapterService( 3957): setProfileState(): setting profile com.android.bluetooth.gatt.GattService to state = 10
D/ActivityManager(  947): startService callerProcessName:com.android.bluetooth, calleePkgName: com.android.bluetooth
W/BluetoothAdapterService( 3957): isProfileEnabled(): profile not found com.android.bluetooth.hfp.HeadsetService
W/BluetoothAdapterService( 3957): isProfileEnabled(): profile not found com.android.bluetooth.a2dp.A2dpService
W/BluetoothAdapterService( 3957): isProfileEnabled(): profile not found com.android.bluetooth.hid.HidService
W/BluetoothAdapterService( 3957): isProfileEnabled(): profile not found com.android.bluetooth.hdp.HealthService
W/BluetoothAdapterService( 3957): isProfileEnabled(): profile not found com.android.bluetooth.pan.PanService
W/BluetoothAdapterService( 3957): isProfileEnabled(): profile not found com.android.bluetooth.map.BluetoothMapService
W/BluetoothAdapterService( 3957): isProfileEnabled(): profile not found com.broadcom.bt.service.sap.SapService
W/BluetoothAdapterService( 3957): isProfileEnabled(): profile not found com.android.bluetooth.hfpclient.HeadsetClientService
W/BluetoothAdapterService( 3957): isProfileEnabled(): profile not found com.android.bluetooth.a2dp.A2dpSinkService
W/BluetoothAdapterService( 3957): isProfileEnabled(): profile not found com.android.bluetooth.sapclient.SapClientService
W/BluetoothAdapterService( 3957): isProfileEnabled(): profile not found com.android.bluetooth.hid.HidDevService
I/BluetoothAdapterState( 3957): Bluetooth adapter radio state changed: 14
D/BluetoothAdapterService( 3957): Bluetooth PBAP supproted is true
D/BluetoothAdapterService( 3957): updateAdapterState state is 14
D/BluetoothManagerService(  947): Broadcasting Radio() to 0 Radio Mgr receivers.
D/BluetoothAdapterService( 3957): Autoconnection is available 
D/BluetoothAdapterService( 3957): updateAdapterState prevState = 10newState = 14
I/BluetoothAdapterState( 3957): Entering OffState
E/SQLiteLog( 1647): (283) recovered 85 frames from WAL file /data/data/com.android.providers.media/databases/person.db-wal
I/BtGatt.JNI( 3957): classInitNative(L900): classInitNative: Success!
D/BtGatt.DebugUtils( 3957): handleDebugAction() action=null
D/BtGatt.GattService( 3957): Received start request. Starting profile...
D/BtGatt.GattService( 3957): start()
I/bluedroid( 3957): get_profile_interface gatt
D/BluetoothAdapterService( 3957): getAdapterService() - returning com.android.bluetooth.btservice.AdapterService@3746fade
D/BtGatt.AdvertiseManager( 3957): advertise manager created
I/person  ( 3789): thread: 302, name = 
I/person  ( 3789): thread: 302, id = 
I/person  ( 3789): thread: 302, key = 
E/SMD     ( 3364): smd Interface open failed errno is 2 -1
D/ContactProvider( 3789): getAllContactInfoList End
I/syncContacts( 3789): thread: 302, sync time = 171
D/BluetoothAdapterService( 3957): getAdapterService() - returning com.android.bluetooth.btservice.AdapterService@3746fade
E/BluetoothAdapterService(927398622)( 3957): processProfileServiceStateChanged() serviceName=com.android.bluetooth.gatt.GattService, state=12, doUpdate=false
