D/FactoryTestApp( 3915): [XMLDataStorage$redefinitionById](3915) id=SUPPORT_NVBACKUP_CMD
D/FactoryTestApp( 3915): [XMLDataStorage$redefinitionById](3915) id=SUPPORT_EPEN
D/FactoryTestApp( 3915): [XMLDataStorage$redefinitionById](3915) id=SUPPORT_SENSORHUB
D/FactoryTestApp( 3915): [XMLDataStorage$redefinitionById](3915) id=SUPPORT_SECOND_MIC_TEST
D/FactoryTestApp( 3915): [XMLDataStorage$redefinitionById](3915) id=SUPPORT_IRLED_FEEDBACK_IC
D/FactoryTestApp( 3915): [XMLDataStorage$redefinitionById](3915) id=HW_VER_EFS
D/FactoryTestApp( 3915): [XMLDataStorage$redefinitionById](3915) id=SUPPORT_BOOK_COVER
D/FactoryTestApp( 3915): [XMLDataStorage$redefinitionById](3915) id=SUPPORT_HOVER_HIGHTLIGHT
D/FactoryTestApp( 3915): [XMLDataStorage$redefinitionById](3915) id=SUPPORT_SYSFS_GEO_GYRO
D/FactoryTestApp( 3915): [XMLDataStorage$redefinitionById](3915) id=FONT_SIZE
D/FactoryTestApp( 3915): [XMLDataStorage$redefinitionById](3915) id=KEY_TEST_VOLUME_UP
D/FactoryTestApp( 3915): [XMLDataStorage$redefinitionById](3915) id=KEY_TEST_VOLUME_DOWN
D/FactoryTestApp( 3915): [XMLDataStorage$redefinitionById](3915) id=KEY_TEST_POWER
D/FactoryTestApp( 3915): [XMLDataStorage$redefinitionById](3915) id=KEY_TEST_MENU
D/FactoryTestApp( 3915): [XMLDataStorage$redefinitionById](3915) id=KEY_TEST_HOME
D/FactoryTestApp( 3915): [XMLDataStorage$redefinitionById](3915) id=KEY_TEST_BACK
D/FactoryTestApp( 3915): [XMLDataStorage$redefinitionById](3915) id=KEY_TEST_SEARCH
D/FactoryTestApp( 3915): [XMLDataStorage$redefinitionById](3915) id=KEY_TEST_FOCUS
D/FactoryTestApp( 3915): [XMLDataStorage$redefinitionById](3915) id=KEY_TEST_CAMERA
D/FactoryTestApp( 3915): [XMLDataStorage$redefinitionById](3915) id=KEY_TEST_F1
D/FactoryTestApp( 3915): [XMLDataStorage$redefinitionById](3915) id=KEY_TEST_VIEW_TABLE
D/FactoryTestApp( 3915): [XMLDataStorage$redefinitionById](3915) id=IS_SIMPLE_TEST_ACC_SYSFS
D/FactoryTestApp( 3915): [XMLDataStorage$redefinitionById](3915) id=IS_SENSOR_TEST_ACC_REVERSE
D/FactoryTestApp( 3915): [XMLDataStorage$redefinitionById](3915) id=IS_PROXIMITY_TEST_MOTOR_FEEDBACK
D/FactoryTestApp( 3915): [XMLDataStorage$redefinitionById](3915) id=IS_VIBETONZ_UNSUPPORTED
D/FactoryTestApp( 3915): [XMLDataStorage$redefinitionById](3915) id=IS_IRLED_TEST_SPLIT_COMMAND
D/FactoryTestApp( 3915): [XMLDataStorage$redefinitionById](3915) id=AT_GPSSTEST
D/FactoryTestApp( 3915): [XMLDataStorage$redefinitionById](3915) id=AT_BATTEST_RESET_WHEN_READ
D/FactoryTestApp( 3915): [XMLDataStorage$redefinitionById](3915) id=SENSOR_TEST_ACC_BIT
D/FactoryTestApp( 3915): [XMLDataStorage$redefinitionById](3915) id=HUMITEMP_TEST
D/FactoryTestApp( 3915): [XMLDataStorage$redefinitionById](3915) id=HALL_IC_TEST
D/FactoryTestApp( 3915): [XMLDataStorage$redefinitionById](3915) id=SYS_INFO_FONT_SIZE
D/FactoryTestApp( 3915): [XMLDataStorage$redefinitionById](3915) id=SYS_INFO_OUT_POSITION
D/FactoryTestApp( 3915): [XMLDataStorage$redefinitionById](3915) id=TSP_NODE_COUNT_WIDTH
D/FactoryTestApp( 3915): [XMLDataStorage$redefinitionById](3915) id=TSP_NODE_COUNT_HEIGHT
D/FactoryTestApp( 3915): [XMLDataStorage$redefinitionById](3915) id=TSP_SELFTEST_SPEC_MAX_MINUS_MIN
D/FactoryTestApp( 3915): [XMLDataStorage$redefinitionById](3915) id=TSP_SELFTEST_MIN_ATMEL
D/FactoryTestApp( 3915): [XMLDataStorage$redefinitionById](3915) id=TSP_SELFTEST_MAX_ATMEL
D/FactoryTestApp( 3915): [XMLDataStorage$redefinitionById](3915) id=TSP_SELFTEST_HOVERING_MIN_Y_ATMEL
D/FactoryTestApp( 3915): [XMLDataStorage$redefinitionById](3915) id=TSP_SELFTEST_HOVERING_MAX_Y_ATMEL
D/FactoryTestApp( 3915): [XMLDataStorage$redefinitionById](3915) id=TSP_SELFTEST_HOVERING_MIN_X_ATMEL
D/FactoryTestApp( 3915): [XMLDataStorage$redefinitionById](3915) id=TSP_SELFTEST_HOVERING_MAX_X_ATMEL
D/FactoryTestApp( 3915): [XMLDataStorage$redefinitionById](3915) id=TSP_SELFTEST_MIN_SYNAPTICS
D/FactoryTestApp( 3915): [XMLDataStorage$redefinitionById](3915) id=TSP_SELFTEST_MAX_SYNAPTICS
D/FactoryTestApp( 3915): [XMLDataStorage$redefinitionById](3915) id=TSP_SELFTEST_HOVERING_MIN_Y_SYNAPTICS
D/FactoryTestApp( 3915): [XMLDataStorage$redefinitionById](3915) id=TSP_SELFTEST_HOVERING_MAX_Y_SYNAPTICS
D/FactoryTestApp( 3915): [XMLDataStorage$redefinitionById](3915) id=TSP_SELFTEST_HOVERING_MIN_X_SYNAPTICS
D/FactoryTestApp( 3915): [XMLDataStorage$redefinitionById](3915) id=TSP_SELFTEST_HOVERING_MAX_X_SYNAPTICS
D/FactoryTestApp( 3915): [XMLDataStorage$redefinitionById](3915) id=TOUCH_KEY_SPEC_MIN
D/FactoryTestApp( 3915): [XMLDataStorage$redefinitionById](3915) id=TOUCH_KEY_SPEC_MAX
D/FactoryTestApp( 3915): [XMLDataStorage$redefinitionById](3915) id=BATTERY_TEST_MODE
D/FactoryTestApp( 3915): [XMLDataStorage$redefinitionById](3915) id=BATTERY_VOLT_AVER
D/FactoryTestApp( 3915): [XMLDataStorage$redefinitionById](3915) id=BATTERY_VF_OCV
D/FactoryTestApp( 3915): [XMLDataStorage$redefinitionById](3915) id=APCHIP_TEMP_ADC
D/FactoryTestApp( 3915): [XMLDataStorage$redefinitionById](3915) id=TSP_COMMAND_CMD
D/FactoryTestApp( 3915): [XMLDataStorage$redefinitionById](3915) id=TSP_COMMAND_STATUS
D/FactoryTestApp( 3915): [XMLDataStorage$redefinitionById](3915) id=TSP_COMMAND_RESULT
D/FactoryTestApp( 3915): [XMLDataStorage$redefinitionById](3915) id=LED_RED
D/FactoryTestApp( 3915): [XMLDataStorage$redefinitionById](3915) id=LED_GREEN
D/FactoryTestApp( 3915): [XMLDataStorage$redefinitionById](3915) id=LED_BLUE
D/FactoryTestApp( 3915): [XMLDataStorage$redefinitionById](3915) id=PATH_HALLIC_STATE
D/FactoryTestApp( 3915): [XMLDataStorage$redefinitionById](3915) id=KEY_PRESSED_POWER
D/FactoryTestApp( 3915): [XMLDataStorage$redefinitionById](3915) id=GEOMAGNETIC_SENSOR_STATUS
D/FactoryTestApp( 3915): [XMLDataStorage$redefinitionById](3915) id=GEOMAGNETIC_SENSOR_DAC
D/FactoryTestApp( 3915): [XMLDataStorage$redefinitionById](3915) id=GEOMAGNETIC_SENSOR_ADC
D/FactoryTestApp( 3915): [XMLDataStorage$redefinitionById](3915) id=GEOMAGNETIC_SENSOR_POWER
D/FactoryTestApp( 3915): [XMLDataStorage$parseAsset](3915) parseAsset Is Completed
D/FactoryTestApp( 3915): [Support$Values.getString](3915) id=EFS_FACTORYAPP_ROOT_PATH, path=/efs/FactoryApp/
D/FactoryTestApp( 3915): [Support$Values.getString](3915) id=CHIPSET_MANUFACTURE, value=qualcomm
D/FactoryTestApp( 3915): [Support$Values.getString](3915) id=CHIPSET_MANUFACTURE, value=qualcomm
D/FactoryTestApp( 3915): [Support$Values.getString](3915) id=CHIPSET_MANUFACTURE, value=qualcomm
I/FactoryTestApp( 3915): [ModuleCommon$ModuleCommon](3915) Create ModuleCommon
D/FactoryTestApp( 3915): [Support$Values.getString](3915) id=FACTORY_MODE, path=/efs/FactoryApp/factorymode
D/FactoryTestApp( 3915): [Support$Kernel.read](3915) path=/efs/FactoryApp/factorymode, value=ON
I/FactoryTestApp( 3915): [ModuleCommon$readFactoryMode](3915) mode: ON
D/FactoryTestApp( 3915): [Support$Values.getString](3915) id=KEYSTRING_BLOCK, path=/efs/FactoryApp/keystr
D/FactoryTestApp( 3915): [FactoryTestBroadcastReceiver$onReceive](3915) KEYSTRING_BLOCK is already existed...
D/FactoryTestApp( 3915): [Support$Values.getString](3915) id=KEYSTRING_BLOCK, path=/efs/FactoryApp/keystr
D/FactoryTestApp( 3915): [Support$Values.getBoolean](3915) id=INBATT_SAVE_SOC, value=false
D/FactoryTestApp( 3915): [Support$Values.getString](3915) id=BINARY_TYPE, key=ro.factory.factory_binary
D/FactoryTestApp( 3915): [Support$Properties.get](3915) property=ro.factory.factory_binary
D/FactoryTestApp( 3915): [FactoryTestBroadcastReceiver$onReceive](3915) Boot completed, IS_FACTORY_BINARY = USER MODE
I/FactoryTestApp( 3915): [ModuleCommon$getFtClientEnableState](3915) result : false
I/FactoryTestApp( 3915): [ModuleCommon$connectedJIG](3915) ...
D/FactoryTestApp( 3915): [Support$Values.getString](3915) id=ANYWAY_JIG_CABLE_TYPE, value=ANYWAY_JIG
I/FactoryTestApp( 3915): [ModuleCommon$connectedJIG](3915) cable_type = ANYWAY_JIG
D/FactoryTestApp( 3915): [Support$Values.getString](3915) id=ANYWAY_JIG, path=/sys/class/sec/switch/adc
D/FactoryTestApp( 3915): [Support$Values.getString](3915) id=ANYWAY_JIG, path=/sys/class/sec/switch/adc
D/FactoryTestApp( 3915): [Support$Kernel.read](3915) path=/sys/class/sec/switch/adc, value=1f
I/FactoryTestApp( 3915): [ModuleCommon$connectedJIG](3915) value = 1f, JIG_ON = 1C
D/FactoryTestApp( 3915): [Support$Values.getString](3915) id=MODEL_COMMUNICATION_MODE, value=gsm
I/FactoryTestApp( 3915): [ModuleCommon$isConnectionModeNone](3915) mConnectionMode = gsm
I/FactoryTestApp( 3915): [ModuleCommon$isRunningFtClient](3915) RUNNING_FTCLIENT : false
I/FactoryTestApp( 3915): [FactoryTestBroadcastReceiver$startDummyFtClientForBootCompleted](3915) start DummyFtClient service for APO
W/ContextImpl( 3915): Calling a method in the system process without a qualified user: android.app.ContextImpl.startService:2064 android.content.ContextWrapper.startService:533 android.content.ContextWrapper.startService:533 com.sec.factory.entry.FactoryTestBroadcastReceiver.startDummyFtClientForBootCompleted:324 com.sec.factory.entry.FactoryTestBroadcastReceiver.onReceive:188 
D/ActivityManager(  947): startService callerProcessName:com.sec.factory, calleePkgName: com.sec.factory
D/FactoryTest( 3915): User mode
I/FactoryTestApp( 3915): [ModuleCommon$disableFtClient](3915) ...
D/ActivityManager(  947): startProcessLocked calleePkgName: com.android.calendar, hostingType: broadcast
E/ActivityManager(  947): checkUser: useridlist=null, currentuser=0
E/ActivityManager(  947): checkUser: useridlist=null, currentuser=0
E/ActivityManager(  947): checkUser: useridlist=null, currentuser=0
E/ActivityManager(  947): checkUser: useridlist=null, currentuser=0
D/FactoryTestApp( 3915): [DummyFtClient$onCreate](3915) Create DummyFtClient service
I/FactoryTestApp( 3915): [XMLDataStorage$parsingXML](3915) FtClient => data parsing was completed.
D/FactoryTestApp( 3915): [DummyFtClient$onReceive](3915) ACTION_SIM_STATE_CHANGED => XML data parsing was failed.
E/Zygote  ( 3935): MountEmulatedStorage()
E/Zygote  ( 3935): v2
I/libpersona( 3935): KNOX_SDCARD checking this for 10035
I/libpersona( 3935): KNOX_SDCARD not a persona
I/SELinux ( 3935): Function: selinux_compare_spd_ram , priority [2] , priority version is VE=SEPF_GT-I9505_5.0.1-1_0046
E/SELinux ( 3935): [DEBUG] get_category: variable seinfo: platform sensitivity: NULL, cateogry: NULL
I/ActivityManager(  947): Start proc com.android.calendar for broadcast com.android.calendar/.preference.CscReceiver: pid=3935 uid=10035 gids={50035, 9997, 3003, 1028, 1015, 1023, 3002} abi=armeabi-v7a
D/FactoryTestApp( 3915): [Support$Values.getString](3915) id=MODEL_COMMUNICATION_MODE, value=gsm
I/FactoryTestApp( 3915): [ModuleCommon$isConnectionModeNone](3915) mConnectionMode = gsm
D/FactoryTestApp( 3915): [Support$Values.getBoolean](3915) id=SUPPORT_AUTO_WAKELOCK, value=false
D/FactoryTestApp( 3915): [DummyFtClient$onStartCommand](3915) ...
E/SMD     ( 3364): smd Interface open failed errno is 2 -1
D/ResourcesManager( 3935): creating new AssetManager and set to /system/priv-app/SPlanner_LEGACY/SPlanner_LEGACY.apk
W/ResourcesManager( 3935): Asset path '/system/framework/sechardware.jar' does not exist or contains no resources.
W/ResourcesManager( 3935): Asset path '/system/framework/com.google.android.maps.jar' does not exist or contains no resources.
W/ResourcesManager( 3935): Asset path '/system/framework/twframework.jar' does not exist or contains no resources.
D/ConnectivityService(  947): returning getActiveNetworkInfo :[type: WIFI[] - WIFI, state: CONNECTED/CONNECTED, reason: (unspecified), extra: "something", roaming: false, failover: false, isAvailable: true, isConnectedToProvisioningNetwork: false]
D/ActivityManager(  947): bindService callerProcessName:android, calleePkgName: com.android.bluetooth, action: android.bluetooth.IBluetooth
E/ActivityManager(  947): checkUser: useridlist=null, currentuser=0
E/ActivityManager(  947): checkUser: useridlist=null, currentuser=0
E/ActivityManager(  947): checkUser: useridlist=null, currentuser=0
E/ActivityManager(  947): checkUser: useridlist=null, currentuser=0
W/AudioSystem(  947): AudioPolicyService not published, waiting...
E/Zygote  ( 3957): MountEmulatedStorage()
E/Zygote  ( 3957): v2
I/libpersona( 3957): KNOX_SDCARD checking this for 1002
I/libpersona( 3957): KNOX_SDCARD not a persona
I/SELinux ( 3957): Function: selinux_compare_spd_ram , priority [2] , priority version is VE=SEPF_GT-I9505_5.0.1-1_0046
E/SELinux ( 3957): [DEBUG] get_category: variable seinfo: platform sensitivity: NULL, cateogry: NULL
I/ActivityManager(  947): Start proc com.android.bluetooth for service com.android.bluetooth/.btservice.AdapterService: pid=3957 uid=1002 gids={41002, 9997, 3003, 3002, 3001, 1028, 1015, 1023, 3005, 1016, 3008} abi=armeabi-v7a
I/WifiService(  947): android.intent.action.BOOT_COMPLETED
D/UsbDeviceManager(  947): boot completed
W/BroadcastQueue(  947): Skipping deliver [background] BroadcastRecord{23901694 u0 android.intent.action.BOOT_COMPLETED} to ReceiverList{caf540f 1578 com.android.systemui/10053/u0 remote:20a4956e}: filter unregistered
D/UsbDeviceManager(  947): handleMessage -> MSG_BOOT_COMPLETED
D/UsbDeviceManager(  947): sending intent : ACTION_USB_CABLE_STATE : connected = true
W/BroadcastQueue(  947): Skipping deliver [background] BroadcastRecord{23901694 u0 android.intent.action.BOOT_COMPLETED} to ReceiverList{3afdefcd 1578 com.android.systemui/10053/u0 remote:3eed7164}: filter unregistered
D/UsbDeviceManager(  947): broadcasting Intent { act=android.hardware.usb.action.USB_STATE flg=0x20000000 (has extras) } connected: true configured: true
D/UsbDeviceManager(  947): sending intent : ACTION_USB_STATE : connected = true, configured = true, functions = mtp,adb
D/ActivityManager(  947): bindService callerProcessName:android, calleePkgName: com.android.keychain, action: android.security.IKeyChainService
I/art     (  290): Explicit concurrent mark sweep GC freed 713(30KB) AllocSpace objects, 0(0B) LOS objects, 40% free, 15MB/26MB, paused 732us total 50.262ms
I/RecoverySystem(  947): !@RecoverySystem handleAftermath
E/ActivityManager(  947): checkUser: useridlist=null, currentuser=0
E/ActivityManager(  947): checkUser: useridlist=null, currentuser=0
E/ActivityManager(  947): checkUser: useridlist=null, currentuser=0
E/ActivityManager(  947): checkUser: useridlist=null, currentuser=0
E/RecoverySystem(  947): Error copy recovery logs : /cache/recovery/last_recovery: open failed: ENOENT (No such file or directory)
E/RecoverySystem(  947): Error copy recovery logs : /cache/recovery/last_kernel: open failed: ENOENT (No such file or directory)
E/RecoverySystem(  947): Error copy recovery logs : /cache/recovery/last_last_kernel: open failed: ENOENT (No such file or directory)
E/RecoverySystem(  947): Error copy recovery logs : /cache/recovery/last_recovery_contents: open failed: ENOENT (No such file or directory)
E/RecoverySystem(  947): Error copy recovery logs : /cache/recovery/last_history: open failed: ENOENT (No such file or directory)
E/RecoverySystem(  947): Error copy recovery logs : /cache/recovery/last_emmc_checksum: open failed: ENOENT (No such file or directory)
E/RecoverySystem(  947): Error copy recovery logs : /cache/recovery/last_avc_msg_recovery: open failed: ENOENT (No such file or directory)
E/RecoverySystem(  947): Error copy recovery logs : /cache/recovery/last_tzdbg_log_recovery: open failed: ENOENT (No such file or directory)
E/RecoverySystem(  947): Error copy recovery logs : /cache/recovery/last_qsee_log_recovery: open failed: ENOENT (No such file or directory)
I/RecoverySystem(  947): Deleted: /cache/recovery/log
I/RecoverySystem(  947): Deleted: /cache/recovery/.version
I/RecoverySystem(  947): Deleted: /cache/recovery/recovery.fstab
I/RecoverySystem(  947): Deleted: /cache/recovery/storage.fstab
I/RecoverySystem(  947): Deleted: /cache/recovery/intent
I/art     (  290): Explicit concurrent mark sweep GC freed 5(160B) AllocSpace objects, 0(0B) LOS objects, 40% free, 15MB/26MB, paused 549us total 45.379ms
I/BootReceiver(  947): Copying /proc/last_kmsg to DropBox (SYSTEM_LAST_KMSG)
E/SharedPreferencesImpl(  947): Couldn't create directory for SharedPreferences file shared_prefs/log_files.xml
I/BootReceiver(  947): Copying audit failures to DropBox
E/SharedPreferencesImpl(  947): Couldn't create directory for SharedPreferences file shared_prefs/log_files.xml
I/BootReceiver(  947): Copied 0 worth of audits to DropBox
I/BootReceiver(  947): Checking for fsck errors
I/BootReceiver(  947): Copying /data/tombstones/tombstone_00 to DropBox (SYSTEM_TOMBSTONE)
E/SharedPreferencesImpl(  947): Couldn't create directory for SharedPreferences file shared_prefs/log_files.xml
I/art     (  290): Explicit concurrent mark sweep GC freed 5(160B) AllocSpace objects, 0(0B) LOS objects, 40% free, 15MB/26MB, paused 518us total 39.062ms
I/BootReceiver(  947): Copying /data/tombstones/tombstone_01 to DropBox (SYSTEM_TOMBSTONE)
E/SharedPreferencesImpl(  947): Couldn't create directory for SharedPreferences file shared_prefs/log_files.xml
E/Zygote  ( 3980): MountEmulatedStorage()
E/Zygote  ( 3980): v2
I/libpersona( 3980): KNOX_SDCARD checking this for 1000
I/libpersona( 3980): KNOX_SDCARD not a persona
I/SELinux ( 3980): Function: selinux_compare_spd_ram , priority [2] , priority version is VE=SEPF_GT-I9505_5.0.1-1_0046
E/SELinux ( 3980): [DEBUG] get_category: variable seinfo: platform sensitivity: NULL, cateogry: NULL
I/ActivityManager(  947): Start proc com.android.keychain for service com.android.keychain/.KeyChainService: pid=3980 uid=1000 gids={41000, 9997, 3002, 3001, 3003, 1028, 1015, 1023, 1007, 2001, 1024, 1001} abi=armeabi-v7a
D/ActivityManager(  947): bindService callerProcessName:android, calleePkgName: com.google.android.gms, action: android.content.SyncAdapter
I/BootReceiver(  947): Copying /data/tombstones/tombstone_02 to DropBox (SYSTEM_TOMBSTONE)
E/SharedPreferencesImpl(  947): Couldn't create directory for SharedPreferences file shared_prefs/log_files.xml
D/ActivityManager(  947): bindService callerProcessName:android, calleePkgName: com.google.android.gms, action: android.content.SyncAdapter
D/CrashAnrDetector(  947): Build: samsung/jfltexx/jflte:5.0.1/LRX22C/I9505XXUHPA1:user/release-keys
D/CrashAnrDetector(  947): Hardware: MSM8960
D/CrashAnrDetector(  947): Revision: 10
D/CrashAnrDetector(  947): Bootloader: I337MVLUGOH1
D/CrashAnrDetector(  947): Radio: unknown
D/CrashAnrDetector(  947): Kernel: Linux version 3.4.113-machinex-Mark43 (robcore) (gcc version 5.3.0 (crosstool-NG crosstool-ng-1.21.0-345-ga2573ff - GNU GCC 5.3 - Cortex-A15) ) #1 SMP PREEMPT Tue Nov 15 19:13:34 MST 2016
D/CrashAnrDetector(  947): 
D/CrashAnrDetector(  947): *** *** *** *** *** *** *** *** *** *** *** *** *** *** *** ***
D/CrashAnrDetector(  947): Build fingerprint: 'samsung/jfltexx/jflte:5.0.1/LRX22C/I9505XXUHPA1:user/release-keys'
D/CrashAnrDetector(  947): Revision: '10'
D/CrashAnrDetector(  947): ABI: 'arm'
D/CrashAnrDetector(  947): pid: 3149, tid: 3181, name: TimedEventQueue  >>> /system/bin/mediaserver <<<
D/CrashAnrDetector(  947): signal 11 (SIGSEGV), code 1 (SEGV_MAPERR), fault addr 0xb8
D/CrashAnrDetector(  947):     r0 4331d3a8  r1 4331d024  r2 00000000  r3 00000000
D/CrashAnrDetector(  947):     r4 4331d000  r5 4331d010  r6 00000000  r7 44a7ead0
D/CrashAnrDetector(  947):     r8 44a7ea3c  r9 4331d3a8  sl 44a7ebdc  fp 00000000
D/CrashAnrDetector(  947):     ip 4058fef4  sp 44a7ea28  lr 4057fbcb  pc 4057fbce  cpsr a0010030
D/CrashAnrDetector(  947):     d0  0000000000000000  d1  0000000000000000
D/CrashAnrDetector(  947):     d2  6f6964754174696e  d3  207265646f636544
D/CrashAnrDetector(  947):     d4  94a5294a5294a529  d5  294a5294a5294a52
D/CrashAnrDetector(  947):     d6  5294a5294a5294a5  d7  a5294a5294a5294a
D/CrashAnrDetector(  947):     d8  00000000091e3905  d9  0000000000000000
D/CrashAnrDetector(  947):     d10 0000000000000000  d11 0000000000000000
D/CrashAnrDetector(  947):     d12 0000000000000000  d13 0000000000000000
D/CrashAnrDetector(  947):     d14 0000000000000000  d15 0000000000000000
D/CrashAnrDetector(  947):     d16 7261506f69647561  d17 654474756f3b6d61
D/CrashAnrDetector(  947):     d18 002e00640069006f  d19 0049002e0073006f
D/CrashAnrDetector(  947):     d20 0076007200650053  d21 004d006500630069
D/CrashAnrDetector(  947):     d22 00670061006e0061  d23 0000000000720065
D/CrashAnrDetector(  947):     d24 3fd0000000000000  d25 bfaa9a01c8e22ecb
D/CrashAnrDetector(  947):     d26 0000000000000000  d27 4014000000000000
D/CrashAnrDetector(  947):     d28 3ff0000000000000  d29 4024000000000000
D/CrashAnrDetector(  947):     d30 4023ffffec000000  d31 4000000000000000
D/CrashAnrDetector(  947):     scr 20000010
D/CrashAnrDetector(  947): 
D/CrashAnrDetector(  947): backtrace:
D/CrashAnrDetector(  947):     #00 pc 00016bce  /system/lib/libaudiopolicymanagerdefault.so (android::AudioPolicyManager::getNewOutputDevice(int, bool)+45)
D/CrashAnrDetector(  947):     #01 pc 00016f55  /system/lib/libaudiopolicymanagerdefault.so (android::AudioPolicyManager::getCurOutDevice()+8)
D/CrashAnrDetector(  947):     #02 pc 00017197  /system/lib/libaudiopolicymanagerdefault.so (android::AudioPolicyManager::getAudioPolicyConfig(android::String8 const&)+494)
D/CrashAnrDetector(  947):     #03 pc 00005ed5  /system/lib/libaudiopolicyservice.so
D/CrashAnrDetector(  947):     #04 pc 00061bc3  /system/lib/libmedia.so (android::AudioSystem::getParameters(int, android::String8 const&)+274)
D/CrashAnrDetector(  947):     #05 pc 0007610b  /system/lib/libstagefright.so (android::AwesomePlayer::initAudioDecoder()+534)
D/CrashAnrDetector(  947):     #06 pc 0007b7b9  /system/lib/libstagefright.so (android::AwesomePlayer::beginPrepareAsync_l()+660)
D/CrashAnrDetector(  947):     #07 pc 0007b869  /system/lib/libstagefright.so (android::AwesomePlayer::onPrepareAsyncEvent()+32)
D/CrashAnrDetector(  947):     #08 pc 00072081  /system/lib/libstagefright.so
D/CrashAnrDetector(  947):     #09 pc 000bb463  /system/lib/libstagefright.so (android::TimedEventQueue::threadEntry()+354)
D/CrashAnrDetector(  947):     #10 pc 000bb4b1  /system/lib/libstagefright.so (android::TimedEventQueue::ThreadWrapper(void*)+16)
D/CrashAnrDetector(  947):     #11 pc 000137ab  /system/lib/libc.so (__pthread_start(void*)+30)
D/CrashAnrDetector(  947):     #12 pc 0001188b  /system/lib/libc.so (__start_thread+6)
D/CrashAnrDetector(  947): 
D/CrashAnrDetector(  947): stack:
D/CrashAnrDetector(  947):          44a7e9a8  00000013  
D/CrashAnrDetector(  947):          44a7e9ac  00000001  
D/CrashAnrDetector(  947):          44a7e9b0  00000001  
D/CrashAnrDetector(  947):          44a7e9b4  00000016  
D/CrashAnrDetector(  947):          44a7e9b8  44d00000  [anon:libc_malloc]
D/CrashAnrDetector(  947):          44a7e9bc  00000001  
D/CrashAnrDetector(  947):          44a7e9c0  4320b300  [anon:libc_malloc]
D/CrashAnrDetector(  947):          44a7e9c4  00000020  
D/CrashAnrDetector(  947):          44a7e9c8  00000000  
D/CrashAnrDetector(  947):          44a7e9cc  00000001  
D/CrashAnrDetector(  947):          44a7e9d0  00000004  
D/CrashAnrDetector(  947):          44a7e9d4  00000001  
D/CrashAnrDetector(  947):          44a7e9d8  00000008  
D/CrashAnrDetector(  947):          44a7e9dc  44a7ea70  [stack:3181]
D/CrashAnrDetector(  947):          44a7e9e0  00000000  
D/CrashAnrDetector(  947):          44a7e9e4  4331d010  [anon:libc_malloc]
D/CrashAnrDetector(  947):          44a7e9e8  4331d010  [anon:libc_malloc]
D/CrashAnrDetector(  947):          44a7e9ec  00000000  
D/CrashAnrDetector(  947):          44a7e9f0  44a7ead0  [stack:3181]
D/CrashAnrDetector(  947):          44a7e9f4  44a7eb48  [stack:3181]
D/CrashAnrDetector(  947):          44a7e9f8  40588241  /system/lib/libaudiopolicymanagerdefault.so
D/CrashAnrDetector(  947):          44a7e9fc  44a7ebdc  [stack:3181]
D/CrashAnrDetector(  947):          44a7ea00  4331d010  [anon:libc_malloc]
D/CrashAnrDetector(  947):          44a7ea04  405799d5  /system/lib/libaudiopolicymanagerdefault.so
D/CrashAnrDetector(  947):          44a7ea08  00000000  
D/CrashAnrDetector(  947):          44a7ea0c  00000000  
D/CrashAnrDetector(  947):          44a7ea10  00000000  
D/CrashAnrDetector(  947):          44a7ea14  4331d010  [anon:libc_malloc]
D/CrashAnrDetector(  947):          44a7ea18  4331d010  [anon:libc_malloc
D/CrashAnrDetector(  947): processName:/system/bin/mediaserver
D/CrashAnrDetector(  947): broadcastEvent : null SYSTEM_TOMBSTONE
W/ContextImpl(  947): Calling a method in the system process without a qualified user: android.app.ContextImpl.sendBroadcast:1713 com.android.server.analytics.data.collection.application.CrashAnrDetector.broadcastEvent:296 com.android.server.analytics.data.collection.application.CrashAnrDetector.processDropBoxEntry:254 com.android.server.analytics.data.collection.application.CrashAnrDetector.access$100:60 com.android.server.analytics.data.collection.application.CrashAnrDetector$1.onReceive:102 
D/ResourcesManager( 3957): creating new AssetManager and set to /system/app/Bluetooth/Bluetooth.apk
W/ResourcesManager( 3957): Asset path '/system/framework/javax.obex.jar' does not exist or contains no resources.
W/ResourcesManager( 3957): Asset path '/system/framework/com.broadcom.bt.jar' does not exist or contains no resources.
D/CrashAnrDetector(  947): Build: samsung/jfltexx/jflte:5.0.1/LRX22C/I9505XXUHPA1:user/release-keys
D/CrashAnrDetector(  947): Hardware: MSM8960
D/CrashAnrDetector(  947): Revision: 10
D/CrashAnrDetector(  947): Bootloader: I337MVLUGOH1
D/CrashAnrDetector(  947): Radio: unknown
D/CrashAnrDetector(  947): Kernel: Linux version 3.4.113-machinex-Mark43 (robcore) (gcc version 5.3.0 (crosstool-NG crosstool-ng-1.21.0-345-ga2573ff - GNU GCC 5.3 - Cortex-A15) ) #1 SMP PREEMPT Tue Nov 15 19:13:34 MST 2016
D/CrashAnrDetector(  947): 
D/CrashAnrDetector(  947): *** *** *** *** *** *** *** *** *** *** *** *** *** *** *** ***
D/CrashAnrDetector(  947): Build fingerprint: 'samsung/jfltexx/jflte:5.0.1/LRX22C/I9505XXUHPA1:user/release-keys'
D/CrashAnrDetector(  947): Revision: '10'
D/CrashAnrDetector(  947): ABI: 'arm'
D/CrashAnrDetector(  947): pid: 3189, tid: 3244, name: TimedEventQueue  >>> /system/bin/mediaserver <<<
D/CrashAnrDetector(  947): signal 11 (SIGSEGV), code 1 (SEGV_MAPERR), fault addr 0xb8
D/CrashAnrDetector(  947):     r0 4341d3a8  r1 4341d024  r2 00000000  r3 00000000
D/CrashAnrDetector(  947):     r4 4341d000  r5 4341d010  r6 00000000  r7 44cfdad0
D/CrashAnrDetector(  947):     r8 44cfda3c  r9 4341d3a8  sl 44cfdbdc  fp 00000000
D/CrashAnrDetector(  947):     ip 402ccef4  sp 44cfda28  lr 402bcbcb  pc 402bcbce  cpsr a0010030
D/CrashAnrDetector(  947):     d0  0000000000000000  d1  0000000000000000
D/CrashAnrDetector(  947):     d2  6f6964754174696e  d3  207265646f636544
D/CrashAnrDetector(  947):     d4  94a5294a5294a529  d5  294a5294a5294a52
D/CrashAnrDetector(  947):     d6  5294a5294a5294a5  d7  a5294a5294a5294a
D/CrashAnrDetector(  947):     d8  0000000009d0edda  d9  0000000000000000
D/CrashAnrDetector(  947):     d10 0000000000000000  d11 0000000000000000
D/CrashAnrDetector(  947):     d12 0000000000000000  d13 0000000000000000
D/CrashAnrDetector(  947):     d14 0000000000000000  d15 0000000000000000
D/CrashAnrDetector(  947):     d16 7261506f69647561  d17 654474756f3b6d61
D/CrashAnrDetector(  947):     d18 002e00640069006f  d19 0049002e0073006f
D/CrashAnrDetector(  947):     d20 0076007200650053  d21 004d006500630069
D/CrashAnrDetector(  947):     d22 00670061006e0061  d23 0000000000720065
D/CrashAnrDetector(  947):     d24 3fd0000000000000  d25 bfaa9a01c8e22ecb
D/CrashAnrDetector(  947):     d26 0000000000000000  d27 4014000000000000
D/CrashAnrDetector(  947):     d28 3ff0000000000000  d29 4024000000000000
D/CrashAnrDetector(  947):     d30 4023ffffec000000  d31 4000000000000000
D/CrashAnrDetector(  947):     scr 20000010
D/CrashAnrDetector(  947): 
D/CrashAnrDetector(  947): backtrace:
D/CrashAnrDetector(  947):     #00 pc 00016bce  /system/lib/libaudiopolicymanagerdefault.so (android::AudioPolicyManager::getNewOutputDevice(int, bool)+45)
D/CrashAnrDetector(  947):     #01 pc 00016f55  /system/lib/libaudiopolicymanagerdefault.so (android::AudioPolicyManager::getCurOutDevice()+8)
D/CrashAnrDetector(  947):     #02 pc 00017197  /system/lib/libaudiopolicymanagerdefault.so (android::AudioPolicyManager::getAudioPolicyConfig(android::String8 const&)+494)
D/CrashAnrDetector(  947):     #03 pc 00005ed5  /system/lib/libaudiopolicyservice.so
D/CrashAnrDetector(  947):     #04 pc 00061bc3  /system/lib/libmedia.so (android::AudioSystem::getParameters(int, android::String8 const&)+274)
D/CrashAnrDetector(  947):     #05 pc 0007610b  /system/lib/libstagefright.so (android::AwesomePlayer::initAudioDecoder()+534)
D/CrashAnrDetector(  947):     #06 pc 0007b7b9  /system/lib/libstagefright.so (android::AwesomePlayer::beginPrepareAsync_l()+660)
D/CrashAnrDetector(  947):     #07 pc 0007b869  /system/lib/libstagefright.so (android::AwesomePlayer::onPrepareAsyncEvent()+32)
D/CrashAnrDetector(  947):     #08 pc 00072081  /system/lib/libstagefright.so
D/CrashAnrDetector(  947):     #09 pc 000bb463  /system/lib/libstagefright.so (android::TimedEventQueue::threadEntry()+354)
D/CrashAnrDetector(  947):     #10 pc 000bb4b1  /system/lib/libstagefright.so (android::TimedEventQueue::ThreadWrapper(void*)+16)
D/CrashAnrDetector(  947):     #11 pc 000137ab  /system/lib/libc.so (__pthread_start(void*)+30)
D/CrashAnrDetector(  947):     #12 pc 0001188b  /system/lib/libc.so (__start_thread+6)
D/CrashAnrDetector(  947): 
D/CrashAnrDetector(  947): stack:
D/CrashAnrDetector(  947):          44cfd9a8  00000013  
D/CrashAnrDetector(  947):          44cfd9ac  00000001  
D/CrashAnrDetector(  947):          44cfd9b0  00000001  
D/CrashAnrDetector(  947):          44cfd9b4  00000016  
D/CrashAnrDetector(  947):          44cfd9b8  44e00000  [anon:libc_malloc]
D/CrashAnrDetector(  947):          44cfd9bc  00000001  
D/CrashAnrDetector(  947):          44cfd9c0  4330b300  [anon:libc_malloc]
D/CrashAnrDetector(  947):          44cfd9c4  00000020  
D/CrashAnrDetector(  947):          44cfd9c8  00000000  
D/CrashAnrDetector(  947):          44cfd9cc  00000001  
D/CrashAnrDetector(  947):          44cfd9d0  00000004  
D/CrashAnrDetector(  947):          44cfd9d4  00000001  
D/CrashAnrDetector(  947):          44cfd9d8  00000008  
D/CrashAnrDetector(  947):          44cfd9dc  44cfda70  [stack:3244]
D/CrashAnrDetector(  947):          44cfd9e0  00000000  
D/CrashAnrDetector(  947):          44cfd9e4  4341d010  [anon:libc_malloc]
D/CrashAnrDetector(  947):          44cfd9e8  4341d010  [anon:libc_malloc]
D/CrashAnrDetector(  947):          44cfd9ec  00000000  
D/CrashAnrDetector(  947):          44cfd9f0  44cfdad0  [stack:3244]
D/CrashAnrDetector(  947):          44cfd9f4  44cfdb48  [stack:3244]
D/CrashAnrDetector(  947):          44cfd9f8  402c5241  /system/lib/libaudiopolicymanagerdefault.so
D/CrashAnrDetector(  947):          44cfd9fc  44cfdbdc  [stack:3244]
D/CrashAnrDetector(  947):          44cfda00  4341d010  [anon:libc_malloc]
D/CrashAnrDetector(  947):          44cfda04  402b69d5  /system/lib/libaudiopolicymanagerdefault.so
D/CrashAnrDetector(  947):          44cfda08  00000000  
D/CrashAnrDetector(  947):          44cfda0c  00000000  
D/CrashAnrDetector(  947):          44cfda10  00000000  
D/CrashAnrDetector(  947):          44cfda14  4341d010  [anon:libc_malloc]
D/CrashAnrDetector(  947):          44cfda18  4341d010  [anon:libc_malloc
D/CrashAnrDetector(  947): processName:/system/bin/mediaserver
D/CrashAnrDetector(  947): broadcastEvent : null SYSTEM_TOMBSTONE
W/ContextImpl(  947): Calling a method in the system process without a qualified user: android.app.ContextImpl.sendBroadcast:1713 com.android.server.analytics.data.collection.application.CrashAnrDetector.broadcastEvent:296 com.android.server.analytics.data.collection.application.CrashAnrDetector.processDropBoxEntry:254 com.android.server.analytics.data.collection.application.CrashAnrDetector.access$100:60 com.android.server.analytics.data.collection.application.CrashAnrDetector$1.onReceive:102 
D/ActivityManager(  947): bindService callerProcessName:android, calleePkgName: com.google.android.gms, action: android.content.SyncAdapter
D/ConnectivityService(  947): returning getActiveNetworkInfo :[type: WIFI[] - WIFI, state: CONNECTED/CONNECTED, reason: (unspecified), extra: "something", roaming: false, failover: false, isAvailable: true, isConnectedToProvisioningNetwork: false]
D/ResourcesManager( 3980): creating new AssetManager and set to /system/app/KeyChain/KeyChain.apk
D/ConnectivityService(  947): returning getActiveNetworkInfo :[type: WIFI[] - WIFI, state: CONNECTED/CONNECTED, reason: (unspecified), extra: "something", roaming: false, failover: false, isAvailable: true, isConnectedToProvisioningNetwork: false]
I/BootReceiver(  947): Copying /data/tombstones/tombstone_03 to DropBox (SYSTEM_TOMBSTONE)
E/SharedPreferencesImpl(  947): Couldn't create directory for SharedPreferences file shared_prefs/log_files.xml
D/ConnectivityService(  947): returning getActiveNetworkInfo :[type: WIFI[] - WIFI, state: CONNECTED/CONNECTED, reason: (unspecified), extra: "something", roaming: false, failover: false, isAvailable: true, isConnectedToProvisioningNetwork: false]
D/CrashAnrDetector(  947): Build: samsung/jfltexx/jflte:5.0.1/LRX22C/I9505XXUHPA1:user/release-keys
D/CrashAnrDetector(  947): Hardware: MSM8960
D/CrashAnrDetector(  947): Revision: 10
D/CrashAnrDetector(  947): Bootloader: I337MVLUGOH1
D/CrashAnrDetector(  947): Radio: unknown
D/CrashAnrDetector(  947): Kernel: Linux version 3.4.113-machinex-Mark43 (robcore) (gcc version 5.3.0 (crosstool-NG crosstool-ng-1.21.0-345-ga2573ff - GNU GCC 5.3 - Cortex-A15) ) #1 SMP PREEMPT Tue Nov 15 19:13:34 MST 2016
D/CrashAnrDetector(  947): 
D/CrashAnrDetector(  947): *** *** *** *** *** *** *** *** *** *** *** *** *** *** *** ***
D/CrashAnrDetector(  947): Build fingerprint: 'samsung/jfltexx/jflte:5.0.1/LRX22C/I9505XXUHPA1:user/release-keys'
D/CrashAnrDetector(  947): Revision: '10'
D/CrashAnrDetector(  947): ABI: 'arm'
D/CrashAnrDetector(  947): pid: 3248, tid: 3300, name: TimedEventQueue  >>> /system/bin/mediaserver <<<
D/CrashAnrDetector(  947): signal 11 (SIGSEGV), code 1 (SEGV_MAPERR), fault addr 0xb8
D/CrashAnrDetector(  947):     r0 4331d3a8  r1 4331d024  r2 00000000  r3 00000000
D/CrashAnrDetector(  947):     r4 4331d000  r5 4331d010  r6 00000000  r7 44efdad0
D/CrashAnrDetector(  947):     r8 44efda3c  r9 4331d3a8  sl 44efdbdc  fp 00000000
D/CrashAnrDetector(  947):     ip 404c7ef4  sp 44efda28  lr 404b7bcb  pc 404b7bce  cpsr a0010030
D/CrashAnrDetector(  947):     d0  0000000000000000  d1  0000000000000000
D/CrashAnrDetector(  947):     d2  6f6964754174696e  d3  207265646f636544
D/CrashAnrDetector(  947):     d4  94a5294a5294a529  d5  294a5294a5294a52
D/CrashAnrDetector(  947):     d6  5294a5294a5294a5  d7  a5294a5294a5294a
D/CrashAnrDetector(  947):     d8  000000000a8fb735  d9  0000000000000000
D/CrashAnrDetector(  947):     d10 0000000000000000  d11 0000000000000000
D/CrashAnrDetector(  947):     d12 0000000000000000  d13 0000000000000000
D/CrashAnrDetector(  947):     d14 0000000000000000  d15 0000000000000000
D/CrashAnrDetector(  947):     d16 7261506f69647561  d17 654474756f3b6d61
D/CrashAnrDetector(  947):     d18 002e00640069006f  d19 0049002e0073006f
D/CrashAnrDetector(  947):     d20 0076007200650053  d21 004d006500630069
D/CrashAnrDetector(  947):     d22 00670061006e0061  d23 0000000000720065
D/CrashAnrDetector(  947):     d24 3fd0000000000000  d25 bfaa9a01c8e22ecb
D/CrashAnrDetector(  947):     d26 0000000000000000  d27 4014000000000000
D/CrashAnrDetector(  947):     d28 3ff0000000000000  d29 4024000000000000
D/CrashAnrDetector(  947):     d30 4023ffffec000000  d31 4000000000000000
D/CrashAnrDetector(  947):     scr 20000010
D/CrashAnrDetector(  947): 
D/CrashAnrDetector(  947): backtrace:
D/CrashAnrDetector(  947):     #00 pc 00016bce  /system/lib/libaudiopolicymanagerdefault.so (android::AudioPolicyManager::getNewOutputDevice(int, bool)+45)
D/CrashAnrDetector(  947):     #01 pc 00016f55  /system/lib/libaudiopolicymanagerdefault.so (android::AudioPolicyManager::getCurOutDevice()+8)
D/CrashAnrDetector(  947):     #02 pc 00017197  /system/lib/libaudiopolicymanagerdefault.so (android::AudioPolicyManager::getAudioPolicyConfig(android::String8 const&)+494)
D/CrashAnrDetector(  947):     #03 pc 00005ed5  /system/lib/libaudiopolicyservice.so
D/CrashAnrDetector(  947):     #04 pc 00061bc3  /system/lib/libmedia.so (android::AudioSystem::getParameters(int, android::String8 const&)+274)
D/CrashAnrDetector(  947):     #05 pc 0007610b  /system/lib/libstagefright.so (android::AwesomePlayer::initAudioDecoder()+534)
D/CrashAnrDetector(  947):     #06 pc 0007b7b9  /system/lib/libstagefright.so (android::AwesomePlayer::beginPrepareAsync_l()+660)
D/CrashAnrDetector(  947):     #07 pc 0007b869  /system/lib/libstagefright.so (android::AwesomePlayer::onPrepareAsyncEvent()+32)
D/CrashAnrDetector(  947):     #08 pc 00072081  /system/lib/libstagefright.so
D/CrashAnrDetector(  947):     #09 pc 000bb463  /system/lib/libstagefright.so (android::TimedEventQueue::threadEntry()+354)
D/CrashAnrDetector(  947):     #10 pc 000bb4b1  /system/lib/libstagefright.so (android::TimedEventQueue::ThreadWrapper(void*)+16)
D/CrashAnrDetector(  947):     #11 pc 000137ab  /system/lib/libc.so (__pthread_start(void*)+30)
D/CrashAnrDetector(  947):     #12 pc 0001188b  /system/lib/libc.so (__start_thread+6)
D/CrashAnrDetector(  947): 
D/CrashAnrDetector(  947): stack:
D/CrashAnrDetector(  947):          44efd9a8  00000000  
D/CrashAnrDetector(  947):          44efd9ac  00000054  
D/CrashAnrDetector(  947):          44efd9b0  4320e240  [anon:libc_malloc]
D/CrashAnrDetector(  947):          44efd9b4  403547f4  
D/CrashAnrDetector(  947):          44efd9b8  4320df80  [anon:libc_malloc]
D/CrashAnrDetector(  947):          44efd9bc  40320cdd  /system/lib/libc.so (arena_bin_malloc_hard+312)
D/CrashAnrDetector(  947):          44efd9c0  000000a8  
D/CrashAnrDetector(  947):          44efd9c4  00000020  
D/CrashAnrDetector(  947):          44efd9c8  00000000  
D/CrashAnrDetector(  947):          44efd9cc  00000001  
D/CrashAnrDetector(  947):          44efd9d0  00000004  
D/CrashAnrDetector(  947):          44efd9d4  00000001  
D/CrashAnrDetector(  947):          44efd9d8  00000008  
D/CrashAnrDetector(  947):          44efd9dc  44efda70  [stack:3300]
D/CrashAnrDetector(  947):          44efd9e0  00000000  
D/CrashAnrDetector(  947):          44efd9e4  4331d010  [anon:libc_malloc]
D/CrashAnrDetector(  947):          44efd9e8  4331d010  [anon:libc_malloc]
D/CrashAnrDetector(  947):          44efd9ec  00000000  
D/CrashAnrDetector(  947):          44efd9f0  44efdad0  [stack:3300]
D/CrashAnrDetector(  947):          44efd9f4  44efdb48  [stack:3300]
D/CrashAnrDetector(  947):          44efd9f8  404c0241  /system/lib/libaudiopolicymanagerdefault.so
D/CrashAnrDetector(  947):          44efd9fc  44efdbdc  [stack:3300]
D/CrashAnrDetector(  947):          44efda00  4331d010  [anon:libc_malloc]
D/CrashAnrDetector(  947):          44efda04  404b19d5  /system/lib/libaudiopolicymanagerdefault.so
D/CrashAnrDetector(  947):          44efda08  00000000  
D/CrashAnrDetector(  947):          44efda0c  00000000  
D/CrashAnrDetector(  947):          44efda10  00000000  
D/CrashAnrDetector(  947):          44efda14  4331d010  [anon:libc_malloc]
D/CrashAnrDetector(  947): processName:/system/bin/mediaserver
D/CrashAnrDetector(  947): broadcastEvent : null SYSTEM_TOMBSTONE
W/ContextImpl(  947): Calling a method in the system process without a qualified user: android.app.ContextImpl.sendBroadcast:1713 com.android.server.analytics.data.collection.application.CrashAnrDetector.broadcastEvent:296 com.android.server.analytics.data.collection.application.CrashAnrDetector.processDropBoxEntry:254 com.android.server.analytics.data.collection.application.CrashAnrDetector.access$100:60 com.android.server.analytics.data.collection.application.CrashAnrDetector$1.onReceive:102 
I/BluetoothA2dpSinkServiceJni( 3957): register_com_android_bluetooth_a2dp_sink
D/ConnectivityService(  947): returning getActiveNetworkInfo :[type: WIFI[] - WIFI, state: CONNECTED/CONNECTED, reason: (unspecified), extra: "something", roaming: false, failover: false, isAvailable: true, isConnectedToProvisioningNetwork: false]
D/ConnectivityService(  947): returning getActiveNetworkInfo :[type: WIFI[] - WIFI, state: CONNECTED/CONNECTED, reason: (unspecified), extra: "something", roaming: false, failover: false, isAvailable: true, isConnectedToProvisioningNetwork: false]
D/ConnectivityService(  947): returning getActiveNetworkInfo :[type: WIFI[] - WIFI, state: CONNECTED/CONNECTED, reason: (unspecified), extra: "something", roaming: false, failover: false, isAvailable: true, isConnectedToProvisioningNetwork: false]
E/ActivityThread( 2717): Failed to find provider info for com.android.contacts.metadata
D/ConnectivityService(  947): returning getActiveNetworkInfo :[type: WIFI[] - WIFI, state: CONNECTED/CONNECTED, reason: (unspecified), extra: "something", roaming: false, failover: false, isAvailable: true, isConnectedToProvisioningNetwork: false]
D/SyncManager(  947): failed sync operation robpatershuk@gmail.com u0 (com.google), com.android.contacts.metadata, POLL, currentRunTime 83711, reason: UserStart, SyncResult: databaseError: true stats []
D/SyncManager(  947): not retrying sync operation because the error is a hard error: robpatershuk@gmail.com u0 (com.google), com.android.contacts.metadata, POLL, currentRunTime 246570, reason: UserStart
D/ConnectivityService(  947): returning getActiveNetworkInfo :[type: WIFI[] - WIFI, state: CONNECTED/CONNECTED, reason: (unspecified), extra: "something", roaming: false, failover: false, isAvailable: true, isConnectedToProvisioningNetwork: false]
I/BootReceiver(  947): Copying /data/tombstones/tombstone_04 to DropBox (SYSTEM_TOMBSTONE)
E/SharedPreferencesImpl(  947): Couldn't create directory for SharedPreferences file shared_prefs/log_files.xml
D/CrashAnrDetector(  947): Build: samsung/jfltexx/jflte:5.0.1/LRX22C/I9505XXUHPA1:user/release-keys
D/CrashAnrDetector(  947): Hardware: MSM8960
D/CrashAnrDetector(  947): Revision: 10
D/CrashAnrDetector(  947): Bootloader: I337MVLUGOH1
D/CrashAnrDetector(  947): Radio: unknown
D/CrashAnrDetector(  947): Kernel: Linux version 3.4.113-machinex-Mark43 (robcore) (gcc version 5.3.0 (crosstool-NG crosstool-ng-1.21.0-345-ga2573ff - GNU GCC 5.3 - Cortex-A15) ) #1 SMP PREEMPT Tue Nov 15 19:13:34 MST 2016
D/CrashAnrDetector(  947): 
D/CrashAnrDetector(  947): *** *** *** *** *** *** *** *** *** *** *** *** *** *** *** ***
D/CrashAnrDetector(  947): Build fingerprint: 'samsung/jfltexx/jflte:5.0.1/LRX22C/I9505XXUHPA1:user/release-keys'
D/CrashAnrDetector(  947): Revision: '10'
D/CrashAnrDetector(  947): ABI: 'arm'
D/CrashAnrDetector(  947): pid: 3309, tid: 3374, name: TimedEventQueue  >>> /system/bin/mediaserver <<<
D/CrashAnrDetector(  947): signal 11 (SIGSEGV), code 1 (SEGV_MAPERR), fault addr 0xb8
D/CrashAnrDetector(  947):     r0 4331d3a8  r1 4331d024  r2 00000000  r3 00000000
D/CrashAnrDetector(  947):     r4 4331d000  r5 4331d010  r6 00000000  r7 44dfbad0
D/CrashAnrDetector(  947):     r8 44dfba3c  r9 4331d3a8  sl 44dfbbdc  fp 00000000
D/CrashAnrDetector(  947):     ip 403f9ef4  sp 44dfba28  lr 403e9bcb  pc 403e9bce  cpsr a0010030
D/CrashAnrDetector(  947):     d0  0000000000000000  d1  0000000000000000
D/CrashAnrDetector(  947):     d2  6f6964754174696e  d3  207265646f636544
D/CrashAnrDetector(  947):     d4  94a5294a5294a529  d5  294a5294a5294a52
D/CrashAnrDetector(  947):     d6  5294a5294a5294a5  d7  a5294a5294a5294a
D/CrashAnrDetector(  947):     d8  000000000b429938  d9  0000000000000000
D/CrashAnrDetector(  947):     d10 0000000000000000  d11 0000000000000000
D/CrashAnrDetector(  947):     d12 0000000000000000  d13 0000000000000000
D/CrashAnrDetector(  947):     d14 0000000000000000  d15 0000000000000000
D/CrashAnrDetector(  947):     d16 7261506f69647561  d17 654474756f3b6d61
D/CrashAnrDetector(  947):     d18 002e00640069006f  d19 0049002e0073006f
D/CrashAnrDetector(  947):     d20 0076007200650053  d21 004d006500630069
D/CrashAnrDetector(  947):     d22 00670061006e0061  d23 0000000000720065
D/CrashAnrDetector(  947):     d24 3fd0000000000000  d25 bfaa9a01c8e22ecb
D/CrashAnrDetector(  947):     d26 0000000000000000  d27 4014000000000000
D/CrashAnrDetector(  947):     d28 3ff0000000000000  d29 4024000000000000
D/CrashAnrDetector(  947):     d30 4023ffffec000000  d31 4000000000000000
D/CrashAnrDetector(  947):     scr 20000010
D/CrashAnrDetector(  947): 
D/CrashAnrDetector(  947): backtrace:
D/CrashAnrDetector(  947):     #00 pc 00016bce  /system/lib/libaudiopolicymanagerdefault.so (android::AudioPolicyManager::getNewOutputDevice(int, bool)+45)
D/CrashAnrDetector(  947):     #01 pc 00016f55  /system/lib/libaudiopolicymanagerdefault.so (android::AudioPolicyManager::getCurOutDevice()+8)
D/CrashAnrDetector(  947):     #02 pc 00017197  /system/lib/libaudiopolicymanagerdefault.so (android::AudioPolicyManager::getAudioPolicyConfig(android::String8 const&)+494)
D/CrashAnrDetector(  947):     #03 pc 00005ed5  /system/lib/libaudiopolicyservice.so
D/CrashAnrDetector(  947):     #04 pc 00061bc3  /system/lib/libmedia.so (android::AudioSystem::getParameters(int, android::String8 const&)+274)
D/CrashAnrDetector(  947):     #05 pc 0007610b  /system/lib/libstagefright.so (android::AwesomePlayer::initAudioDecoder()+534)
D/CrashAnrDetector(  947):     #06 pc 0007b7b9  /system/lib/libstagefright.so (android::AwesomePlayer::beginPrepareAsync_l()+660)
D/CrashAnrDetector(  947):     #07 pc 0007b869  /system/lib/libstagefright.so (android::AwesomePlayer::onPrepareAsyncEvent()+32)
D/CrashAnrDetector(  947):     #08 pc 00072081  /system/lib/libstagefright.so
D/CrashAnrDetector(  947):     #09 pc 000bb463  /system/lib/libstagefright.so (android::TimedEventQueue::threadEntry()+354)
D/CrashAnrDetector(  947):     #10 pc 000bb4b1  /system/lib/libstagefright.so (android::TimedEventQueue::ThreadWrapper(void*)+16)
D/CrashAnrDetector(  947):     #11 pc 000137ab  /system/lib/libc.so (__pthread_start(void*)+30)
D/CrashAnrDetector(  947):     #12 pc 0001188b  /system/lib/libc.so (__start_thread+6)
D/CrashAnrDetector(  947): 
D/CrashAnrDetector(  947): stack:
D/CrashAnrDetector(  947):          44dfb9a8  00000000  
D/CrashAnrDetector(  947):          44dfb9ac  00000054  
D/CrashAnrDetector(  947):          44dfb9b0  43213b40  [anon:libc_malloc]
D/CrashAnrDetector(  947):          44dfb9b4  404797f4  
D/CrashAnrDetector(  947):          44dfb9b8  43213880  [anon:libc_malloc]
D/CrashAnrDetector(  947):          44dfb9bc  40445cdd  /system/lib/libc.so (arena_bin_malloc_hard+312)
D/CrashAnrDetector(  947):          44dfb9c0  000000a8  
D/CrashAnrDetector(  947):          44dfb9c4  00000020  
D/CrashAnrDetector(  947):          44dfb9c8  00000000  
D/CrashAnrDetector(  947):          44dfb9cc  00000001  
D/CrashAnrDetector(  947):          44dfb9d0  00000004  
D/CrashAnrDetector(  947):          44dfb9d4  00000001  
D/CrashAnrDetector(  947):          44dfb9d8  00000008  
D/CrashAnrDetector(  947):          44dfb9dc  44dfba70  [stack:3374]
D/CrashAnrDetector(  947):          44dfb9e0  00000000  
D/CrashAnrDetector(  947):          44dfb9e4  4331d010  [anon:libc_malloc]
D/CrashAnrDetector(  947):          44dfb9e8  4331d010  [anon:libc_malloc]
D/CrashAnrDetector(  947):          44dfb9ec  00000000  
D/CrashAnrDetector(  947):          44dfb9f0  44dfbad0  [stack:3374]
D/CrashAnrDetector(  947):          44dfb9f4  44dfbb48  [stack:3374]
D/CrashAnrDetector(  947):          44dfb9f8  403f2241  /system/lib/libaudiopolicymanagerdefault.so
D/CrashAnrDetector(  947):          44dfb9fc  44dfbbdc  [stack:3374]
D/CrashAnrDetector(  947):          44dfba00  4331d010  [anon:libc_malloc]
D/CrashAnrDetector(  947):          44dfba04  403e39d5  /system/lib/libaudiopolicymanagerdefault.so
D/CrashAnrDetector(  947):          44dfba08  00000000  
D/CrashAnrDetector(  947):          44dfba0c  00000000  
D/CrashAnrDetector(  947):          44dfba10  00000000  
D/CrashAnrDetector(  947):          44dfba14  4331d010  [anon:libc_malloc]
D/CrashAnrDetector(  947): processName:/system/bin/mediaserver
D/CrashAnrDetector(  947): broadcastEvent : null SYSTEM_TOMBSTONE
W/ContextImpl(  947): Calling a method in the system process without a qualified user: android.app.ContextImpl.sendBroadcast:1713 com.android.server.analytics.data.collection.application.CrashAnrDetector.broadcastEvent:296 com.android.server.analytics.data.collection.application.CrashAnrDetector.processDropBoxEntry:254 com.android.server.analytics.data.collection.application.CrashAnrDetector.access$100:60 com.android.server.analytics.data.collection.application.CrashAnrDetector$1.onReceive:102 
W/art     ( 3699): Suspending all threads took: 7.354ms
D/ConnectivityService(  947): returning getActiveNetworkInfo :[type: WIFI[] - WIFI, state: CONNECTED/CONNECTED, reason: (unspecified), extra: "something", roaming: false, failover: false, isAvailable: true, isConnectedToProvisioningNetwork: false]
I/BootReceiver(  947): Copying /data/tombstones/tombstone_05 to DropBox (SYSTEM_TOMBSTONE)
E/SharedPreferencesImpl(  947): Couldn't create directory for SharedPreferences file shared_prefs/log_files.xml
D/BtSettings.ProfileConfig( 3957): Adding GattService
D/BtSettings.ProfileConfig( 3957): Adding HeadsetService
D/BtSettings.ProfileConfig( 3957): Adding A2dpService
D/BtSettings.ProfileConfig( 3957): Adding HidService
D/BtSettings.ProfileConfig( 3957): Adding HealthService
D/BtSettings.ProfileConfig( 3957): Adding PanService
D/BtSettings.ProfileConfig( 3957): Adding BluetoothMapService
D/BtSettings.ProfileConfig( 3957): Adding SapService
D/BtSettings.ProfileConfig( 3957): Adding HeadsetClientService
D/BtSettings.ProfileConfig( 3957): Adding A2dpSinkService
