W/VolumeController(  947): 	at android.os.BinderProxy.transactNative(Native Method)
W/VolumeController(  947): 	at android.os.BinderProxy.transact(Binder.java:496)
W/VolumeController(  947): 	at android.media.IVolumeController$Stub$Proxy.dismiss(IVolumeController.java:191)
W/VolumeController(  947): 	at android.media.AudioService$VolumeController.postDismiss(AudioService.java:6957)
W/VolumeController(  947): 	at android.media.AudioService.setVolumeController(AudioService.java:6806)
W/VolumeController(  947): 	at android.media.AudioService$3.binderDied(AudioService.java:6815)
W/VolumeController(  947): 	at android.os.BinderProxy.sendDeathNotice(Binder.java:551)
W/KeyguardServiceWrapper(  947): Remote Exception
W/KeyguardServiceWrapper(  947): android.os.DeadObjectException
W/KeyguardServiceWrapper(  947): 	at android.os.BinderProxy.transactNative(Native Method)
W/KeyguardServiceWrapper(  947): 	at android.os.BinderProxy.transact(Binder.java:496)
W/KeyguardServiceWrapper(  947): 	at com.android.internal.policy.IKeyguardService$Stub$Proxy.isInputRestricted(IKeyguardService.java:377)
W/KeyguardServiceWrapper(  947): 	at com.android.internal.policy.impl.keyguard.KeyguardServiceWrapper.isInputRestricted(KeyguardServiceWrapper.java:76)
W/KeyguardServiceWrapper(  947): 	at com.android.internal.policy.impl.keyguard.KeyguardServiceDelegate.isInputRestricted(KeyguardServiceDelegate.java:173)
W/KeyguardServiceWrapper(  947): 	at com.android.internal.policy.impl.PhoneWindowManager.inKeyguardRestrictedKeyInputMode(PhoneWindowManager.java:6815)
W/KeyguardServiceWrapper(  947): 	at com.android.internal.policy.impl.PhoneWindowManager.keyguardOn(PhoneWindowManager.java:2943)
W/KeyguardServiceWrapper(  947): 	at com.android.internal.policy.impl.PhoneWindowManager.isKeyguardLocked(PhoneWindowManager.java:6795)
W/KeyguardServiceWrapper(  947): 	at com.android.server.wm.WindowManagerService.isKeyguardLocked(WindowManagerService.java:6899)
W/KeyguardServiceWrapper(  947): 	at com.android.server.am.ActivityStackSupervisor.updateLastShownWhenLocked(ActivityStackSupervisor.java:4212)
W/KeyguardServiceWrapper(  947): 	at com.android.server.am.ActivityStackSupervisor.ensureActivitiesVisibleLocked(ActivityStackSupervisor.java:4268)
W/KeyguardServiceWrapper(  947): 	at com.android.server.am.ActivityStackSupervisor.attachApplicationLocked(ActivityStackSupervisor.java:833)
W/KeyguardServiceWrapper(  947): 	at com.android.server.am.ActivityManagerService.attachApplicationLocked(ActivityManagerService.java:7892)
W/KeyguardServiceWrapper(  947): 	at com.android.server.am.ActivityManagerService.attachApplication(ActivityManagerService.java:7954)
W/KeyguardServiceWrapper(  947): 	at android.app.ActivityManagerNative.onTransact(ActivityManagerNative.java:483)
W/KeyguardServiceWrapper(  947): 	at com.android.server.am.ActivityManagerService.onTransact(ActivityManagerService.java:3139)
W/KeyguardServiceWrapper(  947): 	at android.os.Binder.execTransact(Binder.java:446)
D/ConnectivityService(  947): ConnectivityService NetworkRequestInfo binderDied(NetworkRequest [ id=4, legacyType=-1, [] ], android.os.BinderProxy@8c9e23f)
D/ConnectivityService(  947): releasing NetworkRequest NetworkRequest [ id=4, legacyType=-1, [] ]
D/ConnectivityService(  947): sending notification RELEASED for NetworkRequest [ id=4, legacyType=-1, [] ]
E/ConnectivityService(  947): RemoteException caught trying to send a callback msg for NetworkRequest [ id=4, legacyType=-1, [] ]
I/WindowState(  947): WIN DEATH: Window{27530262 u0 StatusBar}
V/KeyguardServiceDelegate(  947): *** Keyguard disconnected (boo!)
I/ActivityManager(  947): Process com.android.systemui (pid 3199)(adj -12) has died(99,882)
W/ActivityManager(  947): Scheduling restart of crashed service com.android.systemui/.keyguard.KeyguardService in 0ms
W/ActivityManager(  947): Scheduling restart of crashed service com.android.systemui/.cover.SViewCoverService in 0ms
W/ActivityManager(  947): Scheduling restart of crashed service com.android.systemui/.SystemUIService in 0ms
E/ActivityManager(  947): checkUser: useridlist=null, currentuser=0
E/ActivityManager(  947): checkUser: useridlist=null, currentuser=0
E/ActivityManager(  947): checkUser: useridlist=null, currentuser=0
E/ActivityManager(  947): checkUser: useridlist=null, currentuser=0
W/KeyguardServiceWrapper(  947): Remote Exception
W/KeyguardServiceWrapper(  947): android.os.DeadObjectException
W/KeyguardServiceWrapper(  947): 	at android.os.BinderProxy.transactNative(Native Method)
W/KeyguardServiceWrapper(  947): 	at android.os.BinderProxy.transact(Binder.java:496)
W/KeyguardServiceWrapper(  947): 	at com.android.internal.policy.IKeyguardService$Stub$Proxy.setOccluded(IKeyguardService.java:447)
W/KeyguardServiceWrapper(  947): 	at com.android.internal.policy.impl.keyguard.KeyguardServiceWrapper.setOccluded(KeyguardServiceWrapper.java:110)
W/KeyguardServiceWrapper(  947): 	at com.android.internal.policy.impl.keyguard.KeyguardServiceDelegate.setOccluded(KeyguardServiceDelegate.java:193)
W/KeyguardServiceWrapper(  947): 	at com.android.internal.policy.impl.PhoneWindowManager.finishPostLayoutPolicyLw(PhoneWindowManager.java:5490)
W/KeyguardServiceWrapper(  947): 	at com.android.server.wm.WindowManagerService.performLayoutAndPlaceSurfacesLockedInner(WindowManagerService.java:11886)
W/KeyguardServiceWrapper(  947): 	at com.android.server.wm.WindowManagerService.performLayoutAndPlaceSurfacesLockedLoop(WindowManagerService.java:10773)
W/KeyguardServiceWrapper(  947): 	at com.android.server.wm.WindowManagerService.performLayoutAndPlaceSurfacesLocked(WindowManagerService.java:10715)
W/KeyguardServiceWrapper(  947): 	at com.android.server.wm.WindowManagerService.removeWindowLocked(WindowManagerService.java:3384)
W/KeyguardServiceWrapper(  947): 	at com.android.server.wm.WindowState$DeathRecipient.binderDied(WindowState.java:1595)
W/KeyguardServiceWrapper(  947): 	at android.os.BinderProxy.sendDeathNotice(Binder.java:551)
D/SurfaceFlinger(  233): FPS : 0.82
W/SurfaceFlinger(  233): Fail to Open /sys/devices/platform/gpusysfs/fps
E/Zygote  ( 3578): MountEmulatedStorage()
E/Zygote  ( 3578): v2
I/libpersona( 3578): KNOX_SDCARD checking this for 10053
I/libpersona( 3578): KNOX_SDCARD not a persona
I/SELinux ( 3578): Function: selinux_compare_spd_ram , priority [2] , priority version is VE=SEPF_GT-I9505_5.0.1-1_0046
I/ActivityManager(  947): Start proc com.android.systemui for restart com.android.systemui: pid=3578 uid=10053 gids={50053, 9997, 1028, 1015, 1023, 1035, 3002, 3001, 3006} abi=armeabi-v7a
E/SELinux ( 3578): [DEBUG] get_category: variable seinfo: platform sensitivity: NULL, cateogry: NULL
D/SurfaceFlinger(  233): FPS : 0.82
W/SurfaceFlinger(  233): Fail to Open /sys/devices/platform/gpusysfs/fps
D/ResourcesManager( 3556): creating new AssetManager and set to /system/priv-app/SecMms_Candy/SecMms_Candy.apk
D/StatusBarManagerService(  947): manageDisableList userId=0 what=0x0 pkg=WindowManager.LayoutParams
W/ResourcesManager( 3556): Asset path '/system/framework/minimode.jar' does not exist or contains no resources.
W/ResourcesManager( 3556): Asset path '/system/framework/com.google.android.maps.jar' does not exist or contains no resources.
W/ResourcesManager( 3556): Asset path '/system/framework/multiwindow.jar' does not exist or contains no resources.
W/ResourcesManager( 3556): Asset path '/system/framework/twframework.jar' does not exist or contains no resources.
W/ResourcesManager( 3556): Asset path '/system/framework/secvision.jar' does not exist or contains no resources.
W/ResourcesManager( 3556): Asset path '/system/framework/imsmanager.jar' does not exist or contains no resources.
D/CrashAnrDetector(  947): Process: com.android.systemui
D/CrashAnrDetector(  947): Flags: 0x40d83e0d
D/CrashAnrDetector(  947): Package: com.android.systemui v21 (5.0.1-I9505XXUHPA1)
D/CrashAnrDetector(  947): Subject: Broadcast of Intent { act=android.net.wifi.STATE_CHANGE flg=0x4000010 cmp=com.android.systemui/.wifi.WifiStatusReceiver (has extras) }
D/CrashAnrDetector(  947): Build: samsung/jfltexx/jflte:5.0.1/LRX22C/I9505XXUHPA1:user/release-keys
D/CrashAnrDetector(  947): 
D/CrashAnrDetector(  947): CPU usage from 3950ms to -5681ms ago:
D/CrashAnrDetector(  947):   42% 947/system_server: 20% user + 21% kernel / faults: 16591 minor 21 major
D/CrashAnrDetector(  947):   5.9% 1647/android.process.media: 4.3% user + 1.5% kernel / faults: 8007 minor 1 major
D/CrashAnrDetector(  947):   6.4% 3377/debuggerd: 0.5% user + 5.8% kernel / faults: 2729 minor
D/CrashAnrDetector(  947):   5.9% 3199/com.android.systemui: 3.4% user + 2.5% kernel / faults: 2457 minor
D/CrashAnrDetector(  947):   4.7% 1895/com.android.phone: 3% user + 1.6% kernel / faults: 3003 minor 4 major
D/CrashAnrDetector(  947):   2.4% 182/mmcqd/0: 0% user + 2.4% kernel
D/CrashAnrDetector(  947):   0.5% 81/kswapd0: 0% user + 0.5% kernel
D/CrashAnrDetector(  947):   1.3% 290/zygote: 1% user + 0.3% kernel / faults: 5153 minor
D/CrashAnrDetector(  947):   1.3% 1863/com.android.server.telecom: 0.8% user + 0.5% kernel / faults: 1102 minor
D/CrashAnrDetector(  947):   1.3% 1880/com.android.nfc: 0.7% user + 0.6% kernel / faults: 1050 minor
D/CrashAnrDetector(  947):   0.3% 2236/com.android.incallui: 0.1% user + 0.1% kernel / faults: 1109 minor
D/CrashAnrDetector(  947):   1.2% 683/logcat: 0.3% user + 0.9% kernel / faults: 2 minor
D/CrashAnrDetector(  947):   0.9% 3428/com.android.systemui.recentsactivity: 0.7% user + 0.2% kernel / faults: 1054 minor
D/CrashAnrDetector(  947):   0.3% 5/kworker/0:0H: 0% user + 0.3% kernel
D/CrashAnrDetector(  947):   0.7% 231/servicemanager: 0.1% user + 0.6% kernel
D/CrashAnrDetector(  947):   0.7% 3378/mediaserver: 0.4% user + 0.3% kernel / faults: 189 minor
D/CrashAnrDetector(  947):   0.3% 790/adbd: 0% user + 0.3% kernel / faults: 86 minor
D/CrashAnrDetector(  947):   0.5% 9/rcu_preempt: 0% user + 0.5% kernel
D/CrashAnrDetector(  947):   0.2% 2976/com.vlingo.midas: 0.1% user + 0.1% kernel / faults: 595 minor
D/CrashAnrDetector(  947):   0.4% 30/kworker/0:1: 0% user + 0.4% kernel
D/CrashAnrDetector(  947):   0.4% 233/surfaceflinger: 0% user + 0.4% kernel / faults: 1 minor
D/CrashAnrDetector(  947):   0.2% 3126/org.fdroid.fdroid: 0% user + 0.1% kernel / faults: 602 minor
D/CrashAnrDetector(  947):   0.3% 17/ksoftirqd/2: 0% user + 0.3% kernel
D/CrashAnrDetector(  947):   0.3% 29/kworker/u:1: 0% user + 0.3% kernel
D/CrashAnrDetector(  947):   0.3% 1745/wpa_supplicant: 0% user + 0.3% kernel / faults: 3 minor
D/CrashAnrDetector(  947):   0.2% 1//init: 0% user + 0.2% kernel / faults: 85 minor
D/CrashAnrDetector(  947):   0.2% 3/ksoftirqd/0: 0% user + 0.2% kernel
D/CrashAnrDetector(  947):   0.2% 19/kworker/2:0H: 0% user + 0.2% kernel
D/CrashAnrDetector(  947):   0.2% 21/ksoftirqd/3: 0% user + 0.2% kernel
D/CrashAnrDetector(  947):   0.2% 129/kworker/u:2: 0% user + 0.2% kernel
D/CrashAnrDetector(  947):   0.2% 194/kworker/0:1H: 0% user + 0.2% kernel
D/CrashAnrDetector(  947):   0% 228/healthd: 0% user + 0% kernel
D/CrashAnrDetector(  947):   0.2% 230/lmkd: 0% user + 0.2% kernel
D/CrashAnrDetector(  947):   0.2% 1676/dhd_dpc: 0% user + 0.2% kernel
D/CrashAnrDetector(  947):   0% 1726/com.android.settings: 0% user + 0% kernel / faults: 18 minor
D/CrashAnrDetector(  947):   0% 20/migration/3: 0% user + 0% kernel
D/CrashAnrDetector(  947):   0.1% 23/kworker/3:0H: 0.1% user + 0% kernel
D/CrashAnrDetector(  947):   0.1% 183/kworker/1:1H: 0% user + 0.1% kernel
D/CrashAnrDetector(  947):   0.1% 214/jbd2/mmcblk0p29: 0% user + 0.1% kernel
D/CrashAnrDetector(  947):   0% 248/edmaudit: 0% user + 0% kernel
D/CrashAnrDetector(  947):   0.1% 357/qmuxd: 0% user + 0.1% kernel
D/CrashAnrDetector(  947):   0% 839/flush-179:0: 0% user + 0% kernel
D/CrashAnrDetector(  947):   0% 861/kworker/2:2: 0% user + 0% kernel
D/CrashAnrDetector(  947):   0.1% 1432/kworker/2:3H: 0.1% user + 0% kernel
D/CrashAnrDetector(  947):   0% 3364/smdexe: 0% user + 0% kernel / faults: 3 minor
D/CrashAnrDetector(  947):  +0% 3488/com.android.externalstorage: 0% user + 0% kernel
D/CrashAnrDetector(  947):  +0% 3507/com.samsung.android.app.galaxyfinder:tagService: 0% user + 0% kernel
D/CrashAnrDetector(  947):  +0% 3535/com.sec.android.app.myfiles: 0% user + 0% kernel
D/CrashAnrDetector(  947): 66% TOTAL: 32% user + 31% kernel + 1.5% iowait + 0.3% softirq
D/CrashAnrDetector(  947): 
D/CrashAnrDetector(  947): processName: com.android.systemui
D/CrashAnrDetector(  947): broadcastEvent : com.android.systemui system_app_anr
W/ContextImpl(  947): Calling a method in the system process without a qualified user: android.app.ContextImpl.sendBroadcast:1713 com.android.server.analytics.data.collection.application.CrashAnrDetector.broadcastEvent:296 com.android.server.analytics.data.collection.application.CrashAnrDetector.processDropBoxEntry:254 com.android.server.analytics.data.collection.application.CrashAnrDetector.access$100:60 com.android.server.analytics.data.collection.application.CrashAnrDetector$1.onReceive:102 
D/SurfaceFlinger(  233): FPS : 0.82
W/SurfaceFlinger(  233): Fail to Open /sys/devices/platform/gpusysfs/fps
V/WindowOrientationListener(  947): mSContextAutoRotationListener.getProposedRotation, mbResultFaceDectection: false
D/StatusBarManagerService(  947): manageDisableList userId=0 what=0x3610000 pkg=WindowManager.LayoutParams
V/WindowOrientationListener(  947): mSContextAutoRotationListener.getProposedRotation, Rotation: 0
V/WindowManager(  947): rotationForOrientationLw(orient=5, last=0); user=0 USER_ROTATION_LOCKED sensorRotation=0 mLidState=-1 mDockMode=0 mHdmiPlugged=false
V/WindowOrientationListener(  947): mSContextAutoRotationListener.getProposedRotation, mbResultFaceDectection: false
V/WindowOrientationListener(  947): mSContextAutoRotationListener.getProposedRotation, Rotation: 0
D/PointerIcon(  947): setMouseIconStyle1 pointerType: 1001iconType:101 flag:0
D/PointerIcon(  947): setMouseCustomIcon IconType is same.101
D/PointerIcon(  947): setHoveringSpenIconStyle1 pointerType: 10001iconType:1 flag:0
D/PointerIcon(  947): setHoveringSpenCustomIcon IconType is same.1
D/InputMethodManagerService(  947): windowGainedFocus mCurrentFocusedUserId - 0 and mSecureKeypadEnabled-false
W/ContextImpl(  947): Calling a method in the system process without a qualified user: android.app.ContextImpl.sendBroadcast:1699 com.android.server.InputMethodManagerService$6.run:2733 java.lang.Thread.run:818 <bottom of call stack> <bottom of call stack> 
W/InputMethodManagerService(  947): Starting input on non-focused client com.android.internal.view.IInputMethodClient$Stub$Proxy@1cd8e58e (uid=10009 pid=3394)
D/SurfaceFlinger(  233): FPS : 0.82
W/SurfaceFlinger(  233): Fail to Open /sys/devices/platform/gpusysfs/fps
W/libprocessgroup(  947): failed to open /acct/uid_10053/pid_3199/cgroup.procs: No such file or directory
D/SurfaceFlinger(  233): FPS : 0.82
W/SurfaceFlinger(  233): Fail to Open /sys/devices/platform/gpusysfs/fps
D/SurfaceFlinger(  233): FPS : 0.82
W/SurfaceFlinger(  233): Fail to Open /sys/devices/platform/gpusysfs/fps
I/Xposed  ( 3578): de.robv.android.xposed.XposedHelpers$ClassNotFoundError: java.lang.ClassNotFoundException: com.android.systemui.volume.SecVolumePanel
D/Mms/MmsApp( 3556): [start]    onCreate() consume time = 0.0
D/Mms/TelephonyPermission( 3556): start operation mode monitor
D/ResourcesManager( 3578): creating new AssetManager and set to /system/priv-app/SystemUI/SystemUI.apk
W/ResourcesManager( 3578): Asset path '/system/framework/secvisualeffect.jar' does not exist or contains no resources.
D/ResourcesManager( 3556): creating new AssetManager and set to /data/app/com.keramidas.TitaniumBackup-2/base.apk
D/Mms/TelephonyPermission( 3556): DefaultSmsApp is com.android.mms
D/Mms/TelephonyPermission( 3556): isDefault true
D/Mms/MmsApp( 3556): onCreate() com.android.mms
I/Xposed  ( 3578): android.content.res.Resources$NotFoundException: com.android.systemui:drawable/tw_volume_dialog_background
I/Xposed  ( 3578): android.content.res.Resources$NotFoundException: com.android.systemui:layout/volume_panel_item_sec
V/SystemUIService( 3578): Starting SystemUI services.
D/WifiDisplayAdapter(  947): getWifiDisplayStatusLocked: result=WifiDisplayStatus{featureState=2, scanState=0, activeDisplayState=0, activeDisplay=null, displays=[], sessionInfo=WifiDisplaySessionInfo: Client/Owner: Client GroupId:  Passphrase:  SessionId: 0 IP Address: , connectedState=-1, networkQoS=0}
D/WifiDisplayAdapter(  947): getWifiDisplayStatusLocked: result=WifiDisplayStatus{featureState=2, scanState=0, activeDisplayState=0, activeDisplay=null, displays=[], sessionInfo=WifiDisplaySessionInfo: Client/Owner: Client GroupId:  Passphrase:  SessionId: 0 IP Address: , connectedState=-1, networkQoS=0}
D/Mms/MmsConfig( 3556): [start]    MmsConfig.init() consume time = 139.282226
D/TrustManagerService(  947): Removing dead TrustListener.
D/KeyguardUpdateMonitor( 3578): getSimStateRequest()
D/KeyguardUpdateMonitor( 3578): sIsMultiSimEnabled:false isSimLocked() false
D/KeyguardBackupRestoreManager( 3578): getInstance()
D/KeyguardBackupRestoreManager( 3578): KeyguardBackupRestoreManager()
E/SoundPool( 3578): error loading /system/media/audio/ui/Trusted.ogg
W/KeyguardViewMediator( 3578): failed to load trusted sound from /system/media/audio/ui/Trusted.ogg
V/MediaPlayer( 3578): decode(52, 0, 12039)
D/Mms/MmsConfig( 3556): before partial update
V/MediaPlayerService( 3378): decode(36, 0, 12039)
V/MediaPlayerService( 3378): player type = 3
V/AwesomePlayer( 3378): setDefault
V/AwesomePlayer( 3378): constructor
E/OMXMaster( 3378): A component of name 'OMX.qcom.audio.decoder.aac' already exists, ignoring this one.
W/linker  ( 3378): libarac.so has text relocations. This is wasting memory and prevents security hardening. Please fix.
E/ActivityThread( 3556): Failed to find provider info for com.samsung.android.coreapps.easysignup.public
D/EasySignUpManager( 3556): serviceId : 1, features : -1
E/ActivityThread( 3556): Failed to find provider info for com.samsung.android.coreapps.easysignup.public
D/EasySignUpManager( 3556): isAuth is false
D/Mms/MmsConfig( 3556): setFreeMessageEnabled, getSupportedFeatures = -1 isAuth = false
W/linker  ( 3378): libarac.so has text relocations. This is wasting memory and prevents security hardening. Please fix.
D/TP/MmsSmsProvider( 1895): query,matched:2117, calling pid = 3556
D/TP/MmsSmsProvider( 1895): match 2117:Elapsed time : 5.737 ms
E/OMXMaster( 3378): A component of name 'OMX.SEC.hevc.sw.dec' already exists, ignoring this one.
V/AwesomePlayer( 3378): setDefault
V/AwesomePlayer( 3378): reset_l()
V/AwesomePlayer( 3378): notifyListner_l() msg (8-MEDIA_STOPPED), ext1 (0), ext2 (0)
V/AwesomePlayer( 3378): cancelPlayerEvents (keepNotifications=0)
V/AwesomePlayer( 3378): mAudioTrackVector clear
V/AwesomePlayer( 3378): reset_l() mAudioPlayer successfully deleted
V/AwesomePlayer( 3378): mSecCapture clear
V/AwesomePlayer( 3378): mSecMediaClock clear
V/StagefrightPlayer( 3378): StagefrightPlayer
V/AwesomePlayer( 3378): setListener
V/StagefrightPlayer( 3378): initCheck
V/AwesomePlayer( 3378): setAudioSink
V/StagefrightPlayer( 3378): setDataSource(36, 0, 12039)
D/AwesomePlayer( 3378): Before reset_l
V/AwesomePlayer( 3378): reset_l()
V/AwesomePlayer( 3378): notifyListner_l() msg (8-MEDIA_STOPPED), ext1 (0), ext2 (0)
V/AudioCache( 3378): notify(0x44b0d0b0, 8, 0, 0)
V/AudioCache( 3378): ignored
V/AwesomePlayer( 3378): cancelPlayerEvents (keepNotifications=0)
V/AwesomePlayer( 3378): mAudioTrackVector clear
V/AwesomePlayer( 3378): reset_l() mAudioPlayer successfully deleted
V/AwesomePlayer( 3378): mSecCapture clear
V/AwesomePlayer( 3378): mSecMediaClock clear
D/AwesomePlayer( 3378): printFileName fd(37) -> /system/media/audio/ui/Lock_none_effect.ogg
V/AwesomePlayer( 3378): track of type 'audio/vorbis' does not publish bitrate
V/AwesomePlayer( 3378): mBitrate = -1 bits/sec
I/OggExtractor( 3378): OggSource::OggSource() mExtractor ref count = 4
V/AwesomePlayer( 3378): current audio track index (0) is added to vector
V/AwesomePlayer( 3378): setDataSource_l: Audio(1), Video(0)
I/AwesomePlayer( 3378): this is widevine, checkRightsStatus will be skip - AwesomePlayer::setDataSource_l
V/MediaPlayerService( 3378): prepare
V/AwesomePlayer( 3378): prepareAsync
V/MediaPlayerService( 3378): wait for prepare
V/AwesomePlayer( 3378): onPrepareAsyncEvent
I/SecMediaClock( 3378): SecMediaClock constructor
I/SecMediaClock( 3378): reset
I/SecVideoCapture( 3378): SecVideoCapture constructor
I/SecVideoCapture( 3378): reset
V/AwesomePlayer( 3378): initAudioDecoder
V/AwesomePlayer( 3378): checkOffloadExceptions is true
V/AudioPolicyManager_legacy( 3378): isOffloadSupported: SR=44100, CM=0x3, Format=0x7000000, StreamType=-1, BitRate=4294967295, duration=176757 us, has_video=0
V/AudioPolicyManager_legacy( 3378): isOffloadSupported: stream_type != MUSIC, returning false
V/AwesomePlayer( 3378): nchannels 2;LPA will be skipped if nchannels is > 2 or nchannels == 0
D/AwesomePlayer( 3378): Tunnel Mime Type: audio/vorbis, object alive = 0, mTunnelAliveAP = 0
I/AwesomePlayer( 3378): AwesomePlayer::initAudioDecoder Sample Rate= 44100 
I/AudioPolicyManager_legacy( 3378): getAudioPolicyConfig: audioParam;outDevice
F/libc    ( 3378): Fatal signal 11 (SIGSEGV), code 1, fault addr 0xb8 in tid 3603 (TimedEventQueue)
E/ActivityThread( 3556): Failed to find provider info for com.samsung.android.coreapps.easysignup
D/EasySignUpManager( 3556): getServiceStatus : serviceId (1) is OFF
D/Mms/MmsConfig( 3556): Load Resize quality : 80
D/Mms/MmsConfig( 3556):  enable multiwindow = true
E/Mms/MessageUtils( 3556): setCountryDetector : update country detector info 
E/Mms/MessageUtils( 3556): updateCountryIso : update country iso info 
D/Mms/PackageInfo( 3556): com.sec.imsservice is not installed
D/Mms/MmsConfig( 3556): [end]    init() consume time = 204.986573
D/Mms/MmsApp( 3556): [start]    initCountryIso consume time = 0.213623
D/CountryDetector(  947): The first listener is added
D/Mms/MmsApp( 3556): [end]    initCountryIso consume time = 7.93457
D/KeyguardEffectViewController( 3578): mWallpaperPath = /data/data/com.sec.android.gallery3d/files/lockscreen_wallpaper.jpg
D/Mms/Contact( 3556): [start]    init() consume time = 6.622314
I/KeyguardEffectViewController( 3578): *** KeyguardEffectView create instance ***
D/KeyguardEffectViewController( 3578): reloadLockSound()
D/KeyguardEffectViewController( 3578): isFestivalActivated()false
D/KeyguardViewMediator( 3578): reloadLockSound()
D/KeyguardViewMediator( 3578): reloadLockSound() - run
D/TP/MmsSmsProvider( 1895): query,matched:13, calling pid = 3556
D/[zero daemon] ( 1746): {[7CB1C62973D2073DE6BC8B6EB2A2C7324F83DD5E7224787A36F7763324C5C79A75A20B1DA6E9BC078A6B012B9F0ADE1B36EA58D0BCED1535970ADEC3F0C0B2E8A6814EA6C4FDEE138DA2F381D4D02C8B530B7E883F68A0B70656079FD7AB184F7D4B480FA58AFB58E238C381E52715A2]}
I/[zero daemon] ( 1746): {[A72A6345BE7A47C32EA1A6DBDBE36562AD2CF0803985788C2E384499687CD3E7B06B71DA043B02A48F1D19520DC566DF]}
D/TP/MmsSmsProvider( 1895): match 13:Elapsed time : 5.798 ms
D/AdaptiveEventManager( 3578): isWeatherEnabled=true
V/KeyguardUpdateMonitor( 3578): *** register callback for com.android.keyguard.sec.AdaptiveEventManager$4@383c3c24
V/KeyguardUpdateMonitor( 3578): *** unregister callback for null
I/AdaptiveEventManager( 3578): *** AdaptiveEventManager create instance ***
D/Mms/Contact( 3556): [end]    init consume time = 35.644532
D/Recents_RecentsTaskLoader( 3578): RecentsTaskLoader constructor is getting called
D/Mms/DraftCache( 3556): [start]    rebuildCache consume time = 10.131836
D/Mms/Conversation( 3556): [start]    init() consume time = 2.105713
D/TP/MmsSmsProvider( 1895): query,matched:12, calling pid = 3556
D/PackageManager(  947): findPreferredActivity: No PreferredActivities set
D/TP/MmsSmsProvider( 1895): match 12:Elapsed time : 2.197 ms
D/TP/MmsSmsDatabaseHelper( 1895): [MmsSmsDb] tableName: threads hasAutoIncrement: CREATE TABLE threads (_id INTEGER PRIMARY KEY AUTOINCREMENT,date INTEGER DEFAULT 0,message_count INTEGER DEFAULT 0,recipient_ids TEXT,snippet TEXT,snippet_cs INTEGER DEFAULT 0,read INTEGER DEFAULT 1,archived INTEGER DEFAULT 0,type INTEGER DEFAULT 0,error INTEGER DEFAULT 0,has_attachment INTEGER DEFAULT 0,unread_count INTEGER DEFAULT 0,alert_expired INTEGER DEFAULT 1,reply_all INTEGER DEFAULT -1,group_snippet TEXT,message_type INTEGER DEFAULT 0,display_recipient_ids TEXT,translate_mode TEXT default 'off',secret_mode INTEGER DEFAULT 0,safe_message INTEGER DEFAULT 0) result: true
D/TP/MmsSmsDatabaseHelper( 1895): [MmsSmsDb] tableName: canonical_addresses hasAutoIncrement: CREATE TABLE canonical_addresses (_id INTEGER PRIMARY KEY AUTOINCREMENT,address TEXT) result: true
D/Recents_AlternateRecentsComponent( 3578): AlternateRecentsComponent Constructor is getting called
D/TP/MmsSmsDatabaseHelper( 1895): [MmsSmsDb] tableName: part hasAutoIncrement: CREATE TABLE part (_id INTEGER PRIMARY KEY AUTOINCREMENT,mid INTEGER,seq INTEGER DEFAULT 0,ct TEXT,name TEXT,chset INTEGER,cd TEXT,fn TEXT,cid TEXT,cl TEXT,ctt_s INTEGER,ctt_t TEXT,_data TEXT,text TEXT) result: true
D/PackageManager(  947): findPreferredActivity: No PreferredActivities set
D/Mms/DraftCache( 3556): [end]    rebuildCache consume time = 10.803223
D/TP/MmsSmsDatabaseHelper( 1895): [MmsSmsDb] tableName: pdu hasAutoIncrement: CREATE TABLE pdu (_id INTEGER PRIMARY KEY AUTOINCREMENT,thread_id INTEGER,date INTEGER,date_sent INTEGER DEFAULT 0,msg_box INTEGER,read INTEGER DEFAULT 0,m_id TEXT,sub TEXT,sub_cs INTEGER,ct_t TEXT,ct_l TEXT,exp INTEGER,m_cls TEXT,m_type INTEGER,v INTEGER,m_size INTEGER,pri INTEGER,rr INTEGER,rpt_a INTEGER,resp_st INTEGER,st INTEGER,tr_id TEXT,retr_st INTEGER,retr_txt TEXT,retr_txt_cs INTEGER,read_status INTEGER,ct_cls INTEGER,resp_txt TEXT,d_tm INTEGER,d_rpt INTEGER,locked INTEGER DEFAULT 0,sub_id INTEGER DEFAULT -1, seen INTEGER DEFAULT 0,creator TEXT,sim_slot INTEGER DEFAULT 0,sim_imsi TEXT,deletable INTEGER DEFAULT 0,hidden INTEGER DEFAULT 0,app_id INTEGER DEFAULT 0,msg_id INTEGER DEFAULT 0,callback_set INTEGER DEFAULT 0,reserved INTEGER DEFAULT 0,text_only INTEGER DEFAULT 0,spam_report INTEGER DEFAULT 0,safe_message INTEGER DEFAULT 0) result: true
D/Recents_AlternateRecentsComponent( 3578): reloadHeaderBarLayout is getting called
D/TP/MmsSmsDatabaseHelper( 1895): [getWritableDatabase] hasAutoIncrementThreads: true hasAutoIncrementAddresses: true hasAutoIncrementPart: true hasAutoIncrementPdu: true
D/TP/MmsSmsProvider( 1895): deleteConversation threadId: 9223372036854775807
D/TP/MmsSmsProvider( 1895): delete URI_CONVERSATIONS_MESSAGES affectedRows=0
V/TP/MmsSmsDatabaseHelper( 1895): updateThread(), thread_id = 9223372036854775807
V/TP/MmsSmsDatabaseHelper( 1895): sUpgradeVersion = 0, db.getVersion() = 77
E/SQLiteLog( 1895): (284) automatic index on im_threads(normal_thread_id)
E/SQLiteLog( 1895): (284) automatic index on im_threads(normal_thread_id)
E/SQLiteLog( 1895): (284) automatic index on im_threads(normal_thread_id)
E/SQLiteLog( 1895): (284) automatic index on im_threads(normal_thread_id)
E/SQLiteLog( 1895): (284) automatic index on im_threads(normal_thread_id)
E/SQLiteLog( 1895): (284) automatic index on im_threads(normal_thread_id)
I/DEBUG   ( 3377): *** *** *** *** *** *** *** *** *** *** *** *** *** *** *** ***
I/DEBUG   ( 3377): Build fingerprint: 'samsung/jfltexx/jflte:5.0.1/LRX22C/I9505XXUHPA1:user/release-keys'
I/DEBUG   ( 3377): Revision: '10'
I/DEBUG   ( 3377): ABI: 'arm'
I/DEBUG   ( 3377): pid: 3378, tid: 3603, name: TimedEventQueue  >>> /system/bin/mediaserver <<<
I/DEBUG   ( 3377): signal 11 (SIGSEGV), code 1 (SEGV_MAPERR), fault addr 0xb8
W/NativeCrashListener(  947): Couldn't find ProcessRecord for pid 3378
V/TP/MmsSmsDatabaseHelper( 1895): updateThread() end, affectedRows = 0
D/TP/MmsSmsProvider( 1895): delete URI_CONVERSATIONS_MESSAGES affectedRows=0
D/TP/MmsSmsProvider( 1895): delete threadId: 9223372036854775807
D/TP/MmsSmsProvider( 1895): need read changed broadcast:false
D/Mms/Conversation( 3556): [end]    init consume time = 42.877196
I/DEBUG   ( 3377):     r0 4331d3a8  r1 4331d024  r2 00000000  r3 00000000
E/DEBUG   ( 3377): AM write failure (32 / Broken pipe)
I/DEBUG   ( 3377):     r4 4331d000  r5 4331d010  r6 00000000  r7 450fdad0
I/DEBUG   ( 3377):     r8 450fda3c  r9 4331d3a8  sl 450fdbdc  fp 00000000
I/DEBUG   ( 3377):     ip 40519ef4  sp 450fda28  lr 40509bcb  pc 40509bce  cpsr a0010030
I/DEBUG   ( 3377): 
I/DEBUG   ( 3377): backtrace:
I/DEBUG   ( 3377):     #00 pc 00016bce  /system/lib/libaudiopolicymanagerdefault.so (android::AudioPolicyManager::getNewOutputDevice(int, bool)+45)
I/DEBUG   ( 3377):     #01 pc 00016f55  /system/lib/libaudiopolicymanagerdefault.so (android::AudioPolicyManager::getCurOutDevice()+8)
I/DEBUG   ( 3377):     #02 pc 00017197  /system/lib/libaudiopolicymanagerdefault.so (android::AudioPolicyManager::getAudioPolicyConfig(android::String8 const&)+494)
I/DEBUG   ( 3377):     #03 pc 00005ed5  /system/lib/libaudiopolicyservice.so
I/DEBUG   ( 3377):     #04 pc 00061bc3  /system/lib/libmedia.so (android::AudioSystem::getParameters(int, android::String8 const&)+274)
I/DEBUG   ( 3377):     #05 pc 0007610b  /system/lib/libstagefright.so (android::AwesomePlayer::initAudioDecoder()+534)
I/DEBUG   ( 3377):     #06 pc 0007b7b9  /system/lib/libstagefright.so (android::AwesomePlayer::beginPrepareAsync_l()+660)
I/DEBUG   ( 3377):     #07 pc 0007b869  /system/lib/libstagefright.so (android::AwesomePlayer::onPrepareAsyncEvent()+32)
I/DEBUG   ( 3377):     #08 pc 00072081  /system/lib/libstagefright.so
I/DEBUG   ( 3377):     #09 pc 000bb463  /system/lib/libstagefright.so (android::TimedEventQueue::threadEntry()+354)
I/DEBUG   ( 3377):     #10 pc 000bb4b1  /system/lib/libstagefright.so (android::TimedEventQueue::ThreadWrapper(void*)+16)
I/DEBUG   ( 3377):     #11 pc 000137ab  /system/lib/libc.so (__pthread_start(void*)+30)
I/DEBUG   ( 3377):     #12 pc 0001188b  /system/lib/libc.so (__start_thread+6)
D/Mms/TelephonyUtils( 3556): getSubId from simSlot 0, return Value = 1
D/Mms/DownloadManager( 3556): roaming -> false (slotId = 0)
D/Mms/DownloadManager( 3556): [NotificationTransaction] getAutoDownloadState simSlot : 0
D/Mms/DownloadManager( 3556): auto download without roaming -> false
E/Mms/TelephonyUtils( 3556): subID is null or 0 length, so get DefaultSubId!!
D/Mms/TelephonyUtils( 3556): getSubId from simSlot 1, return Value = 1
D/Recents_TaskViewHeader( 3578): onFinishInflate
D/Mms/DownloadManager( 3556): roaming -> false (slotId = 1)
D/Mms/DownloadManager( 3556): [NotificationTransaction] getAutoDownloadState simSlot : 1
D/Mms/DownloadManager( 3556): auto download without roaming -> false
D/Mms/DownloadManager( 3556): [NotificationTransaction] getAutoDownloadState alwaysAutoSecondary : false, roaming : false
D/Mms/DownloadManager( 3556): auto download during roaming secondary -> false
D/Mms/DownloadManager( 3556): mAutoDownload ------> false
D/Mms/MessagingNotification( 3556): [start]    init() consume time = 43.090821
D/Mms/MessagingNotification( 3556): [end]    init consume time = 2.838135
D/Mms/SpamFilter( 3556): [start]    SpamFilter fill() begin consume time = 6.622314
D/Mms/MmsApp( 3556): [end]    onCreate() consume time = 6.072998
D/TP/MmsSmsProvider( 1895): query,matched:400, calling pid = 3556
D/TP/MmsSmsProvider( 1895): query,matched:0, calling pid = 3556
D/Mms/Synchronizer( 3556): [start]    doSync consume time = 12.145995
V/TP/MmsSmsProvider( 1895): getSimpleConversations entered.
D/Mms/SpamFilter( 3556): [end]    SpamFilter fill() finished consume time = 1.007081
D/TP/MmsSmsProvider( 1895): match 0:Elapsed time : 2.716 ms
D/TP/MmsSmsProvider( 1895): update uri: content://mms-sms/db_synchronization
V/TP/MmsSmsProvider( 1895): syncDBData start
V/TP/MmsSmsProvider( 1895): syncDBData sms end
V/TP/MmsSmsProvider( 1895): syncDBData mms end
V/TP/MmsSmsProvider( 1895): syncDBData end
D/Mms/Synchronizer( 3556): [end]    doSync consume time = 7.141113
D/Mms/SmsReceiver( 3556): filterMsgServiceIntent : intent.getAction() : android.intent.action.SIM_STATE_CHANGED
D/ActivityManager(  947): startService callerProcessName:com.android.mms, calleePkgName: com.android.mms
D/Mms/DownloadManager( 3556): Service state changed: Bundle[mParcelledData.dataSize=752]
D/Mms/DownloadManager( 3556): roaming ------> false, mSimSlot = 0
I/WifiApBroadcastReceiver( 1726): onReceive: action android.intent.action.SIM_STATE_CHANGED
D/SettingsProvider(  947): name = internet_call_settings_visibility
D/SettingsProvider(  947): edmUri: content://com.sec.knox.provider/RestrictionPolicy3
D/SettingsProvider(  947): projectionArgs: isSettingsChangesAllowed
D/SettingsProvider(  947): selectionArgs: false
D/SettingsProvider(  947): selectionArgs: 1001
D/SecContentProvider(  947): uri = 17 selection = isSettingsChangesAllowed
D/SettingsProvider(  947): ret = -1
D/Mms/TelephonyUtils( 3556): getSubId from simSlot 0, return Value = 1
W/BackupManagerService(  947): dataChanged but no participant pkg='com.android.providers.settings' uid=1001
D/BootupListener( 1895): intent.getAction() = android.intent.action.SIM_STATE_CHANGED
D/Mms/MessagingNotification( 3556): checkBadgeCount unreadCount=0 badgeCount=0
D/TP/SmsProvider( 1895): query,matched:26, calling pid = 3556
D/TP/SmsProvider( 1895): match 26:Elapsed time : 1.282 ms
D/Mms/DownloadManager( 3556): roaming -> false (slotId = 0)
D/Mms/DownloadManager( 3556): [NotificationTransaction] getAutoDownloadState simSlot : 0
D/Mms/DownloadManager( 3556): auto download without roaming -> false
D/Mms/DownloadManager( 3556): mAutoDownload ------> false
D/TP/MmsSmsProvider( 1895): query,matched:6, calling pid = 3556
D/TP/MmsSmsProvider( 1895): match 6:Elapsed time : 1.556 ms
D/ActivityManager(  947): startProcessLocked calleePkgName: com.sec.android.app.mt, hostingType: broadcast
E/ActivityManager(  947): checkUser: useridlist=null, currentuser=0
E/ActivityManager(  947): checkUser: useridlist=null, currentuser=0
E/ActivityManager(  947): checkUser: useridlist=null, currentuser=0
E/ActivityManager(  947): checkUser: useridlist=null, currentuser=0
D/VolumePanel( 3578): ===== Start updateLayout =====
D/VolumePanel( 3578): updateLayout : lp.width = 951, lp.y = 240
E/Zygote  ( 3616): MountEmulatedStorage()
E/Zygote  ( 3616): v2
I/libpersona( 3616): KNOX_SDCARD checking this for 1000
I/libpersona( 3616): KNOX_SDCARD not a persona
I/ActivityManager(  947): Start proc com.sec.android.app.mt for broadcast com.sec.android.app.mt/.StatusChecker: pid=3616 uid=1000 gids={41000, 9997, 3002, 3001, 3003, 1028, 1015, 1023, 1007, 2001, 1024, 1001} abi=armeabi-v7a
I/SELinux ( 3616): Function: selinux_compare_spd_ram , priority [2] , priority version is VE=SEPF_GT-I9505_5.0.1-1_0046
E/SELinux ( 3616): [DEBUG] get_category: variable seinfo: platform sensitivity: NULL, cateogry: NULL
I/Mms/ReservationManager( 3556): ReservationManager()
I/Mms/ReservationManager( 3556): resetAfterConnected()
D/TP/MmsSmsProvider( 1895): query,matched:7, calling pid = 3556
D/TP/MmsSmsProvider( 1895): match 7:Elapsed time : 3.540 ms
I/Mms/ReservationManager( 3556): getReservedSendMessageCount(): retMessageCount=0
E/SMD     ( 3364): smd Interface open failed errno is 2 -1
D/Mms/SmsReceiverService( 3556): ServiceEnabler.startService is called
D/Mms/MethodReflector( 3556): com.tencent.engine.ServiceEnabler getClass ClassNotFoundException
D/Mms/MethodReflector( 3556): getMethod() className is null
D/Mms/MethodReflector( 3556): method is null
D/Mms/SmsReceiverService( 3556): onStart: #1, mResultCode: 0 = Unknown error code, action = android.intent.action.SIM_STATE_CHANGED
D/Mms/TelephonyPermission( 3556): isDefault true
D/Mms/SmsReceiverService( 3556): [SMS]Receiver handleMessage : Action =android.intent.action.SIM_STATE_CHANGED
D/Mms/SmsReceiverService( 3556): handleSIMStatus()
D/Mms/SmsReceiverService( 3556): handleSIMStatus(): SIM_STATUS = LOADED
D/ActivityManager(  947): getContentProviderImpl callerProcessName:com.android.mms, calleePkgName: com.wsomacp
E/ActivityManager(  947): checkUser: useridlist=null, currentuser=0
E/ActivityManager(  947): checkUser: useridlist=null, currentuser=0
E/ActivityManager(  947): checkUser: useridlist=null, currentuser=0
E/ActivityManager(  947): checkUser: useridlist=null, currentuser=0
D/ResourcesManager( 3616): creating new AssetManager and set to /system/app/MobileTrackerEngineTwo/MobileTrackerEngineTwo.apk
E/Zygote  ( 3635): MountEmulatedStorage()
E/Zygote  ( 3635): v2
I/libpersona( 3635): KNOX_SDCARD checking this for 10023
I/libpersona( 3635): KNOX_SDCARD not a persona
I/SELinux ( 3635): Function: selinux_compare_spd_ram , priority [2] , priority version is VE=SEPF_GT-I9505_5.0.1-1_0046
E/SELinux ( 3635): [DEBUG] get_category: variable seinfo: platform sensitivity: NULL, cateogry: NULL
I/ActivityManager(  947): Start proc com.wsomacp for content provider com.wsomacp/.db.XCPDBSqlProvider: pid=3635 uid=10023 gids={50023, 9997} abi=armeabi-v7a
D/StatusChecker( 3616): onReceive : android.intent.action.SIM_STATE_CHANGED
D/StatusChecker( 3616): onReceive : preference initializing
D/ResourcesManager( 3635): creating new AssetManager and set to /system/priv-app/OmaCP/OmaCP.apk
W/ResourcesManager( 3635): Asset path '/system/framework/multiwindow.jar' does not exist or contains no resources.
D/ActivityManager(  947): startProcessLocked calleePkgName: com.sec.android.omc, hostingType: broadcast
E/ActivityManager(  947): checkUser: useridlist=null, currentuser=0
E/ActivityManager(  947): checkUser: useridlist=null, currentuser=0
E/ActivityManager(  947): checkUser: useridlist=null, currentuser=0
E/ActivityManager(  947): checkUser: useridlist=null, currentuser=0
E/Zygote  ( 3656): MountEmulatedStorage()
E/Zygote  ( 3656): v2
I/libpersona( 3656): KNOX_SDCARD checking this for 1000
I/libpersona( 3656): KNOX_SDCARD not a persona
I/SELinux ( 3656): Function: selinux_compare_spd_ram , priority [2] , priority version is VE=SEPF_GT-I9505_5.0.1-1_0046
E/SELinux ( 3656): [DEBUG] get_category: variable seinfo: platform sensitivity: NULL, cateogry: NULL
I/ActivityManager(  947): Start proc com.sec.android.omc for broadcast com.sec.android.omc/.Receiver: pid=3656 uid=1000 gids={41000, 9997, 3002, 3001, 3003, 1028, 1015, 1023, 1007, 2001, 1024, 1001} abi=armeabi-v7a
I/DEBUG   ( 3377): 
I/DEBUG   ( 3377): Tombstone written to: /data/tombstones/tombstone_04
E/        ( 3377): ro.product_ship = true
E/        ( 3377): ro.debug_level = 0x4f4c
I/ServiceManager(  231): service 'media.audio_flinger' died
I/ServiceManager(  231): service 'media.player' died
I/ServiceManager(  231): service 'media.camera' died
I/ServiceManager(  231): service 'media.audio_policy' died
W/IMediaDeathNotifier( 3578): media server died
I/ServiceManager(  231): service 'media.sound_trigger_hw' died
I/ServiceManager(  231): service 'media.transcoder' died
I/AudioService(  947): getStreamVolume 3 index 70
W/AudioSystem(  947): AudioFlinger server died!
W/AudioSystem(  947): AudioPolicyService server died!
E/SoundPool( 3578): Unable to load sample: (null)
V/MediaPlayer( 3578): decode(53, 0, 13703)
I/ServiceManager( 3578): Waiting for service media.player...
E/AudioService(  947): Media server died.
I/ServiceManager(  947): Waiting for service media.audio_policy...
D/Mms/Omacp( 3556): checkOmacp()  old OmacpCount 0 current OmacpCount = 0
D/ResourcesManager( 3656): creating new AssetManager and set to /system/app/Omc-release/Omc-release.apk
I/Omc:Receiver( 3656): onReceive : android.intent.action.SIM_STATE_CHANGED
I/Omc:OmcData( 3656): omc.xml not exist
I/Omc:Receiver( 3656): OM Customize disabled
D/ActivityManager(  947): startProcessLocked calleePkgName: com.sec.android.app.SecSetupWizard, hostingType: broadcast
E/ActivityManager(  947): checkUser: useridlist=null, currentuser=0
E/ActivityManager(  947): checkUser: useridlist=null, currentuser=0
E/ActivityManager(  947): checkUser: useridlist=null, currentuser=0
E/ActivityManager(  947): checkUser: useridlist=null, currentuser=0
V/AlarmManager(  947): waitForAlarm result :8
W/art     ( 3556): Verification of com.android.mms.ui.MsgSweepActionListView com.android.mms.ArtClassLoader.createMsgSweepActionList(android.content.Context) took 105.102ms
E/Zygote  ( 3678): MountEmulatedStorage()
E/Zygote  ( 3678): v2
I/libpersona( 3678): KNOX_SDCARD checking this for 1000
I/libpersona( 3678): KNOX_SDCARD not a persona
I/SELinux ( 3678): Function: selinux_compare_spd_ram , priority [2] , priority version is VE=SEPF_GT-I9505_5.0.1-1_0046
E/SELinux ( 3678): [DEBUG] get_category: variable seinfo: platform sensitivity: NULL, cateogry: NULL
I/ActivityManager(  947): Start proc com.sec.android.app.SecSetupWizard for broadcast com.sec.android.app.SecSetupWizard/.SetupIntentReceiver: pid=3678 uid=1000 gids={41000, 9997, 3002, 3001, 3003, 1028, 1015, 1023, 1007, 2001, 1024, 1001} abi=armeabi-v7a
D/ResourcesManager( 3678): creating new AssetManager and set to /system/app/SecSetupWizard2013/SecSetupWizard2013.apk
D/Mms/PerformanceUtils( 3556): link cahcing start
D/ActivityManager(  947): startProcessLocked calleePkgName: com.sec.modem.settings, hostingType: broadcast
E/ActivityManager(  947): checkUser: useridlist=null, currentuser=0
E/ActivityManager(  947): checkUser: useridlist=null, currentuser=0
E/ActivityManager(  947): checkUser: useridlist=null, currentuser=0
E/ActivityManager(  947): checkUser: useridlist=null, currentuser=0
W/linker  ( 3676): libarccamera.so has text relocations. This is wasting memory and prevents security hardening. Please fix.
W/linker  ( 3676): libarcsoft_skin_soften.so has text relocations. This is wasting memory and prevents security hardening. Please fix.
E/Zygote  ( 3699): MountEmulatedStorage()
E/Zygote  ( 3699): v2
I/libpersona( 3699): KNOX_SDCARD checking this for 1000
I/libpersona( 3699): KNOX_SDCARD not a persona
I/SELinux ( 3699): Function: selinux_compare_spd_ram , priority [2] , priority version is VE=SEPF_GT-I9505_5.0.1-1_0046
E/SELinux ( 3699): [DEBUG] get_category: variable seinfo: platform sensitivity: NULL, cateogry: NULL
I/ActivityManager(  947): Start proc com.sec.modem.settings for broadcast com.sec.modem.settings/.cplogging.SilentLogReceiver: pid=3699 uid=1000 gids={41000, 9997, 3002, 3001, 3003, 1028, 1015, 1023, 1007, 2001, 1024, 1001} abi=armeabi-v7a
D/Mms/PerformanceUtils( 3556): link cahcing done
D/ResourcesManager( 3699): creating new AssetManager and set to /system/app/SilentLog/SilentLog.apk
W/linker  ( 3676): libsthmb.so has text relocations. This is wasting memory and prevents security hardening. Please fix.
W/linker  ( 3676): lib_SoundAlive_ver118t.so has text relocations. This is wasting memory and prevents security hardening. Please fix.
D/ActivityManager(  947): startProcessLocked calleePkgName: com.sec.tcpdumpservice, hostingType: broadcast
E/ActivityManager(  947): checkUser: useridlist=null, currentuser=0
E/ActivityManager(  947): checkUser: useridlist=null, currentuser=0
E/ActivityManager(  947): checkUser: useridlist=null, currentuser=0
E/ActivityManager(  947): checkUser: useridlist=null, currentuser=0
E/Zygote  ( 3718): MountEmulatedStorage()
E/Zygote  ( 3718): v2
I/libpersona( 3718): KNOX_SDCARD checking this for 1000
I/libpersona( 3718): KNOX_SDCARD not a persona
I/SELinux ( 3718): Function: selinux_compare_spd_ram , priority [2] , priority version is VE=SEPF_GT-I9505_5.0.1-1_0046
E/SELinux ( 3718): [DEBUG] get_category: variable seinfo: platform sensitivity: NULL, cateogry: NULL
I/ActivityManager(  947): Start proc com.sec.tcpdumpservice for broadcast com.sec.tcpdumpservice/.TcpDumpReceiver: pid=3718 uid=1000 gids={41000, 9997, 3002, 3001, 3003, 1028, 1015, 1023, 1007, 2001, 1024, 1001} abi=armeabi-v7a
I/mediaserver( 3676): ServiceManager: 0x43350320
I/AudioFlinger( 3676): Using default 3000 mSec as standby time.
V/MediaPlayerService( 3676): MediaPlayerService created
E/MediaPlayerFactory( 3676): calling dlopen on FACTORY_LIB
E/MediaPlayerFactory( 3676): calling dlsym on pFactoryLib for FACTORY_CREATE_FN 
E/MediaPlayerFactory( 3676): registering DASH Player factory...
I/CameraService( 3676): CameraService started (pid=3676)
W/linker  ( 3676): libmmjpeg.so has text relocations. This is wasting memory and prevents security hardening. Please fix.
D/BatteryService(  947): !@BatteryListener : batteryPropertiesChanged!
I/CameraService( 3676): Loaded "Qcamera" camera module
E/QualcommCamera( 3676): Qint android::get_number_of_cameras(): E
D/BatteryService(  947): level:79, scale:100, status:2, health:2, present:true, voltage: 3877, temperature: 293, technology: Li-ion, AC powered:false, USB powered:true, Wireless powered:false, icon:17303687, invalid charger:0
D/BatteryService(  947): online:4, current avg:460, charge type:1, power sharing:false, high voltage charger:false, capacity:280000, current_now:460
I/QCameraHAL( 3676): Handle base =0x0x431ec09c
I/QCameraHAL( 3676): getCameraInfo: numOfCameras = 2
I/QCameraHAL( 3676): Handle [0]=0x0x431ec09c
I/QCameraHAL( 3676): Camera sensor 0 info:
I/QCameraHAL( 3676): camera_id: 0
I/QCameraHAL( 3676): modes_supported: 1
I/QCameraHAL( 3676): position: 0
I/QCameraHAL( 3676): sensor_mount_angle: 90
I/QCameraHAL( 3676): Handle [1]=0x0x431ec0b8
I/QCameraHAL( 3676): Camera sensor 1 info:
I/QCameraHAL( 3676): camera_id: 0
I/QCameraHAL( 3676): modes_supported: 1
I/QCameraHAL( 3676): position: 1
I/QCameraHAL( 3676): sensor_mount_angle: 270
D/BatteryService(  947): Sending ACTION_BATTERY_CHANGED.
I/MotionRecognitionService(  947): Plugged
I/MotionRecognitionService(  947): setPowerConnected  = true
I/art     (  290): Explicit concurrent mark sweep GC freed 711(30KB) AllocSpace objects, 0(0B) LOS objects, 40% free, 15MB/26MB, paused 274us total 31.188ms
I/AudioPolicyService( 3676): AudioPolicyService CSTOR in new mode
E/AudioService(  947): Media server started.
I/art     (  290): Explicit concurrent mark sweep GC freed 7(240B) AllocSpace objects, 0(0B) LOS objects, 40% free, 15MB/26MB, paused 244us total 21.057ms
D/ResourcesManager( 3718): creating new AssetManager and set to /system/app/TcpdumpService/TcpdumpService.apk
I/art     (  290): Explicit concurrent mark sweep GC freed 5(160B) AllocSpace objects, 0(0B) LOS objects, 40% free, 15MB/26MB, paused 244us total 20.019ms
V/AudioPolicyManager_legacy( 3676): loadHwModules() loading module primary
V/AudioPolicyManager_legacy( 3676): loadHwModule() loading output primary
V/AudioPolicyManager_legacy( 3676): loadSamplingRates() adding rate 44100
V/AudioPolicyManager_legacy( 3676): loadSamplingRates() adding rate 48000
V/AudioPolicyManager_legacy( 3676): loadOutChannels() AUDIO_CHANNEL_OUT_STEREO
V/AudioPolicyManager_legacy( 3676): stringToEnum() found AUDIO_CHANNEL_OUT_STEREO
V/AudioPolicyManager_legacy( 3676): stringToEnum() found AUDIO_FORMAT_PCM_16_BIT
V/AudioPolicyManager_legacy( 3676): stringToEnum() found AUDIO_DEVICE_OUT_EARPIECE
V/AudioPolicyManager_legacy( 3676): DeviceVector::refreshTypes() mDeviceTypes 00000001
V/AudioPolicyManager_legacy( 3676): stringToEnum() found AUDIO_DEVICE_OUT_SPEAKER
V/AudioPolicyManager_legacy( 3676): DeviceVector::refreshTypes() mDeviceTypes 00000003
V/AudioPolicyManager_legacy( 3676): stringToEnum() found AUDIO_DEVICE_OUT_WIRED_HEADSET
V/AudioPolicyManager_legacy( 3676): DeviceVector::refreshTypes() mDeviceTypes 00000007
V/AudioPolicyManager_legacy( 3676): stringToEnum() found AUDIO_DEVICE_OUT_WIRED_HEADPHONE
V/AudioPolicyManager_legacy( 3676): DeviceVector::refreshTypes() mDeviceTypes 0000000f
V/AudioPolicyManager_legacy( 3676): stringToEnum() found AUDIO_DEVICE_OUT_ALL_SCO
V/AudioPolicyManager_legacy( 3676): DeviceVector::refreshTypes() mDeviceTypes 0000007f
V/AudioPolicyManager_legacy( 3676): stringToEnum() found AUDIO_DEVICE_OUT_EXTERNAL_WIFI
V/AudioPolicyManager_legacy( 3676): DeviceVector::refreshTypes() mDeviceTypes 0080007f
V/AudioPolicyManager_legacy( 3676): stringToEnum() found AUDIO_DEVICE_OUT_ANLG_DOCK_HEADSET
V/AudioPolicyManager_legacy( 3676): DeviceVector::refreshTypes() mDeviceTypes 0080087f
V/AudioPolicyManager_legacy( 3676): stringToEnum() found AUDIO_OUTPUT_FLAG_PRIMARY
V/AudioPolicyManager_legacy( 3676): loadOutput() adding output Supported Devices 80087f, mFlags 0002
V/AudioPolicyManager_legacy( 3676): loadHwModule() loading output hdmi
V/AudioPolicyManager_legacy( 3676): loadSamplingRates() adding rate 44100
V/AudioPolicyManager_legacy( 3676): loadSamplingRates() adding rate 48000
V/AudioPolicyManager_legacy( 3676): loadOutChannels() dynamic
V/AudioPolicyManager_legacy( 3676): stringToEnum() found AUDIO_FORMAT_PCM_16_BIT
V/AudioPolicyManager_legacy( 3676): stringToEnum() found AUDIO_DEVICE_OUT_AUX_DIGITAL
V/AudioPolicyManager_legacy( 3676): DeviceVector::refreshTypes() mDeviceTypes 00000400
V/AudioPolicyManager_legacy( 3676): stringToEnum() found AUDIO_OUTPUT_FLAG_MULTI_CH
V/AudioPolicyManager_legacy( 3676): loadOutput() adding output Supported Devices 0400, mFlags 0080
V/AudioPolicyManager_legacy( 3676): loadHwModule() loading output tunnel
V/AudioPolicyManager_legacy( 3676): loadSamplingRates() adding rate 8000
V/AudioPolicyManager_legacy( 3676): loadSamplingRates() adding rate 11025
V/AudioPolicyManager_legacy( 3676): loadSamplingRates() adding rate 12000
V/AudioPolicyManager_legacy( 3676): loadSamplingRates() adding rate 16000
V/AudioPolicyManager_legacy( 3676): loadSamplingRates() adding rate 22050
V/AudioPolicyManager_legacy( 3676): loadSamplingRates() adding rate 24000
V/AudioPolicyManager_legacy( 3676): loadSamplingRates() adding rate 32000
V/AudioPolicyManager_legacy( 3676): loadSamplingRates() adding rate 44100
V/AudioPolicyManager_legacy( 3676): loadSamplingRates() adding rate 48000
V/AudioPolicyManager_legacy( 3676): loadOutChannels() AUDIO_CHANNEL_OUT_STEREO
V/AudioPolicyManager_legacy( 3676): stringToEnum() found AUDIO_CHANNEL_OUT_STEREO
V/AudioPolicyManager_legacy( 3676): stringToEnum() found AUDIO_CHANNEL_OUT_MONO
V/AudioPolicyManager_legacy( 3676): stringToEnum() found AUDIO_FORMAT_MP3
