12-10 00:56:22.127 I/am_finish_activity( 1888): [0,997276805,184,org.indywidualni.fblite/.activity.SplashActivity,app-request]
12-10 00:56:22.134 I/am_on_paused_called( 9062): [0,org.indywidualni.fblite.activity.SplashActivity]
12-10 00:56:22.140 I/am_restart_activity( 1888): [0,337980208,184,org.indywidualni.fblite/.activity.MainActivity]
12-10 00:56:22.435 I/am_kill ( 1888): [0,9062,org.indywidualni.fblite,0,stop org.indywidualni.fblite cause from pid 1888]
12-10 00:56:22.449 I/am_finish_activity( 1888): [0,337980208,184,org.indywidualni.fblite/.activity.MainActivity,force-stop]
12-10 00:56:22.453 I/am_resume_activity( 1888): [0,400834209,180,com.sec.android.app.launcher/com.android.launcher2.Launcher]
12-10 00:56:22.462 I/am_destroy_activity( 1888): [0,337980208,184,org.indywidualni.fblite/.activity.MainActivity,finish-idle]
12-10 00:56:22.463 I/wm_task_removed( 1888): [184,removeTask]
12-10 00:56:22.472 I/notification_cancel_all( 1888): [1000,1888,org.indywidualni.fblite,0,0,0,5,NULL]
12-10 00:56:22.489 I/am_on_resume_called( 3162): [0,com.android.launcher2.Launcher]
12-10 00:56:22.592 I/power_partial_wake_state( 1888): [0,ActivityManager-Launch]
12-10 00:56:23.560 I/wm_task_moved( 1888): [180,1,0]
12-10 00:56:23.564 I/am_focus_stack( 1888): [0,movestack to true]
12-10 00:56:25.188 I/battery_level( 1888): [77,4078,341]
12-10 00:56:25.561 I/am_focus_stack( 1888): [1,exsiting-zone]
12-10 00:56:25.561 I/am_create_task( 1888): [0,185]
12-10 00:56:25.561 I/am_create_activity( 1888): [0,400176134,185,com.sec.android.app.camera/.Camera,android.intent.action.MAIN,NULL,NULL,270532608,com.sec.android.app.launcher]
12-10 00:56:25.562 I/wm_task_created( 1888): [185,1]
12-10 00:56:25.562 I/wm_task_moved( 1888): [185,1,1]
12-10 00:56:25.562 I/am_pause_activity( 1888): [0,400834209,com.sec.android.app.launcher/com.android.launcher2.Launcher]
12-10 00:56:25.570 I/power_partial_wake_state( 1888): [1,ActivityManager-Launch]
12-10 00:56:25.631 I/am_on_paused_called( 3162): [0,com.android.launcher2.Launcher]
12-10 00:56:25.703 I/am_proc_start( 1888): [0,9112,10129,com.sec.android.app.camera,activity,com.sec.android.app.camera/.Camera]
12-10 00:56:25.736 I/am_proc_bound( 1888): [0,9112,com.sec.android.app.camera]
12-10 00:56:25.739 I/power_partial_wake_state( 1888): [1,SCREEN_FROZEN]
12-10 00:56:25.836 I/configuration_changed( 1888): 1152
12-10 00:56:25.918 I/am_restart_activity( 1888): [0,400176134,185,com.sec.android.app.camera/.Camera]
12-10 00:56:25.932 I/sf_frame_dur(  233): [com.sec.android.app.launcher/com.android.launcher2.Launcher,34,3,1,2,2,1,0]
12-10 00:56:26.890 I/am_on_resume_called( 9112): [0,com.sec.android.app.camera.Camera]
12-10 00:56:27.093 I/force_gc( 1888): Binder
12-10 00:56:27.108 I/am_activity_launch_time( 1888): [0,400176134,com.sec.android.app.camera/.Camera,1454,5565,1]
12-10 00:56:27.208 I/power_partial_wake_state( 1888): [0,SCREEN_FROZEN]
12-10 00:56:27.365 I/am_proc_start( 1888): [0,9186,10096,com.samsung.android.provider.filterprovider,content provider,com.samsung.android.provider.filterprovider/.FilterProvider]
12-10 00:56:27.415 I/am_proc_bound( 1888): [0,9186,com.samsung.android.provider.filterprovider]
12-10 00:56:27.473 I/power_partial_wake_state( 1888): [0,ActivityManager-Launch]
12-10 00:56:28.207 I/am_kill ( 1888): [0,6107,com.sec.android.provider.badge,15,emptyCount ##36]
12-10 00:56:28.235 I/am_proc_died( 1888): [0,6107,com.sec.android.provider.badge,15,324,316]
12-10 00:56:29.538 I/backup_data_changed( 1888): android
12-10 00:56:29.541 I/backup_data_changed( 1888): android
12-10 00:56:29.546 I/backup_data_changed( 1888): android
12-10 00:56:29.584 I/backup_data_changed( 1888): android
12-10 00:56:30.671 I/power_partial_wake_state( 1888): [1,AudioMix]
12-10 00:56:31.101 I/power_partial_wake_state( 1888): [1,wake:com.google.android.gms/com.google.android.libraries.social.mediamonitor.MediaMonitorIntentService]
12-10 00:56:31.408 I/power_partial_wake_state( 1888): [0,wake:com.google.android.gms/com.google.android.libraries.social.mediamonitor.MediaMonitorIntentService]
12-10 00:56:31.411 I/am_kill ( 1888): [0,8327,com.wsomacp,15,emptyCount ##36]
12-10 00:56:31.423 I/am_proc_died( 1888): [0,8327,com.wsomacp,15,289,331]
12-10 00:56:33.586 I/power_partial_wake_state( 1888): [0,wake:com.google.android.gms/.auth.account.be.accountstate.LoginAccountsChangedIntentService]
12-10 00:56:34.358 I/power_partial_wake_state( 1888): [0,AudioMix]
12-10 00:56:34.365 I/power_partial_wake_state( 1888): [1,AudioMix]
12-10 00:56:34.717 I/power_partial_wake_state( 1888): [1,*alarm*]
12-10 00:56:34.720 I/power_partial_wake_state( 1888): [0,*alarm*]
12-10 00:56:36.199 I/notification_cancel( 1888): [10238,8251,mega.privacy.android.app,3,NULL,0,0,64,8,NULL]
12-10 00:56:36.238 I/notification_cancel( 1888): [10238,8251,mega.privacy.android.app,3,NULL,0,0,64,8,NULL]
12-10 00:56:39.715 I/notification_cancel( 1888): [10238,8251,mega.privacy.android.app,3,NULL,0,0,64,8,NULL]
12-10 00:56:39.736 I/notification_cancel( 1888): [10238,8251,mega.privacy.android.app,3,NULL,0,0,64,8,NULL]
12-10 00:56:41.091 I/power_partial_wake_state( 1888): [1,*alarm*]
12-10 00:56:41.093 I/power_partial_wake_state( 1888): [0,*alarm*]
12-10 00:56:42.347 I/notification_cancel( 1888): [10238,8251,mega.privacy.android.app,3,NULL,0,0,64,8,NULL]
12-10 00:56:42.371 I/notification_cancel( 1888): [10238,8251,mega.privacy.android.app,3,NULL,0,0,64,8,NULL]
12-10 00:56:45.181 I/notification_cancel( 1888): [10238,8251,mega.privacy.android.app,3,NULL,0,0,64,8,NULL]
12-10 00:56:45.194 I/notification_cancel( 1888): [10238,8251,mega.privacy.android.app,3,NULL,0,0,64,8,NULL]
12-10 00:56:46.000 I/power_partial_wake_state( 1888): [0,AudioMix]
12-10 00:56:46.119 I/sf_frame_dur(  233): [SurfaceView,1,116,163,4,0,0,0]
12-10 00:56:46.781 I/power_partial_wake_state( 1888): [1,AudioIn]
12-10 00:56:46.782 I/power_partial_wake_state( 1888): [0,AudioIn]
12-10 00:56:46.800 I/power_partial_wake_state( 1888): [1,AudioMix]
12-10 00:56:46.827 I/power_partial_wake_state( 1888): [1,AudioIn]
12-10 00:56:47.574 I/notification_cancel( 1888): [10238,8251,mega.privacy.android.app,3,NULL,0,0,64,8,NULL]
12-10 00:56:47.596 I/notification_cancel( 1888): [10238,8251,mega.privacy.android.app,3,NULL,0,0,64,8,NULL]
12-10 00:56:49.638 I/power_partial_wake_state( 1888): [0,AudioIn]
12-10 00:56:49.648 I/power_partial_wake_state( 1888): [1,AudioIn]
12-10 00:56:49.649 I/power_partial_wake_state( 1888): [0,AudioIn]
12-10 00:56:50.487 I/sf_frame_dur(  233): [SurfaceView,59,40,0,0,0,0,0]
12-10 00:56:51.160 I/am_kill ( 1888): [0,9112,com.sec.android.app.camera,0,stop com.sec.android.app.camera cause from pid 1888]
12-10 00:56:51.168 I/am_finish_activity( 1888): [0,400176134,185,com.sec.android.app.camera/.Camera,proc died without state saved]
12-10 00:56:51.197 I/wm_task_removed( 1888): [185,removeAppToken: last token]
12-10 00:56:51.197 I/wm_task_removed( 1888): [185,removeTask]
12-10 00:56:51.201 I/sf_frame_dur(  233): [com.sec.android.app.camera/com.sec.android.app.camera.Camera,21,1,0,0,1,0,3]
12-10 00:56:51.201 I/sf_frame_dur(  233): [SurfaceView,1,1,2,0,0,0,0]
12-10 00:56:51.201 I/sf_frame_dur(  233): [SurfaceView,313,9,4,4,10,12,1]
12-10 00:56:51.244 I/power_partial_wake_state( 1888): [1,SCREEN_FROZEN]
12-10 00:56:51.285 I/configuration_changed( 1888): 1152
12-10 00:56:51.370 I/am_resume_activity( 1888): [0,400834209,180,com.sec.android.app.launcher/com.android.launcher2.Launcher]
12-10 00:56:51.375 I/power_partial_wake_state( 1888): [1,*alarm*]
12-10 00:56:51.387 I/am_on_resume_called( 3162): [0,com.android.launcher2.Launcher]
12-10 00:56:51.413 I/notification_cancel_all( 1888): [1000,1888,com.sec.android.app.camera,0,0,0,5,NULL]
12-10 00:56:51.429 I/power_partial_wake_state( 1888): [1,*backup*]
12-10 00:56:51.441 I/power_partial_wake_state( 1888): [0,*alarm*]
12-10 00:56:51.446 I/power_partial_wake_state( 1888): [1,*net_scheduler*]
12-10 00:56:51.470 I/power_partial_wake_state( 1888): [0,*backup*]
12-10 00:56:51.506 I/power_partial_wake_state( 1888): [1,*net_scheduler*]
12-10 00:56:51.547 I/power_partial_wake_state( 1888): [0,*net_scheduler*]
12-10 00:56:51.554 I/force_gc( 1888): Binder
12-10 00:56:51.783 I/power_partial_wake_state( 1888): [0,SCREEN_FROZEN]
12-10 00:56:51.813 I/backup_data_changed( 1888): android
12-10 00:56:52.560 I/power_partial_wake_state( 1888): [1,*net_scheduler*]
12-10 00:56:52.596 I/notification_cancel( 1888): [1000,1888,android,2,NULL,0,0,0,8,NULL]
12-10 00:56:52.626 I/backup_data_changed( 1888): android
12-10 00:56:52.656 I/notification_cancel( 1888): [10014,3075,com.google.android.gms,0,com.google.android.gms.auth.TokenNotificationManager:robpatershuk@gmail.com:com.google,0,0,64,8,NULL]
12-10 00:56:52.664 I/power_partial_wake_state( 1888): [1,*net_scheduler*]
12-10 00:56:52.692 I/power_partial_wake_state( 1888): [0,*net_scheduler*]
12-10 00:56:52.773 I/power_partial_wake_state( 1888): [0,*net_scheduler*]
12-10 00:56:52.774 I/power_partial_wake_state( 1888): [1,*net_scheduler*]
12-10 00:56:52.790 I/power_partial_wake_state( 1888): [0,*net_scheduler*]
12-10 00:56:52.917 I/backup_data_changed( 1888): android
12-10 00:56:53.048 I/notification_cancel( 1888): [1000,1888,android,2,NULL,0,0,0,8,NULL]
12-10 00:56:53.067 I/backup_data_changed( 1888): android
12-10 00:56:53.082 I/notification_cancel( 1888): [10014,3075,com.google.android.gms,0,com.google.android.gms.auth.TokenNotificationManager:robpatershuk@gmail.com:com.google,0,0,64,8,NULL]
12-10 00:56:53.529 I/wm_task_moved( 1888): [180,1,0]
12-10 00:56:53.532 I/am_focus_stack( 1888): [0,movestack to true]
12-10 00:56:53.541 I/power_partial_wake_state( 1888): [0,AudioMix]
12-10 00:56:53.691 I/am_focus_stack( 1888): [1,exsiting-zone]
12-10 00:56:53.692 I/am_create_task( 1888): [0,186]
12-10 00:56:53.692 I/am_create_activity( 1888): [0,883383168,186,com.tortel.syslog/.FragmentMainActivity,android.intent.action.MAIN,NULL,NULL,270532608,com.sec.android.app.launcher]
12-10 00:56:53.692 I/wm_task_created( 1888): [186,1]
12-10 00:56:53.692 I/wm_task_moved( 1888): [186,1,1]
12-10 00:56:53.693 I/am_pause_activity( 1888): [0,400834209,com.sec.android.app.launcher/com.android.launcher2.Launcher]
12-10 00:56:53.696 I/power_partial_wake_state( 1888): [1,ActivityManager-Launch]
12-10 00:56:53.710 I/am_on_paused_called( 3162): [0,com.android.launcher2.Launcher]
12-10 00:56:53.753 I/am_proc_start( 1888): [0,9424,10175,com.tortel.syslog,activity,com.tortel.syslog/.FragmentMainActivity]
12-10 00:56:53.837 I/am_proc_bound( 1888): [0,9424,com.tortel.syslog]
12-10 00:56:53.846 I/am_restart_activity( 1888): [0,883383168,186,com.tortel.syslog/.FragmentMainActivity]
12-10 00:56:54.004 I/sf_frame_dur(  233): [com.sec.android.app.launcher/com.android.launcher2.Launcher,1,0,0,0,0,1,1]
12-10 00:56:54.060 I/force_gc( 3075): Binder
12-10 00:56:54.284 I/power_partial_wake_state( 1888): [0,*net_scheduler*]
12-10 00:56:54.287 I/power_partial_wake_state( 1888): [1,*net_scheduler*]
12-10 00:56:54.302 I/power_partial_wake_state( 1888): [0,*net_scheduler*]
12-10 00:56:54.315 I/power_partial_wake_state( 1888): [1,*net_scheduler*]
12-10 00:56:54.329 I/power_partial_wake_state( 1888): [0,*net_scheduler*]
12-10 00:56:54.481 I/am_on_resume_called( 9424): [0,com.tortel.syslog.FragmentMainActivity]
12-10 00:56:54.862 I/am_activity_launch_time( 1888): [0,883383168,com.tortel.syslog/.FragmentMainActivity,1152,1152,1]
12-10 00:56:54.891 I/power_partial_wake_state( 1888): [0,ActivityManager-Launch]
12-10 00:56:56.368 I/free_storage_changed( 1888): 3048345600
12-10 00:56:56.877 I/am_create_task( 1888): [0,187]
12-10 00:56:56.877 I/am_create_activity( 1888): [0,487715993,187,android/com.android.internal.app.ResolverActivity,android.intent.action.SEND,application/zip,NULL,276824065,com.tortel.syslog]
12-10 00:56:56.877 I/wm_task_created( 1888): [187,1]
12-10 00:56:56.877 I/wm_task_moved( 1888): [187,1,2]
12-10 00:56:56.895 I/am_pause_activity( 1888): [0,883383168,com.tortel.syslog/.FragmentMainActivity]
12-10 00:56:56.896 I/power_partial_wake_state( 1888): [1,ActivityManager-Launch]
12-10 00:56:56.939 I/am_on_paused_called( 9424): [0,com.tortel.syslog.FragmentMainActivity]
12-10 00:56:56.974 I/sf_frame_dur(  233): [com.tortel.syslog/com.tortel.syslog.FragmentMainActivity,35,1,0,0,0,0,0]
12-10 00:56:56.979 I/am_proc_start( 1888): [0,9493,1000,system:ui,activity,android/com.android.internal.app.ResolverActivity]
12-10 00:56:57.018 I/am_proc_bound( 1888): [0,9493,system:ui]
12-10 00:56:57.025 I/am_restart_activity( 1888): [0,487715993,187,android/com.android.internal.app.ResolverActivity]
12-10 00:56:57.421 I/am_on_resume_called( 9493): [0,com.android.internal.app.ResolverActivity]
12-10 00:56:57.747 I/am_activity_launch_time( 1888): [0,487715993,android/com.android.internal.app.ResolverActivity,807,807,1]
12-10 00:56:57.787 I/power_partial_wake_state( 1888): [0,ActivityManager-Launch]
12-10 00:56:57.854 I/am_kill ( 1888): [0,9493,system:ui,0,stop android cause from pid 1888]
12-10 00:56:57.859 I/am_finish_activity( 1888): [0,487715993,187,android/com.android.internal.app.ResolverActivity,proc died without state saved]
12-10 00:56:57.869 I/wm_task_removed( 1888): [187,removeAppToken: last token]
12-10 00:56:57.870 I/wm_task_removed( 1888): [187,removeTask]
12-10 00:56:57.878 I/am_resume_activity( 1888): [0,883383168,186,com.tortel.syslog/.FragmentMainActivity]
12-10 00:56:57.879 I/sf_frame_dur(  233): [android/com.android.internal.app.ResolverActivity,0,1,0,0,0,0,0]
12-10 00:56:57.889 I/am_on_resume_called( 9424): [0,com.tortel.syslog.FragmentMainActivity]
12-10 00:56:57.900 I/notification_cancel_all( 1888): [1000,1888,android,0,0,0,5,NULL]
12-10 00:56:58.553 I/am_kill ( 1888): [0,9424,com.tortel.syslog,0,stop com.tortel.syslog cause from pid 1888]
12-10 00:56:58.558 I/am_finish_activity( 1888): [0,883383168,186,com.tortel.syslog/.FragmentMainActivity,proc died without state saved]
12-10 00:56:58.563 I/wm_task_removed( 1888): [186,removeAppToken: last token]
12-10 00:56:58.565 I/wm_task_removed( 1888): [186,removeTask]
12-10 00:56:58.568 I/sf_frame_dur(  233): [com.tortel.syslog/com.tortel.syslog.FragmentMainActivity,6,1,0,0,3,0,1]
12-10 00:56:58.577 I/am_resume_activity( 1888): [0,400834209,180,com.sec.android.app.launcher/com.android.launcher2.Launcher]
12-10 00:56:58.606 I/notification_cancel_all( 1888): [1000,1888,com.tortel.syslog,0,0,0,5,NULL]
12-10 00:56:58.631 I/am_on_resume_called( 3162): [0,com.android.launcher2.Launcher]
12-10 00:56:59.265 I/wm_task_moved( 1888): [180,1,0]
12-10 00:56:59.267 I/am_focus_stack( 1888): [0,movestack to true]
12-10 00:57:00.001 I/power_partial_wake_state( 1888): [1,*alarm*]
12-10 00:57:00.067 I/power_partial_wake_state( 1888): [0,*alarm*]
12-10 00:57:00.608 I/power_partial_wake_state( 1888): [0,MediaScannerService]
12-10 00:57:00.609 I/power_partial_wake_state( 1888): [1,MediaScannerService]
12-10 00:57:00.897 I/power_partial_wake_state( 1888): [0,MediaScannerService]
12-10 00:57:00.901 I/power_partial_wake_state( 1888): [1,MediaScannerService]
12-10 00:57:01.044 I/am_proc_start( 1888): [0,9558,10038,com.sec.android.app.music:provider,broadcast,com.sec.android.app.music/.provider.MusicSyncReceiver]
12-10 00:57:01.075 I/am_proc_bound( 1888): [0,9558,com.sec.android.app.music:provider]
12-10 00:57:01.201 I/backup_data_changed( 1888): android
12-10 00:57:01.205 I/backup_data_changed( 1888): android
12-10 00:57:01.207 I/backup_data_changed( 1888): android
12-10 00:57:01.257 I/backup_data_changed( 1888): android
12-10 00:57:01.391 I/am_proc_start( 1888): [0,9598,10038,com.sec.android.app.music:service,broadcast,com.sec.android.app.music/.appwidget.MusicAppWidgetProvider]
12-10 00:57:01.418 I/am_proc_bound( 1888): [0,9598,com.sec.android.app.music:service]
12-10 00:57:01.516 I/power_partial_wake_state( 1888): [1,MusicSyncService]
12-10 00:57:01.643 I/power_partial_wake_state( 1888): [0,MusicSyncService]
12-10 00:57:01.650 I/power_partial_wake_state( 1888): [1,MusicSyncService]
12-10 00:57:01.717 I/power_partial_wake_state( 1888): [0,MusicSyncService]
12-10 00:57:01.935 I/am_create_task( 1888): [0,188]
12-10 00:57:01.936 I/am_create_activity( 1888): [0,2746476,188,com.android.systemui/.recents.RecentsActivity,com.android.systemui.recents.SHOW_RECENTS,NULL,NULL,276824064,com.android.systemui]
12-10 00:57:01.936 I/wm_task_created( 1888): [188,0]
12-10 00:57:01.936 I/wm_task_moved( 1888): [188,1,1]
12-10 00:57:01.936 I/am_pause_activity( 1888): [0,400834209,com.sec.android.app.launcher/com.android.launcher2.Launcher]
12-10 00:57:01.947 I/power_partial_wake_state( 1888): [1,ActivityManager-Launch]
12-10 00:57:01.985 I/am_proc_start( 1888): [0,9677,10053,com.android.systemui.recentsactivity,activity,com.android.systemui/.recents.RecentsActivity]
12-10 00:57:01.988 I/am_on_paused_called( 3162): [0,com.android.launcher2.Launcher]
12-10 00:57:02.024 I/am_proc_bound( 1888): [0,9677,com.android.systemui.recentsactivity]
12-10 00:57:02.029 I/am_restart_activity( 1888): [0,2746476,188,com.android.systemui/.recents.RecentsActivity]
12-10 00:57:02.514 I/am_on_resume_called( 9677): [0,com.android.systemui.recents.RecentsActivity]
12-10 00:57:02.560 I/force_gc( 1888): Binder
12-10 00:57:02.714 I/am_activity_launch_time( 1888): [0,2746476,com.android.systemui/.recents.RecentsActivity,764,764,1]
12-10 00:57:02.732 I/power_partial_wake_state( 1888): [0,ActivityManager-Launch]
12-10 00:57:02.750 I/sf_frame_dur(  233): [com.sec.android.app.launcher/com.android.launcher2.Launcher,19,1,4,3,0,1,0]
12-10 00:57:02.841 I/force_gc( 2813): Binder
12-10 00:57:02.841 I/force_gc( 2813): Binder
12-10 00:57:03.290 I/am_proc_start( 1888): [0,9915,1000,com.samsung.android.sm.provider,content provider,com.samsung.android.sm.provider/com.samsung.android.sm.database.SmProvider]
12-10 00:57:03.332 I/am_proc_bound( 1888): [0,9915,com.samsung.android.sm.provider]
12-10 00:57:03.435 I/force_gc( 2813): Binder
12-10 00:57:03.435 I/am_kill ( 1888): [0,8347,com.sec.android.app.popupuireceiver,15,emptyCount ##36]
12-10 00:57:03.449 I/am_proc_died( 1888): [0,8347,com.sec.android.app.popupuireceiver,15,202,442]
12-10 00:57:03.497 I/am_finish_activity( 1888): [0,2746476,188,com.android.systemui/.recents.RecentsActivity,app-request]
12-10 00:57:03.497 I/wm_task_moved( 1888): [180,1,1]
12-10 00:57:03.500 I/am_pause_activity( 1888): [0,2746476,com.android.systemui/.recents.RecentsActivity]
12-10 00:57:03.501 I/power_partial_wake_state( 1888): [1,ActivityManager-Launch]
12-10 00:57:03.504 I/am_on_paused_called( 9677): [0,com.android.systemui.recents.RecentsActivity]
12-10 00:57:03.514 I/am_resume_activity( 1888): [0,400834209,180,com.sec.android.app.launcher/com.android.launcher2.Launcher]
12-10 00:57:03.533 I/am_on_resume_called( 3162): [0,com.android.launcher2.Launcher]
12-10 00:57:03.632 I/power_partial_wake_state( 1888): [0,ActivityManager-Launch]
12-10 00:57:03.658 I/am_destroy_activity( 1888): [0,2746476,188,com.android.systemui/.recents.RecentsActivity,finish-imm]
12-10 00:57:03.660 I/am_kill ( 1888): [0,7054,com.sec.android.app.mt,15,emptyCount ##36]
12-10 00:57:03.682 I/am_proc_died( 1888): [0,7054,com.sec.android.app.mt,15,194,443]
12-10 00:57:03.687 I/wm_task_removed( 1888): [188,removeAppToken: last token]
12-10 00:57:03.687 I/wm_task_removed( 1888): [188,removeTask]
12-10 00:57:03.724 I/force_gc( 8388): Binder
12-10 00:57:03.732 I/force_gc( 1888): Binder
12-10 00:57:04.044 I/force_gc( 2813): Binder
12-10 00:57:04.047 I/force_gc( 2813): Binder
12-10 00:57:04.385 I/force_gc( 2813): Binder
12-10 00:57:04.385 I/force_gc( 2813): Binder
12-10 00:57:04.505 I/force_gc( 1888): Binder
12-10 00:57:04.662 I/force_gc( 8388): Binder
12-10 00:57:04.846 I/am_kill ( 1888): [0,8510,eu.chainfire.supersu,15,emptyCount ##36]
12-10 00:57:04.868 I/am_proc_died( 1888): [0,8510,eu.chainfire.supersu,15,204,452]
12-10 00:57:06.627 I/am_focus_stack( 1888): [1,exsiting-zone]
12-10 00:57:06.628 I/am_create_task( 1888): [0,189]
12-10 00:57:06.628 I/am_create_activity( 1888): [0,577062861,189,com.tortel.syslog/.FragmentMainActivity,android.intent.action.MAIN,NULL,NULL,270532608,com.sec.android.app.launcher]
12-10 00:57:06.629 I/wm_task_created( 1888): [189,1]
12-10 00:57:06.629 I/wm_task_moved( 1888): [189,1,1]
12-10 00:57:06.629 I/am_pause_activity( 1888): [0,400834209,com.sec.android.app.launcher/com.android.launcher2.Launcher]
12-10 00:57:06.631 I/power_partial_wake_state( 1888): [1,ActivityManager-Launch]
12-10 00:57:06.643 I/am_on_paused_called( 3162): [0,com.android.launcher2.Launcher]
12-10 00:57:06.681 I/am_proc_start( 1888): [0,10279,10175,com.tortel.syslog,activity,com.tortel.syslog/.FragmentMainActivity]
12-10 00:57:06.737 I/am_proc_bound( 1888): [0,10279,com.tortel.syslog]
12-10 00:57:06.757 I/am_restart_activity( 1888): [0,577062861,189,com.tortel.syslog/.FragmentMainActivity]
12-10 00:57:06.815 I/sf_frame_dur(  233): [com.sec.android.app.launcher/com.android.launcher2.Launcher,0,0,0,0,0,0,1]
12-10 00:57:07.227 I/am_on_resume_called(10279): [0,com.tortel.syslog.FragmentMainActivity]
12-10 00:57:07.529 I/am_activity_launch_time( 1888): [0,577062861,com.tortel.syslog/.FragmentMainActivity,884,884,1]
12-10 00:57:07.580 I/power_partial_wake_state( 1888): [0,ActivityManager-Launch]
