12-10 00:55:38.586 I/am_kill ( 1888): [0,5001,com.sec.android.widgetapp.digitalclock,15,emptyCount ##36]
12-10 00:55:38.589 I/am_proc_died( 1888): [0,4679,com.sec.android.gallery3d,15,83,698]
12-10 00:55:38.643 I/am_proc_start( 1888): [0,6916,10098,com.samsung.android.app.watchmanagerstub,broadcast,com.samsung.android.app.watchmanagerstub/com.sec.android.applicationmgr.PackageIntentReceiver]
12-10 00:55:38.649 I/am_kill ( 1888): [0,5039,com.wsomacp,15,emptyCount ##36]
12-10 00:55:38.654 I/am_proc_bound( 1888): [0,6897,com.samsung.android.app.FileShareServer]
12-10 00:55:38.663 I/am_proc_died( 1888): [0,5001,com.sec.android.widgetapp.digitalclock,15,86,699]
12-10 00:55:38.673 I/am_proc_bound( 1888): [0,6916,com.samsung.android.app.watchmanagerstub]
12-10 00:55:38.698 I/backup_data_changed( 1888): com.android.providers.settings
12-10 00:55:38.716 I/backup_data_changed( 1888): com.android.providers.settings
12-10 00:55:38.725 I/backup_data_changed( 1888): com.android.providers.settings
12-10 00:55:38.732 I/am_proc_died( 1888): [0,5039,com.wsomacp,15,87,700]
12-10 00:55:38.735 I/backup_data_changed( 1888): com.android.providers.settings
12-10 00:55:38.758 I/backup_data_changed( 1888): com.android.providers.settings
12-10 00:55:38.768 I/backup_data_changed( 1888): com.android.providers.settings
12-10 00:55:38.773 I/backup_data_changed( 1888): com.android.providers.settings
12-10 00:55:38.803 I/backup_data_changed( 1888): com.android.providers.settings
12-10 00:55:38.940 I/am_proc_start( 1888): [0,6940,10024,com.sec.android.pagebuddynotisvc,broadcast,com.sec.android.pagebuddynotisvc/.PageBuddyNotiSvcBRcvr]
12-10 00:55:38.943 I/am_kill ( 1888): [0,5071,com.sec.android.widgetapp.dualclockdigital,15,emptyCount ##36]
12-10 00:55:38.953 I/am_kill ( 1888): [0,5136,com.sec.android.widgetapp.samsungapps,15,emptyCount ##36]
12-10 00:55:38.967 I/am_proc_died( 1888): [0,5071,com.sec.android.widgetapp.dualclockdigital,15,83,701]
12-10 00:55:38.979 I/am_proc_bound( 1888): [0,6940,com.sec.android.pagebuddynotisvc]
12-10 00:55:39.020 I/aggregation( 4153): 1481356539020
12-10 00:55:39.034 I/am_proc_died( 1888): [0,5136,com.sec.android.widgetapp.samsungapps,15,85,701]
12-10 00:55:39.074 I/power_partial_wake_state( 1888): [1,GCoreFlp]
12-10 00:55:39.080 I/power_partial_wake_state( 1888): [0,GCoreFlp]
12-10 00:55:39.184 I/power_partial_wake_state( 1888): [0,UlrDispSvcFastWL]
12-10 00:55:39.191 I/power_partial_wake_state( 1888): [1,UlrDispSvcFastWL]
12-10 00:55:39.208 I/power_partial_wake_state( 1888): [1,GCoreFlp]
12-10 00:55:39.228 I/power_partial_wake_state( 1888): [0,GCoreFlp]
12-10 00:55:39.238 I/power_partial_wake_state( 1888): [0,UlrDispSvcFastWL]
12-10 00:55:39.326 I/am_proc_start( 1888): [0,6981,10104,com.samsung.scrc.idi.server,broadcast,com.samsung.scrc.idi.server/.INDIServiceAutoStarter]
12-10 00:55:39.339 I/am_kill ( 1888): [0,5263,com.sec.android.widgetapp.activeapplicationwidget,15,emptyCount ##36]
12-10 00:55:39.376 I/am_proc_bound( 1888): [0,6981,com.samsung.scrc.idi.server]
12-10 00:55:39.414 I/am_proc_died( 1888): [0,5263,com.sec.android.widgetapp.activeapplicationwidget,15,69,716]
12-10 00:55:39.423 I/power_partial_wake_state( 1888): [1,GmailProviderProviderChangedBroadcastWakeLock]
12-10 00:55:39.450 I/power_partial_wake_state( 1888): [1,GmailProviderProviderChangedBroadcastWakeLock]
12-10 00:55:39.456 I/am_kill ( 1888): [0,5380,com.sec.android.app.mt,15,emptyCount ##36]
12-10 00:55:39.491 I/notification_cancel( 1888): [10024,6940,com.sec.android.pagebuddynotisvc,2130837525,NULL,0,0,64,8,NULL]
12-10 00:55:39.491 I/notification_cancel( 1888): [10024,6940,com.sec.android.pagebuddynotisvc,2130837526,NULL,0,0,64,8,NULL]
12-10 00:55:39.495 I/notification_cancel( 1888): [10024,6940,com.sec.android.pagebuddynotisvc,2130837527,NULL,0,0,64,8,NULL]
12-10 00:55:39.497 I/notification_cancel( 1888): [10024,6940,com.sec.android.pagebuddynotisvc,2130837528,NULL,0,0,64,8,NULL]
12-10 00:55:39.511 I/am_proc_start( 1888): [0,7004,10029,com.vlingo.midas,broadcast,com.vlingo.midas/com.vlingo.core.internal.safereaderimpl.BootStartSaferReaderReceiver]
12-10 00:55:39.521 I/am_proc_died( 1888): [0,5380,com.sec.android.app.mt,15,66,719]
12-10 00:55:39.532 I/power_partial_wake_state( 1888): [0,Event Log Service]
12-10 00:55:39.549 I/am_kill ( 1888): [0,5460,com.sec.android.omc,15,emptyCount ##36]
12-10 00:55:39.564 I/am_proc_bound( 1888): [0,7004,com.vlingo.midas]
12-10 00:55:39.578 I/am_proc_died( 1888): [0,5460,com.sec.android.omc,15,67,720]
12-10 00:55:39.694 I/am_proc_start( 1888): [0,7024,10106,com.sec.android.app.controlpanel,broadcast,com.sec.android.app.controlpanel/.PackageIntentReceiver]
12-10 00:55:39.698 I/am_kill ( 1888): [0,5537,com.sec.android.app.SecSetupWizard,15,emptyCount ##36]
12-10 00:55:39.715 I/am_proc_bound( 1888): [0,7024,com.sec.android.app.controlpanel]
12-10 00:55:39.727 I/am_proc_died( 1888): [0,5537,com.sec.android.app.SecSetupWizard,15,64,722]
12-10 00:55:39.996 I/am_proc_start( 1888): [0,7054,1000,com.sec.android.app.mt,broadcast,com.sec.android.app.mt/.StatusChecker]
12-10 00:55:40.032 I/am_proc_bound( 1888): [0,7054,com.sec.android.app.mt]
12-10 00:55:40.111 I/force_gc( 1888): Binder
12-10 00:55:40.421 I/am_proc_start( 1888): [0,7090,10119,com.samsung.android.sconnect,broadcast,com.samsung.android.sconnect/.periph.PeriphStartReceiver]
12-10 00:55:40.422 I/sf_frame_dur(  233): [com.af.synapse/com.af.synapse.MainActivity,16,0,0,0,0,0,1]
12-10 00:55:40.472 I/am_proc_bound( 1888): [0,7090,com.samsung.android.sconnect]
12-10 00:55:40.513 I/am_kill ( 1888): [0,5570,com.sec.modem.settings,15,emptyCount ##36]
12-10 00:55:40.540 I/am_proc_died( 1888): [0,5570,com.sec.modem.settings,15,72,713]
12-10 00:55:40.711 I/power_partial_wake_state( 1888): [1,RILJ0]
12-10 00:55:40.712 I/power_partial_wake_state( 1888): [1,RILJ0]
12-10 00:55:40.712 I/power_partial_wake_state( 1888): [1,RILJ0]
12-10 00:55:40.713 I/power_partial_wake_state( 1888): [1,RILJ0]
12-10 00:55:40.719 I/power_partial_wake_state( 1888): [0,RILJ0]
12-10 00:55:40.722 I/power_partial_wake_state( 1888): [1,RILJ0]
12-10 00:55:40.723 I/power_partial_wake_state( 1888): [1,RILJ0]
12-10 00:55:40.723 I/power_partial_wake_state( 1888): [1,RILJ0]
12-10 00:55:40.724 I/power_partial_wake_state( 1888): [1,RILJ0]
12-10 00:55:40.727 I/power_partial_wake_state( 1888): [0,RILJ0]
12-10 00:55:40.878 I/am_proc_start( 1888): [0,7121,10129,com.sec.android.app.camera,broadcast,com.sec.android.app.camera/.BootCamera]
12-10 00:55:40.883 I/am_kill ( 1888): [0,5599,com.sec.tcpdumpservice,15,emptyCount ##36]
12-10 00:55:40.902 I/am_proc_died( 1888): [0,5599,com.sec.tcpdumpservice,15,60,719]
12-10 00:55:40.904 I/am_proc_bound( 1888): [0,7121,com.sec.android.app.camera]
12-10 00:55:41.209 I/am_proc_start( 1888): [0,7150,10133,com.android.email,broadcast,com.android.email/.service.EmailBroadcastReceiver]
12-10 00:55:41.215 I/am_kill ( 1888): [0,5701,com.android.calendar,15,emptyCount ##36]
12-10 00:55:41.262 I/am_proc_start( 1888): [0,7169,10030,com.samsung.android.app.galaxyfinder:tagService,broadcast,com.samsung.android.app.galaxyfinder/.tag.TagReadyReceiver]
12-10 00:55:41.264 I/am_kill ( 1888): [0,5770,com.android.keychain,15,emptyCount ##36]
12-10 00:55:41.267 I/am_proc_bound( 1888): [0,7150,com.android.email]
12-10 00:55:41.278 I/am_proc_died( 1888): [0,5701,com.android.calendar,15,60,715]
12-10 00:55:41.283 I/am_proc_bound( 1888): [0,7169,com.samsung.android.app.galaxyfinder:tagService]
12-10 00:55:41.337 I/am_proc_died( 1888): [0,5770,com.android.keychain,15,61,715]
12-10 00:55:41.457 I/power_partial_wake_state( 1888): [0,GmailProviderProviderChangedBroadcastWakeLock]
12-10 00:55:42.329 I/am_proc_start( 1888): [0,7243,10032,com.sec.android.app.sns3,broadcast,com.sec.android.app.sns3/.SnsBroadcastReceiver]
12-10 00:55:42.357 I/am_proc_bound( 1888): [0,7243,com.sec.android.app.sns3]
12-10 00:55:42.387 I/am_kill ( 1888): [0,5745,eu.chainfire.supersu,15,emptyCount ##36]
12-10 00:55:42.427 I/am_proc_died( 1888): [0,5745,eu.chainfire.supersu,15,65,693]
12-10 00:55:42.545 I/am_proc_start( 1888): [0,7271,10134,com.android.exchange,broadcast,com.android.exchange/.service.ExchangeBroadcastReceiver]
12-10 00:55:42.552 I/am_kill ( 1888): [0,5819,com.sec.phone,15,emptyCount ##36]
12-10 00:55:42.580 I/am_proc_died( 1888): [0,5819,com.sec.phone,15,63,699]
12-10 00:55:42.582 I/am_proc_bound( 1888): [0,7271,com.android.exchange]
12-10 00:55:42.861 I/am_proc_start( 1888): [0,7297,1000,com.sec.android.app.SecSetupWizard,broadcast,com.sec.android.app.SecSetupWizard/.SetupIntentReceiver]
12-10 00:55:42.893 I/am_kill ( 1888): [0,5943,com.mobeam.barcodeService,15,emptyCount ##36]
12-10 00:55:42.897 I/am_proc_bound( 1888): [0,7297,com.sec.android.app.SecSetupWizard]
12-10 00:55:42.953 I/am_proc_died( 1888): [0,5943,com.mobeam.barcodeService,15,61,702]
12-10 00:55:42.957 I/am_proc_died( 1888): [0,7150,com.android.email,11,61,703]
12-10 00:55:43.019 I/am_proc_start( 1888): [0,7318,10133,com.android.email,content provider,com.android.email/.provider.EmailProvider]
12-10 00:55:43.031 I/power_partial_wake_state( 1888): [1,SyncLoopWakeLock]
12-10 00:55:43.055 I/am_proc_bound( 1888): [0,7318,com.android.email]
12-10 00:55:43.077 I/power_partial_wake_state( 1888): [0,*sync*/com.google.android.gms.auth.api.credentials/com.google/eM_ADDR]
12-10 00:55:43.079 I/sync    ( 1888): [com.google.android.gms.auth.api.credentials,1,3,-474369401]
12-10 00:55:43.129 I/notification_cancel( 1888): [1000,1888,android,-1099755174,NULL,0,0,0,8,NULL]
12-10 00:55:43.147 I/power_partial_wake_state( 1888): [0,SyncLoopWakeLock]
12-10 00:55:43.209 I/am_proc_start( 1888): [0,7344,1000,com.sec.android.service.sm,broadcast,com.sec.android.service.sm/.receiver.SecurityManagerReceiver]
12-10 00:55:43.211 I/am_kill ( 1888): [0,4744,com.android.mms,15,emptyCount ##36]
12-10 00:55:43.234 I/am_proc_bound( 1888): [0,7344,com.sec.android.service.sm]
12-10 00:55:43.261 I/am_proc_died( 1888): [0,4744,com.android.mms,15,67,701]
12-10 00:55:43.501 I/am_proc_start( 1888): [0,7379,1000,com.sec.modem.settings,broadcast,com.sec.modem.settings/.cplogging.SilentLogReceiver]
12-10 00:55:43.535 I/am_proc_bound( 1888): [0,7379,com.sec.modem.settings]
12-10 00:55:43.578 I/am_proc_died( 1888): [0,7243,com.sec.android.app.sns3,0,65,697]
12-10 00:55:43.578 I/am_broadcast_discard_app( 1888): [0,282152857,android.intent.action.BOOT_COMPLETED,72,ResolveInfo{18b5b25e com.sec.android.app.sns3/.SnsBroadcastReceiver m=0x108000}]
12-10 00:55:43.625 I/am_proc_start( 1888): [0,7399,10033,com.sec.spp.push,broadcast,com.sec.spp.push/.monitor.SystemStateMoniter]
12-10 00:55:43.664 I/am_proc_bound( 1888): [0,7399,com.sec.spp.push]
12-10 00:55:43.841 I/am_proc_start( 1888): [0,7419,1101,org.simalliance.openmobileapi.service,broadcast,org.simalliance.openmobileapi.service/.SmartcardServiceBootCompletedBroadcastReceiver]
12-10 00:55:43.852 I/am_kill ( 1888): [0,6043,com.sec.android.app.safetyassurance,15,emptyCount ##36]
12-10 00:55:43.938 I/am_proc_died( 1888): [0,6043,com.sec.android.app.safetyassurance,15,63,699]
12-10 00:55:43.966 I/am_proc_bound( 1888): [0,7419,org.simalliance.openmobileapi.service]
12-10 00:55:44.246 I/am_kill ( 1888): [0,6130,com.sec.android.app.bluetoothtest,15,emptyCount ##36]
12-10 00:55:44.292 I/am_proc_start( 1888): [0,7456,1000,com.sec.usbsettings,broadcast,com.sec.usbsettings/.UltraKeyStringBroadcastReceiver]
12-10 00:55:44.322 I/am_proc_died( 1888): [0,6130,com.sec.android.app.bluetoothtest,15,56,705]
12-10 00:55:44.347 I/am_proc_bound( 1888): [0,7456,com.sec.usbsettings]
12-10 00:55:44.380 I/force_gc( 1888): Binder
12-10 00:55:44.643 I/am_kill ( 1888): [0,5619,com.sec.android.app.sbrowser,15,emptyCount ##36]
12-10 00:55:44.704 I/am_proc_start( 1888): [0,7481,10035,com.android.calendar,broadcast,com.android.calendar/.alerts.AlertReceiver]
12-10 00:55:44.711 I/am_proc_died( 1888): [0,5619,com.sec.android.app.sbrowser,15,62,697]
12-10 00:55:44.769 I/am_proc_bound( 1888): [0,7481,com.android.calendar]
12-10 00:55:44.900 I/power_partial_wake_state( 1888): [1,*alarm*]
12-10 00:55:44.995 I/am_proc_start( 1888): [0,7511,10025,com.android.vending,broadcast,com.android.vending/com.google.android.finsky.receivers.BootCompletedReceiver]
12-10 00:55:44.998 I/am_kill ( 1888): [0,6248,com.sec.android.app.factorykeystring,15,emptyCount ##36]
12-10 00:55:44.998 I/am_kill ( 1888): [0,6178,com.sec.dsm.system,15,emptyCount ##37]
12-10 00:55:45.042 I/am_proc_bound( 1888): [0,7511,com.android.vending]
12-10 00:55:45.089 I/power_partial_wake_state( 1888): [1,StartingAlertService]
12-10 00:55:45.111 I/am_proc_died( 1888): [0,6178,com.sec.dsm.system,15,67,690]
12-10 00:55:45.117 I/am_proc_died( 1888): [0,6248,com.sec.android.app.factorykeystring,15,66,690]
12-10 00:55:45.151 I/power_partial_wake_state( 1888): [1,StartingAlertService]
12-10 00:55:45.196 I/am_proc_start( 1888): [0,7535,10040,com.osp.app.signin,broadcast,com.osp.app.signin/com.osp.broadcastreceiver.StdBroadcastReceiver]
12-10 00:55:45.236 I/am_proc_start( 1888): [0,7551,10041,com.android.providers.calendar,content provider,com.android.providers.calendar/.CalendarProvider2]
12-10 00:55:45.262 I/am_proc_bound( 1888): [0,7535,com.osp.app.signin]
12-10 00:55:45.280 I/am_proc_bound( 1888): [0,7551,com.android.providers.calendar]
12-10 00:55:45.466 I/am_proc_died( 1888): [0,7271,com.android.exchange,15,56,694]
12-10 00:55:45.708 I/notification_cancel( 1888): [10148,6850,com.google.android.youtube,10436,NULL,0,0,64,8,NULL]
12-10 00:55:45.729 I/backup_transport_lifecycle( 1888): [com.google.android.gms/.backup.BackupTransportService,1]
12-10 00:55:45.734 I/notification_cancel( 1888): [10014,3075,com.google.android.gms,1,com.google.android.backup.notification.tag,0,0,64,8,NULL]
12-10 00:55:46.393 I/backup_data_changed( 1888): com.android.vending
12-10 00:55:46.475 I/power_partial_wake_state( 1888): [1,CalendarReceiver_Provider]
12-10 00:55:46.571 I/power_partial_wake_state( 1888): [0,CalendarReceiver_Provider]
12-10 00:55:46.797 I/notification_cancel( 1888): [10035,7481,com.android.calendar,100,NULL,0,0,64,8,NULL]
12-10 00:55:46.803 I/notification_cancel( 1888): [10035,7481,com.android.calendar,101,NULL,0,0,64,8,NULL]
12-10 00:55:46.809 I/notification_cancel( 1888): [10035,7481,com.android.calendar,102,NULL,0,0,64,8,NULL]
12-10 00:55:46.809 I/notification_cancel( 1888): [10035,7481,com.android.calendar,103,NULL,0,0,64,8,NULL]
12-10 00:55:46.810 I/notification_cancel( 1888): [10035,7481,com.android.calendar,104,NULL,0,0,64,8,NULL]
12-10 00:55:46.813 I/notification_cancel( 1888): [10035,7481,com.android.calendar,105,NULL,0,0,64,8,NULL]
12-10 00:55:46.814 I/notification_cancel( 1888): [10035,7481,com.android.calendar,106,NULL,0,0,64,8,NULL]
12-10 00:55:46.817 I/notification_cancel( 1888): [10035,7481,com.android.calendar,107,NULL,0,0,64,8,NULL]
12-10 00:55:46.818 I/notification_cancel( 1888): [10035,7481,com.android.calendar,108,NULL,0,0,64,8,NULL]
12-10 00:55:46.821 I/notification_cancel( 1888): [10035,7481,com.android.calendar,109,NULL,0,0,64,8,NULL]
12-10 00:55:46.824 I/notification_cancel( 1888): [10035,7481,com.android.calendar,110,NULL,0,0,64,8,NULL]
12-10 00:55:46.824 I/notification_cancel( 1888): [10035,7481,com.android.calendar,111,NULL,0,0,64,8,NULL]
12-10 00:55:46.824 I/notification_cancel( 1888): [10035,7481,com.android.calendar,112,NULL,0,0,64,8,NULL]
12-10 00:55:46.842 I/notification_cancel( 1888): [10035,7481,com.android.calendar,113,NULL,0,0,64,8,NULL]
12-10 00:55:46.855 I/notification_cancel( 1888): [10035,7481,com.android.calendar,114,NULL,0,0,64,8,NULL]
12-10 00:55:46.856 I/notification_cancel( 1888): [10035,7481,com.android.calendar,115,NULL,0,0,64,8,NULL]
12-10 00:55:46.856 I/notification_cancel( 1888): [10035,7481,com.android.calendar,116,NULL,0,0,64,8,NULL]
12-10 00:55:46.884 I/notification_cancel_all( 1888): [10035,7481,com.android.calendar,0,0,64,9,NULL]
12-10 00:55:46.889 I/notification_cancel( 1888): [10035,7481,com.android.calendar,117,NULL,0,0,64,8,NULL]
12-10 00:55:46.891 I/notification_cancel( 1888): [10035,7481,com.android.calendar,118,NULL,0,0,64,8,NULL]
12-10 00:55:46.893 I/power_partial_wake_state( 1888): [0,StartingAlertService]
12-10 00:55:46.894 I/notification_cancel( 1888): [10035,7481,com.android.calendar,119,NULL,0,0,64,8,NULL]
12-10 00:55:46.895 I/notification_cancel( 1888): [10035,7481,com.android.calendar,120,NULL,0,0,64,8,NULL]
12-10 00:55:46.899 I/power_partial_wake_state( 1888): [0,StartingAlertService]
12-10 00:55:46.899 I/am_kill ( 1888): [0,6282,com.sec.providers.settingsearch,15,emptyCount ##36]
12-10 00:55:46.940 I/am_proc_died( 1888): [0,6282,com.sec.providers.settingsearch,15,66,677]
12-10 00:55:47.090 I/notification_cancel( 1888): [10025,7511,com.android.vending,-1050172287,NULL,0,0,64,8,NULL]
12-10 00:55:47.296 I/force_gc( 4153): Binder
12-10 00:55:47.575 I/am_kill ( 1888): [0,5981,com.samsung.android.app.assistantmenu,15,emptyCount ##36]
12-10 00:55:47.592 I/am_kill ( 1888): [0,5866,com.samsung.android.sm.provider,15,emptyCount ##36]
12-10 00:55:47.671 I/am_proc_died( 1888): [0,5981,com.samsung.android.app.assistantmenu,15,76,690]
12-10 00:55:47.675 I/am_proc_died( 1888): [0,5866,com.samsung.android.sm.provider,15,76,690]
12-10 00:55:47.866 I/am_proc_start( 1888): [0,7649,10214,siir.es.adbWireless,broadcast,siir.es.adbWireless/.TrackShutdown]
12-10 00:55:47.900 I/am_kill ( 1888): [0,6272,com.samsung.android.sm,15,emptyCount ##36]
12-10 00:55:47.918 I/am_proc_bound( 1888): [0,7649,siir.es.adbWireless]
12-10 00:55:47.933 I/am_proc_died( 1888): [0,6272,com.samsung.android.sm,15,67,694]
12-10 00:55:48.101 I/am_proc_start( 1888): [0,7681,10155,me.timos.busyboxonrails,broadcast,me.timos.busyboxonrails/.receiver.ReceiverBootCompleted]
12-10 00:55:48.169 I/am_proc_bound( 1888): [0,7681,me.timos.busyboxonrails]
12-10 00:55:48.180 I/am_kill ( 1888): [0,6163,com.sec.android.app.clockpackage,15,emptyCount ##36]
12-10 00:55:48.218 I/am_proc_died( 1888): [0,6163,com.sec.android.app.clockpackage,15,59,699]
12-10 00:55:48.236 I/backup_data_changed( 1888): android
12-10 00:55:48.246 I/backup_data_changed( 1888): android
12-10 00:55:48.246 I/backup_data_changed( 1888): android
12-10 00:55:48.286 I/backup_data_changed( 1888): android
12-10 00:55:48.459 I/am_proc_died( 1888): [0,5646,com.sec.android.app.sysscope,0,73,703]
12-10 00:55:48.644 I/am_proc_start( 1888): [0,7713,10165,os.tools.scriptmanagerpro,broadcast,os.tools.scriptmanagerpro/os.tools.broadcasts.OnBootUpReceiver]
12-10 00:55:48.674 I/am_proc_bound( 1888): [0,7713,os.tools.scriptmanagerpro]
12-10 00:55:49.107 I/notification_cancel( 1888): [10025,7511,com.android.vending,-555892993,NULL,0,0,64,8,NULL]
12-10 00:55:49.127 I/am_kill ( 1888): [0,6487,com.samsung.android.app.colorblind,15,emptyCount ##36]
12-10 00:55:49.173 I/am_proc_died( 1888): [0,6487,com.samsung.android.app.colorblind,15,58,703]
12-10 00:55:49.700 I/am_kill ( 1888): [0,6513,com.samsung.android.scloud.sync,15,emptyCount ##36]
12-10 00:55:49.719 I/am_proc_died( 1888): [0,6513,com.samsung.android.scloud.sync,15,71,692]
12-10 00:55:50.081 I/am_proc_start( 1888): [0,7791,10172,eu.chainfire.recently,broadcast,eu.chainfire.recently/.BootCompleteReceiver]
12-10 00:55:50.117 I/am_proc_bound( 1888): [0,7791,eu.chainfire.recently]
12-10 00:55:50.145 I/force_gc( 1888): Binder
12-10 00:55:50.146 I/power_partial_wake_state( 1888): [1,GCoreFlp]
12-10 00:55:50.147 I/power_partial_wake_state( 1888): [0,GCoreFlp]
12-10 00:55:50.314 I/power_partial_wake_state( 1888): [1,Wakeful StateMachine: GeofencerStateMachine]
12-10 00:55:50.322 I/power_partial_wake_state( 1888): [0,Wakeful StateMachine: GeofencerStateMachine]
12-10 00:55:50.550 I/am_proc_start( 1888): [0,7832,10230,org.fdroid.fdroid,broadcast,org.fdroid.fdroid/.privileged.install.InstallExtensionBootReceiver]
12-10 00:55:50.615 I/am_proc_bound( 1888): [0,7832,org.fdroid.fdroid]
12-10 00:55:51.158 I/am_kill ( 1888): [0,6549,com.google.android.onetimeinitializer,15,emptyCount ##36]
12-10 00:55:51.177 I/am_proc_died( 1888): [0,6549,com.google.android.onetimeinitializer,15,61,666]
12-10 00:55:51.256 I/notification_cancel( 1888): [10165,7713,os.tools.scriptmanagerpro,2,NULL,0,0,64,8,NULL]
12-10 00:55:51.600 I/am_kill ( 1888): [0,6569,com.google.android.configupdater,15,emptyCount ##36]
12-10 00:55:51.615 I/am_proc_died( 1888): [0,6569,com.google.android.configupdater,15,63,668]
12-10 00:55:51.713 I/power_partial_wake_state( 1888): [1,GCoreFlp]
12-10 00:55:51.714 I/power_partial_wake_state( 1888): [0,GCoreFlp]
12-10 00:55:51.714 I/power_partial_wake_state( 1888): [1,Wakeful StateMachine: GeofencerStateMachine]
12-10 00:55:51.716 I/power_partial_wake_state( 1888): [0,Wakeful StateMachine: GeofencerStateMachine]
12-10 00:55:51.720 I/notification_cancel( 1888): [10165,7713,os.tools.scriptmanagerpro,2,NULL,0,0,64,8,NULL]
12-10 00:55:52.231 I/am_proc_start( 1888): [0,7899,10185,com.fifthelement.trimmer,broadcast,com.fifthelement.trimmer/.Boot]
12-10 00:55:52.277 I/am_proc_bound( 1888): [0,7899,com.fifthelement.trimmer]
12-10 00:55:52.413 I/am_kill ( 1888): [0,6705,com.google.android.gms.ui,15,emptyCount ##36]
12-10 00:55:52.439 I/am_proc_died( 1888): [0,6705,com.google.android.gms.ui,15,69,657]
12-10 00:55:52.570 I/am_proc_start( 1888): [0,7932,10187,eu.chainfire.adbd,broadcast,eu.chainfire.adbd/.BootCompleteReceiver]
12-10 00:55:52.680 I/am_kill ( 1888): [0,6730,com.sec.factory.camera,15,emptyCount ##36]
12-10 00:55:52.690 I/am_proc_bound( 1888): [0,7932,eu.chainfire.adbd]
12-10 00:55:52.727 I/am_proc_died( 1888): [0,6730,com.sec.factory.camera,15,59,663]
12-10 00:55:52.877 I/am_proc_start( 1888): [0,7954,10244,org.videolan.vlc,broadcast,org.videolan.vlc/.BootupReceiver]
12-10 00:55:52.920 I/am_kill ( 1888): [0,6667,com.wssnps,15,emptyCount ##36]
12-10 00:55:52.930 I/am_proc_bound( 1888): [0,7954,org.videolan.vlc]
12-10 00:55:52.952 I/am_proc_died( 1888): [0,6667,com.wssnps,15,62,649]
12-10 00:55:53.431 I/menu_item_selected( 4699): [0,Apply]
12-10 00:55:53.844 I/am_proc_start( 1888): [0,7994,10258,com.xda.labs,broadcast,com.xda.labs/.BootReceiver]
12-10 00:55:53.858 I/am_kill ( 1888): [0,6608,com.google.android.partnersetup,15,emptyCount ##36]
12-10 00:55:53.908 I/am_proc_died( 1888): [0,6608,com.google.android.partnersetup,15,62,618]
12-10 00:55:53.910 I/am_proc_bound( 1888): [0,7994,com.xda.labs]
12-10 00:55:54.328 I/am_proc_start( 1888): [0,8015,10190,com.gombosdev.ampere,broadcast,com.gombosdev.ampere/.AutostartReceiver]
12-10 00:55:54.340 I/am_kill ( 1888): [0,6205,com.google.android.gm,15,emptyCount ##36]
12-10 00:55:54.350 I/am_proc_bound( 1888): [0,8015,com.gombosdev.ampere]
12-10 00:55:54.404 I/am_proc_died( 1888): [0,6205,com.google.android.gm,15,70,613]
12-10 00:55:54.746 I/am_proc_start( 1888): [0,8038,10101,com.google.android.gm,content provider,com.google.android.gm/.provider.SearchQuery$Provider]
12-10 00:55:54.771 I/am_proc_bound( 1888): [0,8038,com.google.android.gm]
12-10 00:55:55.141 I/battery_level( 1888): [98,3993,341]
12-10 00:55:55.424 I/am_kill ( 1888): [0,6770,com.android.managedprovisioning,15,emptyCount ##36]
12-10 00:55:55.467 I/am_proc_start( 1888): [0,8066,10207,org.projectvoodoo.report,broadcast,org.projectvoodoo.report/.report.BootReceiver]
12-10 00:55:55.468 I/am_proc_died( 1888): [0,6770,com.android.managedprovisioning,15,69,617]
12-10 00:55:55.500 I/am_proc_bound( 1888): [0,8066,org.projectvoodoo.report]
12-10 00:55:55.770 I/am_proc_start( 1888): [0,8095,10248,com.samsung.android.themestore,broadcast,com.samsung.android.themestore/.receiver.ShortcutEnableReceiver]
12-10 00:55:55.831 I/am_proc_bound( 1888): [0,8095,com.samsung.android.themestore]
12-10 00:55:56.001 I/am_kill ( 1888): [0,6789,com.samsung.android.app.accesscontrol,15,emptyCount ##36]
12-10 00:55:56.030 I/am_proc_died( 1888): [0,6789,com.samsung.android.app.accesscontrol,15,58,621]
12-10 00:55:56.183 I/am_proc_start( 1888): [0,8134,10153,com.keramidas.TitaniumBackup,broadcast,com.keramidas.TitaniumBackup/.schedules.BootReceiver]
12-10 00:55:56.185 I/am_kill ( 1888): [0,6825,com.samsung.android.app.filterinstaller,15,emptyCount ##36]
12-10 00:55:56.204 I/am_proc_bound( 1888): [0,8134,com.keramidas.TitaniumBackup]
12-10 00:55:56.215 I/am_proc_died( 1888): [0,6825,com.samsung.android.app.filterinstaller,15,61,615]
12-10 00:55:56.367 I/free_storage_changed( 1888): 3064348672
12-10 00:55:56.648 I/force_gc( 1888): Binder
12-10 00:55:56.911 I/am_proc_start( 1888): [0,8160,10242,org.telegram.messenger,broadcast,org.telegram.messenger/.AppStartReceiver]
12-10 00:55:56.915 I/am_kill ( 1888): [0,6850,com.google.android.youtube,15,emptyCount ##36]
12-10 00:55:56.949 I/am_proc_bound( 1888): [0,8160,org.telegram.messenger]
12-10 00:55:56.957 I/am_kill ( 1888): [0,6872,com.samsung.android.MtpApplication,15,emptyCount ##36]
12-10 00:55:56.978 I/am_proc_died( 1888): [0,6872,com.samsung.android.MtpApplication,15,64,611]
12-10 00:55:57.038 I/am_proc_died( 1888): [0,6850,com.google.android.youtube,15,122,613]
12-10 00:55:57.553 I/am_kill ( 1888): [0,6897,com.samsung.android.app.FileShareServer,15,emptyCount ##36]
12-10 00:55:57.571 I/am_proc_died( 1888): [0,6897,com.samsung.android.app.FileShareServer,15,105,630]
12-10 00:55:57.918 I/am_proc_start( 1888): [0,8194,10004,com.sec.android.cloudagent,broadcast,com.sec.android.cloudagent/.detector.DetectorReceiver]
12-10 00:55:57.954 I/am_proc_bound( 1888): [0,8194,com.sec.android.cloudagent]
12-10 00:55:58.165 I/am_kill ( 1888): [0,6916,com.samsung.android.app.watchmanagerstub,15,emptyCount ##36]
12-10 00:55:58.199 I/am_proc_died( 1888): [0,6916,com.samsung.android.app.watchmanagerstub,15,85,643]
12-10 00:55:58.529 I/am_proc_start( 1888): [0,8219,10013,com.sec.android.app.samsungapps,broadcast,com.sec.android.app.samsungapps/.networkstatereceiver.NetworkStateReceiver]
12-10 00:55:58.548 I/am_proc_bound( 1888): [0,8219,com.sec.android.app.samsungapps]
12-10 00:55:58.867 I/power_partial_wake_state( 1888): [0,Icing]
12-10 00:55:58.875 I/am_kill ( 1888): [0,6981,com.samsung.scrc.idi.server,15,emptyCount ##36]
12-10 00:55:58.891 I/am_proc_died( 1888): [0,6981,com.samsung.scrc.idi.server,15,124,609]
12-10 00:55:59.286 I/am_proc_start( 1888): [0,8251,10238,mega.privacy.android.app,broadcast,mega.privacy.android.app/.receivers.NetEventReceiver]
12-10 00:55:59.321 I/am_proc_bound( 1888): [0,8251,mega.privacy.android.app]
12-10 00:55:59.454 I/am_kill ( 1888): [0,7024,com.sec.android.app.controlpanel,15,emptyCount ##36]
12-10 00:55:59.480 I/am_proc_died( 1888): [0,7024,com.sec.android.app.controlpanel,15,439,318]
12-10 00:55:59.911 I/am_kill ( 1888): [0,7121,com.sec.android.app.camera,15,emptyCount ##36]
12-10 00:55:59.932 I/am_proc_died( 1888): [0,7121,com.sec.android.app.camera,15,424,337]
12-10 00:56:00.177 I/am_proc_start( 1888): [0,8293,10045,com.android.mms,broadcast,com.android.mms/.transaction.PrivilegedSmsReceiver]
12-10 00:56:00.204 I/am_proc_bound( 1888): [0,8293,com.android.mms]
12-10 00:56:00.924 I/power_partial_wake_state( 1888): [1,StartingAlertService]
12-10 00:56:00.997 I/power_partial_wake_state( 1888): [1,StartingAlertService]
12-10 00:56:01.060 I/am_proc_start( 1888): [0,8327,10023,com.wsomacp,content provider,com.wsomacp/.db.XCPDBSqlProvider]
12-10 00:56:01.069 I/power_partial_wake_state( 1888): [1,StartingAlertService]
12-10 00:56:01.105 I/am_proc_bound( 1888): [0,8327,com.wsomacp]
12-10 00:56:01.125 I/power_partial_wake_state( 1888): [1,RILJ0]
12-10 00:56:01.163 I/am_proc_start( 1888): [0,8347,1000,com.sec.android.app.popupuireceiver,broadcast,com.sec.android.app.popupuireceiver/.PopupuiReceiver]
12-10 00:56:01.208 I/power_partial_wake_state( 1888): [0,RILJ0]
12-10 00:56:01.210 I/am_proc_bound( 1888): [0,8347,com.sec.android.app.popupuireceiver]
12-10 00:56:01.340 I/am_kill ( 1888): [0,7297,com.sec.android.app.SecSetupWizard,15,emptyCount ##36]
12-10 00:56:01.367 I/am_proc_died( 1888): [0,7297,com.sec.android.app.SecSetupWizard,15,372,373]
12-10 00:56:01.430 I/power_partial_wake_state( 1888): [1,RILJ0]
12-10 00:56:01.446 I/am_kill ( 1888): [0,7379,com.sec.modem.settings,15,emptyCount ##36]
12-10 00:56:01.450 I/power_partial_wake_state( 1888): [0,RILJ0]
12-10 00:56:01.457 I/power_partial_wake_state( 1888): [1,StartingAlertService]
12-10 00:56:01.467 I/am_proc_died( 1888): [0,7379,com.sec.modem.settings,15,374,375]
12-10 00:56:01.471 I/power_partial_wake_state( 1888): [1,RILJ0]
12-10 00:56:01.480 I/power_partial_wake_state( 1888): [1,StartingAlertService]
12-10 00:56:01.510 I/power_partial_wake_state( 1888): [0,RILJ0]
12-10 00:56:01.541 I/am_proc_start( 1888): [0,8368,10131,com.sec.android.widgetapp.activeapplicationwidget,broadcast,com.sec.android.widgetapp.activeapplicationwidget/.ProgramMonitorProvider]
12-10 00:56:01.560 I/power_partial_wake_state( 1888): [1,RILJ0]
12-10 00:56:01.574 I/am_proc_bound( 1888): [0,8368,com.sec.android.widgetapp.activeapplicationwidget]
12-10 00:56:01.578 I/power_partial_wake_state( 1888): [0,RILJ0]
12-10 00:56:01.657 I/power_partial_wake_state( 1888): [1,RILJ0]
12-10 00:56:01.674 I/am_kill ( 1888): [0,7419,org.simalliance.openmobileapi.service,15,emptyCount ##36]
12-10 00:56:01.683 I/power_partial_wake_state( 1888): [0,RILJ0]
12-10 00:56:01.684 I/power_partial_wake_state( 1888): [1,RILJ0]
12-10 00:56:01.728 I/am_proc_start( 1888): [0,8388,10043,com.sec.android.gallery3d,broadcast,com.sec.android.gallery3d/.app.MediaScannerReceiver]
12-10 00:56:01.733 I/am_proc_died( 1888): [0,7419,org.simalliance.openmobileapi.service,15,370,377]
12-10 00:56:01.755 I/am_proc_bound( 1888): [0,8388,com.sec.android.gallery3d]
12-10 00:56:01.798 I/power_partial_wake_state( 1888): [0,RILJ0]
12-10 00:56:01.813 I/power_partial_wake_state( 1888): [0,StartingAlertService]
12-10 00:56:01.819 I/am_kill ( 1888): [0,7456,com.sec.usbsettings,15,emptyCount ##36]
12-10 00:56:01.834 I/am_proc_died( 1888): [0,7456,com.sec.usbsettings,15,368,379]
12-10 00:56:01.893 I/notification_cancel( 1888): [10238,8251,mega.privacy.android.app,3,NULL,0,0,64,8,NULL]
12-10 00:56:01.947 I/force_gc( 1888): Binder
12-10 00:56:02.822 I/am_kill ( 1888): [0,7481,com.android.calendar,15,emptyCount ##36]
12-10 00:56:02.884 I/am_proc_start( 1888): [0,8416,10086,com.sec.android.widgetapp.digitalclock,broadcast,com.sec.android.widgetapp.digitalclock/.DigitalClockWidgetProvider]
12-10 00:56:02.885 I/am_proc_died( 1888): [0,7481,com.android.calendar,15,329,416]
12-10 00:56:02.912 I/am_proc_bound( 1888): [0,8416,com.sec.android.widgetapp.digitalclock]
12-10 00:56:02.996 I/am_kill ( 1888): [0,7551,com.android.providers.calendar,15,emptyCount ##36]
12-10 00:56:03.042 I/am_proc_start( 1888): [0,8437,10092,com.sec.android.widgetapp.dualclockdigital,broadcast,com.sec.android.widgetapp.dualclockdigital/.DigitalDualClockWidgetProvider]
12-10 00:56:03.043 I/am_proc_died( 1888): [0,7551,com.android.providers.calendar,15,326,419]
12-10 00:56:03.079 I/am_proc_bound( 1888): [0,8437,com.sec.android.widgetapp.dualclockdigital]
12-10 00:56:03.275 I/am_proc_start( 1888): [0,8458,10097,com.sec.android.widgetapp.samsungapps,broadcast,com.sec.android.widgetapp.samsungapps/.WidgetProvider42]
12-10 00:56:03.277 I/am_kill ( 1888): [0,7511,com.android.vending,15,emptyCount ##36]
12-10 00:56:03.311 I/am_proc_bound( 1888): [0,8458,com.sec.android.widgetapp.samsungapps]
12-10 00:56:03.323 I/am_proc_died( 1888): [0,7511,com.android.vending,15,326,423]
12-10 00:56:03.507 I/am_kill ( 1888): [0,7649,siir.es.adbWireless,15,emptyCount ##36]
12-10 00:56:03.561 I/am_proc_start( 1888): [0,8488,1000,com.samsung.android.sm,broadcast,com.samsung.android.sm/.ui.taskmanager.AppLockingNotiReceiver]
12-10 00:56:03.565 I/am_proc_died( 1888): [0,7649,siir.es.adbWireless,15,319,426]
12-10 00:56:03.598 I/am_proc_bound( 1888): [0,8488,com.samsung.android.sm]
12-10 00:56:03.782 I/am_proc_start( 1888): [0,8510,10152,eu.chainfire.supersu,broadcast,eu.chainfire.supersu/.UserPresentReceiver]
12-10 00:56:03.786 I/am_kill ( 1888): [0,7681,me.timos.busyboxonrails,15,emptyCount ##36]
12-10 00:56:03.822 I/am_proc_died( 1888): [0,7681,me.timos.busyboxonrails,15,320,430]
12-10 00:56:03.837 I/am_proc_bound( 1888): [0,8510,eu.chainfire.supersu]
12-10 00:56:04.013 I/am_kill ( 1888): [0,7713,os.tools.scriptmanagerpro,15,emptyCount ##36]
12-10 00:56:04.031 I/am_proc_died( 1888): [0,7713,os.tools.scriptmanagerpro,15,324,433]
12-10 00:56:04.349 I/am_proc_start( 1888): [0,8536,1000,com.samsung.android.MtpApplication,broadcast,com.samsung.android.MtpApplication/.MtpReceiver]
12-10 00:56:04.381 I/am_proc_bound( 1888): [0,8536,com.samsung.android.MtpApplication]
12-10 00:56:04.580 I/am_proc_start( 1888): [0,8555,10048,com.sec.android.app.videoplayer,broadcast,com.sec.android.app.videoplayer/.videowall.TranscodeReceiver]
12-10 00:56:04.595 I/power_partial_wake_state( 1888): [1,RILJ0]
12-10 00:56:04.623 I/power_partial_wake_state( 1888): [0,RILJ0]
12-10 00:56:04.630 I/am_proc_bound( 1888): [0,8555,com.sec.android.app.videoplayer]
12-10 00:56:04.701 I/power_partial_wake_state( 1888): [1,RILJ0]
12-10 00:56:04.718 I/power_partial_wake_state( 1888): [0,RILJ0]
12-10 00:56:04.937 I/am_kill ( 1888): [0,7791,eu.chainfire.recently,15,emptyCount ##36]
12-10 00:56:04.952 I/am_proc_died( 1888): [0,7791,eu.chainfire.recently,15,291,462]
12-10 00:56:05.114 I/am_proc_start( 1888): [0,8580,10141,com.sec.smartcard.manager,broadcast,com.sec.smartcard.manager/com.sec.smartcard.pinservice.SmartCardBroadcastReceiver]
12-10 00:56:05.134 I/am_proc_bound( 1888): [0,8580,com.sec.smartcard.manager]
12-10 00:56:05.245 I/am_kill ( 1888): [0,7899,com.fifthelement.trimmer,15,emptyCount ##36]
12-10 00:56:05.262 I/am_proc_died( 1888): [0,7899,com.fifthelement.trimmer,15,284,466]
12-10 00:56:05.310 I/am_proc_start( 1888): [0,8601,1000,com.samsung.android.app.assistantmenu,broadcast,com.samsung.android.app.assistantmenu/.AssistantMenuReceiver]
12-10 00:56:05.335 I/am_proc_bound( 1888): [0,8601,com.samsung.android.app.assistantmenu]
12-10 00:56:05.358 I/power_partial_wake_state( 1888): [1,*net_scheduler*]
12-10 00:56:05.488 I/am_kill ( 1888): [0,7932,eu.chainfire.adbd,15,emptyCount ##36]
12-10 00:56:05.489 I/power_partial_wake_state( 1888): [0,*net_scheduler*]
12-10 00:56:05.494 I/power_partial_wake_state( 1888): [1,*net_scheduler*]
12-10 00:56:05.509 I/am_proc_died( 1888): [0,7932,eu.chainfire.adbd,15,287,470]
12-10 00:56:05.562 I/power_partial_wake_state( 1888): [0,*net_scheduler*]
12-10 00:56:05.566 I/power_partial_wake_state( 1888): [1,*net_scheduler*]
12-10 00:56:05.645 I/power_partial_wake_state( 1888): [0,*net_scheduler*]
12-10 00:56:05.646 I/power_partial_wake_state( 1888): [1,*net_scheduler*]
12-10 00:56:05.667 I/power_partial_wake_state( 1888): [0,*net_scheduler*]
12-10 00:56:05.775 I/power_partial_wake_state( 1888): [1,*net_scheduler*]
12-10 00:56:05.794 I/power_partial_wake_state( 1888): [0,*net_scheduler*]
12-10 00:56:05.795 I/power_partial_wake_state( 1888): [1,*net_scheduler*]
12-10 00:56:05.822 I/power_partial_wake_state( 1888): [0,*net_scheduler*]
12-10 00:56:05.896 I/power_partial_wake_state( 1888): [1,CmaSystemUpdateService]
12-10 00:56:05.935 I/power_partial_wake_state( 1888): [1,*net_scheduler*]
12-10 00:56:06.002 I/notification_cancel( 1888): [10014,4153,com.google.android.gms,2130838260,NULL,0,0,64,8,NULL]
12-10 00:56:06.009 I/notification_cancel( 1888): [10014,4153,com.google.android.gms,2130838261,NULL,0,0,64,8,NULL]
12-10 00:56:06.014 I/power_partial_wake_state( 1888): [0,*net_scheduler*]
12-10 00:56:06.015 I/power_partial_wake_state( 1888): [1,*net_scheduler*]
12-10 00:56:06.020 I/system_update( 4153): [512,0,0,NULL]
12-10 00:56:06.023 I/power_partial_wake_state( 1888): [0,CmaSystemUpdateService]
12-10 00:56:06.064 I/power_partial_wake_state( 1888): [0,*net_scheduler*]
12-10 00:56:06.318 I/force_gc( 3075): Binder
12-10 00:56:06.484 I/am_proc_start( 1888): [0,8641,10138,com.sec.providers.settingsearch,content provider,com.sec.providers.settingsearch/.SettingSearchProvider]
12-10 00:56:06.509 I/am_proc_bound( 1888): [0,8641,com.sec.providers.settingsearch]
12-10 00:56:06.701 I/am_kill ( 1888): [0,7954,org.videolan.vlc,15,emptyCount ##36]
12-10 00:56:06.718 I/am_proc_died( 1888): [0,7954,org.videolan.vlc,15,261,486]
12-10 00:56:07.080 I/am_proc_start( 1888): [0,8661,10032,com.sec.android.app.sns3,broadcast,com.sec.android.app.sns3/.app.profile.SnsStatusStreamBroadcastReceiver]
12-10 00:56:07.118 I/am_proc_bound( 1888): [0,8661,com.sec.android.app.sns3]
12-10 00:56:07.160 I/sysui_panelholder_touch( 2765): [0,913,38]
12-10 00:56:07.161 I/sysui_panelbar_touch( 2765): [0,913,38,0]
12-10 00:56:07.170 I/notification_panel_revealed( 1888): []
12-10 00:56:07.334 I/sysui_panelbar_touch( 2765): [1,663,624,0]
12-10 00:56:07.703 I/am_kill ( 1888): [0,7994,com.xda.labs,15,emptyCount ##36]
12-10 00:56:07.723 I/am_proc_died( 1888): [0,7994,com.xda.labs,15,207,500]
12-10 00:56:08.025 I/notification_panel_hidden( 1888): []
12-10 00:56:08.161 I/power_partial_wake_state( 1888): [1,b]
12-10 00:56:08.163 I/power_partial_wake_state( 1888): [0,b]
12-10 00:56:08.303 I/am_proc_start( 1888): [0,8703,1000,com.samsung.aasaservice,broadcast,com.samsung.aasaservice/.AASAUpdateReceiver]
12-10 00:56:08.350 I/am_proc_bound( 1888): [0,8703,com.samsung.aasaservice]
12-10 00:56:08.446 I/am_proc_start( 1888): [0,8723,10030,com.samsung.android.app.galaxyfinder,broadcast,com.samsung.android.app.galaxyfinder/.ApplicationStatusReceiver]
12-10 00:56:08.448 I/am_kill ( 1888): [0,8015,com.gombosdev.ampere,15,emptyCount ##36]
12-10 00:56:08.471 I/am_proc_died( 1888): [0,8015,com.gombosdev.ampere,15,220,508]
12-10 00:56:08.500 I/am_proc_bound( 1888): [0,8723,com.samsung.android.app.galaxyfinder]
12-10 00:56:08.579 I/force_gc( 1888): Binder
12-10 00:56:08.905 I/am_kill ( 1888): [0,8066,org.projectvoodoo.report,15,emptyCount ##36]
12-10 00:56:08.917 I/am_proc_died( 1888): [0,8066,org.projectvoodoo.report,15,216,510]
12-10 00:56:09.018 I/am_proc_start( 1888): [0,8747,10158,de.robv.android.xposed.installer,broadcast,de.robv.android.xposed.installer/.receivers.PackageChangeReceiver]
12-10 00:56:09.053 I/am_proc_bound( 1888): [0,8747,de.robv.android.xposed.installer]
12-10 00:56:09.371 I/am_proc_start( 1888): [0,8775,10070,com.samsung.android.app.FileShareServer,broadcast,com.samsung.android.app.FileShareServer/.ServerBroadcastReceiver]
12-10 00:56:09.383 I/am_proc_bound( 1888): [0,8775,com.samsung.android.app.FileShareServer]
12-10 00:56:09.481 I/am_proc_start( 1888): [0,8795,10106,com.sec.android.app.controlpanel,broadcast,com.sec.android.app.controlpanel/.PackageIntentReceiver]
12-10 00:56:09.483 I/am_kill ( 1888): [0,8134,com.keramidas.TitaniumBackup,15,emptyCount ##36]
12-10 00:56:09.496 I/am_proc_died( 1888): [0,8134,com.keramidas.TitaniumBackup,15,203,516]
12-10 00:56:09.515 I/power_partial_wake_state( 1888): [1,b]
12-10 00:56:09.516 I/am_proc_bound( 1888): [0,8795,com.sec.android.app.controlpanel]
12-10 00:56:09.520 I/power_partial_wake_state( 1888): [0,b]
12-10 00:56:09.522 I/power_partial_wake_state( 1888): [1,b]
12-10 00:56:09.621 I/power_partial_wake_state( 1888): [0,b]
12-10 00:56:09.630 I/am_kill ( 1888): [0,8160,org.telegram.messenger,15,emptyCount ##36]
12-10 00:56:09.640 I/power_partial_wake_state( 1888): [1,GmsChimeraWakelockManager]
12-10 00:56:09.660 I/power_partial_wake_state( 1888): [1,GmsChimeraWakelockManager]
12-10 00:56:09.679 I/am_proc_start( 1888): [0,8814,10025,com.android.vending,broadcast,com.android.vending/com.google.android.finsky.receivers.PackageMonitorReceiver$RegisteredReceiver]
12-10 00:56:09.685 I/am_proc_died( 1888): [0,8160,org.telegram.messenger,15,204,518]
12-10 00:56:09.696 I/power_partial_wake_state( 1888): [0,GmsChimeraWakelockManager]
12-10 00:56:09.715 I/power_partial_wake_state( 1888): [1,Icing]
12-10 00:56:09.722 I/am_proc_bound( 1888): [0,8814,com.android.vending]
12-10 00:56:09.727 I/power_partial_wake_state( 1888): [1,b]
12-10 00:56:09.732 I/power_partial_wake_state( 1888): [0,b]
12-10 00:56:09.735 I/power_partial_wake_state( 1888): [0,GmsChimeraWakelockManager]
12-10 00:56:10.093 I/backup_data_changed( 1888): com.android.vending
12-10 00:56:10.289 I/notification_cancel( 1888): [10025,8814,com.android.vending,-1050172287,NULL,0,0,64,8,NULL]
12-10 00:56:10.538 I/power_partial_wake_state( 1888): [1,b]
12-10 00:56:10.539 I/power_partial_wake_state( 1888): [0,b]
12-10 00:56:10.631 I/am_proc_start( 1888): [0,8869,10153,com.keramidas.TitaniumBackup,broadcast,com.keramidas.TitaniumBackup/.PackageEventsReceiver]
12-10 00:56:10.646 I/am_proc_bound( 1888): [0,8869,com.keramidas.TitaniumBackup]
12-10 00:56:10.761 I/notification_cancel( 1888): [10025,8814,com.android.vending,-555892993,NULL,0,0,64,8,NULL]
12-10 00:56:10.768 I/am_kill ( 1888): [0,6455,com.sec.pcw.device,15,emptyCount ##36]
12-10 00:56:10.785 I/am_proc_died( 1888): [0,6455,com.sec.pcw.device,15,173,529]
12-10 00:56:10.974 I/am_kill ( 1888): [0,8194,com.sec.android.cloudagent,15,emptyCount ##36]
12-10 00:56:10.992 I/am_proc_died( 1888): [0,8194,com.sec.android.cloudagent,15,185,530]
12-10 00:56:11.039 I/power_partial_wake_state( 1888): [1,*net_scheduler*]
12-10 00:56:11.057 I/power_partial_wake_state( 1888): [0,*net_scheduler*]
12-10 00:56:11.132 I/power_partial_wake_state( 1888): [0,Icing]
12-10 00:56:12.012 I/am_proc_start( 1888): [0,8896,10034,com.sec.android.widgetapp.SPlannerAppWidget,broadcast,com.sec.android.widgetapp.SPlannerAppWidget/.EasyWidget.EasyCalendarAppWidgetProvider]
12-10 00:56:12.066 I/am_proc_bound( 1888): [0,8896,com.sec.android.widgetapp.SPlannerAppWidget]
12-10 00:56:12.195 I/am_proc_start( 1888): [0,8916,10035,com.android.calendar,broadcast,com.android.calendar/.alerts.AlertReceiver]
12-10 00:56:12.197 I/am_kill ( 1888): [0,7004,com.vlingo.midas,15,emptyCount ##36]
12-10 00:56:12.225 I/am_proc_died( 1888): [0,7004,com.vlingo.midas,15,182,532]
12-10 00:56:12.229 I/am_proc_bound( 1888): [0,8916,com.android.calendar]
12-10 00:56:12.325 I/power_partial_wake_state( 1888): [1,StartingAlertService]
12-10 00:56:12.342 I/power_partial_wake_state( 1888): [0,StartingAlertService]
12-10 00:56:12.344 I/power_partial_wake_state( 1888): [1,StartingAlertService]
12-10 00:56:12.360 I/power_partial_wake_state( 1888): [0,StartingAlertService]
12-10 00:56:12.360 I/power_partial_wake_state( 1888): [1,*net_scheduler*]
12-10 00:56:12.365 I/am_kill ( 1888): [0,7535,com.osp.app.signin,15,emptyCount ##36]
12-10 00:56:12.403 I/am_proc_start( 1888): [0,8942,10041,com.android.providers.calendar,broadcast,com.android.providers.calendar/.CalendarProviderBroadcastReceiver]
12-10 00:56:12.405 I/am_proc_died( 1888): [0,7535,com.osp.app.signin,15,185,532]
12-10 00:56:12.422 I/power_partial_wake_state( 1888): [0,*net_scheduler*]
12-10 00:56:12.434 I/am_proc_bound( 1888): [0,8942,com.android.providers.calendar]
12-10 00:56:12.489 I/power_partial_wake_state( 1888): [1,*net_scheduler*]
12-10 00:56:12.535 I/power_partial_wake_state( 1888): [0,*net_scheduler*]
12-10 00:56:12.536 I/power_partial_wake_state( 1888): [1,*net_scheduler*]
12-10 00:56:12.548 I/power_partial_wake_state( 1888): [0,*net_scheduler*]
12-10 00:56:12.921 I/power_partial_wake_state( 1888): [1,ScheduleNextAlarmWakeLock]
12-10 00:56:12.960 I/power_partial_wake_state( 1888): [1,SyncManagerHandleSyncAlarm]
12-10 00:56:12.964 I/power_partial_wake_state( 1888): [1,SyncLoopWakeLock]
12-10 00:56:12.967 I/power_partial_wake_state( 1888): [0,SyncManagerHandleSyncAlarm]
12-10 00:56:12.969 I/power_partial_wake_state( 1888): [0,SyncLoopWakeLock]
12-10 00:56:12.979 I/power_partial_wake_state( 1888): [0,*alarm*]
12-10 00:56:13.059 I/power_partial_wake_state( 1888): [0,ScheduleNextAlarmWakeLock]
12-10 00:56:13.129 I/power_partial_wake_state( 1888): [1,*net_scheduler*]
12-10 00:56:13.155 I/power_partial_wake_state( 1888): [0,*net_scheduler*]
12-10 00:56:13.186 I/power_partial_wake_state( 1888): [1,*net_scheduler*]
12-10 00:56:13.235 I/power_partial_wake_state( 1888): [0,*net_scheduler*]
12-10 00:56:13.236 I/power_partial_wake_state( 1888): [1,*net_scheduler*]
12-10 00:56:13.250 I/power_partial_wake_state( 1888): [0,*net_scheduler*]
12-10 00:56:13.960 I/power_partial_wake_state( 1888): [1,StartingAlertService]
12-10 00:56:13.972 I/power_partial_wake_state( 1888): [1,StartingAlertService]
12-10 00:56:13.974 I/power_partial_wake_state( 1888): [0,StartingAlertService]
12-10 00:56:13.983 I/power_partial_wake_state( 1888): [0,StartingAlertService]
12-10 00:56:13.984 I/am_kill ( 1888): [0,7090,com.samsung.android.sconnect,15,emptyCount ##36]
12-10 00:56:13.997 I/am_proc_died( 1888): [0,7090,com.samsung.android.sconnect,15,158,552]
12-10 00:56:17.292 I/power_partial_wake_state( 1888): [1,*alarm*]
12-10 00:56:17.292 I/power_partial_wake_state( 1888): [0,*alarm*]
12-10 00:56:17.457 I/notification_cancel( 1888): [1000,1888,android,2,NULL,0,0,0,8,NULL]
12-10 00:56:17.548 I/notification_cancel( 1888): [1000,1888,android,2,NULL,0,0,0,8,NULL]
12-10 00:56:18.329 I/power_partial_wake_state( 1888): [1,*alarm*]
12-10 00:56:18.330 I/power_partial_wake_state( 1888): [0,*alarm*]
12-10 00:56:18.489 I/notification_cancel( 1888): [1000,1888,android,2,NULL,0,0,0,8,NULL]
12-10 00:56:18.491 I/force_gc( 1888): Binder
12-10 00:56:18.695 I/notification_cancel( 1888): [1000,1888,android,2,NULL,0,0,0,8,NULL]
12-10 00:56:18.898 I/am_proc_start( 1888): [0,8992,10014,com.google.android.gms:car,service,com.google.android.gms/.car.CarService]
12-10 00:56:18.921 I/notification_cancel( 1888): [1000,1888,android,2,NULL,0,0,0,8,NULL]
12-10 00:56:18.935 I/am_proc_bound( 1888): [0,8992,com.google.android.gms:car]
12-10 00:56:18.957 I/notification_cancel( 1888): [1000,1888,android,2,NULL,0,0,0,8,NULL]
12-10 00:56:18.979 I/force_gc( 4153): Binder
12-10 00:56:19.212 I/notification_cancel( 1888): [10014,8992,com.google.android.gms,10436,NOT_LMP,0,0,64,8,NULL]
12-10 00:56:19.212 I/notification_cancel( 1888): [10014,8992,com.google.android.gms,39789,NOT_LMP,0,0,64,8,NULL]
12-10 00:56:19.501 I/am_kill ( 1888): [0,4699,com.af.synapse,0,stop com.af.synapse cause from pid 1888]
12-10 00:56:19.506 I/am_schedule_service_restart( 1888): [0,com.af.synapse/.lib.BootService,1000]
12-10 00:56:19.507 I/am_finish_activity( 1888): [0,362984358,183,com.af.synapse/.MainActivity,proc died without state saved]
12-10 00:56:19.517 I/wm_task_removed( 1888): [183,removeAppToken: last token]
12-10 00:56:19.519 I/sf_frame_dur(  233): [com.af.synapse/com.af.synapse.MainActivity,1106,65,18,10,26,21,4]
12-10 00:56:19.519 I/wm_task_removed( 1888): [183,removeTask]
12-10 00:56:19.538 I/am_resume_activity( 1888): [0,400834209,180,com.sec.android.app.launcher/com.android.launcher2.Launcher]
12-10 00:56:19.591 I/notification_cancel_all( 1888): [1000,1888,com.af.synapse,0,0,0,5,NULL]
12-10 00:56:19.652 I/am_on_resume_called( 3162): [0,com.android.launcher2.Launcher]
12-10 00:56:19.709 I/notification_cancel( 1888): [10025,8814,com.android.vending,10436,NULL,0,0,64,8,NULL]
12-10 00:56:20.352 I/notification_cancel( 1888): [1000,1888,android,2,NULL,0,0,0,8,NULL]
12-10 00:56:20.388 I/notification_cancel( 1888): [1000,1888,android,2,NULL,0,0,0,8,NULL]
12-10 00:56:21.084 I/am_proc_start( 1888): [0,9034,10007,com.android.defcontainer,service,com.android.defcontainer/.DefaultContainerService]
12-10 00:56:21.108 I/power_partial_wake_state( 1888): [1,*alarm*]
12-10 00:56:21.131 I/am_proc_bound( 1888): [0,9034,com.android.defcontainer]
12-10 00:56:21.173 I/wm_task_moved( 1888): [180,1,0]
12-10 00:56:21.177 I/am_focus_stack( 1888): [0,movestack to true]
12-10 00:56:21.178 I/power_partial_wake_state( 1888): [1,wake:com.android.vending/com.google.android.finsky.receivers.FlushLogsReceiver$FlushLogsService]
12-10 00:56:21.181 I/power_partial_wake_state( 1888): [0,*alarm*]
12-10 00:56:21.194 I/power_partial_wake_state( 1888): [1,*net_scheduler*]
12-10 00:56:21.256 I/power_partial_wake_state( 1888): [0,*net_scheduler*]
12-10 00:56:21.259 I/notification_cancel( 1888): [1000,1888,android,2,NULL,0,0,0,8,NULL]
12-10 00:56:21.527 I/am_focus_stack( 1888): [1,exsiting-zone]
12-10 00:56:21.529 I/am_create_task( 1888): [0,184]
12-10 00:56:21.529 I/am_create_activity( 1888): [0,997276805,184,org.indywidualni.fblite/.activity.SplashActivity,android.intent.action.MAIN,NULL,NULL,270532608,com.sec.android.app.launcher]
12-10 00:56:21.530 I/wm_task_created( 1888): [184,1]
12-10 00:56:21.530 I/wm_task_moved( 1888): [184,1,1]
12-10 00:56:21.530 I/am_pause_activity( 1888): [0,400834209,com.sec.android.app.launcher/com.android.launcher2.Launcher]
12-10 00:56:21.532 I/power_partial_wake_state( 1888): [1,ActivityManager-Launch]
12-10 00:56:21.542 I/am_on_paused_called( 3162): [0,com.android.launcher2.Launcher]
12-10 00:56:21.585 I/am_proc_start( 1888): [0,9062,10193,org.indywidualni.fblite,activity,org.indywidualni.fblite/.activity.SplashActivity]
12-10 00:56:21.612 I/am_proc_bound( 1888): [0,9062,org.indywidualni.fblite]
12-10 00:56:21.623 I/am_restart_activity( 1888): [0,997276805,184,org.indywidualni.fblite/.activity.SplashActivity]
12-10 00:56:21.677 I/sf_frame_dur(  233): [com.sec.android.app.launcher/com.android.launcher2.Launcher,1,1,1,0,0,0,1]
12-10 00:56:21.715 I/power_partial_wake_state( 1888): [0,wake:com.android.vending/com.google.android.finsky.receivers.FlushLogsReceiver$FlushLogsService]
12-10 00:56:21.738 I/am_kill ( 1888): [0,8095,com.samsung.android.themestore,15,emptyCount ##36]
12-10 00:56:21.740 I/am_kill ( 1888): [0,7318,com.android.email,15,emptyCount ##37]
12-10 00:56:21.757 I/am_proc_died( 1888): [0,8095,com.samsung.android.themestore,15,155,598]
12-10 00:56:21.773 I/am_proc_died( 1888): [0,7318,com.android.email,15,158,598]
12-10 00:56:21.879 I/am_on_resume_called( 9062): [0,org.indywidualni.fblite.activity.SplashActivity]
12-10 00:56:22.117 I/am_create_activity( 1888): [0,337980208,184,org.indywidualni.fblite/.activity.MainActivity,NULL,NULL,NULL,268435456,org.indywidualni.fblite]
12-10 00:56:22.120 I/am_pause_activity( 1888): [0,997276805,org.indywidualni.fblite/.activity.SplashActivity]
12-10 00:56:22.121 I/power_partial_wake_state( 1888): [1,ActivityManager-Launch]
