12-10 00:57:07.503 E/QURAM   ( 8388): ParseQdioFile :: qdio_info NULL
12-10 00:57:07.504 D/SurfaceFlinger(  233): FPS : 14.11
12-10 00:57:07.504 W/SurfaceFlinger(  233): Fail to Open /sys/devices/platform/gpusysfs/fps
12-10 00:57:07.529 I/AudioPolicyManager_legacy(  277): getAudioPolicyConfig: audioParam;outDevice
12-10 00:57:07.529 V/AudioPolicyManager_legacy(  277): getNewOutputDevice() selected device 0
12-10 00:57:07.529 V/AudioPolicyManager_legacy(  277): ### curdevice : 2
12-10 00:57:07.529 I/ActivityManager( 1888): Displayed com.tortel.syslog/.FragmentMainActivity: +884ms
12-10 00:57:07.529 D/CustomFrequencyManagerService( 1888): releaseDVFSLockLocked : Getting Lock type frm List : DVFS_MIN_LIMIT  frequency : 384000  uid : 1000  pid : 1888  tag : LAUNCHER_APP_BOOSTER_CPU@6
12-10 00:57:07.530 D/CustomFrequencyManagerService( 1888): releaseDVFSLockLocked : Getting Lock type frm List : DVFS_MIN_LIMIT  frequency : 1890000  uid : 1000  pid : 1888  tag : ACTIVITY_RESUME_BOOSTER@7
12-10 00:57:07.531 W/ActivityManager( 1888): mDVFSHelper.release()
12-10 00:57:07.531 I/Timeline( 1888): Timeline: Activity_windows_visible id: ActivityRecord{226547cd u0 com.tortel.syslog/.FragmentMainActivity t189} time:169214
12-10 00:57:07.531 D/CustomFrequencyManagerService( 1888): acquireDVFSLockLocked : type : DVFS_MIN_LIMIT  frequency : 1890000  uid : 1000  pid : 1888  pkgName : ACTIVITY_RESUME_BOOSTER@11
12-10 00:57:07.536 E/QURAM   ( 8388): ParseQdioFile :: qdio_info NULL
12-10 00:57:07.540 D/InputMethodManagerService( 1888): windowGainedFocus mCurrentFocusedUserId - 0 and mSecureKeypadEnabled-false
12-10 00:57:07.542 W/ContextImpl( 1888): Calling a method in the system process without a qualified user: android.app.ContextImpl.sendBroadcast:1699 com.android.server.InputMethodManagerService$6.run:2733 java.lang.Thread.run:818 <bottom of call stack> <bottom of call stack> 
12-10 00:57:07.545 D/SysLog  (10279): Enabling log button: true
12-10 00:57:07.552 D/SurfaceFlinger(  233): FPS : 14.11
12-10 00:57:07.552 W/SurfaceFlinger(  233): Fail to Open /sys/devices/platform/gpusysfs/fps
12-10 00:57:07.577 E/QURAM   ( 8388): ParseQdioFile :: qdio_info NULL
12-10 00:57:07.577 D/SurfaceFlinger(  233): FPS : 15.19
12-10 00:57:07.577 W/SurfaceFlinger(  233): Fail to Open /sys/devices/platform/gpusysfs/fps
12-10 00:57:07.580 I/Timeline(10279): Timeline: Activity_idle id: android.os.BinderProxy@2e780d18 time:169263
12-10 00:57:07.600 D/SurfaceFlinger(  233): FPS : 15.19
12-10 00:57:07.600 W/SurfaceFlinger(  233): Fail to Open /sys/devices/platform/gpusysfs/fps
12-10 00:57:07.607 E/QURAM   ( 8388): ParseQdioFile :: qdio_info NULL
12-10 00:57:07.630 I/AudioPolicyManager_legacy(  277): getAudioPolicyConfig: audioParam;outDevice
12-10 00:57:07.630 V/AudioPolicyManager_legacy(  277): getNewOutputDevice() selected device 0
12-10 00:57:07.630 V/AudioPolicyManager_legacy(  277): ### curdevice : 2
12-10 00:57:07.631 E/QURAM   ( 8388): ParseQdioFile :: qdio_info NULL
12-10 00:57:07.659 E/QURAM   ( 8388): ParseQdioFile :: qdio_info NULL
12-10 00:57:07.665 E/SMD     ( 9111): smd Interface open failed errno is 2 -1
12-10 00:57:07.689 E/QURAM   ( 8388): ParseQdioFile :: qdio_info NULL
12-10 00:57:07.724 E/QURAM   ( 8388): ParseQdioFile :: qdio_info NULL
12-10 00:57:07.731 I/AudioPolicyManager_legacy(  277): getAudioPolicyConfig: audioParam;outDevice
12-10 00:57:07.731 V/AudioPolicyManager_legacy(  277): getNewOutputDevice() selected device 0
12-10 00:57:07.731 V/AudioPolicyManager_legacy(  277): ### curdevice : 2
12-10 00:57:07.743 I/ServiceManager(  312): Waiting for service AtCmdFwd...
12-10 00:57:07.757 E/QURAM   ( 8388): ParseQdioFile :: qdio_info NULL
12-10 00:57:07.790 E/QURAM   ( 8388): ParseQdioFile :: qdio_info NULL
12-10 00:57:07.826 E/QURAM   ( 8388): ParseQdioFile :: qdio_info NULL
12-10 00:57:07.832 I/AudioPolicyManager_legacy(  277): getAudioPolicyConfig: audioParam;outDevice
12-10 00:57:07.833 V/AudioPolicyManager_legacy(  277): getNewOutputDevice() selected device 0
12-10 00:57:07.833 V/AudioPolicyManager_legacy(  277): ### curdevice : 2
12-10 00:57:07.833 D/CustomFrequencyManagerService( 1888): releaseDVFSLockLocked : Getting Lock type frm List : DVFS_MIN_LIMIT  frequency : 1890000  uid : 1000  pid : 1888  tag : ACTIVITY_RESUME_BOOSTER@11
12-10 00:57:07.856 E/QURAM   ( 8388): ParseQdioFile :: qdio_info NULL
12-10 00:57:07.888 E/QURAM   ( 8388): ParseQdioFile :: qdio_info NULL
12-10 00:57:07.920 E/QURAM   ( 8388): ParseQdioFile :: qdio_info NULL
12-10 00:57:07.933 I/AudioPolicyManager_legacy(  277): getAudioPolicyConfig: audioParam;outDevice
12-10 00:57:07.934 V/AudioPolicyManager_legacy(  277): getNewOutputDevice() selected device 0
12-10 00:57:07.934 V/AudioPolicyManager_legacy(  277): ### curdevice : 2
12-10 00:57:07.959 E/QURAM   ( 8388): ParseQdioFile :: qdio_info NULL
12-10 00:57:07.997 E/QURAM   ( 8388): ParseQdioFile :: qdio_info NULL
12-10 00:57:08.031 E/QURAM   ( 8388): ParseQdioFile :: qdio_info NULL
12-10 00:57:08.035 I/AudioPolicyManager_legacy(  277): getAudioPolicyConfig: audioParam;outDevice
12-10 00:57:08.036 V/AudioPolicyManager_legacy(  277): getNewOutputDevice() selected device 0
12-10 00:57:08.036 V/AudioPolicyManager_legacy(  277): ### curdevice : 2
12-10 00:57:08.063 E/QURAM   ( 8388): ParseQdioFile :: qdio_info NULL
12-10 00:57:08.075 D/SurfaceFlinger(  233): FPS : 4.02
12-10 00:57:08.075 W/SurfaceFlinger(  233): Fail to Open /sys/devices/platform/gpusysfs/fps
12-10 00:57:08.100 E/QURAM   ( 8388): ParseQdioFile :: qdio_info NULL
12-10 00:57:08.113 D/InputReader( 1888): Input event: value=1
12-10 00:57:08.113 I/InputReader( 1888): Touch event's action is 0x0 (deviceType=0) [pCnt=1, s=0.69 ] when=169796668000
12-10 00:57:08.114 I/InputDispatcher( 1888): Delivering touch to (2765): action: 0x4, toolType: 1
12-10 00:57:08.115 I/InputDispatcher( 1888): Delivering touch to (10279): action: 0x0, toolType: 1
12-10 00:57:08.115 D/ViewRootImpl(10279): ViewPostImeInputStage ACTION_DOWN
12-10 00:57:08.127 E/QURAM   ( 8388): ParseQdioFile :: qdio_info NULL
12-10 00:57:08.136 I/AudioPolicyManager_legacy(  277): getAudioPolicyConfig: audioParam;outDevice
12-10 00:57:08.136 V/AudioPolicyManager_legacy(  277): getNewOutputDevice() selected device 0
12-10 00:57:08.136 V/AudioPolicyManager_legacy(  277): ### curdevice : 2
12-10 00:57:08.148 E/QURAM   ( 8388): ParseQdioFile :: qdio_info NULL
12-10 00:57:08.172 E/QURAM   ( 8388): ParseQdioFile :: qdio_info NULL
12-10 00:57:08.199 E/QURAM   ( 8388): ParseQdioFile :: qdio_info NULL
12-10 00:57:08.220 D/InputReader( 1888): Input event: value=0
12-10 00:57:08.220 I/InputReader( 1888): Touch event's action is 0x1 (deviceType=0) [pCnt=1, s=] when=169903937000
12-10 00:57:08.220 I/InputDispatcher( 1888): Delivering touch to (10279): action: 0x1, toolType: 1
12-10 00:57:08.235 E/QURAM   ( 8388): ParseQdioFile :: qdio_info NULL
12-10 00:57:08.237 I/AudioPolicyManager_legacy(  277): getAudioPolicyConfig: audioParam;outDevice
12-10 00:57:08.237 V/AudioPolicyManager_legacy(  277): getNewOutputDevice() selected device 0
12-10 00:57:08.237 V/AudioPolicyManager_legacy(  277): ### curdevice : 2
12-10 00:57:08.265 D/SurfaceFlinger(  233): FPS : 4.02
12-10 00:57:08.265 W/SurfaceFlinger(  233): Fail to Open /sys/devices/platform/gpusysfs/fps
12-10 00:57:08.275 E/QURAM   ( 8388): ParseQdioFile :: qdio_info NULL
12-10 00:57:08.280 V/SysLog  (10279): Path: /storage/emulated/0/SysLog/2016-12-10_00.57/
12-10 00:57:08.289 D/SurfaceFlinger(  233): FPS : 4.02
12-10 00:57:08.289 W/SurfaceFlinger(  233): Fail to Open /sys/devices/platform/gpusysfs/fps
12-10 00:57:08.305 E/QURAM   ( 8388): ParseQdioFile :: qdio_info NULL
12-10 00:57:08.327 V/SysLog  (10279): Done grabbing logs
12-10 00:57:08.331 E/QURAM   ( 8388): ParseQdioFile :: qdio_info NULL
12-10 00:57:08.338 I/AudioPolicyManager_legacy(  277): getAudioPolicyConfig: audioParam;outDevice
12-10 00:57:08.338 V/AudioPolicyManager_legacy(  277): getNewOutputDevice() selected device 0
12-10 00:57:08.338 V/AudioPolicyManager_legacy(  277): ### curdevice : 2
12-10 00:57:08.359 D/StatusBarManagerService( 1888): manageDisableList userId=0 what=0x0 pkg=WindowManager.LayoutParams
12-10 00:57:08.361 D/PointerIcon( 1888): setMouseIconStyle1 pointerType: 1001iconType:101 flag:0
12-10 00:57:08.362 D/PointerIcon( 1888): setMouseCustomIcon IconType is same.101
12-10 00:57:08.362 D/PointerIcon( 1888): setHoveringSpenIconStyle1 pointerType: 10001iconType:1 flag:0
12-10 00:57:08.362 D/PointerIcon( 1888): setHoveringSpenCustomIcon IconType is same.1
12-10 00:57:08.364 E/QURAM   ( 8388): ParseQdioFile :: qdio_info NULL
12-10 00:57:08.386 D/SurfaceFlinger(  233): FPS : 9.64
12-10 00:57:08.386 W/SurfaceFlinger(  233): Fail to Open /sys/devices/platform/gpusysfs/fps
12-10 00:57:08.396 E/QURAM   ( 8388): ParseQdioFile :: qdio_info NULL
12-10 00:57:08.431 D/SurfaceFlinger(  233): FPS : 9.64
12-10 00:57:08.431 W/SurfaceFlinger(  233): Fail to Open /sys/devices/platform/gpusysfs/fps
12-10 00:57:08.439 I/AudioPolicyManager_legacy(  277): getAudioPolicyConfig: audioParam;outDevice
12-10 00:57:08.439 V/AudioPolicyManager_legacy(  277): getNewOutputDevice() selected device 0
12-10 00:57:08.439 V/AudioPolicyManager_legacy(  277): ### curdevice : 2
12-10 00:57:08.445 E/QURAM   ( 8388): ParseQdioFile :: qdio_info NULL
12-10 00:57:08.461 D/InputMethodManagerService( 1888): windowGainedFocus mCurrentFocusedUserId - 0 and mSecureKeypadEnabled-false
12-10 00:57:08.463 W/ContextImpl( 1888): Calling a method in the system process without a qualified user: android.app.ContextImpl.sendBroadcast:1699 com.android.server.InputMethodManagerService$6.run:2733 java.lang.Thread.run:818 <bottom of call stack> <bottom of call stack> 
12-10 00:57:08.481 E/QURAM   ( 8388): ParseQdioFile :: qdio_info NULL
12-10 00:57:08.502 D/SurfaceFlinger(  233): FPS : 9.64
12-10 00:57:08.502 W/SurfaceFlinger(  233): Fail to Open /sys/devices/platform/gpusysfs/fps
12-10 00:57:08.510 E/QURAM   ( 8388): ParseQdioFile :: qdio_info NULL
12-10 00:57:08.526 D/SurfaceFlinger(  233): FPS : 9.64
12-10 00:57:08.526 W/SurfaceFlinger(  233): Fail to Open /sys/devices/platform/gpusysfs/fps
12-10 00:57:08.540 I/AudioPolicyManager_legacy(  277): getAudioPolicyConfig: audioParam;outDevice
12-10 00:57:08.540 V/AudioPolicyManager_legacy(  277): getNewOutputDevice() selected device 0
12-10 00:57:08.540 V/AudioPolicyManager_legacy(  277): ### curdevice : 2
12-10 00:57:08.542 E/QURAM   ( 8388): ParseQdioFile :: qdio_info NULL
12-10 00:57:08.551 D/SurfaceFlinger(  233): FPS : 9.64
12-10 00:57:08.551 W/SurfaceFlinger(  233): Fail to Open /sys/devices/platform/gpusysfs/fps
12-10 00:57:08.578 D/SurfaceFlinger(  233): FPS : 9.64
12-10 00:57:08.578 W/SurfaceFlinger(  233): Fail to Open /sys/devices/platform/gpusysfs/fps
12-10 00:57:08.582 E/QURAM   ( 8388): ParseQdioFile :: qdio_info NULL
12-10 00:57:08.600 D/SurfaceFlinger(  233): FPS : 9.64
12-10 00:57:08.600 W/SurfaceFlinger(  233): Fail to Open /sys/devices/platform/gpusysfs/fps
12-10 00:57:08.612 E/QURAM   ( 8388): ParseQdioFile :: qdio_info NULL
12-10 00:57:08.625 D/SurfaceFlinger(  233): FPS : 9.64
12-10 00:57:08.625 W/SurfaceFlinger(  233): Fail to Open /sys/devices/platform/gpusysfs/fps
12-10 00:57:08.641 I/AudioPolicyManager_legacy(  277): getAudioPolicyConfig: audioParam;outDevice
12-10 00:57:08.641 V/AudioPolicyManager_legacy(  277): getNewOutputDevice() selected device 0
12-10 00:57:08.641 V/AudioPolicyManager_legacy(  277): ### curdevice : 2
12-10 00:57:08.646 D/SurfaceFlinger(  233): FPS : 30.71
12-10 00:57:08.646 W/SurfaceFlinger(  233): Fail to Open /sys/devices/platform/gpusysfs/fps
12-10 00:57:08.648 E/QURAM   ( 8388): ParseQdioFile :: qdio_info NULL
12-10 00:57:08.669 E/SMD     ( 9111): smd Interface open failed errno is 2 -1
12-10 00:57:08.670 D/SurfaceFlinger(  233): FPS : 30.71
12-10 00:57:08.670 W/SurfaceFlinger(  233): Fail to Open /sys/devices/platform/gpusysfs/fps
12-10 00:57:08.682 E/QURAM   ( 8388): ParseQdioFile :: qdio_info NULL
