12-10 00:57:02.560 D/SurfaceFlinger(  233): FPS : 2.81
12-10 00:57:02.560 E/QURAM   ( 8388): ParseQdioFile :: qdio_info NULL
12-10 00:57:02.560 W/SurfaceFlinger(  233): Fail to Open /sys/devices/platform/gpusysfs/fps
12-10 00:57:02.562 E/QURAM   ( 8388): ParseQdioFile :: qdio_info NULL
12-10 00:57:02.569 E/QURAM   ( 8388): ParseQdioFile :: qdio_info NULL
12-10 00:57:02.571 E/QURAM   ( 8388): ParseQdioFile :: qdio_info NULL
12-10 00:57:02.577 E/QURAM   ( 8388): ParseQdioFile :: qdio_info NULL
12-10 00:57:02.585 D/PointerIcon( 1888): setMouseIconStyle1 pointerType: 1001iconType:101 flag:0
12-10 00:57:02.586 D/PointerIcon( 1888): setMouseCustomIcon IconType is same.101
12-10 00:57:02.586 D/PointerIcon( 1888): setHoveringSpenIconStyle1 pointerType: 10001iconType:1 flag:0
12-10 00:57:02.586 D/PointerIcon( 1888): setHoveringSpenCustomIcon IconType is same.1
12-10 00:57:02.588 D/libEGL  ( 9677): loaded /vendor/lib/egl/libEGL_adreno.so
12-10 00:57:02.589 D/libEGL  ( 9677): loaded /vendor/lib/egl/libGLESv1_CM_adreno.so
12-10 00:57:02.594 E/QURAM   ( 8388): ParseQdioFile :: qdio_info NULL
12-10 00:57:02.598 E/QURAM   ( 8388): ParseQdioFile :: qdio_info NULL
12-10 00:57:02.602 E/QURAM   ( 8388): ParseQdioFile :: qdio_info NULL
12-10 00:57:02.602 D/libEGL  ( 9677): loaded /vendor/lib/egl/libGLESv2_adreno.so
12-10 00:57:02.604 E/QURAM   ( 8388): ParseQdioFile :: qdio_info NULL
12-10 00:57:02.607 E/QURAM   ( 8388): ParseQdioFile :: qdio_info NULL
12-10 00:57:02.608 D/SurfaceFlinger(  233): FPS : 2.81
12-10 00:57:02.608 W/SurfaceFlinger(  233): Fail to Open /sys/devices/platform/gpusysfs/fps
12-10 00:57:02.611 E/QURAM   ( 8388): ParseQdioFile :: qdio_info NULL
12-10 00:57:02.613 E/QURAM   ( 8388): ParseQdioFile :: qdio_info NULL
12-10 00:57:02.615 I/Adreno-EGL( 9677): <qeglDrvAPI_eglInitialize:410>: EGL 1.4 QUALCOMM build:  ()
12-10 00:57:02.615 I/Adreno-EGL( 9677): OpenGL ES Shader Compiler Version: E031.25.03.06
12-10 00:57:02.615 I/Adreno-EGL( 9677): Build Date: 01/24/15 Sat
12-10 00:57:02.615 I/Adreno-EGL( 9677): Local Branch: AF11_RB1_AU15
12-10 00:57:02.615 I/Adreno-EGL( 9677): Remote Branch: 
12-10 00:57:02.615 I/Adreno-EGL( 9677): Local Patches: 
12-10 00:57:02.615 I/Adreno-EGL( 9677): Reconstruct Branch: 
12-10 00:57:02.616 I/OpenGLRenderer( 9677): Initialized EGL, version 1.4
12-10 00:57:02.619 E/QURAM   ( 8388): ParseQdioFile :: qdio_info NULL
12-10 00:57:02.622 E/QURAM   ( 8388): ParseQdioFile :: qdio_info NULL
12-10 00:57:02.625 E/QURAM   ( 8388): ParseQdioFile :: qdio_info NULL
12-10 00:57:02.628 E/QURAM   ( 8388): ParseQdioFile :: qdio_info NULL
12-10 00:57:02.630 E/QURAM   ( 8388): ParseQdioFile :: qdio_info NULL
12-10 00:57:02.631 D/SurfaceFlinger(  233): FPS : 2.81
12-10 00:57:02.631 W/SurfaceFlinger(  233): Fail to Open /sys/devices/platform/gpusysfs/fps
12-10 00:57:02.633 D/OpenGLRenderer( 9677): Enabling debug mode 0
12-10 00:57:02.638 E/QURAM   ( 8388): ParseQdioFile :: qdio_info NULL
12-10 00:57:02.641 E/QURAM   ( 8388): ParseQdioFile :: qdio_info NULL
12-10 00:57:02.644 E/QURAM   ( 8388): ParseQdioFile :: qdio_info NULL
12-10 00:57:02.648 E/QURAM   ( 8388): ParseQdioFile :: qdio_info NULL
12-10 00:57:02.651 E/QURAM   ( 8388): ParseQdioFile :: qdio_info NULL
12-10 00:57:02.656 D/SurfaceFlinger(  233): FPS : 2.81
12-10 00:57:02.656 W/SurfaceFlinger(  233): Fail to Open /sys/devices/platform/gpusysfs/fps
12-10 00:57:02.657 E/QURAM   ( 8388): ParseQdioFile :: qdio_info NULL
12-10 00:57:02.660 I/AudioPolicyManager_legacy(  277): getAudioPolicyConfig: audioParam;outDevice
12-10 00:57:02.660 V/AudioPolicyManager_legacy(  277): getNewOutputDevice() selected device 0
12-10 00:57:02.660 V/AudioPolicyManager_legacy(  277): ### curdevice : 2
12-10 00:57:02.661 E/QURAM   ( 8388): ParseQdioFile :: qdio_info NULL
12-10 00:57:02.664 E/SMD     ( 9111): smd Interface open failed errno is 2 -1
12-10 00:57:02.664 E/QURAM   ( 8388): ParseQdioFile :: qdio_info NULL
12-10 00:57:02.668 E/QURAM   ( 8388): ParseQdioFile :: qdio_info NULL
12-10 00:57:02.670 D/Recents_TaskStackView( 9677): onMeasure is getting called
12-10 00:57:02.670 D/Recents_TaskStackView( 9677): computeRects is called 1080windowWidth1920taskStackBoundsRect(0, 0 - 1080, 1920)
12-10 00:57:02.670 D/Recents_TaskStackView( 9677): updateMinMaxScroll is getting called
12-10 00:57:02.670 D/Recents_TaskStackView( 9677): requestSynchronizeStackViewsWithModel duration=0
12-10 00:57:02.670 D/Recents_TaskStackView( 9677): requestSynchronizeStackViewsWithModel duration=0
12-10 00:57:02.670 D/Recents_TaskStackView( 9677): synchronizeStackViewsWithModel is called mStackViewsDirtytrue
12-10 00:57:02.670 D/Recents_TaskStackView( 9677): updateStackTransforms is getting called
12-10 00:57:02.671 D/Recents_TaskStackView( 9677): onLayout is getting called
12-10 00:57:02.671 E/QURAM   ( 8388): ParseQdioFile :: qdio_info NULL
12-10 00:57:02.672 D/Recents_TaskStackView( 9677): synchronizeStackViewsWithModel is called mStackViewsDirtyfalse
12-10 00:57:02.673 E/QURAM   ( 8388): ParseQdioFile :: qdio_info NULL
12-10 00:57:02.676 E/QURAM   ( 8388): ParseQdioFile :: qdio_info NULL
12-10 00:57:02.679 D/SurfaceFlinger(  233): FPS : 2.81
12-10 00:57:02.679 W/SurfaceFlinger(  233): Fail to Open /sys/devices/platform/gpusysfs/fps
12-10 00:57:02.680 E/QURAM   ( 8388): ParseQdioFile :: qdio_info NULL
12-10 00:57:02.683 E/QURAM   ( 8388): ParseQdioFile :: qdio_info NULL
12-10 00:57:02.686 E/QURAM   ( 8388): ParseQdioFile :: qdio_info NULL
12-10 00:57:02.688 E/QURAM   ( 8388): ParseQdioFile :: qdio_info NULL
12-10 00:57:02.698 E/QURAM   ( 8388): ParseQdioFile :: qdio_info NULL
12-10 00:57:02.702 D/InputMethodManagerService( 1888): windowGainedFocus mCurrentFocusedUserId - 0 and mSecureKeypadEnabled-false
12-10 00:57:02.703 D/SurfaceFlinger(  233): FPS : 2.81
12-10 00:57:02.703 W/SurfaceFlinger(  233): Fail to Open /sys/devices/platform/gpusysfs/fps
12-10 00:57:02.706 E/QURAM   ( 8388): ParseQdioFile :: qdio_info NULL
12-10 00:57:02.708 E/QURAM   ( 8388): ParseQdioFile :: qdio_info NULL
12-10 00:57:02.711 E/QURAM   ( 8388): ParseQdioFile :: qdio_info NULL
12-10 00:57:02.713 W/ContextImpl( 1888): Calling a method in the system process without a qualified user: android.app.ContextImpl.sendBroadcast:1699 com.android.server.InputMethodManagerService$6.run:2733 java.lang.Thread.run:818 <bottom of call stack> <bottom of call stack> 
12-10 00:57:02.714 I/ActivityManager( 1888): Displayed com.android.systemui/.recents.RecentsActivity: +764ms
12-10 00:57:02.714 D/StatusBarManagerService( 1888): manageDisableList userId=0 what=0x0 pkg=WindowManager.LayoutParams
12-10 00:57:02.716 D/Recents_AlternateRecentsComponent( 2765): onAnimationStarted is getting called
12-10 00:57:02.717 D/Recents_TaskStackView( 9677): onMeasure is getting called
12-10 00:57:02.717 D/Recents_TaskStackView( 9677): computeRects is called 1080windowWidth1920taskStackBoundsRect(0, 0 - 1080, 1920)
12-10 00:57:02.717 D/Recents_TaskStackView( 9677): updateMinMaxScroll is getting called
12-10 00:57:02.717 D/Recents_TaskStackView( 9677): onLayout is getting called
12-10 00:57:02.718 D/Recents_TaskStackView( 9677): synchronizeStackViewsWithModel is called mStackViewsDirtyfalse
12-10 00:57:02.719 W/ContextImpl( 1888): Calling a method in the system process without a qualified user: android.app.ContextImpl.sendBroadcast:1699 com.android.internal.policy.impl.PhoneWindowManager.notifyToSSRM:5611 com.android.internal.policy.impl.PhoneWindowManager.access$600:192 com.android.internal.policy.impl.PhoneWindowManager$PolicyHandler.handleMessage:806 android.os.Handler.dispatchMessage:102 
12-10 00:57:02.721 D/SSRM:a  ( 1888): DeviceInfo:: 000000000000
12-10 00:57:02.722 D/SSRM:a  ( 1888): SettingsAirViewInfo:: 000000000
12-10 00:57:02.725 E/QURAM   ( 8388): ParseQdioFile :: qdio_info NULL
12-10 00:57:02.726 D/Recents_TaskStackView( 9677): startEnterRecentsAnimation is getting called
12-10 00:57:02.727 I/Timeline( 9677): Timeline: Activity_idle id: android.os.BinderProxy@2d1df872 time:164410
12-10 00:57:02.727 D/SurfaceFlinger(  233): FPS : 2.81
12-10 00:57:02.727 W/SurfaceFlinger(  233): Fail to Open /sys/devices/platform/gpusysfs/fps
12-10 00:57:02.732 D/CustomFrequencyManagerService( 1888): releaseDVFSLockLocked : Getting Lock type frm List : DVFS_MIN_LIMIT  frequency : 1890000  uid : 1000  pid : 1888  tag : ACTIVITY_RESUME_BOOSTER@7
12-10 00:57:02.732 W/ActivityManager( 1888): mDVFSHelper.release()
12-10 00:57:02.732 I/Timeline( 1888): Timeline: Activity_windows_visible id: ActivityRecord{29e86c u0 com.android.systemui/.recents.RecentsActivity t188} time:164416
12-10 00:57:02.733 D/CustomFrequencyManagerService( 1888): acquireDVFSLockLocked : type : DVFS_MIN_LIMIT  frequency : 1890000  uid : 1000  pid : 1888  pkgName : ACTIVITY_RESUME_BOOSTER@11
12-10 00:57:02.734 E/QURAM   ( 8388): ParseQdioFile :: qdio_info NULL
12-10 00:57:02.745 E/QURAM   ( 8388): ParseQdioFile :: qdio_info NULL
12-10 00:57:02.750 E/QURAM   ( 8388): ParseQdioFile :: qdio_info NULL
12-10 00:57:02.752 D/SurfaceFlinger(  233): FPS : 2.81
12-10 00:57:02.752 W/SurfaceFlinger(  233): Fail to Open /sys/devices/platform/gpusysfs/fps
12-10 00:57:02.755 E/QURAM   ( 8388): ParseQdioFile :: qdio_info NULL
12-10 00:57:02.757 E/QURAM   ( 8388): ParseQdioFile :: qdio_info NULL
12-10 00:57:02.757 I/art     ( 1888): Explicit concurrent mark sweep GC freed 33100(1921KB) AllocSpace objects, 9(3MB) LOS objects, 27% free, 42MB/58MB, paused 3.479ms total 196.929ms
12-10 00:57:02.761 I/AudioPolicyManager_legacy(  277): getAudioPolicyConfig: audioParam;outDevice
12-10 00:57:02.761 V/AudioPolicyManager_legacy(  277): getNewOutputDevice() selected device 0
12-10 00:57:02.761 V/AudioPolicyManager_legacy(  277): ### curdevice : 2
12-10 00:57:02.768 E/QURAM   ( 8388): ParseQdioFile :: qdio_info NULL
12-10 00:57:02.771 E/QURAM   ( 8388): ParseQdioFile :: qdio_info NULL
12-10 00:57:02.774 E/QURAM   ( 8388): ParseQdioFile :: qdio_info NULL
12-10 00:57:02.774 D/SurfaceFlinger(  233): FPS : 2.81
12-10 00:57:02.774 W/SurfaceFlinger(  233): Fail to Open /sys/devices/platform/gpusysfs/fps
12-10 00:57:02.778 E/QURAM   ( 8388): ParseQdioFile :: qdio_info NULL
12-10 00:57:02.781 E/QURAM   ( 8388): ParseQdioFile :: qdio_info NULL
12-10 00:57:02.785 E/QURAM   ( 8388): ParseQdioFile :: qdio_info NULL
12-10 00:57:02.787 E/QURAM   ( 8388): ParseQdioFile :: qdio_info NULL
12-10 00:57:02.791 E/QURAM   ( 8388): ParseQdioFile :: qdio_info NULL
12-10 00:57:02.792 E/QURAM   ( 8388): ParseQdioFile :: qdio_info NULL
12-10 00:57:02.796 E/QURAM   ( 8388): ParseQdioFile :: qdio_info NULL
12-10 00:57:02.798 D/SurfaceFlinger(  233): FPS : 2.81
12-10 00:57:02.798 W/SurfaceFlinger(  233): Fail to Open /sys/devices/platform/gpusysfs/fps
12-10 00:57:02.802 E/QURAM   ( 8388): ParseQdioFile :: qdio_info NULL
12-10 00:57:02.806 E/QURAM   ( 8388): ParseQdioFile :: qdio_info NULL
12-10 00:57:02.808 E/QURAM   ( 8388): ParseQdioFile :: qdio_info NULL
12-10 00:57:02.812 E/QURAM   ( 8388): ParseQdioFile :: qdio_info NULL
12-10 00:57:02.814 E/QURAM   ( 8388): ParseQdioFile :: qdio_info NULL
12-10 00:57:02.817 E/QURAM   ( 8388): ParseQdioFile :: qdio_info NULL
12-10 00:57:02.820 E/QURAM   ( 8388): ParseQdioFile :: qdio_info NULL
12-10 00:57:02.821 D/SurfaceFlinger(  233): FPS : 38.25
12-10 00:57:02.821 W/SurfaceFlinger(  233): Fail to Open /sys/devices/platform/gpusysfs/fps
12-10 00:57:02.823 E/QURAM   ( 8388): ParseQdioFile :: qdio_info NULL
12-10 00:57:02.826 E/QURAM   ( 8388): ParseQdioFile :: qdio_info NULL
12-10 00:57:02.827 E/QURAM   ( 8388): ParseQdioFile :: qdio_info NULL
12-10 00:57:02.831 E/QURAM   ( 8388): ParseQdioFile :: qdio_info NULL
12-10 00:57:02.833 E/QURAM   ( 8388): ParseQdioFile :: qdio_info NULL
12-10 00:57:02.837 E/QURAM   ( 8388): ParseQdioFile :: qdio_info NULL
12-10 00:57:02.845 D/SurfaceFlinger(  233): FPS : 38.25
12-10 00:57:02.845 W/SurfaceFlinger(  233): Fail to Open /sys/devices/platform/gpusysfs/fps
12-10 00:57:02.847 E/QURAM   ( 8388): ParseQdioFile :: qdio_info NULL
12-10 00:57:02.852 E/QURAM   ( 8388): ParseQdioFile :: qdio_info NULL
12-10 00:57:02.856 E/QURAM   ( 8388): ParseQdioFile :: qdio_info NULL
12-10 00:57:02.861 E/QURAM   ( 8388): ParseQdioFile :: qdio_info NULL
12-10 00:57:02.861 I/AudioPolicyManager_legacy(  277): getAudioPolicyConfig: audioParam;outDevice
12-10 00:57:02.861 V/AudioPolicyManager_legacy(  277): getNewOutputDevice() selected device 0
12-10 00:57:02.861 V/AudioPolicyManager_legacy(  277): ### curdevice : 2
12-10 00:57:02.866 E/QURAM   ( 8388): ParseQdioFile :: qdio_info NULL
12-10 00:57:02.869 E/QURAM   ( 8388): ParseQdioFile :: qdio_info NULL
12-10 00:57:02.869 D/SurfaceFlinger(  233): FPS : 38.25
12-10 00:57:02.869 W/SurfaceFlinger(  233): Fail to Open /sys/devices/platform/gpusysfs/fps
12-10 00:57:02.871 E/QURAM   ( 8388): ParseQdioFile :: qdio_info NULL
12-10 00:57:02.874 E/QURAM   ( 8388): ParseQdioFile :: qdio_info NULL
12-10 00:57:02.876 E/QURAM   ( 8388): ParseQdioFile :: qdio_info NULL
12-10 00:57:02.887 E/QURAM   ( 8388): ParseQdioFile :: qdio_info NULL
12-10 00:57:02.889 E/QURAM   ( 8388): ParseQdioFile :: qdio_info NULL
12-10 00:57:02.891 E/QURAM   ( 8388): ParseQdioFile :: qdio_info NULL
12-10 00:57:02.893 D/SurfaceFlinger(  233): FPS : 38.25
12-10 00:57:02.893 W/SurfaceFlinger(  233): Fail to Open /sys/devices/platform/gpusysfs/fps
12-10 00:57:02.893 E/QURAM   ( 8388): ParseQdioFile :: qdio_info NULL
12-10 00:57:02.897 E/QURAM   ( 8388): ParseQdioFile :: qdio_info NULL
12-10 00:57:02.900 E/QURAM   ( 8388): ParseQdioFile :: qdio_info NULL
12-10 00:57:02.902 E/QURAM   ( 8388): ParseQdioFile :: qdio_info NULL
12-10 00:57:02.902 I/art     ( 2813): Explicit concurrent mark sweep GC freed 155670(6MB) AllocSpace objects, 0(0B) LOS objects, 24% free, 17MB/22MB, paused 640us total 59.906ms
12-10 00:57:02.903 I/art     ( 2813): WaitForGcToComplete blocked for 62.561ms for cause Explicit
12-10 00:57:02.904 E/QURAM   ( 8388): ParseQdioFile :: qdio_info NULL
12-10 00:57:02.906 E/QURAM   ( 8388): ParseQdioFile :: qdio_info NULL
12-10 00:57:02.909 E/QURAM   ( 8388): ParseQdioFile :: qdio_info NULL
12-10 00:57:02.917 D/SurfaceFlinger(  233): FPS : 38.25
12-10 00:57:02.917 W/SurfaceFlinger(  233): Fail to Open /sys/devices/platform/gpusysfs/fps
12-10 00:57:02.922 E/QURAM   ( 8388): ParseQdioFile :: qdio_info NULL
12-10 00:57:02.926 E/QURAM   ( 8388): ParseQdioFile :: qdio_info NULL
12-10 00:57:02.933 E/QURAM   ( 8388): ParseQdioFile :: qdio_info NULL
12-10 00:57:02.937 E/QURAM   ( 8388): ParseQdioFile :: qdio_info NULL
12-10 00:57:02.939 E/QURAM   ( 8388): ParseQdioFile :: qdio_info NULL
12-10 00:57:02.940 D/SurfaceFlinger(  233): FPS : 38.25
12-10 00:57:02.940 W/SurfaceFlinger(  233): Fail to Open /sys/devices/platform/gpusysfs/fps
12-10 00:57:02.942 E/QURAM   ( 8388): ParseQdioFile :: qdio_info NULL
12-10 00:57:02.942 I/art     ( 2813): Explicit concurrent mark sweep GC freed 24741(999KB) AllocSpace objects, 0(0B) LOS objects, 24% free, 16MB/21MB, paused 640us total 38.604ms
12-10 00:57:02.945 E/QURAM   ( 8388): ParseQdioFile :: qdio_info NULL
12-10 00:57:02.948 E/QURAM   ( 8388): ParseQdioFile :: qdio_info NULL
12-10 00:57:02.951 E/QURAM   ( 8388): ParseQdioFile :: qdio_info NULL
12-10 00:57:02.954 E/QURAM   ( 8388): ParseQdioFile :: qdio_info NULL
12-10 00:57:02.959 E/QURAM   ( 8388): ParseQdioFile :: qdio_info NULL
12-10 00:57:02.959 E/QURAM   ( 8388): ParseQdioFile :: qdio_info NULL
12-10 00:57:02.962 I/AudioPolicyManager_legacy(  277): getAudioPolicyConfig: audioParam;outDevice
12-10 00:57:02.962 V/AudioPolicyManager_legacy(  277): getNewOutputDevice() selected device 0
12-10 00:57:02.962 V/AudioPolicyManager_legacy(  277): ### curdevice : 2
12-10 00:57:02.965 E/QURAM   ( 8388): ParseQdioFile :: qdio_info NULL
12-10 00:57:02.969 E/QURAM   ( 8388): ParseQdioFile :: qdio_info NULL
12-10 00:57:02.972 E/QURAM   ( 8388): ParseQdioFile :: qdio_info NULL
12-10 00:57:02.976 E/QURAM   ( 8388): ParseQdioFile :: qdio_info NULL
12-10 00:57:02.978 E/QURAM   ( 8388): ParseQdioFile :: qdio_info NULL
12-10 00:57:02.982 E/QURAM   ( 8388): ParseQdioFile :: qdio_info NULL
12-10 00:57:02.987 E/QURAM   ( 8388): ParseQdioFile :: qdio_info NULL
12-10 00:57:02.989 E/QURAM   ( 8388): ParseQdioFile :: qdio_info NULL
12-10 00:57:02.993 E/QURAM   ( 8388): ParseQdioFile :: qdio_info NULL
12-10 00:57:02.996 E/QURAM   ( 8388): ParseQdioFile :: qdio_info NULL
12-10 00:57:03.009 E/QURAM   ( 8388): ParseQdioFile :: qdio_info NULL
12-10 00:57:03.013 E/QURAM   ( 8388): ParseQdioFile :: qdio_info NULL
12-10 00:57:03.015 E/QURAM   ( 8388): ParseQdioFile :: qdio_info NULL
12-10 00:57:03.019 E/QURAM   ( 8388): ParseQdioFile :: qdio_info NULL
12-10 00:57:03.021 E/QURAM   ( 8388): ParseQdioFile :: qdio_info NULL
12-10 00:57:03.025 E/QURAM   ( 8388): ParseQdioFile :: qdio_info NULL
12-10 00:57:03.029 E/QURAM   ( 8388): ParseQdioFile :: qdio_info NULL
12-10 00:57:03.032 E/QURAM   ( 8388): ParseQdioFile :: qdio_info NULL
12-10 00:57:03.034 D/CustomFrequencyManagerService( 1888): releaseDVFSLockLocked : Getting Lock type frm List : DVFS_MIN_LIMIT  frequency : 1890000  uid : 1000  pid : 1888  tag : ACTIVITY_RESUME_BOOSTER@11
12-10 00:57:03.034 E/QURAM   ( 8388): ParseQdioFile :: qdio_info NULL
12-10 00:57:03.037 E/QURAM   ( 8388): ParseQdioFile :: qdio_info NULL
12-10 00:57:03.040 E/QURAM   ( 8388): ParseQdioFile :: qdio_info NULL
12-10 00:57:03.041 E/QURAM   ( 8388): ParseQdioFile :: qdio_info NULL
12-10 00:57:03.048 E/QURAM   ( 8388): ParseQdioFile :: qdio_info NULL
12-10 00:57:03.050 E/QURAM   ( 8388): ParseQdioFile :: qdio_info NULL
12-10 00:57:03.053 E/QURAM   ( 8388): ParseQdioFile :: qdio_info NULL
12-10 00:57:03.058 E/QURAM   ( 8388): ParseQdioFile :: qdio_info NULL
12-10 00:57:03.061 E/QURAM   ( 8388): ParseQdioFile :: qdio_info NULL
12-10 00:57:03.062 I/AudioPolicyManager_legacy(  277): getAudioPolicyConfig: audioParam;outDevice
12-10 00:57:03.062 V/AudioPolicyManager_legacy(  277): getNewOutputDevice() selected device 0
12-10 00:57:03.062 V/AudioPolicyManager_legacy(  277): ### curdevice : 2
12-10 00:57:03.064 E/QURAM   ( 8388): ParseQdioFile :: qdio_info NULL
12-10 00:57:03.065 E/QURAM   ( 8388): ParseQdioFile :: qdio_info NULL
12-10 00:57:03.066 E/QURAM   ( 8388): ParseQdioFile :: qdio_info NULL
12-10 00:57:03.070 E/QURAM   ( 8388): ParseQdioFile :: qdio_info NULL
12-10 00:57:03.073 E/QURAM   ( 8388): ParseQdioFile :: qdio_info NULL
12-10 00:57:03.073 E/QURAM   ( 8388): ParseQdioFile :: qdio_info NULL
12-10 00:57:03.078 E/QURAM   ( 8388): ParseQdioFile :: qdio_info NULL
12-10 00:57:03.086 E/QURAM   ( 8388): ParseQdioFile :: qdio_info NULL
12-10 00:57:03.087 E/QURAM   ( 8388): ParseQdioFile :: qdio_info NULL
12-10 00:57:03.090 E/QURAM   ( 8388): ParseQdioFile :: qdio_info NULL
12-10 00:57:03.100 E/QURAM   ( 8388): ParseQdioFile :: qdio_info NULL
12-10 00:57:03.103 E/QURAM   ( 8388): ParseQdioFile :: qdio_info NULL
12-10 00:57:03.104 E/QURAM   ( 8388): ParseQdioFile :: qdio_info NULL
12-10 00:57:03.111 E/QURAM   ( 8388): ParseQdioFile :: qdio_info NULL
12-10 00:57:03.119 V/SAMP_SPCM_test( 1888): CSC File load.. 
12-10 00:57:03.122 E/QURAM   ( 8388): ParseQdioFile :: qdio_info NULL
12-10 00:57:03.127 E/QURAM   ( 8388): ParseQdioFile :: qdio_info NULL
12-10 00:57:03.137 E/QURAM   ( 8388): ParseQdioFile :: qdio_info NULL
12-10 00:57:03.138 E/QURAM   ( 8388): ParseQdioFile :: qdio_info NULL
12-10 00:57:03.147 E/QURAM   ( 8388): ParseQdioFile :: qdio_info NULL
12-10 00:57:03.157 E/QURAM   ( 8388): ParseQdioFile :: qdio_info NULL
12-10 00:57:03.159 D/ResourcesManager( 1888): creating new AssetManager and set to /system/app/SecEmail_K/SecEmail_K.apk
12-10 00:57:03.163 I/AudioPolicyManager_legacy(  277): getAudioPolicyConfig: audioParam;outDevice
12-10 00:57:03.163 V/AudioPolicyManager_legacy(  277): getNewOutputDevice() selected device 0
12-10 00:57:03.163 V/AudioPolicyManager_legacy(  277): ### curdevice : 2
12-10 00:57:03.165 E/QURAM   ( 8388): ParseQdioFile :: qdio_info NULL
12-10 00:57:03.166 D/ResourcesManager( 1888): creating new AssetManager and set to /data/app/com.google.android.gm-2/base.apk
12-10 00:57:03.175 E/QURAM   ( 8388): ParseQdioFile :: qdio_info NULL
12-10 00:57:03.183 D/ResourcesManager( 1888): creating new AssetManager and set to /data/app/com.google.android.gms-1/base.apk
12-10 00:57:03.187 E/QURAM   ( 8388): ParseQdioFile :: qdio_info NULL
12-10 00:57:03.197 E/QURAM   ( 8388): ParseQdioFile :: qdio_info NULL
12-10 00:57:03.206 D/ResourcesManager( 1888): creating new AssetManager and set to /system/priv-app/S-Voice_Android_phone/S-Voice_Android_phone.apk
12-10 00:57:03.206 E/QURAM   ( 8388): ParseQdioFile :: qdio_info NULL
12-10 00:57:03.242 E/QURAM   ( 8388): ParseQdioFile :: qdio_info NULL
12-10 00:57:03.249 E/SAMP_SPCM( 1888): ExtWhiteList pkg : com.google.android.projection.gearhead
12-10 00:57:03.249 E/SAMP_SPCM( 1888): ExtWhiteList pkg : com.google.android.projection.top
12-10 00:57:03.249 E/SAMP_SPCM( 1888): ExtWhiteList pkg : com.jb.emoji.gokeyboard
12-10 00:57:03.249 E/SAMP_SPCM( 1888): ExtWhiteList pkg : com.google.android.inputmethod.latin
12-10 00:57:03.249 E/SAMP_SPCM( 1888): ExtWhiteList pkg : com.estsoft.android.keyboard
12-10 00:57:03.250 E/SAMP_SPCM( 1888): ExtWhiteList pkg : com.touchtype.swiftkey
12-10 00:57:03.250 E/SAMP_SPCM( 1888): ExtWhiteList pkg : com.google.android.inputmethod.korean
12-10 00:57:03.250 E/SAMP_SPCM( 1888): ExtWhiteList pkg : com.socialnmobile.hangulkeyboard
12-10 00:57:03.250 E/SAMP_SPCM( 1888): ExtWhiteList pkg : com.fiberthemax.OpQ2keyboard
12-10 00:57:03.250 E/SAMP_SPCM( 1888): ExtWhiteList pkg : com.gingersoftware.android.keyboard
12-10 00:57:03.250 E/SAMP_SPCM( 1888): ExtWhiteList pkg : net.cdeguet.smartkeyboardtrial
12-10 00:57:03.250 E/SAMP_SPCM( 1888): ExtWhiteList pkg : com.syntellia.fleksy.keyboard
12-10 00:57:03.250 E/SAMP_SPCM( 1888): ExtWhiteList pkg : com.emoji.keyboard.touchpal
12-10 00:57:03.250 E/SAMP_SPCM( 1888): ExtWhiteList pkg : com.klye.ime.latin
12-10 00:57:03.250 E/SAMP_SPCM( 1888): ExtWhiteList pkg : com.nuance.swype
12-10 00:57:03.250 E/SAMP_SPCM( 1888): ExtWhiteList pkg : com.nuance.swype.dtc
12-10 00:57:03.250 E/SAMP_SPCM( 1888): ExtWhiteList pkg : com.dingulHangul.dingulHangulKeyboard_dinki
12-10 00:57:03.251 E/SAMP_SPCM( 1888): ExtWhiteList pkg : com.garmin.android.apps.connectmobile
12-10 00:57:03.252 D/ActivityManager( 1888): getContentProviderImpl callerProcessName:android, calleePkgName: com.samsung.android.sm.provider
12-10 00:57:03.254 E/ActivityManager( 1888): checkUser: useridlist=null, currentuser=0
12-10 00:57:03.254 E/ActivityManager( 1888): checkUser: useridlist=null, currentuser=0
12-10 00:57:03.254 E/ActivityManager( 1888): checkUser: useridlist=null, currentuser=0
12-10 00:57:03.254 E/ActivityManager( 1888): checkUser: useridlist=null, currentuser=0
12-10 00:57:03.263 I/AudioPolicyManager_legacy(  277): getAudioPolicyConfig: audioParam;outDevice
12-10 00:57:03.263 V/AudioPolicyManager_legacy(  277): getNewOutputDevice() selected device 0
12-10 00:57:03.264 V/AudioPolicyManager_legacy(  277): ### curdevice : 2
12-10 00:57:03.267 E/QURAM   ( 8388): ParseQdioFile :: qdio_info NULL
12-10 00:57:03.281 E/QURAM   ( 8388): ParseQdioFile :: qdio_info NULL
12-10 00:57:03.285 E/QURAM   ( 8388): ParseQdioFile :: qdio_info NULL
12-10 00:57:03.288 E/Zygote  ( 9915): MountEmulatedStorage()
12-10 00:57:03.288 E/Zygote  ( 9915): v2
12-10 00:57:03.288 I/libpersona( 9915): KNOX_SDCARD checking this for 1000
12-10 00:57:03.288 I/libpersona( 9915): KNOX_SDCARD not a persona
12-10 00:57:03.290 I/SELinux ( 9915): Function: selinux_compare_spd_ram , priority [2] , priority version is VE=SEPF_GT-I9505_5.0.1-1_0046
12-10 00:57:03.290 I/ActivityManager( 1888): Start proc com.samsung.android.sm.provider for content provider com.samsung.android.sm.provider/com.samsung.android.sm.database.SmProvider: pid=9915 uid=1000 gids={41000, 9997, 3002, 3001, 3003, 1028, 1015, 1023, 1007, 2001, 1024, 1001} abi=armeabi-v7a
12-10 00:57:03.292 E/SELinux ( 9915): [DEBUG] get_category: variable seinfo: platform sensitivity: NULL, cateogry: NULL
12-10 00:57:03.301 E/QURAM   ( 8388): ParseQdioFile :: qdio_info NULL
12-10 00:57:03.316 E/QURAM   ( 8388): ParseQdioFile :: qdio_info NULL
12-10 00:57:03.325 E/QURAM   ( 8388): ParseQdioFile :: qdio_info NULL
12-10 00:57:03.339 E/QURAM   ( 8388): ParseQdioFile :: qdio_info NULL
12-10 00:57:03.340 E/QURAM   ( 8388): ParseQdioFile :: qdio_info NULL
12-10 00:57:03.340 E/QURAM   ( 8388): ParseQdioFile :: qdio_info NULL
12-10 00:57:03.351 D/InputReader( 1888): Input event: value=1
12-10 00:57:03.353 V/VibratorService( 1888): hasVibrator - useVibetonz: true
12-10 00:57:03.355 E/QURAM   ( 8388): ParseQdioFile :: qdio_info NULL
12-10 00:57:03.357 V/Vibrator( 1888): Called vibrateImmVibe(int, MagnitudeType) API - PUID: 1000, PackageName: android
12-10 00:57:03.357 V/Vibrator( 1888): vibrateImmVibe - PUID: 1000, PackageName: android, type: 14, mag: 10000
12-10 00:57:03.357 D/VibratorService( 1888): Turning vibrator off - ImmVibe.
12-10 00:57:03.357 V/VibratorService( 1888): vibrateImmVibe - package: android, type: 14, magnitude: 10000
12-10 00:57:03.362 D/PowerManagerService( 1888): [input device light] setInputDeviceLightOn is called : 1
12-10 00:57:03.365 I/AudioPolicyManager_legacy(  277): getAudioPolicyConfig: audioParam;outDevice
12-10 00:57:03.365 V/AudioPolicyManager_legacy(  277): getNewOutputDevice() selected device 0
12-10 00:57:03.365 V/AudioPolicyManager_legacy(  277): ### curdevice : 2
12-10 00:57:03.368 E/QURAM   ( 8388): ParseQdioFile :: qdio_info NULL
12-10 00:57:03.375 D/ResourcesManager( 9915): creating new AssetManager and set to /system/priv-app/SmartManagerProvider/SmartManagerProvider.apk
12-10 00:57:03.376 E/QURAM   ( 8388): ParseQdioFile :: qdio_info NULL
12-10 00:57:03.377 W/ResourcesManager( 9915): Asset path '/system/framework/twframework.jar' does not exist or contains no resources.
12-10 00:57:03.386 E/QURAM   ( 8388): ParseQdioFile :: qdio_info NULL
12-10 00:57:03.388 E/QURAM   ( 8388): ParseQdioFile :: qdio_info NULL
12-10 00:57:03.391 E/QURAM   ( 8388): ParseQdioFile :: qdio_info NULL
12-10 00:57:03.400 E/QURAM   ( 8388): ParseQdioFile :: qdio_info NULL
12-10 00:57:03.410 E/QURAM   ( 8388): ParseQdioFile :: qdio_info NULL
12-10 00:57:03.421 E/QURAM   ( 8388): ParseQdioFile :: qdio_info NULL
12-10 00:57:03.427 E/QURAM   ( 8388): ParseQdioFile :: qdio_info NULL
12-10 00:57:03.434 E/SAMP_SPCMtest( 1888): setPackageLockingTimeBySPCM() :72
12-10 00:57:03.435 I/ActivityManager( 1888): Killing 8347:com.sec.android.app.popupuireceiver/1000 (adj 15): emptyCount ##36
12-10 00:57:03.436 E/QURAM   ( 8388): ParseQdioFile :: qdio_info NULL
12-10 00:57:03.436 E/QURAM   ( 8388): ParseQdioFile :: qdio_info NULL
12-10 00:57:03.453 E/QURAM   ( 8388): ParseQdioFile :: qdio_info NULL
12-10 00:57:03.465 I/AudioPolicyManager_legacy(  277): getAudioPolicyConfig: audioParam;outDevice
12-10 00:57:03.465 V/AudioPolicyManager_legacy(  277): getNewOutputDevice() selected device 0
12-10 00:57:03.465 V/AudioPolicyManager_legacy(  277): ### curdevice : 2
12-10 00:57:03.466 E/QURAM   ( 8388): ParseQdioFile :: qdio_info NULL
12-10 00:57:03.481 D/InputReader( 1888): Input event: value=0
12-10 00:57:03.483 I/art     ( 2813): Explicit concurrent mark sweep GC freed 10218(716KB) AllocSpace objects, 0(0B) LOS objects, 25% free, 16MB/21MB, paused 854us total 46.234ms
12-10 00:57:03.483 E/QURAM   ( 8388): ParseQdioFile :: qdio_info NULL
12-10 00:57:03.487 I/InputDispatcher( 1888): Delivering key to (9677): action: 0x0 (0)
12-10 00:57:03.491 D/InputDispatcher( 1888): Waiting for application to become ready for input: xxxx Reason: Waiting to send key event because the focused window has not finished processing all of the input events that were previously delivered to it.  Outbound queue length: 0.  Wait queue length: 1.
12-10 00:57:03.492 E/QURAM   ( 8388): ParseQdioFile :: qdio_info NULL
12-10 00:57:03.493 I/InputDispatcher( 1888): Delivering key to (9677): action: 0x1 (0)
12-10 00:57:03.494 D/Recents_RecentsActivity( 9677): onBackPressed is getting called 
12-10 00:57:03.494 D/Recents_RecentsActivity( 9677): dismissRecentsToFocusedTaskOrHome is getting called mVisible=true
12-10 00:57:03.494 D/Recents_RecentsActivity( 9677): dismissRecentsToAltHomeRaw is getting called animated=true
12-10 00:57:03.495 D/Recents_TaskStackView( 9677): startExitToHomeAnimation is getting called
12-10 00:57:03.498 D/PhoneStatusBar( 2765): notifyRecentPanelVisiblity false
12-10 00:57:03.499 E/QURAM   ( 8388): ParseQdioFile :: qdio_info NULL
12-10 00:57:03.501 D/PointerIcon( 1888): setMouseIconStyle1 pointerType: 1001iconType:101 flag:0
12-10 00:57:03.501 D/PointerIcon( 1888): setMouseCustomIcon IconType is same.101
12-10 00:57:03.501 D/PointerIcon( 1888): setHoveringSpenIconStyle1 pointerType: 10001iconType:1 flag:0
12-10 00:57:03.501 D/PointerIcon( 1888): setHoveringSpenCustomIcon IconType is same.1
12-10 00:57:03.505 D/CustomFrequencyManagerService( 1888): acquireDVFSLockLocked : type : DVFS_MIN_LIMIT  frequency : 1890000  uid : 1000  pid : 1888  pkgName : ACTIVITY_RESUME_BOOSTER@7
12-10 00:57:03.505 W/ActivityManager( 1888): mDVFSHelper.acquire()
12-10 00:57:03.510 E/QURAM   ( 8388): ParseQdioFile :: qdio_info NULL
12-10 00:57:03.512 V/WindowOrientationListener( 1888): mSContextAutoRotationListener.getProposedRotation, mbResultFaceDectection: false
12-10 00:57:03.513 V/WindowOrientationListener( 1888): mSContextAutoRotationListener.getProposedRotation, Rotation: 0
12-10 00:57:03.513 V/WindowManager( 1888): rotationForOrientationLw(orient=1, last=0); user=0 USER_ROTATION_LOCKED sensorRotation=0 mLidState=-1 mDockMode=0 mHdmiPlugged=false
12-10 00:57:03.513 V/WindowOrientationListener( 1888): mSContextAutoRotationListener.getProposedRotation, mbResultFaceDectection: false
12-10 00:57:03.513 V/WindowOrientationListener( 1888): mSContextAutoRotationListener.getProposedRotation, Rotation: 0
12-10 00:57:03.515 W/ContextImpl( 1888): Calling a method in the system process without a qualified user: android.app.ContextImpl.sendBroadcast:1699 com.android.internal.policy.impl.PhoneWindowManager.notifyToSSRM:5611 com.android.internal.policy.impl.PhoneWindowManager.access$600:192 com.android.internal.policy.impl.PhoneWindowManager$PolicyHandler.handleMessage:806 android.os.Handler.dispatchMessage:102 
12-10 00:57:03.518 D/Launcher( 3162): onRestart, Launcher: 732144996
12-10 00:57:03.519 E/QURAM   ( 8388): ParseQdioFile :: qdio_info NULL
12-10 00:57:03.521 D/Launcher( 3162): onStart, Launcher: 732144996
12-10 00:57:03.521 D/Launcher.HomeView( 3162): onStart
12-10 00:57:03.522 D/Launcher( 3162): onResume, Launcher: 732144996
12-10 00:57:03.523 D/SettingsProvider( 1888): name = kids_home_mode
12-10 00:57:03.523 D/SettingsProvider( 1888): edmUri: content://com.sec.knox.provider/RestrictionPolicy3
12-10 00:57:03.523 D/SettingsProvider( 1888): projectionArgs: isSettingsChangesAllowed
12-10 00:57:03.523 D/ConnectivityService( 1888): returning getNetworkInfo(networkType - 1) :[type: WIFI[] - WIFI, state: CONNECTED/CONNECTED, reason: (unspecified), extra: "something", roaming: false, failover: false, isAvailable: true, isConnectedToProvisioningNetwork: false]
12-10 00:57:03.523 D/SettingsProvider( 1888): selectionArgs: false
12-10 00:57:03.523 D/SettingsProvider( 1888): selectionArgs: 10009
12-10 00:57:03.523 D/SecContentProvider( 1888): uri = 17 selection = isSettingsChangesAllowed
12-10 00:57:03.523 D/SettingsProvider( 1888): ret = -1
12-10 00:57:03.524 D/Launcher.HomeView( 3162): onResume
12-10 00:57:03.526 D/SSRM:a  ( 1888): DeviceInfo:: 000000000000
12-10 00:57:03.527 D/SSRM:a  ( 1888): SettingsAirViewInfo:: 000000000
12-10 00:57:03.527 D/Launcher( 3162): Launcher::setSystemUiTransparency(): getSystemUiVisibility() after setting  = 0
12-10 00:57:03.528 E/QURAM   ( 8388): ParseQdioFile :: qdio_info NULL
12-10 00:57:03.533 D/MenuAppsGridFragment( 3162): onResume
12-10 00:57:03.539 D/StatusBarManagerService( 1888): manageDisableList userId=0 what=0x0 pkg=WindowManager.LayoutParams
12-10 00:57:03.540 D/GalleryCacheReady( 8388): Receive : home resume
12-10 00:57:03.541 E/QURAM   ( 8388): ParseQdioFile :: qdio_info NULL
12-10 00:57:03.542 D/PointerIcon( 1888): setMouseIconStyle1 pointerType: 1001iconType:101 flag:0
12-10 00:57:03.542 D/PointerIcon( 1888): setMouseCustomIcon IconType is same.101
12-10 00:57:03.542 D/PointerIcon( 1888): setHoveringSpenIconStyle1 pointerType: 10001iconType:1 flag:0
12-10 00:57:03.542 D/PointerIcon( 1888): setHoveringSpenCustomIcon IconType is same.1
12-10 00:57:03.553 D/Mms/UIEventReceiver( 8293): ui event
12-10 00:57:03.559 D/SurfaceFlinger(  233): FPS : 8.13
12-10 00:57:03.559 W/SurfaceFlinger(  233): Fail to Open /sys/devices/platform/gpusysfs/fps
12-10 00:57:03.565 E/QURAM   ( 8388): ParseQdioFile :: qdio_info NULL
12-10 00:57:03.566 I/AudioPolicyManager_legacy(  277): getAudioPolicyConfig: audioParam;outDevice
12-10 00:57:03.566 V/AudioPolicyManager_legacy(  277): getNewOutputDevice() selected device 0
12-10 00:57:03.566 V/AudioPolicyManager_legacy(  277): ### curdevice : 2
12-10 00:57:03.570 W/BroadcastQueue( 1888): Permission Denial: broadcasting Intent { act=com.sec.android.intent.action.HOME_RESUME flg=0x10 } from com.sec.android.app.launcher (pid=3162, uid=10009) is not exported from uid 1000 due to receiver com.android.settings/.accessibilitywidget.AccessibilityEasyWidgetProviderAssistiveLight
12-10 00:57:03.576 W/BroadcastQueue( 1888): Permission Denial: broadcasting Intent { act=com.sec.android.intent.action.HOME_RESUME flg=0x10 } from com.sec.android.app.launcher (pid=3162, uid=10009) is not exported from uid 10087 due to receiver com.sec.android.widgetapp.digitalclock2x1/.DigitalClockWidgetProvider
12-10 00:57:03.578 D/Launcher( 3162): Launcher::setSystemUiTransparency(): getSystemUiVisibility() after setting  = 0
12-10 00:57:03.580 D/InputMethodManagerService( 1888): windowGainedFocus mCurrentFocusedUserId - 0 and mSecureKeypadEnabled-false
12-10 00:57:03.582 D/SurfaceFlinger(  233): FPS : 8.13
12-10 00:57:03.582 W/SurfaceFlinger(  233): Fail to Open /sys/devices/platform/gpusysfs/fps
12-10 00:57:03.585 E/QURAM   ( 8388): ParseQdioFile :: qdio_info NULL
12-10 00:57:03.586 W/ContextImpl( 1888): Calling a method in the system process without a qualified user: android.app.ContextImpl.sendBroadcast:1699 com.android.server.InputMethodManagerService$6.run:2733 java.lang.Thread.run:818 <bottom of call stack> <bottom of call stack> 
12-10 00:57:03.598 E/QURAM   ( 8388): ParseQdioFile :: qdio_info NULL
12-10 00:57:03.600 E/QURAM   ( 8388): ParseQdioFile :: qdio_info NULL
12-10 00:57:03.606 D/SurfaceFlinger(  233): FPS : 8.13
12-10 00:57:03.606 W/SurfaceFlinger(  233): Fail to Open /sys/devices/platform/gpusysfs/fps
12-10 00:57:03.608 D/WidgetProvider( 8458): #S##########################################
12-10 00:57:03.615 D/WidgetProvider( 8458): WidgetSize = 18
12-10 00:57:03.615 D/WidgetProvider( 8458): Action = com.sec.android.intent.action.HOME_RESUME
12-10 00:57:03.615 D/WidgetProvider( 8458): State = WIDGET_STATE_TERM
12-10 00:57:03.615 D/WidgetProvider( 8458): PageList Size = 0
12-10 00:57:03.615 D/WidgetProvider( 8458): loadCacheFirst = false
12-10 00:57:03.615 D/WidgetProvider( 8458): dontshow3galert = false
12-10 00:57:03.615 D/WidgetProvider( 8458): instanceId = 0
12-10 00:57:03.615 D/WidgetProvider( 8458): #E###########################################
12-10 00:57:03.623 V/TaskCloserActivity( 8368): TaskCloserActivity onReceive() - com.sec.android.intent.action.HOME_RESUME
12-10 00:57:03.623 E/QURAM   ( 8388): ParseQdioFile :: qdio_info NULL
12-10 00:57:03.629 I/Timeline( 3162): Timeline: Activity_idle id: android.os.BinderProxy@22e2449 time:165312
12-10 00:57:03.630 D/SurfaceFlinger(  233): FPS : 8.13
12-10 00:57:03.630 W/SurfaceFlinger(  233): Fail to Open /sys/devices/platform/gpusysfs/fps
12-10 00:57:03.634 E/QURAM   ( 8388): ParseQdioFile :: qdio_info NULL
12-10 00:57:03.641 D/StatusBarManagerService( 1888): manageDisableList userId=0 what=0x0 pkg=WindowManager.LayoutParams
12-10 00:57:03.644 E/QURAM   ( 8388): ParseQdioFile :: qdio_info NULL
12-10 00:57:03.647 E/QURAM   ( 8388): ParseQdioFile :: qdio_info NULL
12-10 00:57:03.655 D/SurfaceFlinger(  233): FPS : 8.13
12-10 00:57:03.655 W/SurfaceFlinger(  233): Fail to Open /sys/devices/platform/gpusysfs/fps
12-10 00:57:03.656 D/CustomFrequencyManagerService( 1888): releaseDVFSLockLocked : Getting Lock type frm List : DVFS_MIN_LIMIT  frequency : 1890000  uid : 1000  pid : 1888  tag : ACTIVITY_RESUME_BOOSTER@7
12-10 00:57:03.657 W/ActivityManager( 1888): mDVFSHelper.release()
12-10 00:57:03.657 I/Timeline( 1888): Timeline: Activity_windows_visible id: ActivityRecord{17e43ea1 u0 com.sec.android.app.launcher/com.android.launcher2.Launcher t180} time:165340
12-10 00:57:03.660 I/ActivityManager( 1888): Killing 7054:com.sec.android.app.mt/1000 (adj 15): emptyCount ##36
12-10 00:57:03.662 D/CustomFrequencyManagerService( 1888): acquireDVFSLockLocked : type : DVFS_MIN_LIMIT  frequency : 1890000  uid : 1000  pid : 1888  pkgName : ACTIVITY_RESUME_BOOSTER@11
12-10 00:57:03.664 E/SMD     ( 9111): smd Interface open failed errno is 2 -1
12-10 00:57:03.669 I/AudioPolicyManager_legacy(  277): getAudioPolicyConfig: audioParam;outDevice
12-10 00:57:03.669 V/AudioPolicyManager_legacy(  277): getNewOutputDevice() selected device 0
12-10 00:57:03.669 V/AudioPolicyManager_legacy(  277): ### curdevice : 2
12-10 00:57:03.671 E/QURAM   ( 8388): ParseQdioFile :: qdio_info NULL
12-10 00:57:03.671 D/Recents_RecentsActivity( 9677): onStop is getting called 
12-10 00:57:03.672 D/Recents_RecentsActivity( 9677): onDestroy is getting called 
12-10 00:57:03.672 E/QURAM   ( 8388): ParseQdioFile :: qdio_info NULL
12-10 00:57:03.672 E/QURAM   ( 8388): ParseQdioFile :: qdio_info NULL
12-10 00:57:03.679 D/SurfaceFlinger(  233): FPS : 8.13
12-10 00:57:03.679 W/SurfaceFlinger(  233): Fail to Open /sys/devices/platform/gpusysfs/fps
12-10 00:57:03.686 E/QURAM   ( 8388): ParseQdioFile :: qdio_info NULL
12-10 00:57:03.698 E/QURAM   ( 8388): ParseQdioFile :: qdio_info NULL
12-10 00:57:03.699 E/QURAM   ( 8388): ParseQdioFile :: qdio_info NULL
12-10 00:57:03.700 E/QURAM   ( 8388): ParseQdioFile :: qdio_info NULL
12-10 00:57:03.701 D/SurfaceFlinger(  233): FPS : 8.13
12-10 00:57:03.701 W/SurfaceFlinger(  233): Fail to Open /sys/devices/platform/gpusysfs/fps
12-10 00:57:03.714 E/QURAM   ( 8388): ParseQdioFile :: qdio_info NULL
12-10 00:57:03.717 E/QURAM   ( 8388): ParseQdioFile :: qdio_info NULL
12-10 00:57:03.717 E/QURAM   ( 8388): ParseQdioFile :: qdio_info NULL
12-10 00:57:03.724 E/QURAM   ( 8388): ParseQdioFile :: qdio_info NULL
12-10 00:57:03.739 E/QURAM   ( 8388): ParseQdioFile :: qdio_info NULL
12-10 00:57:03.750 E/QURAM   ( 8388): ParseQdioFile :: qdio_info NULL
12-10 00:57:03.764 E/QURAM   ( 8388): ParseQdioFile :: qdio_info NULL
12-10 00:57:03.770 I/AudioPolicyManager_legacy(  277): getAudioPolicyConfig: audioParam;outDevice
12-10 00:57:03.770 V/AudioPolicyManager_legacy(  277): getNewOutputDevice() selected device 0
12-10 00:57:03.770 V/AudioPolicyManager_legacy(  277): ### curdevice : 2
12-10 00:57:03.775 E/QURAM   ( 8388): ParseQdioFile :: qdio_info NULL
12-10 00:57:03.782 I/art     ( 8388): Explicit concurrent mark sweep GC freed 14327(1508KB) AllocSpace objects, 32(5MB) LOS objects, 25% free, 17MB/23MB, paused 549us total 40.863ms
12-10 00:57:03.786 E/QURAM   ( 8388): ParseQdioFile :: qdio_info NULL
12-10 00:57:03.796 E/QURAM   ( 8388): ParseQdioFile :: qdio_info NULL
12-10 00:57:03.805 E/QURAM   ( 8388): ParseQdioFile :: qdio_info NULL
12-10 00:57:03.814 E/QURAM   ( 8388): ParseQdioFile :: qdio_info NULL
12-10 00:57:03.822 E/QURAM   ( 8388): ParseQdioFile :: qdio_info NULL
12-10 00:57:03.831 E/QURAM   ( 8388): ParseQdioFile :: qdio_info NULL
12-10 00:57:03.841 E/QURAM   ( 8388): ParseQdioFile :: qdio_info NULL
12-10 00:57:03.857 E/QURAM   ( 8388): ParseQdioFile :: qdio_info NULL
12-10 00:57:03.867 E/QURAM   ( 8388): ParseQdioFile :: qdio_info NULL
12-10 00:57:03.871 I/AudioPolicyManager_legacy(  277): getAudioPolicyConfig: audioParam;outDevice
12-10 00:57:03.871 V/AudioPolicyManager_legacy(  277): getNewOutputDevice() selected device 0
12-10 00:57:03.871 V/AudioPolicyManager_legacy(  277): ### curdevice : 2
12-10 00:57:03.876 E/QURAM   ( 8388): ParseQdioFile :: qdio_info NULL
12-10 00:57:03.885 E/QURAM   ( 8388): ParseQdioFile :: qdio_info NULL
12-10 00:57:03.895 E/QURAM   ( 8388): ParseQdioFile :: qdio_info NULL
12-10 00:57:03.903 I/art     ( 1888): Explicit concurrent mark sweep GC freed 21378(1143KB) AllocSpace objects, 1(16KB) LOS objects, 27% free, 42MB/58MB, paused 2.502ms total 170.440ms
12-10 00:57:03.908 E/QURAM   ( 8388): ParseQdioFile :: qdio_info NULL
12-10 00:57:03.921 E/QURAM   ( 8388): ParseQdioFile :: qdio_info NULL
12-10 00:57:03.929 E/QURAM   ( 8388): ParseQdioFile :: qdio_info NULL
12-10 00:57:03.930 E/QURAM   ( 8388): ParseQdioFile :: qdio_info NULL
12-10 00:57:03.931 E/QURAM   ( 8388): ParseQdioFile :: qdio_info NULL
12-10 00:57:03.941 E/QURAM   ( 8388): ParseQdioFile :: qdio_info NULL
12-10 00:57:03.948 E/QURAM   ( 8388): ParseQdioFile :: qdio_info NULL
12-10 00:57:03.952 E/QURAM   ( 8388): ParseQdioFile :: qdio_info NULL
12-10 00:57:03.953 E/QURAM   ( 8388): ParseQdioFile :: qdio_info NULL
12-10 00:57:03.961 E/QURAM   ( 8388): ParseQdioFile :: qdio_info NULL
12-10 00:57:03.964 D/CustomFrequencyManagerService( 1888): releaseDVFSLockLocked : Getting Lock type frm List : DVFS_MIN_LIMIT  frequency : 1890000  uid : 1000  pid : 1888  tag : ACTIVITY_RESUME_BOOSTER@11
12-10 00:57:03.968 E/QURAM   ( 8388): ParseQdioFile :: qdio_info NULL
12-10 00:57:03.969 E/QURAM   ( 8388): ParseQdioFile :: qdio_info NULL
12-10 00:57:03.971 I/AudioPolicyManager_legacy(  277): getAudioPolicyConfig: audioParam;outDevice
12-10 00:57:03.972 V/AudioPolicyManager_legacy(  277): getNewOutputDevice() selected device 0
12-10 00:57:03.972 V/AudioPolicyManager_legacy(  277): ### curdevice : 2
12-10 00:57:03.975 E/QURAM   ( 8388): ParseQdioFile :: qdio_info NULL
12-10 00:57:03.985 E/QURAM   ( 8388): ParseQdioFile :: qdio_info NULL
12-10 00:57:03.986 E/QURAM   ( 8388): ParseQdioFile :: qdio_info NULL
12-10 00:57:03.986 E/QURAM   ( 8388): ParseQdioFile :: qdio_info NULL
12-10 00:57:03.995 E/QURAM   ( 8388): ParseQdioFile :: qdio_info NULL
12-10 00:57:04.002 E/QURAM   ( 8388): ParseQdioFile :: qdio_info NULL
12-10 00:57:04.006 E/QURAM   ( 8388): ParseQdioFile :: qdio_info NULL
12-10 00:57:04.006 E/QURAM   ( 8388): ParseQdioFile :: qdio_info NULL
12-10 00:57:04.016 E/QURAM   ( 8388): ParseQdioFile :: qdio_info NULL
12-10 00:57:04.019 E/QURAM   ( 8388): ParseQdioFile :: qdio_info NULL
12-10 00:57:04.027 E/QURAM   ( 8388): ParseQdioFile :: qdio_info NULL
12-10 00:57:04.034 E/QURAM   ( 8388): ParseQdioFile :: qdio_info NULL
12-10 00:57:04.037 E/QURAM   ( 8388): ParseQdioFile :: qdio_info NULL
12-10 00:57:04.046 E/QURAM   ( 8388): ParseQdioFile :: qdio_info NULL
12-10 00:57:04.059 E/QURAM   ( 8388): ParseQdioFile :: qdio_info NULL
12-10 00:57:04.068 E/QURAM   ( 8388): ParseQdioFile :: qdio_info NULL
12-10 00:57:04.072 I/AudioPolicyManager_legacy(  277): getAudioPolicyConfig: audioParam;outDevice
12-10 00:57:04.072 V/AudioPolicyManager_legacy(  277): getNewOutputDevice() selected device 0
12-10 00:57:04.072 V/AudioPolicyManager_legacy(  277): ### curdevice : 2
12-10 00:57:04.082 E/QURAM   ( 8388): ParseQdioFile :: qdio_info NULL
12-10 00:57:04.093 E/QURAM   ( 8388): ParseQdioFile :: qdio_info NULL
12-10 00:57:04.094 I/art     ( 2813): Explicit concurrent mark sweep GC freed 13248(834KB) AllocSpace objects, 0(0B) LOS objects, 24% free, 16MB/21MB, paused 2.288ms total 41.473ms
12-10 00:57:04.094 I/art     ( 2813): WaitForGcToComplete blocked for 47.485ms for cause Explicit
12-10 00:57:04.104 E/QURAM   ( 8388): ParseQdioFile :: qdio_info NULL
12-10 00:57:04.115 E/QURAM   ( 8388): ParseQdioFile :: qdio_info NULL
12-10 00:57:04.125 E/QURAM   ( 8388): ParseQdioFile :: qdio_info NULL
12-10 00:57:04.127 E/QURAM   ( 8388): ParseQdioFile :: qdio_info NULL
12-10 00:57:04.127 I/art     ( 2813): Explicit concurrent mark sweep GC freed 4806(226KB) AllocSpace objects, 0(0B) LOS objects, 24% free, 16MB/21MB, paused 457us total 32.226ms
12-10 00:57:04.138 E/QURAM   ( 8388): ParseQdioFile :: qdio_info NULL
12-10 00:57:04.144 E/QURAM   ( 8388): ParseQdioFile :: qdio_info NULL
12-10 00:57:04.149 E/QURAM   ( 8388): ParseQdioFile :: qdio_info NULL
12-10 00:57:04.158 E/QURAM   ( 8388): ParseQdioFile :: qdio_info NULL
12-10 00:57:04.173 I/AudioPolicyManager_legacy(  277): getAudioPolicyConfig: audioParam;outDevice
12-10 00:57:04.173 V/AudioPolicyManager_legacy(  277): getNewOutputDevice() selected device 0
12-10 00:57:04.173 V/AudioPolicyManager_legacy(  277): ### curdevice : 2
12-10 00:57:04.174 E/QURAM   ( 8388): ParseQdioFile :: qdio_info NULL
12-10 00:57:04.175 E/QURAM   ( 8388): ParseQdioFile :: qdio_info NULL
12-10 00:57:04.175 E/QURAM   ( 8388): ParseQdioFile :: qdio_info NULL
12-10 00:57:04.186 E/QURAM   ( 8388): ParseQdioFile :: qdio_info NULL
12-10 00:57:04.194 E/QURAM   ( 8388): ParseQdioFile :: qdio_info NULL
12-10 00:57:04.194 E/QURAM   ( 8388): ParseQdioFile :: qdio_info NULL
12-10 00:57:04.197 E/QURAM   ( 8388): ParseQdioFile :: qdio_info NULL
12-10 00:57:04.210 E/QURAM   ( 8388): ParseQdioFile :: qdio_info NULL
12-10 00:57:04.213 E/QURAM   ( 8388): ParseQdioFile :: qdio_info NULL
12-10 00:57:04.214 E/QURAM   ( 8388): ParseQdioFile :: qdio_info NULL
12-10 00:57:04.221 E/QURAM   ( 8388): ParseQdioFile :: qdio_info NULL
12-10 00:57:04.230 E/QURAM   ( 8388): ParseQdioFile :: qdio_info NULL
12-10 00:57:04.233 E/QURAM   ( 8388): ParseQdioFile :: qdio_info NULL
12-10 00:57:04.242 E/QURAM   ( 8388): ParseQdioFile :: qdio_info NULL
12-10 00:57:04.259 E/QURAM   ( 8388): ParseQdioFile :: qdio_info NULL
12-10 00:57:04.260 E/QURAM   ( 8388): ParseQdioFile :: qdio_info NULL
12-10 00:57:04.261 E/QURAM   ( 8388): ParseQdioFile :: qdio_info NULL
12-10 00:57:04.273 E/QURAM   ( 8388): ParseQdioFile :: qdio_info NULL
12-10 00:57:04.274 I/AudioPolicyManager_legacy(  277): getAudioPolicyConfig: audioParam;outDevice
12-10 00:57:04.274 V/AudioPolicyManager_legacy(  277): getNewOutputDevice() selected device 0
12-10 00:57:04.274 V/AudioPolicyManager_legacy(  277): ### curdevice : 2
12-10 00:57:04.276 E/QURAM   ( 8388): ParseQdioFile :: qdio_info NULL
12-10 00:57:04.282 E/QURAM   ( 8388): ParseQdioFile :: qdio_info NULL
12-10 00:57:04.285 E/QURAM   ( 8388): ParseQdioFile :: qdio_info NULL
12-10 00:57:04.297 E/QURAM   ( 8388): ParseQdioFile :: qdio_info NULL
12-10 00:57:04.297 E/QURAM   ( 8388): ParseQdioFile :: qdio_info NULL
12-10 00:57:04.298 E/QURAM   ( 8388): ParseQdioFile :: qdio_info NULL
12-10 00:57:04.308 E/QURAM   ( 8388): ParseQdioFile :: qdio_info NULL
12-10 00:57:04.313 E/QURAM   ( 8388): ParseQdioFile :: qdio_info NULL
12-10 00:57:04.315 E/QURAM   ( 8388): ParseQdioFile :: qdio_info NULL
12-10 00:57:04.318 E/QURAM   ( 8388): ParseQdioFile :: qdio_info NULL
12-10 00:57:04.328 E/QURAM   ( 8388): ParseQdioFile :: qdio_info NULL
12-10 00:57:04.332 E/QURAM   ( 8388): ParseQdioFile :: qdio_info NULL
12-10 00:57:04.332 E/QURAM   ( 8388): ParseQdioFile :: qdio_info NULL
12-10 00:57:04.341 E/QURAM   ( 8388): ParseQdioFile :: qdio_info NULL
12-10 00:57:04.353 E/QURAM   ( 8388): ParseQdioFile :: qdio_info NULL
12-10 00:57:04.355 E/QURAM   ( 8388): ParseQdioFile :: qdio_info NULL
12-10 00:57:04.357 E/QURAM   ( 8388): ParseQdioFile :: qdio_info NULL
12-10 00:57:04.368 E/QURAM   ( 8388): ParseQdioFile :: qdio_info NULL
12-10 00:57:04.374 I/AudioPolicyManager_legacy(  277): getAudioPolicyConfig: audioParam;outDevice
12-10 00:57:04.375 V/AudioPolicyManager_legacy(  277): getNewOutputDevice() selected device 0
12-10 00:57:04.375 V/AudioPolicyManager_legacy(  277): ### curdevice : 2
12-10 00:57:04.377 E/QURAM   ( 8388): ParseQdioFile :: qdio_info NULL
12-10 00:57:04.378 E/QURAM   ( 8388): ParseQdioFile :: qdio_info NULL
12-10 00:57:04.380 E/QURAM   ( 8388): ParseQdioFile :: qdio_info NULL
12-10 00:57:04.397 E/QURAM   ( 8388): ParseQdioFile :: qdio_info NULL
12-10 00:57:04.411 I/art     ( 2813): Explicit concurrent mark sweep GC freed 7952(529KB) AllocSpace objects, 0(0B) LOS objects, 25% free, 16MB/21MB, paused 427us total 26.123ms
12-10 00:57:04.411 E/QURAM   ( 8388): ParseQdioFile :: qdio_info NULL
12-10 00:57:04.412 I/art     ( 2813): WaitForGcToComplete blocked for 25.390ms for cause Explicit
12-10 00:57:04.423 E/QURAM   ( 8388): ParseQdioFile :: qdio_info NULL
12-10 00:57:04.424 E/QURAM   ( 8388): ParseQdioFile :: qdio_info NULL
12-10 00:57:04.435 E/QURAM   ( 8388): ParseQdioFile :: qdio_info NULL
12-10 00:57:04.443 I/art     ( 2813): Explicit concurrent mark sweep GC freed 4628(212KB) AllocSpace objects, 0(0B) LOS objects, 25% free, 16MB/21MB, paused 488us total 30.456ms
12-10 00:57:04.444 E/QURAM   ( 8388): ParseQdioFile :: qdio_info NULL
12-10 00:57:04.446 E/QURAM   ( 8388): ParseQdioFile :: qdio_info NULL
12-10 00:57:04.455 E/QURAM   ( 8388): ParseQdioFile :: qdio_info NULL
12-10 00:57:04.465 E/QURAM   ( 8388): ParseQdioFile :: qdio_info NULL
12-10 00:57:04.468 E/QURAM   ( 8388): ParseQdioFile :: qdio_info NULL
12-10 00:57:04.476 I/AudioPolicyManager_legacy(  277): getAudioPolicyConfig: audioParam;outDevice
12-10 00:57:04.476 V/AudioPolicyManager_legacy(  277): getNewOutputDevice() selected device 0
12-10 00:57:04.476 V/AudioPolicyManager_legacy(  277): ### curdevice : 2
12-10 00:57:04.478 E/QURAM   ( 8388): ParseQdioFile :: qdio_info NULL
12-10 00:57:04.482 E/QURAM   ( 8388): ParseQdioFile :: qdio_info NULL
12-10 00:57:04.489 E/QURAM   ( 8388): ParseQdioFile :: qdio_info NULL
12-10 00:57:04.501 E/QURAM   ( 8388): ParseQdioFile :: qdio_info NULL
12-10 00:57:04.515 E/QURAM   ( 8388): ParseQdioFile :: qdio_info NULL
12-10 00:57:04.523 D/ResourcesManager( 1888): creating new AssetManager and set to /system/priv-app/TouchWizHome_K/TouchWizHome_K.apk
