12-10 00:57:04.526 E/QURAM   ( 8388): ParseQdioFile :: qdio_info NULL
12-10 00:57:04.545 E/QURAM   ( 8388): ParseQdioFile :: qdio_info NULL
12-10 00:57:04.556 E/QURAM   ( 8388): ParseQdioFile :: qdio_info NULL
12-10 00:57:04.569 E/QURAM   ( 8388): ParseQdioFile :: qdio_info NULL
12-10 00:57:04.576 I/AudioPolicyManager_legacy(  277): getAudioPolicyConfig: audioParam;outDevice
12-10 00:57:04.576 V/AudioPolicyManager_legacy(  277): getNewOutputDevice() selected device 0
12-10 00:57:04.576 V/AudioPolicyManager_legacy(  277): ### curdevice : 2
12-10 00:57:04.578 E/QURAM   ( 8388): ParseQdioFile :: qdio_info NULL
12-10 00:57:04.588 E/QURAM   ( 8388): ParseQdioFile :: qdio_info NULL
12-10 00:57:04.597 E/QURAM   ( 8388): ParseQdioFile :: qdio_info NULL
12-10 00:57:04.607 E/QURAM   ( 8388): ParseQdioFile :: qdio_info NULL
12-10 00:57:04.617 E/QURAM   ( 8388): ParseQdioFile :: qdio_info NULL
12-10 00:57:04.625 E/QURAM   ( 8388): ParseQdioFile :: qdio_info NULL
12-10 00:57:04.635 E/QURAM   ( 8388): ParseQdioFile :: qdio_info NULL
12-10 00:57:04.642 I/art     ( 1888): Explicit concurrent mark sweep GC freed 4679(181KB) AllocSpace objects, 0(0B) LOS objects, 27% free, 42MB/58MB, paused 1.892ms total 136.169ms
12-10 00:57:04.647 E/QURAM   ( 8388): ParseQdioFile :: qdio_info NULL
12-10 00:57:04.656 E/QURAM   ( 8388): ParseQdioFile :: qdio_info NULL
12-10 00:57:04.664 E/SMD     ( 9111): smd Interface open failed errno is 2 -1
12-10 00:57:04.668 E/QURAM   ( 8388): ParseQdioFile :: qdio_info NULL
12-10 00:57:04.668 E/QURAM   ( 8388): ParseQdioFile :: qdio_info NULL
12-10 00:57:04.677 I/AudioPolicyManager_legacy(  277): getAudioPolicyConfig: audioParam;outDevice
12-10 00:57:04.677 V/AudioPolicyManager_legacy(  277): getNewOutputDevice() selected device 0
12-10 00:57:04.677 V/AudioPolicyManager_legacy(  277): ### curdevice : 2
12-10 00:57:04.689 E/QURAM   ( 8388): ParseQdioFile :: qdio_info NULL
12-10 00:57:04.698 E/QURAM   ( 8388): ParseQdioFile :: qdio_info NULL
12-10 00:57:04.709 E/QURAM   ( 8388): ParseQdioFile :: qdio_info NULL
12-10 00:57:04.714 I/art     ( 8388): Explicit concurrent mark sweep GC freed 15670(1148KB) AllocSpace objects, 4(110KB) LOS objects, 24% free, 17MB/23MB, paused 610us total 52.185ms
12-10 00:57:04.719 E/QURAM   ( 8388): ParseQdioFile :: qdio_info NULL
12-10 00:57:04.728 E/QURAM   ( 8388): ParseQdioFile :: qdio_info NULL
12-10 00:57:04.742 E/QURAM   ( 8388): ParseQdioFile :: qdio_info NULL
12-10 00:57:04.752 E/QURAM   ( 8388): ParseQdioFile :: qdio_info NULL
12-10 00:57:04.760 E/QURAM   ( 8388): ParseQdioFile :: qdio_info NULL
12-10 00:57:04.769 E/QURAM   ( 8388): ParseQdioFile :: qdio_info NULL
12-10 00:57:04.777 I/AudioPolicyManager_legacy(  277): getAudioPolicyConfig: audioParam;outDevice
12-10 00:57:04.778 V/AudioPolicyManager_legacy(  277): getNewOutputDevice() selected device 0
12-10 00:57:04.778 V/AudioPolicyManager_legacy(  277): ### curdevice : 2
12-10 00:57:04.780 E/QURAM   ( 8388): ParseQdioFile :: qdio_info NULL
12-10 00:57:04.791 E/QURAM   ( 8388): ParseQdioFile :: qdio_info NULL
12-10 00:57:04.801 E/QURAM   ( 8388): ParseQdioFile :: qdio_info NULL
12-10 00:57:04.820 E/QURAM   ( 8388): ParseQdioFile :: qdio_info NULL
12-10 00:57:04.832 E/QURAM   ( 8388): ParseQdioFile :: qdio_info NULL
12-10 00:57:04.842 E/QURAM   ( 8388): ParseQdioFile :: qdio_info NULL
12-10 00:57:04.843 D/GalleryCacheReady( 8388): GalleryCacheReady end
12-10 00:57:04.846 I/ActivityManager( 1888): Killing 8510:eu.chainfire.supersu/u0a152 (adj 15): emptyCount ##36
12-10 00:57:04.853 E/QURAM   ( 8388): ParseQdioFile :: qdio_info NULL
12-10 00:57:04.861 E/QURAM   ( 8388): ParseQdioFile :: qdio_info NULL
12-10 00:57:04.874 E/QURAM   ( 8388): ParseQdioFile :: qdio_info NULL
12-10 00:57:04.878 I/AudioPolicyManager_legacy(  277): getAudioPolicyConfig: audioParam;outDevice
12-10 00:57:04.878 V/AudioPolicyManager_legacy(  277): getNewOutputDevice() selected device 0
12-10 00:57:04.878 V/AudioPolicyManager_legacy(  277): ### curdevice : 2
12-10 00:57:04.883 E/QURAM   ( 8388): ParseQdioFile :: qdio_info NULL
12-10 00:57:04.892 E/QURAM   ( 8388): ParseQdioFile :: qdio_info NULL
12-10 00:57:04.899 D/GalleryCacheReady( 8388): GalleryCacheReady end
12-10 00:57:04.902 E/QURAM   ( 8388): ParseQdioFile :: qdio_info NULL
12-10 00:57:04.911 E/QURAM   ( 8388): ParseQdioFile :: qdio_info NULL
12-10 00:57:04.919 E/QURAM   ( 8388): ParseQdioFile :: qdio_info NULL
12-10 00:57:04.928 E/QURAM   ( 8388): ParseQdioFile :: qdio_info NULL
12-10 00:57:04.936 E/QURAM   ( 8388): ParseQdioFile :: qdio_info NULL
12-10 00:57:04.945 E/QURAM   ( 8388): ParseQdioFile :: qdio_info NULL
12-10 00:57:04.955 E/QURAM   ( 8388): ParseQdioFile :: qdio_info NULL
12-10 00:57:04.964 E/QURAM   ( 8388): ParseQdioFile :: qdio_info NULL
12-10 00:57:04.974 E/QURAM   ( 8388): ParseQdioFile :: qdio_info NULL
12-10 00:57:04.979 I/AudioPolicyManager_legacy(  277): getAudioPolicyConfig: audioParam;outDevice
12-10 00:57:04.979 V/AudioPolicyManager_legacy(  277): getNewOutputDevice() selected device 0
12-10 00:57:04.979 V/AudioPolicyManager_legacy(  277): ### curdevice : 2
12-10 00:57:04.984 E/QURAM   ( 8388): ParseQdioFile :: qdio_info NULL
12-10 00:57:04.991 E/QURAM   ( 8388): ParseQdioFile :: qdio_info NULL
12-10 00:57:05.000 E/QURAM   ( 8388): ParseQdioFile :: qdio_info NULL
12-10 00:57:05.010 E/QURAM   ( 8388): ParseQdioFile :: qdio_info NULL
12-10 00:57:05.019 E/QURAM   ( 8388): ParseQdioFile :: qdio_info NULL
12-10 00:57:05.029 E/QURAM   ( 8388): ParseQdioFile :: qdio_info NULL
12-10 00:57:05.040 E/QURAM   ( 8388): ParseQdioFile :: qdio_info NULL
12-10 00:57:05.051 E/QURAM   ( 8388): ParseQdioFile :: qdio_info NULL
12-10 00:57:05.069 E/QURAM   ( 8388): ParseQdioFile :: qdio_info NULL
12-10 00:57:05.087 E/QURAM   ( 8388): ParseQdioFile :: qdio_info NULL
12-10 00:57:05.102 I/AudioPolicyManager_legacy(  277): getAudioPolicyConfig: audioParam;outDevice
12-10 00:57:05.102 V/AudioPolicyManager_legacy(  277): getNewOutputDevice() selected device 0
12-10 00:57:05.102 V/AudioPolicyManager_legacy(  277): ### curdevice : 2
12-10 00:57:05.108 E/QURAM   ( 8388): ParseQdioFile :: qdio_info NULL
12-10 00:57:05.119 E/QURAM   ( 8388): ParseQdioFile :: qdio_info NULL
12-10 00:57:05.131 E/QURAM   ( 8388): ParseQdioFile :: qdio_info NULL
12-10 00:57:05.143 E/QURAM   ( 8388): ParseQdioFile :: qdio_info NULL
12-10 00:57:05.158 E/QURAM   ( 8388): ParseQdioFile :: qdio_info NULL
12-10 00:57:05.174 E/QURAM   ( 8388): ParseQdioFile :: qdio_info NULL
12-10 00:57:05.186 E/QURAM   ( 8388): ParseQdioFile :: qdio_info NULL
12-10 00:57:05.199 E/QURAM   ( 8388): ParseQdioFile :: qdio_info NULL
12-10 00:57:05.203 I/AudioPolicyManager_legacy(  277): getAudioPolicyConfig: audioParam;outDevice
12-10 00:57:05.203 V/AudioPolicyManager_legacy(  277): getNewOutputDevice() selected device 0
12-10 00:57:05.203 V/AudioPolicyManager_legacy(  277): ### curdevice : 2
12-10 00:57:05.213 E/QURAM   ( 8388): ParseQdioFile :: qdio_info NULL
12-10 00:57:05.227 E/QURAM   ( 8388): ParseQdioFile :: qdio_info NULL
12-10 00:57:05.238 E/QURAM   ( 8388): ParseQdioFile :: qdio_info NULL
12-10 00:57:05.248 E/QURAM   ( 8388): ParseQdioFile :: qdio_info NULL
12-10 00:57:05.255 E/QURAM   ( 8388): ParseQdioFile :: qdio_info NULL
12-10 00:57:05.264 E/QURAM   ( 8388): ParseQdioFile :: qdio_info NULL
12-10 00:57:05.273 E/QURAM   ( 8388): ParseQdioFile :: qdio_info NULL
12-10 00:57:05.282 E/QURAM   ( 8388): ParseQdioFile :: qdio_info NULL
12-10 00:57:05.291 E/QURAM   ( 8388): ParseQdioFile :: qdio_info NULL
12-10 00:57:05.301 E/QURAM   ( 8388): ParseQdioFile :: qdio_info NULL
12-10 00:57:05.304 I/AudioPolicyManager_legacy(  277): getAudioPolicyConfig: audioParam;outDevice
12-10 00:57:05.304 V/AudioPolicyManager_legacy(  277): getNewOutputDevice() selected device 0
12-10 00:57:05.304 V/AudioPolicyManager_legacy(  277): ### curdevice : 2
12-10 00:57:05.313 E/QURAM   ( 8388): ParseQdioFile :: qdio_info NULL
12-10 00:57:05.322 E/QURAM   ( 8388): ParseQdioFile :: qdio_info NULL
12-10 00:57:05.332 E/QURAM   ( 8388): ParseQdioFile :: qdio_info NULL
12-10 00:57:05.341 E/QURAM   ( 8388): ParseQdioFile :: qdio_info NULL
12-10 00:57:05.351 E/QURAM   ( 8388): ParseQdioFile :: qdio_info NULL
12-10 00:57:05.361 E/QURAM   ( 8388): ParseQdioFile :: qdio_info NULL
12-10 00:57:05.370 E/QURAM   ( 8388): ParseQdioFile :: qdio_info NULL
12-10 00:57:05.380 E/QURAM   ( 8388): ParseQdioFile :: qdio_info NULL
12-10 00:57:05.389 E/QURAM   ( 8388): ParseQdioFile :: qdio_info NULL
12-10 00:57:05.400 E/QURAM   ( 8388): ParseQdioFile :: qdio_info NULL
12-10 00:57:05.404 I/AudioPolicyManager_legacy(  277): getAudioPolicyConfig: audioParam;outDevice
12-10 00:57:05.404 V/AudioPolicyManager_legacy(  277): getNewOutputDevice() selected device 0
12-10 00:57:05.404 V/AudioPolicyManager_legacy(  277): ### curdevice : 2
12-10 00:57:05.435 E/QURAM   ( 8388): ParseQdioFile :: qdio_info NULL
12-10 00:57:05.445 E/QURAM   ( 8388): ParseQdioFile :: qdio_info NULL
12-10 00:57:05.455 E/QURAM   ( 8388): ParseQdioFile :: qdio_info NULL
12-10 00:57:05.464 E/QURAM   ( 8388): ParseQdioFile :: qdio_info NULL
12-10 00:57:05.474 E/QURAM   ( 8388): ParseQdioFile :: qdio_info NULL
12-10 00:57:05.484 E/QURAM   ( 8388): ParseQdioFile :: qdio_info NULL
12-10 00:57:05.494 E/QURAM   ( 8388): ParseQdioFile :: qdio_info NULL
12-10 00:57:05.504 E/QURAM   ( 8388): ParseQdioFile :: qdio_info NULL
12-10 00:57:05.505 I/AudioPolicyManager_legacy(  277): getAudioPolicyConfig: audioParam;outDevice
12-10 00:57:05.505 V/AudioPolicyManager_legacy(  277): getNewOutputDevice() selected device 0
12-10 00:57:05.505 V/AudioPolicyManager_legacy(  277): ### curdevice : 2
12-10 00:57:05.515 E/QURAM   ( 8388): ParseQdioFile :: qdio_info NULL
12-10 00:57:05.525 E/QURAM   ( 8388): ParseQdioFile :: qdio_info NULL
12-10 00:57:05.536 E/Diag_Lib(10187):  Diag_LSM_Init: Failed to open handle to diag driver, error = 2
12-10 00:57:05.587 E/QURAM   ( 8388): ParseQdioFile :: qdio_info NULL
12-10 00:57:05.598 E/QURAM   ( 8388): ParseQdioFile :: qdio_info NULL
12-10 00:57:05.605 I/AudioPolicyManager_legacy(  277): getAudioPolicyConfig: audioParam;outDevice
12-10 00:57:05.605 V/AudioPolicyManager_legacy(  277): getNewOutputDevice() selected device 0
12-10 00:57:05.606 V/AudioPolicyManager_legacy(  277): ### curdevice : 2
12-10 00:57:05.608 E/QURAM   ( 8388): ParseQdioFile :: qdio_info NULL
12-10 00:57:05.618 E/QURAM   ( 8388): ParseQdioFile :: qdio_info NULL
12-10 00:57:05.628 E/QURAM   ( 8388): ParseQdioFile :: qdio_info NULL
12-10 00:57:05.639 E/QURAM   ( 8388): ParseQdioFile :: qdio_info NULL
12-10 00:57:05.650 E/QURAM   ( 8388): ParseQdioFile :: qdio_info NULL
12-10 00:57:05.652 D/SurfaceFlinger(  233): FPS : 3.34
12-10 00:57:05.652 W/SurfaceFlinger(  233): Fail to Open /sys/devices/platform/gpusysfs/fps
12-10 00:57:05.662 E/QURAM   ( 8388): ParseQdioFile :: qdio_info NULL
12-10 00:57:05.665 E/SMD     ( 9111): smd Interface open failed errno is 2 -1
12-10 00:57:05.675 E/QURAM   ( 8388): ParseQdioFile :: qdio_info NULL
12-10 00:57:05.685 E/QURAM   ( 8388): ParseQdioFile :: qdio_info NULL
12-10 00:57:05.695 E/QURAM   ( 8388): ParseQdioFile :: qdio_info NULL
12-10 00:57:05.705 E/QURAM   ( 8388): ParseQdioFile :: qdio_info NULL
12-10 00:57:05.706 I/AudioPolicyManager_legacy(  277): getAudioPolicyConfig: audioParam;outDevice
12-10 00:57:05.706 V/AudioPolicyManager_legacy(  277): getNewOutputDevice() selected device 0
12-10 00:57:05.706 V/AudioPolicyManager_legacy(  277): ### curdevice : 2
12-10 00:57:05.716 E/QURAM   ( 8388): ParseQdioFile :: qdio_info NULL
12-10 00:57:05.726 E/QURAM   ( 8388): ParseQdioFile :: qdio_info NULL
12-10 00:57:05.736 E/QURAM   ( 8388): ParseQdioFile :: qdio_info NULL
12-10 00:57:05.741 I/ServiceManager(  312): Waiting for service AtCmdFwd...
12-10 00:57:05.750 E/QURAM   ( 8388): ParseQdioFile :: qdio_info NULL
12-10 00:57:05.760 E/QURAM   ( 8388): ParseQdioFile :: qdio_info NULL
12-10 00:57:05.770 E/QURAM   ( 8388): ParseQdioFile :: qdio_info NULL
12-10 00:57:05.780 E/QURAM   ( 8388): ParseQdioFile :: qdio_info NULL
12-10 00:57:05.790 E/QURAM   ( 8388): ParseQdioFile :: qdio_info NULL
12-10 00:57:05.800 E/QURAM   ( 8388): ParseQdioFile :: qdio_info NULL
12-10 00:57:05.807 I/AudioPolicyManager_legacy(  277): getAudioPolicyConfig: audioParam;outDevice
12-10 00:57:05.808 V/AudioPolicyManager_legacy(  277): getNewOutputDevice() selected device 0
12-10 00:57:05.808 V/AudioPolicyManager_legacy(  277): ### curdevice : 2
12-10 00:57:05.810 E/QURAM   ( 8388): ParseQdioFile :: qdio_info NULL
12-10 00:57:05.821 E/QURAM   ( 8388): ParseQdioFile :: qdio_info NULL
12-10 00:57:05.831 E/QURAM   ( 8388): ParseQdioFile :: qdio_info NULL
12-10 00:57:05.841 E/QURAM   ( 8388): ParseQdioFile :: qdio_info NULL
12-10 00:57:05.852 E/QURAM   ( 8388): ParseQdioFile :: qdio_info NULL
12-10 00:57:05.862 E/QURAM   ( 8388): ParseQdioFile :: qdio_info NULL
12-10 00:57:05.872 E/QURAM   ( 8388): ParseQdioFile :: qdio_info NULL
12-10 00:57:05.882 E/QURAM   ( 8388): ParseQdioFile :: qdio_info NULL
12-10 00:57:05.897 E/QURAM   ( 8388): ParseQdioFile :: qdio_info NULL
12-10 00:57:05.907 E/QURAM   ( 8388): ParseQdioFile :: qdio_info NULL
12-10 00:57:05.908 I/AudioPolicyManager_legacy(  277): getAudioPolicyConfig: audioParam;outDevice
12-10 00:57:05.908 V/AudioPolicyManager_legacy(  277): getNewOutputDevice() selected device 0
12-10 00:57:05.909 V/AudioPolicyManager_legacy(  277): ### curdevice : 2
12-10 00:57:05.917 D/StatusBar.NetworkController( 2765): onSignalStrengthsChanged signalStrength=SignalStrength: 99 99 -120 -160 -120 -1 -1 17 -108 -10 56 -1 2147483647 0x2000 gsm|lte level=2
12-10 00:57:05.917 D/StatusBar.NetworkController( 2765): updateTelephonySignalStrength: hasService=true ss=SignalStrength: 99 99 -120 -160 -120 -1 -1 17 -108 -10 56 -1 2147483647 0x2000 gsm|lte
12-10 00:57:05.918 D/StatusBar.NetworkController( 2765): updateTelephonySignalStrength: iconLevel=2
12-10 00:57:05.918 D/StatusBar.NetworkController( 2765): updateTelephonySignalStrength, No signal level. mPhoneSignalIconId = com.android.systemui:drawable/stat_sys_signal_2_auto_rotate mDataSignalIconId = com.android.systemui:drawable/stat_sys_signal_2_auto_rotate mQSPhoneSignalIconId = com.android.systemui:drawable/ic_qs_signal_2 mContentDescriptionPhoneSignal = Phone two bars.
12-10 00:57:05.918 D/StatusBar.NetworkController( 2765): refreshViews connected={ wifi } level=2 combinedSignalIconId=0x7f020514/com.android.systemui:drawable/stat_sys_wifi_signal_3 mobileLabel=ROGERS wifiLabel="something"xxxxXXXXxxxxXXXX emergencyOnly=false combinedLabel="something"xxxxXXXXxxxxXXXX mAirplaneMode=false mDataActivity=0 mPhoneSignalIconId=0x7f020466/com.android.systemui:drawable/stat_sys_signal_2_auto_rotate mQSPhoneSignalIconId=0x7f02012a/com.android.systemui:drawable/ic_qs_signal_2 mDataDirectionIconId=0x0/(null) mDataSignalIconId=0x7f020466/com.android.systemui:drawable/stat_sys_signal_2_auto_rotate mDataTypeIconId=0x7f020307/com.android.systemui:drawable/stat_sys_data_connected_4g mQSDataTypeIconId=0x7f02012e/com.android.systemui:drawable/ic_qs_signal_4g mNoSimIconId=0x0/(null) mWifiIconId=0x7f020514/com.android.systemui:drawable/stat_sys_wifi_signal_3 mQSWifiIconId=0x7f020142/com.android.systemui:drawable/ic_qs_wifi_3 mWifiActivityIconId=0x7f0204ea/com.android.systemui:drawable/stat_sys_signal_no_inout mBluetoothTetherIconId=0x10808cc/android:drawable/stat_sys_tether_bluetooth
12-10 00:57:05.919 D/STATUSBAR-WifiQuickSettingButton( 2765): onWifiSignalChanged enabled=true enabledDesc:"something"
12-10 00:57:05.924 E/QURAM   ( 8388): ParseQdioFile :: qdio_info NULL
12-10 00:57:05.934 E/QURAM   ( 8388): ParseQdioFile :: qdio_info NULL
12-10 00:57:05.944 E/QURAM   ( 8388): ParseQdioFile :: qdio_info NULL
12-10 00:57:05.954 E/QURAM   ( 8388): ParseQdioFile :: qdio_info NULL
12-10 00:57:05.964 E/QURAM   ( 8388): ParseQdioFile :: qdio_info NULL
12-10 00:57:05.974 E/QURAM   ( 8388): ParseQdioFile :: qdio_info NULL
12-10 00:57:05.983 E/QURAM   ( 8388): ParseQdioFile :: qdio_info NULL
12-10 00:57:05.993 E/QURAM   ( 8388): ParseQdioFile :: qdio_info NULL
12-10 00:57:06.003 E/QURAM   ( 8388): ParseQdioFile :: qdio_info NULL
12-10 00:57:06.009 I/AudioPolicyManager_legacy(  277): getAudioPolicyConfig: audioParam;outDevice
12-10 00:57:06.009 V/AudioPolicyManager_legacy(  277): getNewOutputDevice() selected device 0
12-10 00:57:06.009 V/AudioPolicyManager_legacy(  277): ### curdevice : 2
12-10 00:57:06.013 E/QURAM   ( 8388): ParseQdioFile :: qdio_info NULL
12-10 00:57:06.023 E/QURAM   ( 8388): ParseQdioFile :: qdio_info NULL
12-10 00:57:06.039 E/QURAM   ( 8388): ParseQdioFile :: qdio_info NULL
12-10 00:57:06.053 E/QURAM   ( 8388): ParseQdioFile :: qdio_info NULL
12-10 00:57:06.062 E/QURAM   ( 8388): ParseQdioFile :: qdio_info NULL
12-10 00:57:06.072 E/QURAM   ( 8388): ParseQdioFile :: qdio_info NULL
12-10 00:57:06.082 E/QURAM   ( 8388): ParseQdioFile :: qdio_info NULL
12-10 00:57:06.092 E/QURAM   ( 8388): ParseQdioFile :: qdio_info NULL
12-10 00:57:06.102 E/QURAM   ( 8388): ParseQdioFile :: qdio_info NULL
12-10 00:57:06.110 I/AudioPolicyManager_legacy(  277): getAudioPolicyConfig: audioParam;outDevice
12-10 00:57:06.110 V/AudioPolicyManager_legacy(  277): getNewOutputDevice() selected device 0
12-10 00:57:06.110 V/AudioPolicyManager_legacy(  277): ### curdevice : 2
12-10 00:57:06.112 E/QURAM   ( 8388): ParseQdioFile :: qdio_info NULL
12-10 00:57:06.122 E/QURAM   ( 8388): ParseQdioFile :: qdio_info NULL
12-10 00:57:06.154 E/QURAM   ( 8388): ParseQdioFile :: qdio_info NULL
12-10 00:57:06.165 E/QURAM   ( 8388): ParseQdioFile :: qdio_info NULL
12-10 00:57:06.175 E/QURAM   ( 8388): ParseQdioFile :: qdio_info NULL
12-10 00:57:06.185 E/QURAM   ( 8388): ParseQdioFile :: qdio_info NULL
12-10 00:57:06.195 E/QURAM   ( 8388): ParseQdioFile :: qdio_info NULL
12-10 00:57:06.205 E/QURAM   ( 8388): ParseQdioFile :: qdio_info NULL
12-10 00:57:06.211 I/AudioPolicyManager_legacy(  277): getAudioPolicyConfig: audioParam;outDevice
12-10 00:57:06.211 V/AudioPolicyManager_legacy(  277): getNewOutputDevice() selected device 0
12-10 00:57:06.212 V/AudioPolicyManager_legacy(  277): ### curdevice : 2
12-10 00:57:06.218 E/QURAM   ( 8388): ParseQdioFile :: qdio_info NULL
12-10 00:57:06.228 E/QURAM   ( 8388): ParseQdioFile :: qdio_info NULL
12-10 00:57:06.237 E/QURAM   ( 8388): ParseQdioFile :: qdio_info NULL
12-10 00:57:06.247 E/QURAM   ( 8388): ParseQdioFile :: qdio_info NULL
12-10 00:57:06.256 E/QURAM   ( 8388): ParseQdioFile :: qdio_info NULL
12-10 00:57:06.266 E/QURAM   ( 8388): ParseQdioFile :: qdio_info NULL
12-10 00:57:06.276 E/QURAM   ( 8388): ParseQdioFile :: qdio_info NULL
12-10 00:57:06.286 E/QURAM   ( 8388): ParseQdioFile :: qdio_info NULL
12-10 00:57:06.297 E/QURAM   ( 8388): ParseQdioFile :: qdio_info NULL
12-10 00:57:06.307 E/QURAM   ( 8388): ParseQdioFile :: qdio_info NULL
12-10 00:57:06.312 I/AudioPolicyManager_legacy(  277): getAudioPolicyConfig: audioParam;outDevice
12-10 00:57:06.312 V/AudioPolicyManager_legacy(  277): getNewOutputDevice() selected device 0
12-10 00:57:06.312 V/AudioPolicyManager_legacy(  277): ### curdevice : 2
12-10 00:57:06.318 E/QURAM   ( 8388): ParseQdioFile :: qdio_info NULL
12-10 00:57:06.328 E/QURAM   ( 8388): ParseQdioFile :: qdio_info NULL
12-10 00:57:06.337 E/QURAM   ( 8388): ParseQdioFile :: qdio_info NULL
12-10 00:57:06.347 E/QURAM   ( 8388): ParseQdioFile :: qdio_info NULL
12-10 00:57:06.357 E/QURAM   ( 8388): ParseQdioFile :: qdio_info NULL
12-10 00:57:06.367 E/QURAM   ( 8388): ParseQdioFile :: qdio_info NULL
12-10 00:57:06.377 E/QURAM   ( 8388): ParseQdioFile :: qdio_info NULL
12-10 00:57:06.387 E/QURAM   ( 8388): ParseQdioFile :: qdio_info NULL
12-10 00:57:06.398 E/QURAM   ( 8388): ParseQdioFile :: qdio_info NULL
12-10 00:57:06.407 E/QURAM   ( 8388): ParseQdioFile :: qdio_info NULL
12-10 00:57:06.413 I/AudioPolicyManager_legacy(  277): getAudioPolicyConfig: audioParam;outDevice
12-10 00:57:06.414 V/AudioPolicyManager_legacy(  277): getNewOutputDevice() selected device 0
12-10 00:57:06.414 V/AudioPolicyManager_legacy(  277): ### curdevice : 2
12-10 00:57:06.418 E/QURAM   ( 8388): ParseQdioFile :: qdio_info NULL
12-10 00:57:06.429 E/QURAM   ( 8388): ParseQdioFile :: qdio_info NULL
12-10 00:57:06.439 E/QURAM   ( 8388): ParseQdioFile :: qdio_info NULL
12-10 00:57:06.448 E/QURAM   ( 8388): ParseQdioFile :: qdio_info NULL
12-10 00:57:06.458 E/QURAM   ( 8388): ParseQdioFile :: qdio_info NULL
12-10 00:57:06.470 D/InputReader( 1888): Input event: value=1
12-10 00:57:06.470 I/InputReader( 1888): Touch event's action is 0x0 (deviceType=0) [pCnt=1, s=0.68 ] when=168151007000
12-10 00:57:06.470 I/InputDispatcher( 1888): Delivering touch to (2765): action: 0x4, toolType: 1
12-10 00:57:06.471 I/InputDispatcher( 1888): Delivering touch to (3162): action: 0x0, toolType: 1
12-10 00:57:06.471 I/InputDispatcher( 1888): Delivering touch to (2985): action: 0x0, toolType: 1
12-10 00:57:06.475 D/ViewRootImpl( 3162): ViewPostImeInputStage ACTION_DOWN
12-10 00:57:06.478 D/CustomFrequencyManagerService( 1888): acquireDVFSLockLocked : type : DVFS_MIN_LIMIT  frequency : 1890000  uid : 1000  pid : 1888  pkgName : com.sec.android.app.launcher@1
12-10 00:57:06.478 E/QURAM   ( 8388): ParseQdioFile :: qdio_info NULL
12-10 00:57:06.514 I/AudioPolicyManager_legacy(  277): getAudioPolicyConfig: audioParam;outDevice
12-10 00:57:06.515 V/AudioPolicyManager_legacy(  277): getNewOutputDevice() selected device 0
12-10 00:57:06.515 V/AudioPolicyManager_legacy(  277): ### curdevice : 2
12-10 00:57:06.517 E/QURAM   ( 8388): ParseQdioFile :: qdio_info NULL
12-10 00:57:06.549 E/QURAM   ( 8388): ParseQdioFile :: qdio_info NULL
12-10 00:57:06.578 E/QURAM   ( 8388): ParseQdioFile :: qdio_info NULL
12-10 00:57:06.596 D/InputReader( 1888): Input event: value=0
12-10 00:57:06.597 I/InputReader( 1888): Touch event's action is 0x1 (deviceType=0) [pCnt=1, s=] when=168279700000
12-10 00:57:06.597 I/InputDispatcher( 1888): Delivering touch to (3162): action: 0x1, toolType: 1
12-10 00:57:06.599 D/CustomFrequencyManagerService( 1888): releaseDVFSLockLocked : Getting Lock type frm List : DVFS_MIN_LIMIT  frequency : 1890000  uid : 1000  pid : 1888  tag : com.sec.android.app.launcher@1
12-10 00:57:06.599 I/InputDispatcher( 1888): Delivering touch to (2985): action: 0x1, toolType: 1
12-10 00:57:06.612 D/CustomFrequencyManagerService( 1888): acquireDVFSLockLocked : type : DVFS_MIN_LIMIT  frequency : 384000  uid : 1000  pid : 1888  pkgName : LAUNCHER_APP_BOOSTER_CPU@6
12-10 00:57:06.614 E/QURAM   ( 8388): ParseQdioFile :: qdio_info NULL
12-10 00:57:06.615 I/AudioPolicyManager_legacy(  277): getAudioPolicyConfig: audioParam;outDevice
12-10 00:57:06.616 V/AudioPolicyManager_legacy(  277): getNewOutputDevice() selected device 0
12-10 00:57:06.616 V/AudioPolicyManager_legacy(  277): ### curdevice : 2
12-10 00:57:06.618 I/Timeline( 3162): Timeline: Activity_launch_request id:com.tortel.syslog time:168301
12-10 00:57:06.621 I/ActivityManager( 1888): START u0 {act=android.intent.action.MAIN cat=[android.intent.category.LAUNCHER] flg=0x10200000 cmp=com.tortel.syslog/.FragmentMainActivity bnds=[648,314][864,554]} from uid 10009 on display 0
12-10 00:57:06.623 D/CustomFrequencyManagerService( 1888): acquireDVFSLockLocked : type : DVFS_MIN_LIMIT  frequency : 1890000  uid : 1000  pid : 1888  pkgName : ACTIVITY_RESUME_BOOSTER@7
12-10 00:57:06.626 D/SurfaceFlinger(  233): FPS : 1.03
12-10 00:57:06.626 W/SurfaceFlinger(  233): Fail to Open /sys/devices/platform/gpusysfs/fps
12-10 00:57:06.626 W/ActivityManager( 1888): mDVFSHelper.acquire()
12-10 00:57:06.628 D/FocusedStackFrame( 1888): Set to : 0
12-10 00:57:06.639 D/Launcher.HomeView( 3162): onPause
12-10 00:57:06.640 D/PointerIcon( 1888): setMouseIconStyle1 pointerType: 1001iconType:101 flag:0
12-10 00:57:06.640 D/PointerIcon( 1888): setMouseCustomIcon IconType is same.101
12-10 00:57:06.641 D/Launcher( 3162): Launcher::setSystemUiTransparency(): getSystemUiVisibility() after setting  = 0
12-10 00:57:06.641 D/PointerIcon( 1888): setHoveringSpenIconStyle1 pointerType: 10001iconType:1 flag:0
12-10 00:57:06.641 D/PointerIcon( 1888): setHoveringSpenCustomIcon IconType is same.1
12-10 00:57:06.644 E/QURAM   ( 8388): ParseQdioFile :: qdio_info NULL
12-10 00:57:06.645 E/ActivityManager( 1888): checkUser: useridlist=null, currentuser=0
12-10 00:57:06.646 E/ActivityManager( 1888): checkUser: useridlist=null, currentuser=0
12-10 00:57:06.646 E/ActivityManager( 1888): checkUser: useridlist=null, currentuser=0
12-10 00:57:06.646 E/ActivityManager( 1888): checkUser: useridlist=null, currentuser=0
12-10 00:57:06.647 V/TaskCloserActivity( 8368): TaskCloserActivity onReceive() - com.sec.android.intent.action.HOME_PAUSE
12-10 00:57:06.665 E/SMD     ( 9111): smd Interface open failed errno is 2 -1
12-10 00:57:06.670 E/QURAM   ( 8388): ParseQdioFile :: qdio_info NULL
12-10 00:57:06.672 D/SurfaceFlinger(  233): FPS : 1.03
12-10 00:57:06.673 W/SurfaceFlinger(  233): Fail to Open /sys/devices/platform/gpusysfs/fps
12-10 00:57:06.675 E/Zygote  (10279): MountEmulatedStorage()
12-10 00:57:06.675 E/Zygote  (10279): v2
12-10 00:57:06.676 I/libpersona(10279): KNOX_SDCARD checking this for 10175
12-10 00:57:06.676 I/libpersona(10279): KNOX_SDCARD not a persona
12-10 00:57:06.677 I/SELinux (10279): Function: selinux_compare_spd_ram , priority [2] , priority version is VE=SEPF_GT-I9505_5.0.1-1_0046
12-10 00:57:06.678 E/SELinux (10279): [DEBUG] get_category: variable seinfo: default sensitivity: NULL, cateogry: NULL
12-10 00:57:06.681 I/ActivityManager( 1888): Start proc com.tortel.syslog for activity com.tortel.syslog/.FragmentMainActivity: pid=10279 uid=10175 gids={50175, 9997, 1028, 1015, 1023} abi=armeabi-v7a
12-10 00:57:06.699 V/ActivityThread( 3162): updateVisibility : ActivityRecord{49dfb39 token=android.os.BinderProxy@22e2449 {com.sec.android.app.launcher/com.android.launcher2.Launcher}} show : true
12-10 00:57:06.718 I/AudioPolicyManager_legacy(  277): getAudioPolicyConfig: audioParam;outDevice
12-10 00:57:06.718 V/AudioPolicyManager_legacy(  277): getNewOutputDevice() selected device 0
12-10 00:57:06.719 V/AudioPolicyManager_legacy(  277): ### curdevice : 2
12-10 00:57:06.721 D/SurfaceFlinger(  233): FPS : 1.03
12-10 00:57:06.721 W/SurfaceFlinger(  233): Fail to Open /sys/devices/platform/gpusysfs/fps
12-10 00:57:06.724 E/QURAM   ( 8388): ParseQdioFile :: qdio_info NULL
12-10 00:57:06.739 V/WindowOrientationListener( 1888): mSContextAutoRotationListener.getProposedRotation, mbResultFaceDectection: false
12-10 00:57:06.739 V/WindowOrientationListener( 1888): mSContextAutoRotationListener.getProposedRotation, Rotation: 0
12-10 00:57:06.739 V/WindowManager( 1888): rotationForOrientationLw(orient=-1, last=0); user=0 USER_ROTATION_LOCKED sensorRotation=0 mLidState=-1 mDockMode=0 mHdmiPlugged=false
12-10 00:57:06.739 V/WindowOrientationListener( 1888): mSContextAutoRotationListener.getProposedRotation, mbResultFaceDectection: false
12-10 00:57:06.739 V/WindowOrientationListener( 1888): mSContextAutoRotationListener.getProposedRotation, Rotation: 0
12-10 00:57:06.740 D/Launcher.HomeView( 3162): onStop
12-10 00:57:06.741 I/ServiceManager(  312): Waiting for service AtCmdFwd...
12-10 00:57:06.741 V/ActivityThread( 3162): updateVisibility : ActivityRecord{49dfb39 token=android.os.BinderProxy@22e2449 {com.sec.android.app.launcher/com.android.launcher2.Launcher}} show : false
12-10 00:57:06.760 E/QURAM   ( 8388): ParseQdioFile :: qdio_info NULL
12-10 00:57:06.761 D/ResourcesManager( 1888): creating new AssetManager and set to /system/priv-app/TouchWizHome_K/TouchWizHome_K.apk
12-10 00:57:06.763 W/ResourcesManager( 1888): Asset path '/system/framework/twframework.jar' does not exist or contains no resources.
12-10 00:57:06.767 D/SurfaceFlinger(  233): FPS : 1.03
12-10 00:57:06.767 W/SurfaceFlinger(  233): Fail to Open /sys/devices/platform/gpusysfs/fps
12-10 00:57:06.770 W/ResourcesManager( 1888): Asset path '/system/framework/sws.jar' does not exist or contains no resources.
12-10 00:57:06.774 D/StatusBarManagerService( 1888): manageDisableList userId=0 what=0x0 pkg=WindowManager.LayoutParams
12-10 00:57:06.782 D/Launcher( 3162): onTrimMemory. Level: 20
12-10 00:57:06.783 E/QURAM   ( 8388): ParseQdioFile :: qdio_info NULL
12-10 00:57:06.791 D/SurfaceFlinger(  233): FPS : 1.03
12-10 00:57:06.791 W/SurfaceFlinger(  233): Fail to Open /sys/devices/platform/gpusysfs/fps
12-10 00:57:06.797 D/ConnectivityService( 1888): returning getNetworkInfo(networkType - 1) :[type: WIFI[] - WIFI, state: CONNECTED/CONNECTED, reason: (unspecified), extra: "something", roaming: false, failover: false, isAvailable: true, isConnectedToProvisioningNetwork: false]
12-10 00:57:06.810 E/QURAM   ( 8388): ParseQdioFile :: qdio_info NULL
12-10 00:57:06.818 D/SurfaceFlinger(  233): FPS : 1.03
12-10 00:57:06.818 W/SurfaceFlinger(  233): Fail to Open /sys/devices/platform/gpusysfs/fps
12-10 00:57:06.819 I/AudioPolicyManager_legacy(  277): getAudioPolicyConfig: audioParam;outDevice
12-10 00:57:06.819 V/AudioPolicyManager_legacy(  277): getNewOutputDevice() selected device 0
12-10 00:57:06.819 V/AudioPolicyManager_legacy(  277): ### curdevice : 2
12-10 00:57:06.820 D/ResourcesManager(10279): creating new AssetManager and set to /data/app/com.tortel.syslog-1/base.apk
12-10 00:57:06.839 D/SurfaceFlinger(  233): FPS : 1.03
12-10 00:57:06.839 W/SurfaceFlinger(  233): Fail to Open /sys/devices/platform/gpusysfs/fps
12-10 00:57:06.839 E/QURAM   ( 8388): ParseQdioFile :: qdio_info NULL
12-10 00:57:06.863 D/SurfaceFlinger(  233): FPS : 1.03
12-10 00:57:06.863 W/SurfaceFlinger(  233): Fail to Open /sys/devices/platform/gpusysfs/fps
12-10 00:57:06.874 E/QURAM   ( 8388): ParseQdioFile :: qdio_info NULL
12-10 00:57:06.878 D/MultiPhoneWindow(10279): updateMultiWindowStyle style:MultiWindowStyle{type=0, zone=ZONE_UNKNOWN, option=0x01000002, bounds=null, isNull=false, isolatedCenterPoint=Point(0, 0), scale=0.0, specificTaskId=-1},newStyle=MultiWindowStyle{type=0, zone=ZONE_UNKNOWN, option=0x01000002, bounds=null, isNull=false, isolatedCenterPoint=Point(0, 0), scale=0.0, specificTaskId=-1}
12-10 00:57:06.881 D/MultiPhoneWindow(10279): MultiPhoneWindow : mMinStackBoundForPortRect(0, 0 - 626, 1113), mMinStackBoundForPort=Rect(0, 0 - 1113, 626)
12-10 00:57:06.885 V/MediaPlayer(10279): decode(31, 10356573, 5795)
12-10 00:57:06.888 V/MediaPlayerService(  277): decode(39, 10356573, 5795)
12-10 00:57:06.888 D/SurfaceFlinger(  233): FPS : 30.45
12-10 00:57:06.888 W/SurfaceFlinger(  233): Fail to Open /sys/devices/platform/gpusysfs/fps
12-10 00:57:06.890 V/MediaPlayerService(  277): player type = 3
12-10 00:57:06.890 V/AwesomePlayer(  277): setDefault
12-10 00:57:06.890 V/AwesomePlayer(  277): constructor
12-10 00:57:06.896 V/AwesomePlayer(  277): setDefault
12-10 00:57:06.896 V/AwesomePlayer(  277): reset_l()
12-10 00:57:06.896 V/AwesomePlayer(  277): notifyListner_l() msg (8-MEDIA_STOPPED), ext1 (0), ext2 (0)
12-10 00:57:06.896 V/AwesomePlayer(  277): cancelPlayerEvents (keepNotifications=0)
12-10 00:57:06.896 V/AwesomePlayer(  277): mAudioTrackVector clear
12-10 00:57:06.896 V/AwesomePlayer(  277): reset_l() mAudioPlayer successfully deleted
12-10 00:57:06.896 V/AwesomePlayer(  277): mSecCapture clear
12-10 00:57:06.896 V/AwesomePlayer(  277): mSecMediaClock clear
12-10 00:57:06.896 V/StagefrightPlayer(  277): StagefrightPlayer
12-10 00:57:06.896 V/AwesomePlayer(  277): setListener
12-10 00:57:06.896 V/StagefrightPlayer(  277): initCheck
12-10 00:57:06.896 V/AwesomePlayer(  277): setAudioSink
12-10 00:57:06.896 V/StagefrightPlayer(  277): setDataSource(39, 10356573, 5795)
12-10 00:57:06.896 D/AwesomePlayer(  277): Before reset_l
12-10 00:57:06.896 V/AwesomePlayer(  277): reset_l()
12-10 00:57:06.896 V/AwesomePlayer(  277): notifyListner_l() msg (8-MEDIA_STOPPED), ext1 (0), ext2 (0)
12-10 00:57:06.896 V/AudioCache(  277): notify(0x433dbce0, 8, 0, 0)
12-10 00:57:06.896 V/AudioCache(  277): ignored
12-10 00:57:06.896 V/AwesomePlayer(  277): cancelPlayerEvents (keepNotifications=0)
12-10 00:57:06.896 V/AwesomePlayer(  277): mAudioTrackVector clear
12-10 00:57:06.896 V/AwesomePlayer(  277): reset_l() mAudioPlayer successfully deleted
12-10 00:57:06.896 V/AwesomePlayer(  277): mSecCapture clear
12-10 00:57:06.896 V/AwesomePlayer(  277): mSecMediaClock clear
12-10 00:57:06.896 D/AwesomePlayer(  277): printFileName fd(40) -> /system/framework/framework-res.apk
12-10 00:57:06.899 D/OggExtractor(  277):  correct time not found. Let's use approximate value
12-10 00:57:06.899 V/AwesomePlayer(  277): track of type 'audio/vorbis' does not publish bitrate
12-10 00:57:06.899 V/AwesomePlayer(  277): mBitrate = -1 bits/sec
12-10 00:57:06.899 I/OggExtractor(  277): OggSource::OggSource() mExtractor ref count = 4
12-10 00:57:06.899 V/AwesomePlayer(  277): current audio track index (0) is added to vector
12-10 00:57:06.899 V/AwesomePlayer(  277): setDataSource_l: Audio(1), Video(0)
12-10 00:57:06.899 I/AwesomePlayer(  277): this is widevine, checkRightsStatus will be skip - AwesomePlayer::setDataSource_l
12-10 00:57:06.899 V/MediaPlayerService(  277): prepare
12-10 00:57:06.899 V/AwesomePlayer(  277): prepareAsync
12-10 00:57:06.900 V/MediaPlayerService(  277): wait for prepare
12-10 00:57:06.900 V/AwesomePlayer(  277): onPrepareAsyncEvent
12-10 00:57:06.900 I/SecMediaClock(  277): SecMediaClock constructor
12-10 00:57:06.901 I/SecMediaClock(  277): reset
12-10 00:57:06.901 I/SecVideoCapture(  277): SecVideoCapture constructor
12-10 00:57:06.901 I/SecVideoCapture(  277): reset
12-10 00:57:06.901 V/AwesomePlayer(  277): initAudioDecoder
12-10 00:57:06.901 V/AwesomePlayer(  277): checkOffloadExceptions is true
12-10 00:57:06.901 V/AudioPolicyManager_legacy(  277): isOffloadSupported: SR=44100, CM=0x3, Format=0x7000000, StreamType=-1, BitRate=4294967295, duration=362187 us, has_video=0
12-10 00:57:06.901 V/AudioPolicyManager_legacy(  277): isOffloadSupported: stream_type != MUSIC, returning false
12-10 00:57:06.901 V/AwesomePlayer(  277): nchannels 2;LPA will be skipped if nchannels is > 2 or nchannels == 0
12-10 00:57:06.901 D/AwesomePlayer(  277): Tunnel Mime Type: audio/vorbis, object alive = 0, mTunnelAliveAP = 0
12-10 00:57:06.901 I/AwesomePlayer(  277): AwesomePlayer::initAudioDecoder Sample Rate= 44100 
12-10 00:57:06.901 I/AudioPolicyManager_legacy(  277): getAudioPolicyConfig: audioParam;outDevice
12-10 00:57:06.901 V/AudioPolicyManager_legacy(  277): getNewOutputDevice() selected device 0
12-10 00:57:06.901 V/AudioPolicyManager_legacy(  277): ### curdevice : 2
12-10 00:57:06.901 D/AwesomePlayer(  277): maxPossible tunnels = 1
12-10 00:57:06.901 D/AwesomePlayer(  277): Normal Audio Playback
12-10 00:57:06.901 D/AwesomePlayer(  277): Use tunnel player only for AUDIO_STREAM_MUSIC
12-10 00:57:06.901 I/OMXCodec(  277): Attempting to allocate OMX node 'OMX.google.vorbis.decoder'
12-10 00:57:06.903 I/OMXCodec(  277): Successfully allocated OMX node 'OMX.google.vorbis.decoder'
12-10 00:57:06.903 I/AwesomePlayer(  277): Could not offload audio decode, try pcm offload
12-10 00:57:06.903 V/AudioPolicyManager_legacy(  277): isOffloadSupported: SR=44100, CM=0x1, Format=0x1, StreamType=-1, BitRate=4294967295, duration=362187 us, has_video=0
12-10 00:57:06.903 V/AudioPolicyManager_legacy(  277): isOffloadSupported: stream_type != MUSIC, returning false
12-10 00:57:06.903 I/OMXCodec(  277): [OMX.google.vorbis.decoder] OMXCodec::start mState=1
12-10 00:57:06.903 I/OMXCodec(  277): [OMX.google.vorbis.decoder] allocating 4 buffers of size 8192 on input port
12-10 00:57:06.903 I/OMXCodec(  277): [OMX.google.vorbis.decoder] allocating 4 buffers of size 32768 on output port
12-10 00:57:06.904 I/OMXCodec(  277): [OMX.google.vorbis.decoder] Now Idle. Component sends idle done Event 
12-10 00:57:06.904 V/AwesomePlayer(  277): finishAsyncPrepare_l
12-10 00:57:06.904 V/AwesomePlayer(  277): notifyListner_l() msg (200-MEDIA_INFO), ext1 (973), ext2 (0)
12-10 00:57:06.904 V/AudioCache(  277): notify(0x433dbce0, 200, 973, 0)
12-10 00:57:06.904 V/AudioCache(  277): ignored
12-10 00:57:06.904 V/AwesomePlayer(  277): notifyListner_l() msg (5-MEDIA_SET_VIDEO_SIZE), ext1 (0), ext2 (0)
12-10 00:57:06.904 V/AudioCache(  277): notify(0x433dbce0, 5, 0, 0)
12-10 00:57:06.904 V/AudioCache(  277): ignored
12-10 00:57:06.904 V/AwesomePlayer(  277): notifyListner_l() msg (1-MEDIA_PREPARED), ext1 (0), ext2 (0)
12-10 00:57:06.904 V/AudioCache(  277): notify(0x433dbce0, 1, 0, 0)
12-10 00:57:06.904 V/AudioCache(  277): prepared
12-10 00:57:06.904 V/AudioCache(  277): wait - success
12-10 00:57:06.904 V/MediaPlayerService(  277): start
12-10 00:57:06.904 V/StagefrightPlayer(  277): start
12-10 00:57:06.904 V/AwesomePlayer(  277): play
12-10 00:57:06.904 V/AwesomePlayer(  277): AwesomePlayer::play_l():: This is not a DRM content
12-10 00:57:06.904 W/AwesomePlayer(  277): Trying to create tunnel player mIsTunnelAudio 0,             LPAPlayer::objectsAlive 0,             TunnelPlayer::mTunnelObjectsAlive = 0,            (mAudioPlayer == NULL) 1
12-10 00:57:06.904 V/AwesomePlayer(  277): nchannels 2;LPA will be skipped if nchannels is > 2 or nchannels == 0
12-10 00:57:06.904 E/AwesomePlayer(  277): LPAPlayer::Clip duration setting of less than 30sec not supported, defaulting to 60sec
12-10 00:57:06.904 E/AwesomePlayer(  277): LPAPlayer::Clip duration setting of less than 30sec not supported, defaulting to 60sec
12-10 00:57:06.904 V/AwesomePlayer(  277): AudioPlayer created, Non-LPA mode mime audio/vorbis duration 362187
12-10 00:57:06.904 V/AwesomePlayer(  277): startAudioPlayer_l, sendErrorNotification (0)
12-10 00:57:06.904 D/AudioPlayer(  277): start of Playback, useOffload 0
12-10 00:57:06.904 I/OMXCodec(  277): OMXCodec::read : mch : 0, DDPoutput : 2
12-10 00:57:06.906 E/QURAM   ( 8388): ParseQdioFile :: qdio_info NULL
12-10 00:57:06.910 D/SurfaceFlinger(  233): FPS : 30.45
12-10 00:57:06.910 W/SurfaceFlinger(  233): Fail to Open /sys/devices/platform/gpusysfs/fps
12-10 00:57:06.910 I/OMXCodec(  277): [OMX.google.vorbis.decoder] 0onCmdComplete  mState =  7
12-10 00:57:06.910 I/OMXCodec(  277): [OMX.google.vorbis.decoder] PORT_DISABLED(1)
12-10 00:57:06.910 I/OMXCodec(  277): [OMX.google.vorbis.decoder] allocating 4 buffers of size 32768 on output port
12-10 00:57:06.912 I/OMXCodec(  277): [OMX.google.vorbis.decoder] End Of Stream
12-10 00:57:06.912 I/AudioPlayer(  277): Audio channels(2)
12-10 00:57:06.912 I/AudioPlayer(  277): Audioplayer kKeyAudioPCMFormat:0, 1, 0
12-10 00:57:06.912 I/AudioPlayer(  277): Audioplayer kKeyAudioPCMFormat read fail(2, 1)
12-10 00:57:06.912 V/AudioCache(  277): open(44100, 2, 0x0, 1, 0)
12-10 00:57:06.914 V/AwesomePlayer(  277): notifyListner_l() msg (6-MEDIA_STARTED), ext1 (0), ext2 (0)
12-10 00:57:06.914 V/AudioCache(  277): notify(0x433dbce0, 6, 0, 0)
12-10 00:57:06.914 V/AudioCache(  277): ignored
12-10 00:57:06.914 V/AwesomePlayer(  277): addBatteryData
12-10 00:57:06.914 I/AudioPlayer(  277): First fillBuffer call!!
12-10 00:57:06.914 I/OMXCodec(  277): OMXCodec::read : mch : 0, DDPoutput : 2
12-10 00:57:06.914 I/OMXCodec(  277): OMXCodec::read : mch : 0, DDPoutput : 2
12-10 00:57:06.914 I/OMXCodec(  277): OMXCodec::read : mch : 0, DDPoutput : 2
12-10 00:57:06.914 I/OMXCodec(  277): OMXCodec::read : mch : 0, DDPoutput : 2
12-10 00:57:06.914 V/MediaPlayerService(  277): wait for playback complete
12-10 00:57:06.915 I/OMXCodec(  277): OMXCodec::read : mch : 0, DDPoutput : 2
12-10 00:57:06.915 I/OMXCodec(  277): OMXCodec::read : mch : 0, DDPoutput : 2
12-10 00:57:06.916 I/OMXCodec(  277): OMXCodec::read : mch : 0, DDPoutput : 2
12-10 00:57:06.916 I/OMXCodec(  277): OMXCodec::read : mch : 0, DDPoutput : 2
12-10 00:57:06.916 V/AwesomePlayer(  277): postAudioEOS delayUs (0)
12-10 00:57:06.916 V/AwesomePlayer(  277): onCheckAudioStatus
12-10 00:57:06.916 V/AwesomePlayer(  277): onCheckAudioStatus() set AUDIO_AT_EOS flag
12-10 00:57:06.916 V/AwesomePlayer(  277): onStreamDone
12-10 00:57:06.916 V/AwesomePlayer(  277): MEDIA_PLAYBACK_COMPLETE
12-10 00:57:06.916 V/AwesomePlayer(  277): notifyListner_l() msg (2-MEDIA_PLAYBACK_COMPLETE), ext1 (0), ext2 (0)
12-10 00:57:06.916 V/AudioCache(  277): notify(0x433dbce0, 2, 0, 0)
12-10 00:57:06.916 V/AudioCache(  277): playback complete - thread will wake up later
12-10 00:57:06.916 V/AwesomePlayer(  277): notifyListner_l() msg (7-MEDIA_PAUSED), ext1 (0), ext2 (0)
12-10 00:57:06.916 V/AudioCache(  277): notify(0x433dbce0, 7, 0, 0)
12-10 00:57:06.916 V/AudioCache(  277): ignored
12-10 00:57:06.917 V/AwesomePlayer(  277): cancelPlayerEvents (keepNotifications=1)
12-10 00:57:06.917 V/AwesomePlayer(  277): addBatteryData
12-10 00:57:06.917 V/AudioCache(  277): wait - success
12-10 00:57:06.917 V/StagefrightPlayer(  277): reset
12-10 00:57:06.917 V/AwesomePlayer(  277): reset_l()
12-10 00:57:06.917 V/AwesomePlayer(  277): notifyListner_l() msg (8-MEDIA_STOPPED), ext1 (0), ext2 (0)
12-10 00:57:06.917 V/AudioCache(  277): notify(0x433dbce0, 8, 0, 0)
12-10 00:57:06.917 V/AudioCache(  277): ignored
12-10 00:57:06.917 V/AwesomePlayer(  277): cancelPlayerEvents (keepNotifications=0)
12-10 00:57:06.917 V/AwesomePlayer(  277): mAudioTrackVector clear
12-10 00:57:06.917 D/AudioPlayer(  277): reset: mPlaying=0 mReachedEOS=1 useOffload=0
12-10 00:57:06.917 I/OMXCodec(  277): [OMX.google.vorbis.decoder] stop mState=4
12-10 00:57:06.917 I/OMXCodec(  277): [OMX.google.vorbis.decoder] stop() sendCommand(0x6c, OMX_CommandStateSet, OMX_StateIdle)
12-10 00:57:06.918 I/OMXCodec(  277): [OMX.google.vorbis.decoder] Now Idle. Component sends idle done Event 
12-10 00:57:06.918 I/OMXCodec(  277): [OMX.google.vorbis.decoder] stopOmxComponent_l() mstate = 1
12-10 00:57:06.918 I/OggExtractor(  277): OggSource::stop() mExtractor ref count = 1
12-10 00:57:06.918 I/OggExtractor(  277): OggSource::~OggSource() mExtractor !mStarted ref count = 1
12-10 00:57:06.918 I/OggExtractor(  277): ~OggSource --
12-10 00:57:06.918 I/OggExtractor(  277): ~OggExtractor ++
12-10 00:57:06.918 I/OggExtractor(  277): ~MyVorbisExtractor ++ 
12-10 00:57:06.918 I/OggExtractor(  277): ~MyVorbisExtractor --
12-10 00:57:06.918 I/OggExtractor(  277): ~OggExtractor --
12-10 00:57:06.920 I/AudioPolicyManager_legacy(  277): getAudioPolicyConfig: audioParam;outDevice
12-10 00:57:06.920 V/AudioPolicyManager_legacy(  277): getNewOutputDevice() selected device 0
12-10 00:57:06.920 V/AudioPolicyManager_legacy(  277): ### curdevice : 2
12-10 00:57:06.922 I/AudioPlayer(  277): reset out
12-10 00:57:06.922 V/AwesomePlayer(  277): reset_l() mAudioPlayer successfully deleted
12-10 00:57:06.922 I/SecVideoCapture(  277): SecVideoCapture destructor
12-10 00:57:06.922 I/SecVideoCapture(  277): reset
12-10 00:57:06.922 V/AwesomePlayer(  277): mSecCapture clear
12-10 00:57:06.922 I/SecMediaClock(  277): SecMediaClock destructor
12-10 00:57:06.922 V/AwesomePlayer(  277): mSecMediaClock clear
12-10 00:57:06.922 V/StagefrightPlayer(  277): ~StagefrightPlayer
12-10 00:57:06.922 V/StagefrightPlayer(  277): reset
12-10 00:57:06.922 V/AwesomePlayer(  277): reset_l()
12-10 00:57:06.922 V/AwesomePlayer(  277): notifyListner_l() msg (8-MEDIA_STOPPED), ext1 (0), ext2 (0)
12-10 00:57:06.922 V/AwesomePlayer(  277): cancelPlayerEvents (keepNotifications=0)
12-10 00:57:06.922 V/AwesomePlayer(  277): mAudioTrackVector clear
12-10 00:57:06.922 V/AwesomePlayer(  277): reset_l() mAudioPlayer successfully deleted
12-10 00:57:06.922 V/AwesomePlayer(  277): mSecCapture clear
12-10 00:57:06.922 V/AwesomePlayer(  277): mSecMediaClock clear
12-10 00:57:06.922 V/AwesomePlayer(  277): destructor
12-10 00:57:06.923 V/AwesomePlayer(  277): reset_l()
12-10 00:57:06.923 V/AwesomePlayer(  277): notifyListner_l() msg (8-MEDIA_STOPPED), ext1 (0), ext2 (0)
12-10 00:57:06.923 V/AwesomePlayer(  277): cancelPlayerEvents (keepNotifications=0)
12-10 00:57:06.923 V/AwesomePlayer(  277): mAudioTrackVector clear
12-10 00:57:06.923 V/AwesomePlayer(  277): reset_l() mAudioPlayer successfully deleted
12-10 00:57:06.923 V/AwesomePlayer(  277): mSecCapture clear
12-10 00:57:06.923 V/AwesomePlayer(  277): mSecMediaClock clear
12-10 00:57:06.934 D/SurfaceFlinger(  233): FPS : 30.45
12-10 00:57:06.934 W/SurfaceFlinger(  233): Fail to Open /sys/devices/platform/gpusysfs/fps
12-10 00:57:06.938 E/QURAM   ( 8388): ParseQdioFile :: qdio_info NULL
12-10 00:57:06.958 D/SurfaceFlinger(  233): FPS : 30.45
12-10 00:57:06.959 W/SurfaceFlinger(  233): Fail to Open /sys/devices/platform/gpusysfs/fps
12-10 00:57:06.966 E/QURAM   ( 8388): ParseQdioFile :: qdio_info NULL
12-10 00:57:06.968 W/art     (10279): Before Android 4.1, method android.graphics.PorterDuffColorFilter android.support.graphics.drawable.VectorDrawableCompat.updateTintFilter(android.graphics.PorterDuffColorFilter, android.content.res.ColorStateList, android.graphics.PorterDuff$Mode) would have incorrectly overridden the package-private method in android.graphics.drawable.Drawable
12-10 00:57:06.982 D/SurfaceFlinger(  233): FPS : 30.45
12-10 00:57:06.982 W/SurfaceFlinger(  233): Fail to Open /sys/devices/platform/gpusysfs/fps
12-10 00:57:07.003 E/QURAM   ( 8388): ParseQdioFile :: qdio_info NULL
12-10 00:57:07.005 D/SurfaceFlinger(  233): FPS : 30.45
12-10 00:57:07.005 W/SurfaceFlinger(  233): Fail to Open /sys/devices/platform/gpusysfs/fps
12-10 00:57:07.020 I/AudioPolicyManager_legacy(  277): getAudioPolicyConfig: audioParam;outDevice
12-10 00:57:07.021 V/AudioPolicyManager_legacy(  277): getNewOutputDevice() selected device 0
12-10 00:57:07.021 V/AudioPolicyManager_legacy(  277): ### curdevice : 2
12-10 00:57:07.035 E/QURAM   ( 8388): ParseQdioFile :: qdio_info NULL
12-10 00:57:07.061 E/QURAM   ( 8388): ParseQdioFile :: qdio_info NULL
12-10 00:57:07.064 D/SysLog  (10279): Fragment null, replacing
12-10 00:57:07.069 D/Activity(10279): performCreate Call secproduct feature valuefalse
12-10 00:57:07.069 D/Activity(10279): performCreate Call debug elastic valuetrue
12-10 00:57:07.070 D/SysLog  (10279): Loading settings
12-10 00:57:07.092 E/QURAM   ( 8388): ParseQdioFile :: qdio_info NULL
12-10 00:57:07.121 I/AudioPolicyManager_legacy(  277): getAudioPolicyConfig: audioParam;outDevice
12-10 00:57:07.122 V/AudioPolicyManager_legacy(  277): getNewOutputDevice() selected device 0
12-10 00:57:07.122 V/AudioPolicyManager_legacy(  277): ### curdevice : 2
12-10 00:57:07.125 E/QURAM   ( 8388): ParseQdioFile :: qdio_info NULL
12-10 00:57:07.187 E/QURAM   ( 8388): ParseQdioFile :: qdio_info NULL
12-10 00:57:07.210 D/SysLog  (10279): Setting the checkboxes
12-10 00:57:07.210 D/SysLog  (10279): Checking for root
12-10 00:57:07.215 E/QURAM   ( 8388): ParseQdioFile :: qdio_info NULL
12-10 00:57:07.223 I/AudioPolicyManager_legacy(  277): getAudioPolicyConfig: audioParam;outDevice
12-10 00:57:07.223 V/AudioPolicyManager_legacy(  277): getNewOutputDevice() selected device 0
12-10 00:57:07.223 V/AudioPolicyManager_legacy(  277): ### curdevice : 2
12-10 00:57:07.235 D/OpenGLRenderer(10279): Render dirty regions requested: true
12-10 00:57:07.244 E/QURAM   ( 8388): ParseQdioFile :: qdio_info NULL
12-10 00:57:07.245 D/MultiPhoneWindow(10279): refreshUI state=1
12-10 00:57:07.245 D/MultiPhoneWindow(10279): performUpdateVisibility, same visibility false
12-10 00:57:07.245 D/MultiPhoneWindow(10279): MinimizeAnimator::removeWindow
12-10 00:57:07.269 E/QURAM   ( 8388): ParseQdioFile :: qdio_info NULL
12-10 00:57:07.298 E/QURAM   ( 8388): ParseQdioFile :: qdio_info NULL
12-10 00:57:07.314 D/SurfaceFlinger(  233): FPS : 14.11
12-10 00:57:07.314 W/SurfaceFlinger(  233): Fail to Open /sys/devices/platform/gpusysfs/fps
12-10 00:57:07.320 D/PointerIcon( 1888): setMouseIconStyle1 pointerType: 1001iconType:101 flag:0
12-10 00:57:07.320 D/PointerIcon( 1888): setMouseCustomIcon IconType is same.101
12-10 00:57:07.320 D/PointerIcon( 1888): setHoveringSpenIconStyle1 pointerType: 10001iconType:1 flag:0
12-10 00:57:07.320 D/PointerIcon( 1888): setHoveringSpenCustomIcon IconType is same.1
12-10 00:57:07.322 D/libEGL  (10279): loaded /vendor/lib/egl/libEGL_adreno.so
12-10 00:57:07.323 D/libEGL  (10279): loaded /vendor/lib/egl/libGLESv1_CM_adreno.so
12-10 00:57:07.326 I/AudioPolicyManager_legacy(  277): getAudioPolicyConfig: audioParam;outDevice
12-10 00:57:07.326 V/AudioPolicyManager_legacy(  277): getNewOutputDevice() selected device 0
12-10 00:57:07.327 V/AudioPolicyManager_legacy(  277): ### curdevice : 2
12-10 00:57:07.332 E/QURAM   ( 8388): ParseQdioFile :: qdio_info NULL
12-10 00:57:07.340 D/SysLog  (10279): Checking if last_kmsg and radio are available
12-10 00:57:07.340 D/libEGL  (10279): loaded /vendor/lib/egl/libGLESv2_adreno.so
12-10 00:57:07.354 I/Adreno-EGL(10279): <qeglDrvAPI_eglInitialize:410>: EGL 1.4 QUALCOMM build:  ()
12-10 00:57:07.354 I/Adreno-EGL(10279): OpenGL ES Shader Compiler Version: E031.25.03.06
12-10 00:57:07.354 I/Adreno-EGL(10279): Build Date: 01/24/15 Sat
12-10 00:57:07.354 I/Adreno-EGL(10279): Local Branch: AF11_RB1_AU15
12-10 00:57:07.354 I/Adreno-EGL(10279): Remote Branch: 
12-10 00:57:07.354 I/Adreno-EGL(10279): Local Patches: 
12-10 00:57:07.354 I/Adreno-EGL(10279): Reconstruct Branch: 
12-10 00:57:07.356 I/OpenGLRenderer(10279): Initialized EGL, version 1.4
12-10 00:57:07.360 E/QURAM   ( 8388): ParseQdioFile :: qdio_info NULL
12-10 00:57:07.361 D/SurfaceFlinger(  233): FPS : 14.11
12-10 00:57:07.362 W/SurfaceFlinger(  233): Fail to Open /sys/devices/platform/gpusysfs/fps
12-10 00:57:07.383 D/OpenGLRenderer(10279): Enabling debug mode 0
12-10 00:57:07.384 E/QURAM   ( 8388): ParseQdioFile :: qdio_info NULL
12-10 00:57:07.408 E/QURAM   ( 8388): ParseQdioFile :: qdio_info NULL
12-10 00:57:07.428 I/AudioPolicyManager_legacy(  277): getAudioPolicyConfig: audioParam;outDevice
12-10 00:57:07.428 V/AudioPolicyManager_legacy(  277): getNewOutputDevice() selected device 0
12-10 00:57:07.428 V/AudioPolicyManager_legacy(  277): ### curdevice : 2
12-10 00:57:07.436 E/QURAM   ( 8388): ParseQdioFile :: qdio_info NULL
12-10 00:57:07.470 E/QURAM   ( 8388): ParseQdioFile :: qdio_info NULL
