--------- beginning of system
12-10 00:56:41.087 V/AlarmManager( 1888): waitForAlarm result :4
12-10 00:56:42.307 D/ActivityManager( 1888): startService callerProcessName:mega.privacy.android.app, calleePkgName: mega.privacy.android.app
12-10 00:56:42.322 D/ConnectivityService( 1888): returning getActiveNetworkInfo :[type: WIFI[] - WIFI, state: CONNECTED/CONNECTED, reason: (unspecified), extra: "something", roaming: false, failover: false, isAvailable: true, isConnectedToProvisioningNetwork: false]
12-10 00:56:42.348 D/ActivityManager( 1888): startService callerProcessName:mega.privacy.android.app, calleePkgName: mega.privacy.android.app
12-10 00:56:42.365 D/ConnectivityService( 1888): returning getActiveNetworkInfo :[type: WIFI[] - WIFI, state: CONNECTED/CONNECTED, reason: (unspecified), extra: "something", roaming: false, failover: false, isAvailable: true, isConnectedToProvisioningNetwork: false]
12-10 00:56:45.154 D/ActivityManager( 1888): startService callerProcessName:mega.privacy.android.app, calleePkgName: mega.privacy.android.app
12-10 00:56:45.167 D/ActivityManager( 1888): startService callerProcessName:mega.privacy.android.app, calleePkgName: mega.privacy.android.app
12-10 00:56:45.175 D/ConnectivityService( 1888): returning getActiveNetworkInfo :[type: WIFI[] - WIFI, state: CONNECTED/CONNECTED, reason: (unspecified), extra: "something", roaming: false, failover: false, isAvailable: true, isConnectedToProvisioningNetwork: false]
12-10 00:56:45.186 D/ConnectivityService( 1888): returning getActiveNetworkInfo :[type: WIFI[] - WIFI, state: CONNECTED/CONNECTED, reason: (unspecified), extra: "something", roaming: false, failover: false, isAvailable: true, isConnectedToProvisioningNetwork: false]
12-10 00:56:45.798 D/VoIPInterfaceManager( 1888): isVoIPIdle()...
12-10 00:56:45.798 D/VoIPInterfaceManager( 1888): isVoIPRunningAndDeregi()...
12-10 00:56:45.798 D/VoIPInterfaceManager( 1888): Not exist call session
12-10 00:56:45.799 D/VoIPInterfaceManager( 1888):     isVoIPIdle() : No session in db 
12-10 00:56:46.626 D/SSRM:a  ( 1888): DeviceInfo:: 000000000000
12-10 00:56:46.626 D/SSRM:a  ( 1888): SettingsAirViewInfo:: 000000000
12-10 00:56:46.630 D/ConnectivityService( 1888): returning getNetworkInfo(networkType - 1) :[type: WIFI[] - WIFI, state: CONNECTED/CONNECTED, reason: (unspecified), extra: "something", roaming: false, failover: false, isAvailable: true, isConnectedToProvisioningNetwork: false]
12-10 00:56:46.631 D/StatusBarManagerService( 1888): manageDisableList userId=0 what=0x40000 pkg=com.sec.android.app.camera
12-10 00:56:46.637 D/VibratorService( 1888): Turning vibrator off - ImmVibe.
12-10 00:56:46.645 D/StatusBar-DoNotDistrub( 2765): isDisableAlert isDormantModeOn:false isNotificationDisabled:true
12-10 00:56:47.553 D/ActivityManager( 1888): startService callerProcessName:mega.privacy.android.app, calleePkgName: mega.privacy.android.app
12-10 00:56:47.567 D/ConnectivityService( 1888): returning getActiveNetworkInfo :[type: WIFI[] - WIFI, state: CONNECTED/CONNECTED, reason: (unspecified), extra: "something", roaming: false, failover: false, isAvailable: true, isConnectedToProvisioningNetwork: false]
12-10 00:56:47.576 D/ActivityManager( 1888): startService callerProcessName:mega.privacy.android.app, calleePkgName: mega.privacy.android.app
12-10 00:56:47.587 D/ConnectivityService( 1888): returning getActiveNetworkInfo :[type: WIFI[] - WIFI, state: CONNECTED/CONNECTED, reason: (unspecified), extra: "something", roaming: false, failover: false, isAvailable: true, isConnectedToProvisioningNetwork: false]
12-10 00:56:49.466 D/SSRM:a  ( 1888): DeviceInfo:: 000000000000
12-10 00:56:49.466 D/SSRM:a  ( 1888): SettingsAirViewInfo:: 000000000
12-10 00:56:49.469 D/ConnectivityService( 1888): returning getNetworkInfo(networkType - 1) :[type: WIFI[] - WIFI, state: CONNECTED/CONNECTED, reason: (unspecified), extra: "something", roaming: false, failover: false, isAvailable: true, isConnectedToProvisioningNetwork: false]
12-10 00:56:49.650 D/StatusBarManagerService( 1888): manageDisableList userId=0 what=0x0 pkg=com.sec.android.app.camera
12-10 00:56:49.660 D/StatusBar-DoNotDistrub( 2765): isDisableAlert isDormantModeOn:false isNotificationDisabled:true
12-10 00:56:50.904 V/VibratorService( 1888): hasVibrator - useVibetonz: true
12-10 00:56:50.905 D/VibratorService( 1888): Turning vibrator off - ImmVibe.
12-10 00:56:50.906 V/VibratorService( 1888): vibrateImmVibe - package: android, type: 14, magnitude: 10000
12-10 00:56:50.909 D/PowerManagerService( 1888): [input device light] setInputDeviceLightOn is called : 1
12-10 00:56:51.020 D/SSRM:n  ( 1888): SIOP:: AP = 550, CUR = 460
12-10 00:56:51.025 D/ConnectivityService( 1888): returning getNetworkInfo(networkType - 1) :[type: WIFI[] - WIFI, state: CONNECTED/CONNECTED, reason: (unspecified), extra: "something", roaming: false, failover: false, isAvailable: true, isConnectedToProvisioningNetwork: false]
12-10 00:56:51.152 V/VibratorService( 1888): hasVibrator - useVibetonz: true
12-10 00:56:51.153 D/VibratorService( 1888): Turning vibrator off - ImmVibe.
12-10 00:56:51.154 V/VibratorService( 1888): vibrateImmVibe - package: android, type: 9, magnitude: 10000
12-10 00:56:51.160 I/ActivityManager( 1888): Force stopping com.sec.android.app.camera appid=10129 user=0: from pid 1888
12-10 00:56:51.160 I/ActivityManager( 1888): Killing 9112:com.sec.android.app.camera/u0a129 (adj 0): stop com.sec.android.app.camera cause from pid 1888
12-10 00:56:51.167 W/ActivityManager( 1888): Force removing ActivityRecord{17da3406 u0 com.sec.android.app.camera/.Camera t185}: app died, no saved state
12-10 00:56:51.175 W/ResourcesManager( 1888): Asset path '/system/framework/secmediarecorder.jar' does not exist or contains no resources.
12-10 00:56:51.176 W/ResourcesManager( 1888): Asset path '/system/framework/sechardware.jar' does not exist or contains no resources.
12-10 00:56:51.176 W/ResourcesManager( 1888): Asset path '/system/framework/sec_feature.jar' does not exist or contains no resources.
12-10 00:56:51.177 W/ResourcesManager( 1888): Asset path '/system/framework/seccamera.jar' does not exist or contains no resources.
12-10 00:56:51.180 W/ResourcesManager( 1888): Asset path '/system/framework/secvision.jar' does not exist or contains no resources.
12-10 00:56:51.185 D/PowerManagerService( 1888): [api] [s] userActivity : event: 0 flags: 0 (uid: 1000 pid: 1888) eventTime = 152868
12-10 00:56:51.186 D/PowerManagerService( 1888): [api] release WakeLock flags=0x2000000a tag=WindowManager uid=1000 pid=1888 (0x0)
12-10 00:56:51.186 D/PowerManagerService( 1888): [api] applyWakeLockFlagsOnReleaseLocked : userActivityNoUpdateLocked is called : SCREEN_BRIGHT_WAKE_LOCK        'WindowManager' ON_AFTER_RELEASE (uid=1000, pid=1888, ws=WorkSource{10129}) (elapsedTime=24256)
12-10 00:56:51.194 V/AlarmManager( 1888): waitForAlarm result :4
12-10 00:56:51.200 D/CustomFrequencyManagerService( 1888): acquireDVFSLockLocked : type : DVFS_MIN_LIMIT  frequency : 1890000  uid : 1000  pid : 1888  pkgName : ACTIVITY_RESUME_BOOSTER@7
12-10 00:56:51.200 W/ActivityManager( 1888): mDVFSHelper.acquire()
12-10 00:56:51.203 V/CoverManager.StateNotifier( 1888): binderDied : binder = android.os.BinderProxy@36bdbdde
12-10 00:56:51.204 D/PowerManagerService( 1888): [api] handleWakeLockDeath : release WakeLock : SCREEN_BRIGHT_WAKE_LOCK        'Camera2' (uid=10129, pid=9112, ws=null) (elapsedTime=24340)
12-10 00:56:51.208 V/WindowManager( 1888): rotationForOrientationLw(orient=1, last=1); user=0 USER_ROTATION_LOCKED sensorRotation=0 mLidState=-1 mDockMode=0 mHdmiPlugged=false
12-10 00:56:51.208 D/SamsungWindowManager( 1888): setRotationLw() : rotation=0
12-10 00:56:51.209 D/CustomFrequencyManagerService( 1888): acquireDVFSLockLocked : type : DVFS_MIN_LIMIT  frequency : 1890000  uid : 1000  pid : 1888  pkgName : ROTATION_BOOSTER@31
12-10 00:56:51.286 I/ActivityManager( 1888): Config changes=480 {0 1.0 302mcc720mnc en_CA ldltr sw360dp w360dp h615dp 480dpi nrml long port finger -keyb/v/h -nav/h s.7}
12-10 00:56:51.289 V/ActivityManager( 1888): Display changed displayId=0
12-10 00:56:51.347 D/Recents_AlternateRecentsComponent( 2765): reloadHeaderBarLayout is getting called
12-10 00:56:51.358 D/Recents_TaskViewHeader( 2765): onFinishInflate
12-10 00:56:51.375 W/ContextImpl( 1888): Calling a method in the system process without a qualified user: android.app.ContextImpl.sendBroadcast:1699 com.android.internal.policy.impl.PhoneWindowManager.notifyToSSRM:5611 com.android.internal.policy.impl.PhoneWindowManager.access$600:192 com.android.internal.policy.impl.PhoneWindowManager$PolicyHandler.handleMessage:806 android.os.Handler.dispatchMessage:102 
12-10 00:56:51.377 E/SmartFaceService( 1888): onReceive: android.intent.action.CONFIGURATION_CHANGED
12-10 00:56:51.378 E/SmartFaceService( 1888): mFolderCoverOpened: (true, true) -> true
12-10 00:56:51.381 D/STATUSBAR-QSTileView( 2765): dynamicallyReduceTextSize: 154
12-10 00:56:51.382 D/STATUSBAR-QSTileView( 2765): dynamicallyReduceTextSize: 154
12-10 00:56:51.382 D/STATUSBAR-QSTileView( 2765): dynamicallyReduceTextSize: 154
12-10 00:56:51.382 D/STATUSBAR-QSTileView( 2765): dynamicallyReduceTextSize: 154
12-10 00:56:51.382 D/STATUSBAR-QSTileView( 2765): dynamicallyReduceTextSize: 154
12-10 00:56:51.382 D/STATUSBAR-QSTileView( 2765): dynamicallyReduceTextSize: 154
12-10 00:56:51.383 D/STATUSBAR-QSTileView( 2765): dynamicallyReduceTextSize: 154
12-10 00:56:51.383 D/STATUSBAR-QSTileView( 2765): dynamicallyReduceTextSize: 154
12-10 00:56:51.383 D/STATUSBAR-QSTileView( 2765): dynamicallyReduceTextSize: 154
12-10 00:56:51.383 D/STATUSBAR-QSTileView( 2765): dynamicallyReduceTextSize: 154
12-10 00:56:51.383 D/STATUSBAR-QSTileView( 2765): dynamicallyReduceTextSize: 0
12-10 00:56:51.383 D/STATUSBAR-QSTileView( 2765): dynamicallyReduceTextSize: 0
12-10 00:56:51.383 D/STATUSBAR-QSTileView( 2765): dynamicallyReduceTextSize: 0
12-10 00:56:51.383 D/STATUSBAR-QSTileView( 2765): dynamicallyReduceTextSize: 0
12-10 00:56:51.383 D/STATUSBAR-QSTileView( 2765): dynamicallyReduceTextSize: 0
12-10 00:56:51.384 D/STATUSBAR-QSTileView( 2765): dynamicallyReduceTextSize: 0
12-10 00:56:51.384 D/STATUSBAR-QSTileView( 2765): dynamicallyReduceTextSize: 0
12-10 00:56:51.384 D/STATUSBAR-QSTileView( 2765): dynamicallyReduceTextSize: 0
12-10 00:56:51.384 D/STATUSBAR-QSTileView( 2765): dynamicallyReduceTextSize: 0
12-10 00:56:51.385 D/STATUSBAR-QSTileView( 2765): dynamicallyReduceTextSize: 0
12-10 00:56:51.385 D/STATUSBAR-QSTileView( 2765): dynamicallyReduceTextSize: 0
12-10 00:56:51.385 D/STATUSBAR-QSTileView( 2765): dynamicallyReduceTextSize: 0
12-10 00:56:51.385 D/STATUSBAR-QSTileView( 2765): dynamicallyReduceTextSize: 0
12-10 00:56:51.386 D/STATUSBAR-QSTileView( 2765): dynamicallyReduceTextSize: 0
12-10 00:56:51.386 D/TaskPersister( 1888): removeObsoleteFile: deleting file=185_task.xml
12-10 00:56:51.403 D/StatusBarManagerService( 1888): manageDisableList userId=0 what=0x0 pkg=WindowManager.LayoutParams
12-10 00:56:51.404 D/ConnectivityService( 1888): returning getNetworkInfo(networkType - 1) :[type: WIFI[] - WIFI, state: CONNECTED/CONNECTED, reason: (unspecified), extra: "something", roaming: false, failover: false, isAvailable: true, isConnectedToProvisioningNetwork: false]
12-10 00:56:51.406 D/V       ( 1888): limitCPUFreq:: freq = -1
12-10 00:56:51.406 D/CustomFrequencyManagerService( 1888): releaseDVFSLockLocked : Getting Lock type frm List : DVFS_MAX_LIMIT  frequency : 1242000  uid : 1000  pid : 1888  tag : SIOP_ARM_MAX@20
12-10 00:56:51.409 D/StatusBarManagerService( 1888): manageDisableList userId=0 what=0x0 pkg=WindowManager.LayoutParams
12-10 00:56:51.415 D/SSRM:a  ( 1888): DeviceInfo:: 000000000000
12-10 00:56:51.415 D/SSRM:a  ( 1888): SettingsAirViewInfo:: 000000000
12-10 00:56:51.429 V/BackupManagerService( 1888): Running a device init
12-10 00:56:51.449 D/ConnectivityService( 1888): returning getActiveNetworkInfo :[type: WIFI[] - WIFI, state: CONNECTED/CONNECTED, reason: (unspecified), extra: "something", roaming: false, failover: false, isAvailable: true, isConnectedToProvisioningNetwork: false]
12-10 00:56:51.466 W/InputMethodManagerService( 1888): Got RemoteException sending setActive(false) notification to pid 9112 uid 10129
12-10 00:56:51.467 W/ContextImpl( 1888): Calling a method in the system process without a qualified user: android.app.ContextImpl.sendBroadcast:1699 com.android.server.InputMethodManagerService$6.run:2733 java.lang.Thread.run:818 <bottom of call stack> <bottom of call stack> 
12-10 00:56:51.469 W/BackupManagerService( 1888): Requested unavailable transport: com.android.internal.backup.LocalTransport
12-10 00:56:51.470 E/BackupManagerService( 1888): Requested init for com.android.internal.backup.LocalTransport but not found
12-10 00:56:51.470 W/BackupManagerService( 1888): Requested unavailable transport: com.google.android.gms.backup.BackupTransportService
12-10 00:56:51.470 E/BackupManagerService( 1888): Requested init for com.google.android.gms.backup.BackupTransportService but not found
12-10 00:56:51.475 W/BroadcastQueue( 1888): Permission Denial: broadcasting Intent { act=com.sec.android.intent.action.HOME_RESUME flg=0x10 } from com.sec.android.app.launcher (pid=3162, uid=10009) is not exported from uid 1000 due to receiver com.android.settings/.accessibilitywidget.AccessibilityEasyWidgetProviderAssistiveLight
12-10 00:56:51.480 W/BroadcastQueue( 1888): Permission Denial: broadcasting Intent { act=com.sec.android.intent.action.HOME_RESUME flg=0x10 } from com.sec.android.app.launcher (pid=3162, uid=10009) is not exported from uid 10087 due to receiver com.sec.android.widgetapp.digitalclock2x1/.DigitalClockWidgetProvider
12-10 00:56:51.524 D/ActivityManager( 1888): startService callerProcessName:com.google.android.gms, calleePkgName: com.google.android.gms
12-10 00:56:51.563 D/CustomFrequencyManagerService( 1888): releaseDVFSLockLocked : Getting Lock type frm List : DVFS_MIN_LIMIT  frequency : 1890000  uid : 1000  pid : 1888  tag : ACTIVITY_RESUME_BOOSTER@7
12-10 00:56:51.563 W/ActivityManager( 1888): mDVFSHelper.release()
12-10 00:56:51.564 D/CustomFrequencyManagerService( 1888): acquireDVFSLockLocked : type : DVFS_MIN_LIMIT  frequency : 1890000  uid : 1000  pid : 1888  pkgName : ACTIVITY_RESUME_BOOSTER@11
12-10 00:56:51.712 V/VibratorService( 1888): hasVibrator - useVibetonz: true
12-10 00:56:51.714 D/VibratorService( 1888): Turning vibrator off - ImmVibe.
12-10 00:56:51.714 V/VibratorService( 1888): vibrateImmVibe - package: android, type: 14, magnitude: 10000
12-10 00:56:51.724 D/ActivityManager( 1888): bindService callerProcessName:com.google.android.gms, calleePkgName: com.google.android.gms, action: null
12-10 00:56:51.771 I/WindowManager( 1888): Screen frozen for +527ms due to Window{37ce2f4f u0 com.android.systemui.ImageWallpaper}
12-10 00:56:51.782 D/PowerManagerService( 1888): [input device light] setInputDeviceLightOn is called : 1
12-10 00:56:51.822 V/WindowManager( 1888): rotationForOrientationLw(orient=1, last=0); user=0 USER_ROTATION_LOCKED sensorRotation=0 mLidState=-1 mDockMode=0 mHdmiPlugged=false
12-10 00:56:51.865 D/CustomFrequencyManagerService( 1888): releaseDVFSLockLocked : Getting Lock type frm List : DVFS_MIN_LIMIT  frequency : 1890000  uid : 1000  pid : 1888  tag : ACTIVITY_RESUME_BOOSTER@11
12-10 00:56:51.995 D/ActivityManager( 1888): bindService callerProcessName:com.google.android.gms, calleePkgName: com.google.android.gms, action: null
12-10 00:56:51.997 V/VibratorService( 1888): hasVibrator - useVibetonz: true
12-10 00:56:51.999 D/VibratorService( 1888): Turning vibrator off - ImmVibe.
12-10 00:56:51.999 V/VibratorService( 1888): vibrateImmVibe - package: android, type: 9, magnitude: 10000
12-10 00:56:52.210 D/PowerManagerService( 1888): [input device light] setInputDeviceLightOn is called : 1
12-10 00:56:52.561 D/ConnectivityService( 1888): returning getActiveNetworkInfo :[type: WIFI[] - WIFI, state: CONNECTED/CONNECTED, reason: (unspecified), extra: "something", roaming: false, failover: false, isAvailable: true, isConnectedToProvisioningNetwork: false]
12-10 00:56:52.585 V/VibratorService( 1888): hasVibrator - useVibetonz: true
12-10 00:56:52.586 D/VibratorService( 1888): Turning vibrator off - ImmVibe.
12-10 00:56:52.587 V/VibratorService( 1888): vibrateImmVibe - package: android, type: 14, magnitude: 10000
12-10 00:56:52.666 D/ActivityManager( 1888): bindService callerProcessName:com.google.android.gms, calleePkgName: com.google.android.gms, action: null
12-10 00:56:52.680 D/ActivityManager( 1888): startService callerProcessName:com.google.android.gms, calleePkgName: com.google.android.gms
12-10 00:56:52.833 D/ConnectivityService( 1888): returning getActiveNetworkInfo :[type: WIFI[] - WIFI, state: CONNECTED/CONNECTED, reason: (unspecified), extra: "something", roaming: false, failover: false, isAvailable: true, isConnectedToProvisioningNetwork: false]
12-10 00:56:52.888 D/ActivityManager( 1888): bindService callerProcessName:com.google.android.gms, calleePkgName: com.google.android.gms, action: null
12-10 00:56:53.209 D/CustomFrequencyManagerService( 1888): releaseDVFSLockLocked : Getting Lock type frm List : DVFS_MIN_LIMIT  frequency : 1890000  uid : 1000  pid : 1888  tag : ROTATION_BOOSTER@31
12-10 00:56:53.532 D/FocusedStackFrame( 1888): Set to : 0
12-10 00:56:53.533 D/CustomFrequencyManagerService( 1888): acquireDVFSLockLocked : type : DVFS_MIN_LIMIT  frequency : 1890000  uid : 1000  pid : 1888  pkgName : com.sec.android.app.launcher@1
12-10 00:56:53.632 D/CustomFrequencyManagerService( 1888): releaseDVFSLockLocked : Getting Lock type frm List : DVFS_MIN_LIMIT  frequency : 1890000  uid : 1000  pid : 1888  tag : com.sec.android.app.launcher@1
12-10 00:56:53.659 D/CustomFrequencyManagerService( 1888): acquireDVFSLockLocked : type : DVFS_MIN_LIMIT  frequency : 384000  uid : 1000  pid : 1888  pkgName : LAUNCHER_APP_BOOSTER_CPU@6
12-10 00:56:53.665 I/ActivityManager( 1888): START u0 {act=android.intent.action.MAIN cat=[android.intent.category.LAUNCHER] flg=0x10200000 cmp=com.tortel.syslog/.FragmentMainActivity bnds=[648,314][864,554]} from uid 10009 on display 0
12-10 00:56:53.678 D/ConnectivityService( 1888): returning getActiveNetworkInfo :[type: WIFI[] - WIFI, state: CONNECTED/CONNECTED, reason: (unspecified), extra: "something", roaming: false, failover: false, isAvailable: true, isConnectedToProvisioningNetwork: false]
12-10 00:56:53.690 D/CustomFrequencyManagerService( 1888): acquireDVFSLockLocked : type : DVFS_MIN_LIMIT  frequency : 1890000  uid : 1000  pid : 1888  pkgName : ACTIVITY_RESUME_BOOSTER@7
12-10 00:56:53.691 W/ActivityManager( 1888): mDVFSHelper.acquire()
12-10 00:56:53.691 D/FocusedStackFrame( 1888): Set to : 0
12-10 00:56:53.711 E/ActivityManager( 1888): checkUser: useridlist=null, currentuser=0
12-10 00:56:53.711 E/ActivityManager( 1888): checkUser: useridlist=null, currentuser=0
12-10 00:56:53.711 E/ActivityManager( 1888): checkUser: useridlist=null, currentuser=0
12-10 00:56:53.711 E/ActivityManager( 1888): checkUser: useridlist=null, currentuser=0
12-10 00:56:53.747 I/libpersona( 9424): KNOX_SDCARD checking this for 10175
12-10 00:56:53.747 I/libpersona( 9424): KNOX_SDCARD not a persona
12-10 00:56:53.755 I/ActivityManager( 1888): Start proc com.tortel.syslog for activity com.tortel.syslog/.FragmentMainActivity: pid=9424 uid=10175 gids={50175, 9997, 1028, 1015, 1023} abi=armeabi-v7a
12-10 00:56:53.801 V/ActivityThread( 3162): updateVisibility : ActivityRecord{49dfb39 token=android.os.BinderProxy@22e2449 {com.sec.android.app.launcher/com.android.launcher2.Launcher}} show : true
12-10 00:56:53.839 V/WindowManager( 1888): rotationForOrientationLw(orient=-1, last=0); user=0 USER_ROTATION_LOCKED sensorRotation=0 mLidState=-1 mDockMode=0 mHdmiPlugged=false
12-10 00:56:53.841 V/ActivityThread( 3162): updateVisibility : ActivityRecord{49dfb39 token=android.os.BinderProxy@22e2449 {com.sec.android.app.launcher/com.android.launcher2.Launcher}} show : false
12-10 00:56:53.856 D/StatusBarManagerService( 1888): manageDisableList userId=0 what=0x0 pkg=WindowManager.LayoutParams
12-10 00:56:53.866 D/ConnectivityService( 1888): returning getNetworkInfo(networkType - 1) :[type: WIFI[] - WIFI, state: CONNECTED/CONNECTED, reason: (unspecified), extra: "something", roaming: false, failover: false, isAvailable: true, isConnectedToProvisioningNetwork: false]
12-10 00:56:54.058 D/MultiPhoneWindow( 9424): updateMultiWindowStyle style:MultiWindowStyle{type=0, zone=ZONE_UNKNOWN, option=0x01000002, bounds=null, isNull=false, isolatedCenterPoint=Point(0, 0), scale=0.0, specificTaskId=-1},newStyle=MultiWindowStyle{type=0, zone=ZONE_UNKNOWN, option=0x01000002, bounds=null, isNull=false, isolatedCenterPoint=Point(0, 0), scale=0.0, specificTaskId=-1}
12-10 00:56:54.064 D/MultiPhoneWindow( 9424): MultiPhoneWindow : mMinStackBoundForPortRect(0, 0 - 626, 1113), mMinStackBoundForPort=Rect(0, 0 - 1113, 626)
12-10 00:56:54.316 D/ConnectivityService( 1888): returning getActiveNetworkInfo :[type: WIFI[] - WIFI, state: CONNECTED/CONNECTED, reason: (unspecified), extra: "something", roaming: false, failover: false, isAvailable: true, isConnectedToProvisioningNetwork: false]
12-10 00:56:54.510 D/MultiPhoneWindow( 9424): refreshUI state=1
12-10 00:56:54.510 D/MultiPhoneWindow( 9424): performUpdateVisibility, same visibility false
12-10 00:56:54.510 D/MultiPhoneWindow( 9424): MinimizeAnimator::removeWindow
12-10 00:56:54.857 W/ContextImpl( 1888): Calling a method in the system process without a qualified user: android.app.ContextImpl.sendBroadcast:1699 com.android.server.InputMethodManagerService$6.run:2733 java.lang.Thread.run:818 <bottom of call stack> <bottom of call stack> 
12-10 00:56:54.863 D/CustomFrequencyManagerService( 1888): releaseDVFSLockLocked : Getting Lock type frm List : DVFS_MIN_LIMIT  frequency : 384000  uid : 1000  pid : 1888  tag : LAUNCHER_APP_BOOSTER_CPU@6
12-10 00:56:54.864 D/CustomFrequencyManagerService( 1888): releaseDVFSLockLocked : Getting Lock type frm List : DVFS_MIN_LIMIT  frequency : 1890000  uid : 1000  pid : 1888  tag : ACTIVITY_RESUME_BOOSTER@7
12-10 00:56:54.864 W/ActivityManager( 1888): mDVFSHelper.release()
12-10 00:56:54.865 D/CustomFrequencyManagerService( 1888): acquireDVFSLockLocked : type : DVFS_MIN_LIMIT  frequency : 1890000  uid : 1000  pid : 1888  pkgName : ACTIVITY_RESUME_BOOSTER@11
12-10 00:56:55.166 D/CustomFrequencyManagerService( 1888): releaseDVFSLockLocked : Getting Lock type frm List : DVFS_MIN_LIMIT  frequency : 1890000  uid : 1000  pid : 1888  tag : ACTIVITY_RESUME_BOOSTER@11
12-10 00:56:55.214 D/BatteryService( 1888): !@BatteryListener : batteryPropertiesChanged!
12-10 00:56:55.214 D/BatteryService( 1888): level:77, scale:100, status:3, health:2, present:true, voltage: 4102, temperature: 343, technology: Li-ion, AC powered:false, USB powered:false, Wireless powered:false, icon:17303673, invalid charger:0
12-10 00:56:55.214 D/BatteryService( 1888): online:1, current avg:460, charge type:0, power sharing:false, high voltage charger:false, capacity:280000, current_now:460
12-10 00:56:55.215 D/BatteryService( 1888): Sending ACTION_BATTERY_CHANGED.
12-10 00:56:55.222 D/STATUSBAR-PhoneStatusBar( 2765):  mBrightnessEnablebySettings = true mBrightnessEnablebyBattery = true mBrightnessEnablebyDisableFlag = true mPmsBrightnessEnablebySettings = true
12-10 00:56:55.223 I/MotionRecognitionService( 1888): Unplugged
12-10 00:56:55.224 D/BatteryMeterView( 2765): ACTION_BATTERY_CHANGED : level:77 status:3 health:2
12-10 00:56:55.244 D/BatteryMeterView( 2765): ACTION_BATTERY_CHANGED : level:77 status:3 health:2
12-10 00:56:55.244 D/BatteryMeterView( 2765): ACTION_BATTERY_CHANGED : level:77 status:3 health:2
12-10 00:56:55.790 D/StatusBarManagerService( 1888): manageDisableList userId=0 what=0x0 pkg=WindowManager.LayoutParams
12-10 00:56:55.975 W/ContextImpl( 1888): Calling a method in the system process without a qualified user: android.app.ContextImpl.sendBroadcast:1699 com.android.server.InputMethodManagerService$6.run:2733 java.lang.Thread.run:818 <bottom of call stack> <bottom of call stack> 
12-10 00:56:56.096 W/ContextImpl( 1888): Calling a method in the system process without a qualified user: android.app.ContextImpl.sendBroadcast:1699 com.absolute.android.persistservice.a.run:1065 java.lang.Thread.run:818 <bottom of call stack> <bottom of call stack> 
12-10 00:56:56.300 W/ProcessCpuTracker( 1888): Skipping unknown process pid 9489
12-10 00:56:56.873 D/PackageManager( 1888): findPreferredActivity: We found 1 PreferredActivities set, but no match
12-10 00:56:56.875 I/ActivityManager( 1888): START u0 {act=android.intent.action.SEND typ=application/zip flg=0x1 cmp=android/com.android.internal.app.ResolverActivity (has clip) (has extras)} from uid 10175 on display 0
12-10 00:56:56.876 D/CustomFrequencyManagerService( 1888): acquireDVFSLockLocked : type : DVFS_MIN_LIMIT  frequency : 1890000  uid : 1000  pid : 1888  pkgName : ACTIVITY_RESUME_BOOSTER@7
12-10 00:56:56.877 W/ActivityManager( 1888): mDVFSHelper.acquire()
12-10 00:56:56.899 D/StatusBarManagerService( 1888): manageDisableList userId=0 what=0x0 pkg=WindowManager.LayoutParams
12-10 00:56:56.929 D/PowerManagerService( 1888): [api] acquire WakeLock flags=0x2000000a tag=WindowManager uid=1000 pid=1888
12-10 00:56:56.940 E/ActivityManager( 1888): checkUser: useridlist=null, currentuser=0
12-10 00:56:56.941 E/ActivityManager( 1888): checkUser: useridlist=null, currentuser=0
12-10 00:56:56.941 E/ActivityManager( 1888): checkUser: useridlist=null, currentuser=0
12-10 00:56:56.941 E/ActivityManager( 1888): checkUser: useridlist=null, currentuser=0
12-10 00:56:56.972 I/libpersona( 9493): KNOX_SDCARD checking this for 1000
12-10 00:56:56.973 I/libpersona( 9493): KNOX_SDCARD not a persona
12-10 00:56:56.979 I/ActivityManager( 1888): Start proc system:ui for activity android/com.android.internal.app.ResolverActivity: pid=9493 uid=1000 gids={41000, 9997, 3002, 3001, 3003, 1028, 1015, 1023, 1007, 2001, 1024, 1001} abi=armeabi-v7a
12-10 00:56:57.035 D/ConnectivityService( 1888): returning getNetworkInfo(networkType - 1) :[type: WIFI[] - WIFI, state: CONNECTED/CONNECTED, reason: (unspecified), extra: "something", roaming: false, failover: false, isAvailable: true, isConnectedToProvisioningNetwork: false]
12-10 00:56:57.101 E/Resources( 9493): RunTimeException
12-10 00:56:57.101 E/Resources( 9493): android.content.res.Resources$NotFoundException: Resource ID #0x7f030005
12-10 00:56:57.101 E/Resources( 9493): 	at android.content.res.Resources.getValue(Resources.java:2345)
12-10 00:56:57.101 E/Resources( 9493): 	at android.content.res.Resources.startRC(Resources.java:1059)
12-10 00:56:57.101 E/Resources( 9493): 	at android.app.ActivityThread$mRunnable.run(ActivityThread.java:2517)
12-10 00:56:57.101 E/Resources( 9493): 	at java.lang.Thread.run(Thread.java:818)
12-10 00:56:57.112 D/MultiPhoneWindow( 9493): updateMultiWindowStyle style:MultiWindowStyle{type=0, zone=ZONE_UNKNOWN, option=0x01000000, bounds=null, isNull=false, isolatedCenterPoint=Point(0, 0), scale=0.0, specificTaskId=-1},newStyle=MultiWindowStyle{type=0, zone=ZONE_UNKNOWN, option=0x01000000, bounds=null, isNull=false, isolatedCenterPoint=Point(0, 0), scale=0.0, specificTaskId=-1}
12-10 00:56:57.114 D/MultiPhoneWindow( 9493): MultiPhoneWindow : mMinStackBoundForPortRect(0, 0 - 626, 1113), mMinStackBoundForPort=Rect(0, 0 - 1113, 626)
12-10 00:56:57.141 D/PackageManager( 1888): findPreferredActivity: We found 1 PreferredActivities set, but no match
12-10 00:56:57.393 D/MotionRecognitionService( 1888):  ssp status : true
12-10 00:56:57.438 D/MultiPhoneWindow( 9493): refreshUI state=1
12-10 00:56:57.438 D/MultiPhoneWindow( 9493): performUpdateVisibility, same visibility false
12-10 00:56:57.438 D/MultiPhoneWindow( 9493): MinimizeAnimator::removeWindow
12-10 00:56:57.454 D/StatusBarManagerService( 1888): manageDisableList userId=0 what=0x0 pkg=WindowManager.LayoutParams
12-10 00:56:57.621 V/VibratorService( 1888): hasVibrator - useVibetonz: true
12-10 00:56:57.623 D/VibratorService( 1888): Turning vibrator off - ImmVibe.
12-10 00:56:57.624 V/VibratorService( 1888): vibrateImmVibe - package: android, type: 14, magnitude: 10000
12-10 00:56:57.627 D/PowerManagerService( 1888): [input device light] setInputDeviceLightOn is called : 1
12-10 00:56:57.738 D/StatusBarManagerService( 1888): manageDisableList userId=0 what=0x0 pkg=WindowManager.LayoutParams
12-10 00:56:57.747 W/ContextImpl( 1888): Calling a method in the system process without a qualified user: android.app.ContextImpl.sendBroadcast:1699 com.android.server.InputMethodManagerService$6.run:2733 java.lang.Thread.run:818 <bottom of call stack> <bottom of call stack> 
12-10 00:56:57.762 D/CustomFrequencyManagerService( 1888): releaseDVFSLockLocked : Getting Lock type frm List : DVFS_MIN_LIMIT  frequency : 1890000  uid : 1000  pid : 1888  tag : ACTIVITY_RESUME_BOOSTER@7
12-10 00:56:57.763 W/ActivityManager( 1888): mDVFSHelper.release()
12-10 00:56:57.764 D/CustomFrequencyManagerService( 1888): acquireDVFSLockLocked : type : DVFS_MIN_LIMIT  frequency : 1890000  uid : 1000  pid : 1888  pkgName : ACTIVITY_RESUME_BOOSTER@11
12-10 00:56:57.792 V/ActivityThread( 9424): updateVisibility : ActivityRecord{3e7c725 token=android.os.BinderProxy@2e780d18 {com.tortel.syslog/com.tortel.syslog.FragmentMainActivity}} show : true
12-10 00:56:57.845 V/VibratorService( 1888): hasVibrator - useVibetonz: true
12-10 00:56:57.847 D/VibratorService( 1888): Turning vibrator off - ImmVibe.
12-10 00:56:57.848 V/VibratorService( 1888): vibrateImmVibe - package: android, type: 9, magnitude: 10000
12-10 00:56:57.853 I/ActivityManager( 1888): Force stopping android appid=1000 user=0: from pid 1888
12-10 00:56:57.854 I/ActivityManager( 1888): Killing 9493:system:ui/1000 (adj 0): stop android cause from pid 1888
12-10 00:56:57.859 W/ActivityManager( 1888): Force removing ActivityRecord{1d11f499 u0 android/com.android.internal.app.ResolverActivity t187}: app died, no saved state
12-10 00:56:57.873 D/CustomFrequencyManagerService( 1888): acquireDVFSLockLocked : type : DVFS_MIN_LIMIT  frequency : 1890000  uid : 1000  pid : 1888  pkgName : ACTIVITY_RESUME_BOOSTER@7
12-10 00:56:57.874 W/ActivityManager( 1888): mDVFSHelper.acquire()
12-10 00:56:57.876 W/ContextImpl( 1888): Calling a method in the system process without a qualified user: android.app.ContextImpl.sendBroadcast:1699 com.android.server.InputMethodManagerService$6.run:2733 java.lang.Thread.run:818 <bottom of call stack> <bottom of call stack> 
12-10 00:56:57.897 D/StatusBarManagerService( 1888): manageDisableList userId=0 what=0x0 pkg=WindowManager.LayoutParams
12-10 00:56:57.900 W/AlarmManager( 1888): Ignore UninstallReceiver  action: android.intent.action.PACKAGE_RESTARTED pkg: android
12-10 00:56:58.064 D/CustomFrequencyManagerService( 1888): releaseDVFSLockLocked : Getting Lock type frm List : DVFS_MIN_LIMIT  frequency : 1890000  uid : 1000  pid : 1888  tag : ACTIVITY_RESUME_BOOSTER@11
12-10 00:56:58.187 E/Watchdog( 1888): !@Sync 4
12-10 00:56:58.290 V/VibratorService( 1888): hasVibrator - useVibetonz: true
12-10 00:56:58.291 D/VibratorService( 1888): Turning vibrator off - ImmVibe.
12-10 00:56:58.293 V/VibratorService( 1888): vibrateImmVibe - package: android, type: 14, magnitude: 10000
12-10 00:56:58.297 D/PowerManagerService( 1888): [input device light] setInputDeviceLightOn is called : 1
12-10 00:56:58.547 V/VibratorService( 1888): hasVibrator - useVibetonz: true
12-10 00:56:58.548 D/VibratorService( 1888): Turning vibrator off - ImmVibe.
12-10 00:56:58.548 V/VibratorService( 1888): vibrateImmVibe - package: android, type: 9, magnitude: 10000
12-10 00:56:58.553 I/ActivityManager( 1888): Force stopping com.tortel.syslog appid=10175 user=0: from pid 1888
12-10 00:56:58.553 I/ActivityManager( 1888): Killing 9424:com.tortel.syslog/u0a175 (adj 0): stop com.tortel.syslog cause from pid 1888
12-10 00:56:58.558 W/ActivityManager( 1888): Force removing ActivityRecord{34a75b80 u0 com.tortel.syslog/.FragmentMainActivity t186}: app died, no saved state
12-10 00:56:58.574 V/WindowManager( 1888): rotationForOrientationLw(orient=1, last=0); user=0 USER_ROTATION_LOCKED sensorRotation=0 mLidState=-1 mDockMode=0 mHdmiPlugged=false
12-10 00:56:58.628 D/ConnectivityService( 1888): returning getNetworkInfo(networkType - 1) :[type: WIFI[] - WIFI, state: CONNECTED/CONNECTED, reason: (unspecified), extra: "something", roaming: false, failover: false, isAvailable: true, isConnectedToProvisioningNetwork: false]
12-10 00:56:58.632 I/libprocessgroup( 1888): Killing pid 9476 in uid 10175 as part of process group 9424
12-10 00:56:58.636 D/StatusBarManagerService( 1888): manageDisableList userId=0 what=0x0 pkg=WindowManager.LayoutParams
--------- beginning of main
12-10 00:56:58.640 D/PointerIcon( 1888): setMouseIconStyle1 pointerType: 1001iconType:101 flag:0
12-10 00:56:58.640 D/PointerIcon( 1888): setMouseCustomIcon IconType is same.101
12-10 00:56:58.640 D/PointerIcon( 1888): setHoveringSpenIconStyle1 pointerType: 10001iconType:1 flag:0
12-10 00:56:58.640 D/PointerIcon( 1888): setHoveringSpenCustomIcon IconType is same.1
12-10 00:56:58.662 E/SMD     ( 9111): smd Interface open failed errno is 2 -1
12-10 00:56:58.672 D/GalleryCacheReady( 8388): Receive : home resume
12-10 00:56:58.673 D/Launcher( 3162): Launcher::setSystemUiTransparency(): getSystemUiVisibility() after setting  = 0
12-10 00:56:58.675 D/InputMethodManagerService( 1888): windowGainedFocus mCurrentFocusedUserId - 0 and mSecureKeypadEnabled-false
12-10 00:56:58.676 D/Mms/UIEventReceiver( 8293): ui event
12-10 00:56:58.676 E/JavaBinder( 1888): !!! FAILED BINDER TRANSACTION !!!
12-10 00:56:58.676 W/InputMethodManagerService( 1888): Got RemoteException sending setActive(false) notification to pid 9424 uid 10175
12-10 00:56:58.676 E/JavaBinder( 1888): !!! FAILED BINDER TRANSACTION !!!
12-10 00:56:58.681 I/WindowState( 1888): WIN DEATH: Window{ef5e76a u0 Toast}
12-10 00:56:58.684 W/ContextImpl( 1888): Calling a method in the system process without a qualified user: android.app.ContextImpl.sendBroadcast:1699 com.android.server.InputMethodManagerService$6.run:2733 java.lang.Thread.run:818 <bottom of call stack> <bottom of call stack> 
12-10 00:56:58.684 D/PowerManagerService( 1888): [api] [s] userActivity : event: 0 flags: 0 (uid: 1000 pid: 1888) eventTime = 160367
12-10 00:56:58.684 D/PowerManagerService( 1888): [api] release WakeLock flags=0x2000000a tag=WindowManager uid=1000 pid=1888 (0x0)
12-10 00:56:58.685 D/PowerManagerService( 1888): [api] applyWakeLockFlagsOnReleaseLocked : userActivityNoUpdateLocked is called : SCREEN_BRIGHT_WAKE_LOCK        'WindowManager' ON_AFTER_RELEASE (uid=1000, pid=1888, ws=WorkSource{10175}) (elapsedTime=1755)
12-10 00:56:58.686 D/SurfaceFlinger(  233): FPS : 10.51
12-10 00:56:58.686 W/SurfaceFlinger(  233): Fail to Open /sys/devices/platform/gpusysfs/fps
12-10 00:56:58.699 W/BroadcastQueue( 1888): Permission Denial: broadcasting Intent { act=com.sec.android.intent.action.HOME_RESUME flg=0x10 } from com.sec.android.app.launcher (pid=3162, uid=10009) is not exported from uid 1000 due to receiver com.android.settings/.accessibilitywidget.AccessibilityEasyWidgetProviderAssistiveLight
12-10 00:56:58.704 W/BroadcastQueue( 1888): Permission Denial: broadcasting Intent { act=com.sec.android.intent.action.HOME_RESUME flg=0x10 } from com.sec.android.app.launcher (pid=3162, uid=10009) is not exported from uid 10087 due to receiver com.sec.android.widgetapp.digitalclock2x1/.DigitalClockWidgetProvider
12-10 00:56:58.713 D/SurfaceFlinger(  233): FPS : 10.51
12-10 00:56:58.713 W/SurfaceFlinger(  233): Fail to Open /sys/devices/platform/gpusysfs/fps
12-10 00:56:58.720 I/Timeline( 3162): Timeline: Activity_idle id: android.os.BinderProxy@22e2449 time:160403
12-10 00:56:58.722 I/AudioPolicyManager_legacy(  277): getAudioPolicyConfig: audioParam;outDevice
12-10 00:56:58.722 V/AudioPolicyManager_legacy(  277): getNewOutputDevice() selected device 0
12-10 00:56:58.722 V/AudioPolicyManager_legacy(  277): ### curdevice : 2
12-10 00:56:58.722 D/WidgetProvider( 8458): #S##########################################
12-10 00:56:58.722 D/WidgetProvider( 8458): WidgetSize = 18
12-10 00:56:58.722 D/WidgetProvider( 8458): Action = com.sec.android.intent.action.HOME_RESUME
12-10 00:56:58.722 D/WidgetProvider( 8458): State = WIDGET_STATE_TERM
12-10 00:56:58.722 D/WidgetProvider( 8458): PageList Size = 0
12-10 00:56:58.722 D/WidgetProvider( 8458): loadCacheFirst = false
12-10 00:56:58.722 D/WidgetProvider( 8458): dontshow3galert = false
12-10 00:56:58.722 D/WidgetProvider( 8458): instanceId = 0
12-10 00:56:58.722 D/WidgetProvider( 8458): #E###########################################
12-10 00:56:58.726 D/StatusBarManagerService( 1888): manageDisableList userId=0 what=0x0 pkg=WindowManager.LayoutParams
12-10 00:56:58.733 V/TaskCloserActivity( 8368): TaskCloserActivity onReceive() - com.sec.android.intent.action.HOME_RESUME
12-10 00:56:58.734 D/SurfaceFlinger(  233): FPS : 10.51
12-10 00:56:58.734 W/SurfaceFlinger(  233): Fail to Open /sys/devices/platform/gpusysfs/fps
12-10 00:56:58.745 D/TaskPersister( 1888): removeObsoleteFile: deleting file=186_task.xml
12-10 00:56:58.746 D/TaskPersister( 1888): removeObsoleteFile: deleting file=186_task_thumbnail.png
12-10 00:56:58.778 D/InputReader( 1888): Input event: value=0
12-10 00:56:58.781 D/SurfaceFlinger(  233): FPS : 10.51
12-10 00:56:58.781 W/SurfaceFlinger(  233): Fail to Open /sys/devices/platform/gpusysfs/fps
12-10 00:56:58.783 D/CustomFrequencyManagerService( 1888): releaseDVFSLockLocked : Getting Lock type frm List : DVFS_MIN_LIMIT  frequency : 1890000  uid : 1000  pid : 1888  tag : ACTIVITY_RESUME_BOOSTER@7
12-10 00:56:58.784 W/ActivityManager( 1888): mDVFSHelper.release()
12-10 00:56:58.784 I/Timeline( 1888): Timeline: Activity_windows_visible id: ActivityRecord{17e43ea1 u0 com.sec.android.app.launcher/com.android.launcher2.Launcher t180} time:160467
12-10 00:56:58.785 D/CustomFrequencyManagerService( 1888): acquireDVFSLockLocked : type : DVFS_MIN_LIMIT  frequency : 1890000  uid : 1000  pid : 1888  pkgName : ACTIVITY_RESUME_BOOSTER@11
12-10 00:56:58.805 D/SurfaceFlinger(  233): FPS : 10.51
12-10 00:56:58.805 W/SurfaceFlinger(  233): Fail to Open /sys/devices/platform/gpusysfs/fps
12-10 00:56:58.824 I/AudioPolicyManager_legacy(  277): getAudioPolicyConfig: audioParam;outDevice
12-10 00:56:58.824 V/AudioPolicyManager_legacy(  277): getNewOutputDevice() selected device 0
12-10 00:56:58.824 V/AudioPolicyManager_legacy(  277): ### curdevice : 2
12-10 00:56:58.829 D/SurfaceFlinger(  233): FPS : 10.51
12-10 00:56:58.830 W/SurfaceFlinger(  233): Fail to Open /sys/devices/platform/gpusysfs/fps
12-10 00:56:58.852 D/SurfaceFlinger(  233): FPS : 10.51
12-10 00:56:58.852 W/SurfaceFlinger(  233): Fail to Open /sys/devices/platform/gpusysfs/fps
12-10 00:56:58.876 D/SurfaceFlinger(  233): FPS : 10.51
12-10 00:56:58.876 W/SurfaceFlinger(  233): Fail to Open /sys/devices/platform/gpusysfs/fps
12-10 00:56:58.900 D/SurfaceFlinger(  233): FPS : 10.51
12-10 00:56:58.900 W/SurfaceFlinger(  233): Fail to Open /sys/devices/platform/gpusysfs/fps
12-10 00:56:58.924 D/SurfaceFlinger(  233): FPS : 10.51
12-10 00:56:58.924 W/SurfaceFlinger(  233): Fail to Open /sys/devices/platform/gpusysfs/fps
12-10 00:56:58.925 I/AudioPolicyManager_legacy(  277): getAudioPolicyConfig: audioParam;outDevice
12-10 00:56:58.925 V/AudioPolicyManager_legacy(  277): getNewOutputDevice() selected device 0
12-10 00:56:58.925 V/AudioPolicyManager_legacy(  277): ### curdevice : 2
12-10 00:56:58.948 D/SurfaceFlinger(  233): FPS : 38.22
12-10 00:56:58.948 W/SurfaceFlinger(  233): Fail to Open /sys/devices/platform/gpusysfs/fps
12-10 00:56:58.972 D/SurfaceFlinger(  233): FPS : 38.22
12-10 00:56:58.972 W/SurfaceFlinger(  233): Fail to Open /sys/devices/platform/gpusysfs/fps
12-10 00:56:58.995 D/SurfaceFlinger(  233): FPS : 38.22
12-10 00:56:58.995 W/SurfaceFlinger(  233): Fail to Open /sys/devices/platform/gpusysfs/fps
12-10 00:56:59.026 I/AudioPolicyManager_legacy(  277): getAudioPolicyConfig: audioParam;outDevice
12-10 00:56:59.026 V/AudioPolicyManager_legacy(  277): getNewOutputDevice() selected device 0
12-10 00:56:59.026 V/AudioPolicyManager_legacy(  277): ### curdevice : 2
12-10 00:56:59.087 D/CustomFrequencyManagerService( 1888): releaseDVFSLockLocked : Getting Lock type frm List : DVFS_MIN_LIMIT  frequency : 1890000  uid : 1000  pid : 1888  tag : ACTIVITY_RESUME_BOOSTER@11
12-10 00:56:59.127 I/AudioPolicyManager_legacy(  277): getAudioPolicyConfig: audioParam;outDevice
12-10 00:56:59.127 V/AudioPolicyManager_legacy(  277): getNewOutputDevice() selected device 0
12-10 00:56:59.127 V/AudioPolicyManager_legacy(  277): ### curdevice : 2
12-10 00:56:59.228 I/AudioPolicyManager_legacy(  277): getAudioPolicyConfig: audioParam;outDevice
12-10 00:56:59.228 V/AudioPolicyManager_legacy(  277): getNewOutputDevice() selected device 0
12-10 00:56:59.229 V/AudioPolicyManager_legacy(  277): ### curdevice : 2
12-10 00:56:59.263 D/InputReader( 1888): Input event: value=1
12-10 00:56:59.263 I/InputReader( 1888): Touch event's action is 0x0 (deviceType=0) [pCnt=1, s=0.64 ] when=160946875000
12-10 00:56:59.264 I/InputDispatcher( 1888): Delivering touch to (2765): action: 0x4, toolType: 1
12-10 00:56:59.264 I/InputDispatcher( 1888): Delivering touch to (3162): action: 0x0, toolType: 1
12-10 00:56:59.264 I/InputDispatcher( 1888): Delivering touch to (2985): action: 0x0, toolType: 1
12-10 00:56:59.265 D/ViewRootImpl( 3162): ViewPostImeInputStage ACTION_DOWN
12-10 00:56:59.266 D/CustomFrequencyManagerService( 1888): acquireDVFSLockLocked : type : DVFS_MIN_LIMIT  frequency : 1890000  uid : 1000  pid : 1888  pkgName : com.sec.android.app.launcher@1
12-10 00:56:59.268 D/FocusedStackFrame( 1888): Set to : 0
12-10 00:56:59.305 D/SurfaceFlinger(  233): FPS : 8.40
12-10 00:56:59.305 W/SurfaceFlinger(  233): Fail to Open /sys/devices/platform/gpusysfs/fps
12-10 00:56:59.330 I/AudioPolicyManager_legacy(  277): getAudioPolicyConfig: audioParam;outDevice
12-10 00:56:59.330 V/AudioPolicyManager_legacy(  277): getNewOutputDevice() selected device 0
12-10 00:56:59.330 V/AudioPolicyManager_legacy(  277): ### curdevice : 2
12-10 00:56:59.371 D/InputReader( 1888): Input event: value=0
12-10 00:56:59.371 I/InputReader( 1888): Touch event's action is 0x1 (deviceType=0) [pCnt=1, s=] when=161054480000
12-10 00:56:59.371 I/InputDispatcher( 1888): Delivering touch to (3162): action: 0x1, toolType: 1
12-10 00:56:59.372 I/InputDispatcher( 1888): Delivering touch to (2985): action: 0x1, toolType: 1
12-10 00:56:59.373 D/CustomFrequencyManagerService( 1888): releaseDVFSLockLocked : Getting Lock type frm List : DVFS_MIN_LIMIT  frequency : 1890000  uid : 1000  pid : 1888  tag : com.sec.android.app.launcher@1
12-10 00:56:59.423 D/SurfaceFlinger(  233): FPS : 8.40
12-10 00:56:59.423 W/SurfaceFlinger(  233): Fail to Open /sys/devices/platform/gpusysfs/fps
12-10 00:56:59.431 I/AudioPolicyManager_legacy(  277): getAudioPolicyConfig: audioParam;outDevice
12-10 00:56:59.431 V/AudioPolicyManager_legacy(  277): getNewOutputDevice() selected device 0
12-10 00:56:59.431 V/AudioPolicyManager_legacy(  277): ### curdevice : 2
12-10 00:56:59.532 I/AudioPolicyManager_legacy(  277): getAudioPolicyConfig: audioParam;outDevice
12-10 00:56:59.532 V/AudioPolicyManager_legacy(  277): getNewOutputDevice() selected device 0
12-10 00:56:59.532 V/AudioPolicyManager_legacy(  277): ### curdevice : 2
12-10 00:56:59.576 D/InputReader( 1888): Input event: value=1
12-10 00:56:59.576 I/InputReader( 1888): Touch event's action is 0x0 (deviceType=0) [pCnt=1, s=0.65 ] when=161259406000
12-10 00:56:59.576 I/InputDispatcher( 1888): Delivering touch to (2765): action: 0x4, toolType: 1
12-10 00:56:59.576 I/InputDispatcher( 1888): Delivering touch to (3162): action: 0x0, toolType: 1
12-10 00:56:59.576 I/InputDispatcher( 1888): Delivering touch to (2985): action: 0x0, toolType: 1
12-10 00:56:59.577 D/ViewRootImpl( 3162): ViewPostImeInputStage ACTION_DOWN
12-10 00:56:59.578 D/CustomFrequencyManagerService( 1888): acquireDVFSLockLocked : type : DVFS_MIN_LIMIT  frequency : 1890000  uid : 1000  pid : 1888  pkgName : com.sec.android.app.launcher@1
12-10 00:56:59.613 D/SurfaceFlinger(  233): FPS : 6.50
12-10 00:56:59.613 W/SurfaceFlinger(  233): Fail to Open /sys/devices/platform/gpusysfs/fps
12-10 00:56:59.633 I/AudioPolicyManager_legacy(  277): getAudioPolicyConfig: audioParam;outDevice
12-10 00:56:59.633 V/AudioPolicyManager_legacy(  277): getNewOutputDevice() selected device 0
12-10 00:56:59.633 V/AudioPolicyManager_legacy(  277): ### curdevice : 2
12-10 00:56:59.663 E/SMD     ( 9111): smd Interface open failed errno is 2 -1
12-10 00:56:59.708 D/SurfaceFlinger(  233): FPS : 6.50
12-10 00:56:59.708 W/SurfaceFlinger(  233): Fail to Open /sys/devices/platform/gpusysfs/fps
12-10 00:56:59.726 D/InputReader( 1888): Input event: value=0
12-10 00:56:59.726 I/InputReader( 1888): Touch event's action is 0x1 (deviceType=0) [pCnt=1, s=] when=161409369000
12-10 00:56:59.726 I/InputDispatcher( 1888): Delivering touch to (3162): action: 0x1, toolType: 1
12-10 00:56:59.726 I/InputDispatcher( 1888): Delivering touch to (2985): action: 0x1, toolType: 1
12-10 00:56:59.728 D/CustomFrequencyManagerService( 1888): releaseDVFSLockLocked : Getting Lock type frm List : DVFS_MIN_LIMIT  frequency : 1890000  uid : 1000  pid : 1888  tag : com.sec.android.app.launcher@1
12-10 00:56:59.732 D/SurfaceFlinger(  233): FPS : 6.50
12-10 00:56:59.732 W/SurfaceFlinger(  233): Fail to Open /sys/devices/platform/gpusysfs/fps
12-10 00:56:59.734 I/AudioPolicyManager_legacy(  277): getAudioPolicyConfig: audioParam;outDevice
12-10 00:56:59.734 V/AudioPolicyManager_legacy(  277): getNewOutputDevice() selected device 0
12-10 00:56:59.734 V/AudioPolicyManager_legacy(  277): ### curdevice : 2
12-10 00:56:59.756 D/SurfaceFlinger(  233): FPS : 6.50
12-10 00:56:59.756 W/SurfaceFlinger(  233): Fail to Open /sys/devices/platform/gpusysfs/fps
12-10 00:56:59.780 D/SurfaceFlinger(  233): FPS : 6.50
12-10 00:56:59.780 W/SurfaceFlinger(  233): Fail to Open /sys/devices/platform/gpusysfs/fps
12-10 00:56:59.804 D/SurfaceFlinger(  233): FPS : 6.50
12-10 00:56:59.804 W/SurfaceFlinger(  233): Fail to Open /sys/devices/platform/gpusysfs/fps
12-10 00:56:59.827 D/SurfaceFlinger(  233): FPS : 6.50
12-10 00:56:59.828 W/SurfaceFlinger(  233): Fail to Open /sys/devices/platform/gpusysfs/fps
12-10 00:56:59.834 I/AudioPolicyManager_legacy(  277): getAudioPolicyConfig: audioParam;outDevice
12-10 00:56:59.835 V/AudioPolicyManager_legacy(  277): getNewOutputDevice() selected device 0
12-10 00:56:59.835 V/AudioPolicyManager_legacy(  277): ### curdevice : 2
12-10 00:56:59.851 D/SurfaceFlinger(  233): FPS : 6.50
12-10 00:56:59.851 W/SurfaceFlinger(  233): Fail to Open /sys/devices/platform/gpusysfs/fps
12-10 00:56:59.875 D/SurfaceFlinger(  233): FPS : 30.53
12-10 00:56:59.875 W/SurfaceFlinger(  233): Fail to Open /sys/devices/platform/gpusysfs/fps
12-10 00:56:59.936 I/AudioPolicyManager_legacy(  277): getAudioPolicyConfig: audioParam;outDevice
12-10 00:56:59.936 V/AudioPolicyManager_legacy(  277): getNewOutputDevice() selected device 0
12-10 00:56:59.936 V/AudioPolicyManager_legacy(  277): ### curdevice : 2
12-10 00:57:00.000 V/AlarmManager( 1888): waitForAlarm result :8
12-10 00:57:00.005 D/KeyguardUpdateMonitor( 2765): received broadcast android.intent.action.TIME_TICK
12-10 00:57:00.006 D/KeyguardUpdateMonitor( 2765): handleTimeUpdate
12-10 00:57:00.007 D/KeyguardEffectViewController( 2765): onReceive action : android.intent.action.TIME_TICK
12-10 00:57:00.007 I/KeyguardEffectViewController( 2765): *** don't update sliding image ***
12-10 00:57:00.037 I/AudioPolicyManager_legacy(  277): getAudioPolicyConfig: audioParam;outDevice
12-10 00:57:00.037 V/AudioPolicyManager_legacy(  277): getNewOutputDevice() selected device 0
12-10 00:57:00.037 V/AudioPolicyManager_legacy(  277): ### curdevice : 2
12-10 00:57:00.051 D/InputReader( 1888): Input event: value=1
12-10 00:57:00.051 I/InputReader( 1888): Touch event's action is 0x0 (deviceType=0) [pCnt=1, s=0.66 ] when=161735053000
12-10 00:57:00.052 I/InputDispatcher( 1888): Delivering touch to (2765): action: 0x4, toolType: 1
12-10 00:57:00.052 I/InputDispatcher( 1888): Delivering touch to (3162): action: 0x0, toolType: 1
12-10 00:57:00.052 I/InputDispatcher( 1888): Delivering touch to (2985): action: 0x0, toolType: 1
12-10 00:57:00.052 D/ViewRootImpl( 3162): ViewPostImeInputStage ACTION_DOWN
12-10 00:57:00.054 D/CustomFrequencyManagerService( 1888): acquireDVFSLockLocked : type : DVFS_MIN_LIMIT  frequency : 1890000  uid : 1000  pid : 1888  pkgName : com.sec.android.app.launcher@1
12-10 00:57:00.060 D/DateView( 2765): regionalDateFormat = 3333-11-22 isRTLlanguage = false returnDateFormat = E, MMMM d
12-10 00:57:00.061 D/DateView( 2765): regionalDateFormat = 3333-11-22 isRTLlanguage = false returnDateFormat = E, MMMM d
12-10 00:57:00.065 D/SurfaceFlinger(  233): FPS : 30.53
12-10 00:57:00.065 W/SurfaceFlinger(  233): Fail to Open /sys/devices/platform/gpusysfs/fps
12-10 00:57:00.091 D/SurfaceFlinger(  233): FPS : 30.53
12-10 00:57:00.091 W/SurfaceFlinger(  233): Fail to Open /sys/devices/platform/gpusysfs/fps
12-10 00:57:00.112 D/SurfaceFlinger(  233): FPS : 30.53
12-10 00:57:00.112 W/SurfaceFlinger(  233): Fail to Open /sys/devices/platform/gpusysfs/fps
12-10 00:57:00.137 D/InputReader( 1888): Input event: value=0
12-10 00:57:00.137 I/InputReader( 1888): Touch event's action is 0x1 (deviceType=0) [pCnt=1, s=] when=161820441000
12-10 00:57:00.137 I/InputDispatcher( 1888): Delivering touch to (3162): action: 0x1, toolType: 1
12-10 00:57:00.137 I/AudioPolicyManager_legacy(  277): getAudioPolicyConfig: audioParam;outDevice
12-10 00:57:00.137 I/InputDispatcher( 1888): Delivering touch to (2985): action: 0x1, toolType: 1
