12-10 00:55:06.673 D/PhoneFactory( 3128): getPhone:- phone=Handler (com.android.internal.telephony.PhoneProxy) {3e0d3ddf}
12-10 00:55:06.679 D/DCT     ( 3128): [0]setupDataOnConnectableApns: dataAttached
12-10 00:55:06.682 D/DCT     ( 3128): [0]setupDataOnConnectableApns: apnContext {mApnType=hipri mState=IDLE mWaitingApns={null} mWaitingApnsPermanentFailureCountDown=0 mApnSetting={null} mReason=radioTurnedOff mDataEnabled=false mDependencyMet=true}
12-10 00:55:06.682 D/DCT     ( 3128): [0]setupDataOnConnectableApns: apnContext {mApnType=mms mState=IDLE mWaitingApns={null} mWaitingApnsPermanentFailureCountDown=0 mApnSetting={null} mReason=radioTurnedOff mDataEnabled=false mDependencyMet=true}
12-10 00:55:06.682 D/DCT     ( 3128): [0]setupDataOnConnectableApns: apnContext {mApnType=supl mState=IDLE mWaitingApns={null} mWaitingApnsPermanentFailureCountDown=0 mApnSetting={null} mReason=radioTurnedOff mDataEnabled=false mDependencyMet=true}
12-10 00:55:06.682 D/DCT     ( 3128): [0]setupDataOnConnectableApns: apnContext {mApnType=dun mState=IDLE mWaitingApns={null} mWaitingApnsPermanentFailureCountDown=0 mApnSetting={null} mReason=radioTurnedOff mDataEnabled=false mDependencyMet=true}
12-10 00:55:06.682 D/DCT     ( 3128): [0]setupDataOnConnectableApns: apnContext {mApnType=fota mState=IDLE mWaitingApns={null} mWaitingApnsPermanentFailureCountDown=0 mApnSetting={null} mReason=radioTurnedOff mDataEnabled=false mDependencyMet=true}
12-10 00:55:06.682 D/DCT     ( 3128): [0]setupDataOnConnectableApns: apnContext {mApnType=ims mState=IDLE mWaitingApns={null} mWaitingApnsPermanentFailureCountDown=0 mApnSetting={null} mReason=radioTurnedOff mDataEnabled=false mDependencyMet=true}
12-10 00:55:06.682 D/DCT     ( 3128): [0]setupDataOnConnectableApns: apnContext {mApnType=cbs mState=IDLE mWaitingApns={null} mWaitingApnsPermanentFailureCountDown=0 mApnSetting={null} mReason=radioTurnedOff mDataEnabled=false mDependencyMet=true}
12-10 00:55:06.682 D/DCT     ( 3128): [0]setupDataOnConnectableApns: apnContext {mApnType=ent1 mState=IDLE mWaitingApns={null} mWaitingApnsPermanentFailureCountDown=0 mApnSetting={null} mReason=radioTurnedOff mDataEnabled=false mDependencyMet=true}
12-10 00:55:06.682 D/DCT     ( 3128): [0]setupDataOnConnectableApns: apnContext {mApnType=ent2 mState=IDLE mWaitingApns={null} mWaitingApnsPermanentFailureCountDown=0 mApnSetting={null} mReason=radioTurnedOff mDataEnabled=false mDependencyMet=true}
12-10 00:55:06.682 D/DCT     ( 3128): [0]setupDataOnConnectableApns: apnContext {mApnType=default mState=IDLE mWaitingApns={null} mWaitingApnsPermanentFailureCountDown=0 mApnSetting={null} mReason=dataDisabled mDataEnabled=false mDependencyMet=true}
12-10 00:55:06.682 D/DCT     ( 3128): [0]handleMessage msg={ when=-426ms what=270348 obj=android.os.AsyncResult@3a79e597 target=com.android.internal.telephony.dataconnection.DcTracker }
12-10 00:55:06.682 D/DCT     ( 3128): [0]onRoamingOff
12-10 00:55:06.683 D/DCT     ( 3128): [0]handleMessage msg={ when=-423ms what=270377 obj=android.os.AsyncResult@33a4f384 target=com.android.internal.telephony.dataconnection.DcTracker }
12-10 00:55:06.683 D/GsmSST  ( 3128): For same group RAT return TRUE
12-10 00:55:06.683 D/PHONE   ( 3128): old RAT: 0 new RAT: 14
12-10 00:55:06.683 D/DCT     ( 3128): [0]setupDataOnConnectableApns: nwTypeChanged
12-10 00:55:06.683 D/DCT     ( 3128): [0]setupDataOnConnectableApns: apnContext {mApnType=hipri mState=IDLE mWaitingApns={null} mWaitingApnsPermanentFailureCountDown=0 mApnSetting={null} mReason=radioTurnedOff mDataEnabled=false mDependencyMet=true}
12-10 00:55:06.683 D/DCT     ( 3128): [0]setupDataOnConnectableApns: apnContext {mApnType=mms mState=IDLE mWaitingApns={null} mWaitingApnsPermanentFailureCountDown=0 mApnSetting={null} mReason=radioTurnedOff mDataEnabled=false mDependencyMet=true}
12-10 00:55:06.683 D/DCT     ( 3128): [0]setupDataOnConnectableApns: apnContext {mApnType=supl mState=IDLE mWaitingApns={null} mWaitingApnsPermanentFailureCountDown=0 mApnSetting={null} mReason=radioTurnedOff mDataEnabled=false mDependencyMet=true}
12-10 00:55:06.683 D/DCT     ( 3128): [0]setupDataOnConnectableApns: apnContext {mApnType=dun mState=IDLE mWaitingApns={null} mWaitingApnsPermanentFailureCountDown=0 mApnSetting={null} mReason=radioTurnedOff mDataEnabled=false mDependencyMet=true}
12-10 00:55:06.683 D/DCT     ( 3128): [0]setupDataOnConnectableApns: apnContext {mApnType=fota mState=IDLE mWaitingApns={null} mWaitingApnsPermanentFailureCountDown=0 mApnSetting={null} mReason=radioTurnedOff mDataEnabled=false mDependencyMet=true}
12-10 00:55:06.683 D/DCT     ( 3128): [0]setupDataOnConnectableApns: apnContext {mApnType=ims mState=IDLE mWaitingApns={null} mWaitingApnsPermanentFailureCountDown=0 mApnSetting={null} mReason=radioTurnedOff mDataEnabled=false mDependencyMet=true}
12-10 00:55:06.683 D/DCT     ( 3128): [0]setupDataOnConnectableApns: apnContext {mApnType=cbs mState=IDLE mWaitingApns={null} mWaitingApnsPermanentFailureCountDown=0 mApnSetting={null} mReason=radioTurnedOff mDataEnabled=false mDependencyMet=true}
12-10 00:55:06.683 D/DCT     ( 3128): [0]setupDataOnConnectableApns: apnContext {mApnType=ent1 mState=IDLE mWaitingApns={null} mWaitingApnsPermanentFailureCountDown=0 mApnSetting={null} mReason=radioTurnedOff mDataEnabled=false mDependencyMet=true}
12-10 00:55:06.683 D/DCT     ( 3128): [0]setupDataOnConnectableApns: apnContext {mApnType=ent2 mState=IDLE mWaitingApns={null} mWaitingApnsPermanentFailureCountDown=0 mApnSetting={null} mReason=radioTurnedOff mDataEnabled=false mDependencyMet=true}
12-10 00:55:06.683 D/DCT     ( 3128): [0]setupDataOnConnectableApns: apnContext {mApnType=default mState=IDLE mWaitingApns={null} mWaitingApnsPermanentFailureCountDown=0 mApnSetting={null} mReason=dataDisabled mDataEnabled=false mDependencyMet=true}
12-10 00:55:06.683 D/DCT     ( 3128): [0]handleMessage msg={ when=-424ms what=270377 obj=android.os.AsyncResult@1b86176d target=com.android.internal.telephony.dataconnection.DcTracker }
12-10 00:55:06.684 D/GsmSST  ( 3128): For same group RAT return TRUE
12-10 00:55:06.684 D/PHONE   ( 3128): old RAT: 0 new RAT: 14
12-10 00:55:06.684 D/DCT     ( 3128): [0]setupDataOnConnectableApns: nwTypeChanged
12-10 00:55:06.684 D/DCT     ( 3128): [0]setupDataOnConnectableApns: apnContext {mApnType=hipri mState=IDLE mWaitingApns={null} mWaitingApnsPermanentFailureCountDown=0 mApnSetting={null} mReason=radioTurnedOff mDataEnabled=false mDependencyMet=true}
12-10 00:55:06.684 D/DCT     ( 3128): [0]setupDataOnConnectableApns: apnContext {mApnType=mms mState=IDLE mWaitingApns={null} mWaitingApnsPermanentFailureCountDown=0 mApnSetting={null} mReason=radioTurnedOff mDataEnabled=false mDependencyMet=true}
12-10 00:55:06.684 D/DCT     ( 3128): [0]setupDataOnConnectableApns: apnContext {mApnType=supl mState=IDLE mWaitingApns={null} mWaitingApnsPermanentFailureCountDown=0 mApnSetting={null} mReason=radioTurnedOff mDataEnabled=false mDependencyMet=true}
12-10 00:55:06.684 D/DCT     ( 3128): [0]setupDataOnConnectableApns: apnContext {mApnType=dun mState=IDLE mWaitingApns={null} mWaitingApnsPermanentFailureCountDown=0 mApnSetting={null} mReason=radioTurnedOff mDataEnabled=false mDependencyMet=true}
12-10 00:55:06.684 D/DCT     ( 3128): [0]setupDataOnConnectableApns: apnContext {mApnType=fota mState=IDLE mWaitingApns={null} mWaitingApnsPermanentFailureCountDown=0 mApnSetting={null} mReason=radioTurnedOff mDataEnabled=false mDependencyMet=true}
12-10 00:55:06.684 D/DCT     ( 3128): [0]setupDataOnConnectableApns: apnContext {mApnType=ims mState=IDLE mWaitingApns={null} mWaitingApnsPermanentFailureCountDown=0 mApnSetting={null} mReason=radioTurnedOff mDataEnabled=false mDependencyMet=true}
12-10 00:55:06.684 D/DCT     ( 3128): [0]setupDataOnConnectableApns: apnContext {mApnType=cbs mState=IDLE mWaitingApns={null} mWaitingApnsPermanentFailureCountDown=0 mApnSetting={null} mReason=radioTurnedOff mDataEnabled=false mDependencyMet=true}
12-10 00:55:06.684 D/DCT     ( 3128): [0]setupDataOnConnectableApns: apnContext {mApnType=ent1 mState=IDLE mWaitingApns={null} mWaitingApnsPermanentFailureCountDown=0 mApnSetting={null} mReason=radioTurnedOff mDataEnabled=false mDependencyMet=true}
12-10 00:55:06.684 D/DCT     ( 3128): [0]setupDataOnConnectableApns: apnContext {mApnType=ent2 mState=IDLE mWaitingApns={null} mWaitingApnsPermanentFailureCountDown=0 mApnSetting={null} mReason=radioTurnedOff mDataEnabled=false mDependencyMet=true}
12-10 00:55:06.684 D/DCT     ( 3128): [0]setupDataOnConnectableApns: apnContext {mApnType=default mState=IDLE mWaitingApns={null} mWaitingApnsPermanentFailureCountDown=0 mApnSetting={null} mReason=dataDisabled mDataEnabled=false mDependencyMet=true}
12-10 00:55:06.684 D/DCT     ( 3128): [0]handleMessage msg={ when=-425ms what=270377 obj=android.os.AsyncResult@1e895fa2 target=com.android.internal.telephony.dataconnection.DcTracker }
12-10 00:55:06.684 D/GsmSST  ( 3128): For same group RAT return TRUE
12-10 00:55:06.684 D/PHONE   ( 3128): old RAT: 0 new RAT: 14
12-10 00:55:06.684 D/DCT     ( 3128): [0]setupDataOnConnectableApns: nwTypeChanged
12-10 00:55:06.684 D/DCT     ( 3128): [0]setupDataOnConnectableApns: apnContext {mApnType=hipri mState=IDLE mWaitingApns={null} mWaitingApnsPermanentFailureCountDown=0 mApnSetting={null} mReason=radioTurnedOff mDataEnabled=false mDependencyMet=true}
12-10 00:55:06.684 D/DCT     ( 3128): [0]setupDataOnConnectableApns: apnContext {mApnType=mms mState=IDLE mWaitingApns={null} mWaitingApnsPermanentFailureCountDown=0 mApnSetting={null} mReason=radioTurnedOff mDataEnabled=false mDependencyMet=true}
12-10 00:55:06.685 D/DCT     ( 3128): [0]setupDataOnConnectableApns: apnContext {mApnType=supl mState=IDLE mWaitingApns={null} mWaitingApnsPermanentFailureCountDown=0 mApnSetting={null} mReason=radioTurnedOff mDataEnabled=false mDependencyMet=true}
12-10 00:55:06.685 D/DCT     ( 3128): [0]setupDataOnConnectableApns: apnContext {mApnType=dun mState=IDLE mWaitingApns={null} mWaitingApnsPermanentFailureCountDown=0 mApnSetting={null} mReason=radioTurnedOff mDataEnabled=false mDependencyMet=true}
12-10 00:55:06.685 D/DCT     ( 3128): [0]setupDataOnConnectableApns: apnContext {mApnType=fota mState=IDLE mWaitingApns={null} mWaitingApnsPermanentFailureCountDown=0 mApnSetting={null} mReason=radioTurnedOff mDataEnabled=false mDependencyMet=true}
12-10 00:55:06.685 D/DCT     ( 3128): [0]setupDataOnConnectableApns: apnContext {mApnType=ims mState=IDLE mWaitingApns={null} mWaitingApnsPermanentFailureCountDown=0 mApnSetting={null} mReason=radioTurnedOff mDataEnabled=false mDependencyMet=true}
12-10 00:55:06.685 D/DCT     ( 3128): [0]setupDataOnConnectableApns: apnContext {mApnType=cbs mState=IDLE mWaitingApns={null} mWaitingApnsPermanentFailureCountDown=0 mApnSetting={null} mReason=radioTurnedOff mDataEnabled=false mDependencyMet=true}
12-10 00:55:06.685 D/DCT     ( 3128): [0]setupDataOnConnectableApns: apnContext {mApnType=ent1 mState=IDLE mWaitingApns={null} mWaitingApnsPermanentFailureCountDown=0 mApnSetting={null} mReason=radioTurnedOff mDataEnabled=false mDependencyMet=true}
12-10 00:55:06.685 D/DCT     ( 3128): [0]setupDataOnConnectableApns: apnContext {mApnType=ent2 mState=IDLE mWaitingApns={null} mWaitingApnsPermanentFailureCountDown=0 mApnSetting={null} mReason=radioTurnedOff mDataEnabled=false mDependencyMet=true}
12-10 00:55:06.685 D/DCT     ( 3128): [0]setupDataOnConnectableApns: apnContext {mApnType=default mState=IDLE mWaitingApns={null} mWaitingApnsPermanentFailureCountDown=0 mApnSetting={null} mReason=dataDisabled mDataEnabled=false mDependencyMet=true}
12-10 00:55:06.685 D/DCT     ( 3128): [0]handleMessage msg={ when=-425ms what=270439 obj=android.os.AsyncResult@34ed4433 target=com.android.internal.telephony.dataconnection.DcTracker }
12-10 00:55:06.685 D/DCT     ( 3128): [0]onRoutingAreaChanged
12-10 00:55:06.685 D/DCT     ( 3128): [0]overall state is IDLE
12-10 00:55:06.685 D/DCT     ( 3128): [0]isDataAllowed: not allowed due to - SIM not loaded
12-10 00:55:06.686 D/DCT     ( 3128): [0]isDataPossible(default): possible=false isDataAllowed=false apnTypePossible=true apnContextisEnabled=false apnContextState()=IDLE isDataAllowedOnDataDisabled =false
12-10 00:55:06.686 D/DCT     ( 3128): [ApnContext:default] getApnSetting: apnSetting=null
12-10 00:55:06.717 D/PhoneFactory( 3128): getPhone: phoneId == DEFAULT_PHONE_ID
12-10 00:55:06.717 D/PhoneFactory( 3128): getPhone:- phone=Handler (com.android.internal.telephony.PhoneProxy) {3e0d3ddf}
12-10 00:55:06.743 D/DCT     ( 3128): [0]isDataAllowed: not allowed due to - SIM not loaded
12-10 00:55:06.743 D/DCT     ( 3128): [0]isDataPossible(mms): possible=false isDataAllowed=false apnTypePossible=true apnContextisEnabled=false apnContextState()=IDLE isDataAllowedOnDataDisabled =false
12-10 00:55:06.743 D/DCT     ( 3128): [ApnContext:mms] getApnSetting: apnSetting=null
12-10 00:55:06.744 D/PhoneFactory( 3128): getPhone: phoneId == DEFAULT_PHONE_ID
12-10 00:55:06.744 D/PhoneFactory( 3128): getPhone:- phone=Handler (com.android.internal.telephony.PhoneProxy) {3e0d3ddf}
12-10 00:55:06.760 D/DCT     ( 3128): [0]isDataAllowed: not allowed due to - SIM not loaded
12-10 00:55:06.760 D/DCT     ( 3128): [0]isDataPossible(cbs): possible=false isDataAllowed=false apnTypePossible=true apnContextisEnabled=false apnContextState()=IDLE isDataAllowedOnDataDisabled =false
12-10 00:55:06.760 D/DCT     ( 3128): [ApnContext:cbs] getApnSetting: apnSetting=null
12-10 00:55:06.761 D/PhoneFactory( 3128): getPhone: phoneId == DEFAULT_PHONE_ID
12-10 00:55:06.761 D/PhoneFactory( 3128): getPhone:- phone=Handler (com.android.internal.telephony.PhoneProxy) {3e0d3ddf}
12-10 00:55:06.763 D/DCT     ( 3128): [0]isDataAllowed: not allowed due to - SIM not loaded
12-10 00:55:06.763 D/DCT     ( 3128): [0]isDataPossible(fota): possible=false isDataAllowed=false apnTypePossible=true apnContextisEnabled=false apnContextState()=IDLE isDataAllowedOnDataDisabled =false
12-10 00:55:06.763 D/DCT     ( 3128): [ApnContext:fota] getApnSetting: apnSetting=null
12-10 00:55:06.767 D/PhoneFactory( 3128): getPhone: phoneId == DEFAULT_PHONE_ID
12-10 00:55:06.767 D/PhoneFactory( 3128): getPhone:- phone=Handler (com.android.internal.telephony.PhoneProxy) {3e0d3ddf}
12-10 00:55:06.780 D/DCT     ( 3128): [0]isDataAllowed: not allowed due to - SIM not loaded
12-10 00:55:06.780 D/DCT     ( 3128): [0]isDataPossible(supl): possible=false isDataAllowed=false apnTypePossible=true apnContextisEnabled=false apnContextState()=IDLE isDataAllowedOnDataDisabled =false
12-10 00:55:06.780 D/DCT     ( 3128): [ApnContext:supl] getApnSetting: apnSetting=null
12-10 00:55:06.781 D/PhoneFactory( 3128): getPhone: phoneId == DEFAULT_PHONE_ID
12-10 00:55:06.781 D/PhoneFactory( 3128): getPhone:- phone=Handler (com.android.internal.telephony.PhoneProxy) {3e0d3ddf}
12-10 00:55:06.782 D/DCT     ( 3128): [0]isDataAllowed: not allowed due to - SIM not loaded
12-10 00:55:06.783 D/DCT     ( 3128): [0]isDataPossible(ent2): possible=false isDataAllowed=false apnTypePossible=true apnContextisEnabled=false apnContextState()=IDLE isDataAllowedOnDataDisabled =false
12-10 00:55:06.783 D/DCT     ( 3128): [ApnContext:ent2] getApnSetting: apnSetting=null
12-10 00:55:06.783 D/PhoneFactory( 3128): getPhone: phoneId == DEFAULT_PHONE_ID
12-10 00:55:06.783 D/PhoneFactory( 3128): getPhone:- phone=Handler (com.android.internal.telephony.PhoneProxy) {3e0d3ddf}
12-10 00:55:06.785 D/DCT     ( 3128): [0]isDataAllowed: not allowed due to - SIM not loaded
12-10 00:55:06.785 D/DCT     ( 3128): [0]isDataPossible(ent1): possible=false isDataAllowed=false apnTypePossible=true apnContextisEnabled=false apnContextState()=IDLE isDataAllowedOnDataDisabled =false
12-10 00:55:06.785 D/DCT     ( 3128): [ApnContext:ent1] getApnSetting: apnSetting=null
12-10 00:55:06.786 D/PhoneFactory( 3128): getPhone: phoneId == DEFAULT_PHONE_ID
12-10 00:55:06.786 D/PhoneFactory( 3128): getPhone:- phone=Handler (com.android.internal.telephony.PhoneProxy) {3e0d3ddf}
12-10 00:55:06.788 D/DCT     ( 3128): [0]isDataAllowed: not allowed due to - SIM not loaded
12-10 00:55:06.788 D/DCT     ( 3128): [0]isDataPossible(dun): possible=false isDataAllowed=false apnTypePossible=true apnContextisEnabled=false apnContextState()=IDLE isDataAllowedOnDataDisabled =false
12-10 00:55:06.788 D/DCT     ( 3128): [ApnContext:dun] getApnSetting: apnSetting=null
12-10 00:55:06.789 D/PhoneFactory( 3128): getPhone: phoneId == DEFAULT_PHONE_ID
12-10 00:55:06.789 D/PhoneFactory( 3128): getPhone:- phone=Handler (com.android.internal.telephony.PhoneProxy) {3e0d3ddf}
12-10 00:55:06.791 D/DCT     ( 3128): [0]isDataAllowed: not allowed due to - SIM not loaded
12-10 00:55:06.792 D/DCT     ( 3128): [0]isDataPossible(hipri): possible=false isDataAllowed=false apnTypePossible=true apnContextisEnabled=false apnContextState()=IDLE isDataAllowedOnDataDisabled =false
12-10 00:55:06.792 D/DCT     ( 3128): [ApnContext:hipri] getApnSetting: apnSetting=null
12-10 00:55:06.796 D/PhoneFactory( 3128): getPhone: phoneId == DEFAULT_PHONE_ID
12-10 00:55:06.796 D/PhoneFactory( 3128): getPhone:- phone=Handler (com.android.internal.telephony.PhoneProxy) {3e0d3ddf}
12-10 00:55:06.798 D/DCT     ( 3128): [0]isDataAllowed: not allowed due to - SIM not loaded
12-10 00:55:06.798 D/DCT     ( 3128): [0]isDataPossible(ims): possible=false isDataAllowed=false apnTypePossible=true apnContextisEnabled=false apnContextState()=IDLE isDataAllowedOnDataDisabled =false
12-10 00:55:06.798 D/DCT     ( 3128): [ApnContext:ims] getApnSetting: apnSetting=null
12-10 00:55:06.799 D/PhoneFactory( 3128): getPhone: phoneId == DEFAULT_PHONE_ID
12-10 00:55:06.799 D/PhoneFactory( 3128): getPhone:- phone=Handler (com.android.internal.telephony.PhoneProxy) {3e0d3ddf}
12-10 00:55:06.801 D/DCT     ( 3128): [0]setupDataOnConnectableApns: dataAttached
12-10 00:55:06.801 D/DCT     ( 3128): [0]setupDataOnConnectableApns: apnContext {mApnType=hipri mState=IDLE mWaitingApns={null} mWaitingApnsPermanentFailureCountDown=0 mApnSetting={null} mReason=radioTurnedOff mDataEnabled=false mDependencyMet=true}
12-10 00:55:06.801 D/DCT     ( 3128): [0]setupDataOnConnectableApns: apnContext {mApnType=mms mState=IDLE mWaitingApns={null} mWaitingApnsPermanentFailureCountDown=0 mApnSetting={null} mReason=radioTurnedOff mDataEnabled=false mDependencyMet=true}
12-10 00:55:06.801 D/DCT     ( 3128): [0]setupDataOnConnectableApns: apnContext {mApnType=supl mState=IDLE mWaitingApns={null} mWaitingApnsPermanentFailureCountDown=0 mApnSetting={null} mReason=radioTurnedOff mDataEnabled=false mDependencyMet=true}
12-10 00:55:06.801 D/DCT     ( 3128): [0]setupDataOnConnectableApns: apnContext {mApnType=dun mState=IDLE mWaitingApns={null} mWaitingApnsPermanentFailureCountDown=0 mApnSetting={null} mReason=radioTurnedOff mDataEnabled=false mDependencyMet=true}
12-10 00:55:06.801 D/DCT     ( 3128): [0]setupDataOnConnectableApns: apnContext {mApnType=fota mState=IDLE mWaitingApns={null} mWaitingApnsPermanentFailureCountDown=0 mApnSetting={null} mReason=radioTurnedOff mDataEnabled=false mDependencyMet=true}
12-10 00:55:06.801 D/DCT     ( 3128): [0]setupDataOnConnectableApns: apnContext {mApnType=ims mState=IDLE mWaitingApns={null} mWaitingApnsPermanentFailureCountDown=0 mApnSetting={null} mReason=radioTurnedOff mDataEnabled=false mDependencyMet=true}
12-10 00:55:06.801 D/DCT     ( 3128): [0]setupDataOnConnectableApns: apnContext {mApnType=cbs mState=IDLE mWaitingApns={null} mWaitingApnsPermanentFailureCountDown=0 mApnSetting={null} mReason=radioTurnedOff mDataEnabled=false mDependencyMet=true}
12-10 00:55:06.802 D/DCT     ( 3128): [0]setupDataOnConnectableApns: apnContext {mApnType=ent1 mState=IDLE mWaitingApns={null} mWaitingApnsPermanentFailureCountDown=0 mApnSetting={null} mReason=radioTurnedOff mDataEnabled=false mDependencyMet=true}
12-10 00:55:06.802 D/DCT     ( 3128): [0]setupDataOnConnectableApns: apnContext {mApnType=ent2 mState=IDLE mWaitingApns={null} mWaitingApnsPermanentFailureCountDown=0 mApnSetting={null} mReason=radioTurnedOff mDataEnabled=false mDependencyMet=true}
12-10 00:55:06.802 D/DCT     ( 3128): [0]setupDataOnConnectableApns: apnContext {mApnType=default mState=IDLE mWaitingApns={null} mWaitingApnsPermanentFailureCountDown=0 mApnSetting={null} mReason=dataDisabled mDataEnabled=false mDependencyMet=true}
12-10 00:55:06.802 D/DCT     ( 3128): [0]mReceiver action: android.intent.action.ACTION_SUBINFO_RECORD_UPDATED
12-10 00:55:06.802 D/DCT     ( 3128): [0]getInsertedSimCount() count:1
12-10 00:55:06.803 E/PhoneBase( 3128): Error! unregisterForCallWaiting() in PhoneBase should not be called, CDMAPhone inactive.
12-10 00:55:06.804 D/RILJ    ( 3128): [0122]> SET_SUPP_SVC_NOTIFICATION [SUB0]
12-10 00:55:06.807 D/RILC    (  272): SOCKET RIL_SOCKET_1 REQUEST: <unknown request> length:16
12-10 00:55:06.808 D/RILC    (  272): RequestComplete, RIL_SOCKET_1
12-10 00:55:06.808 E/RILC    (  272): Send Response to RIL_SOCKET_1
12-10 00:55:06.808 D/RilRequest( 3128): [0122]< SET_SUPP_SVC_NOTIFICATION error: com.android.internal.telephony.CommandException: REQUEST_NOT_SUPPORTED ret=
12-10 00:55:06.848 E/PhoneBase( 3128): Error! registerForCallWaiting() in PhoneBase should not be called, CDMAPhone inactive.
12-10 00:55:06.848 D/RILJ    ( 3128): [0123]> SET_SUPP_SVC_NOTIFICATION [SUB0]
12-10 00:55:06.852 D/RILC    (  272): SOCKET RIL_SOCKET_1 REQUEST: <unknown request> length:16
12-10 00:55:06.852 D/RILC    (  272): RequestComplete, RIL_SOCKET_1
12-10 00:55:06.852 E/RILC    (  272): Send Response to RIL_SOCKET_1
12-10 00:55:06.852 D/RilRequest( 3128): [0123]< SET_SUPP_SVC_NOTIFICATION error: com.android.internal.telephony.CommandException: REQUEST_NOT_SUPPORTED ret=
12-10 00:55:06.874 D/SIMRecords( 3128): [SIMRecords] EF_MBI: 010000000000000000000000
12-10 00:55:06.874 D/SIMRecords( 3128): [SIMRecords] Got valid mailbox number for MBDN
12-10 00:55:06.874 D/RILJ    ( 3128): [0124]> iccIO: SIM_IO 0xc0 0x6fc7  path: 3F007FFF,0,0,15 aid: xxx [SUB0]
12-10 00:55:06.876 D/SIMRecords( 3128): [SIMRecords] onRecordLoaded 7 requested: true
12-10 00:55:06.876 D/SIMRecords( 3128): [SIMRecords] EF_MWIS: 0000000000
12-10 00:55:06.876 D/SIMRecords( 3128): [SIMRecords] onRecordLoaded 6 requested: true
12-10 00:55:06.876 D/SIMRecords( 3128): [SIMRecords] EF_CFIS: 0100ffffffffffffffffffffffffffff
12-10 00:55:06.877 D/SIMRecords( 3128): [SIMRecords] EF_CFIS: callForwardingEnabled=falseEF_CFIS: videocallForwardingEnabled=false
12-10 00:55:06.877 D/SIMRecords( 3128): [SIMRecords] onRecordLoaded 5 requested: true
12-10 00:55:06.877 D/DCT     ( 3128): [0]handleMessage msg={ when=-484ms what=270355 target=com.android.internal.telephony.dataconnection.DcTracker }
12-10 00:55:06.877 D/DCT     ( 3128): [0]overall state is IDLE
12-10 00:55:06.877 D/GSMPhone( 3128): updateCurrentCarrierInProvider: mSubId = 1 currentDds = 1 operatorNumeric = 302720
12-10 00:55:06.878 D/RILC    (  272): SOCKET RIL_SOCKET_1 REQUEST: SIM_IO length:132
12-10 00:55:06.878 E/use-Rlog/RLOG-RIL-QMI(  377): qmuxd: RX 62 bytes on fd=20 from qmux_client_id=0x1
12-10 00:55:06.890 E/use-Rlog/RLOG-RIL-QMI(  377): qmuxd: TX message on fd=20, to qmux_client_id=0x1, len=127
12-10 00:55:06.890 D/RILC    (  272): RequestComplete, RIL_SOCKET_1
12-10 00:55:06.890 E/RILC    (  272): Send Response to RIL_SOCKET_1
12-10 00:55:06.891 D/RILJ    ( 3128): [0124]< SIM_IO IccIoResponse xx xx [SUB0]
12-10 00:55:06.931 D/DCT     ( 3128): [0]onApnChanged: createAllApnList and cleanUpAllConnections
12-10 00:55:06.931 D/DCT     ( 3128): [0]createAllApnList: selection=numeric = '302720'
12-10 00:55:06.969 D/DCT     ( 3128): [0]getPreferredApn: mRequestedApnType=default cursor=android.content.ContentResolver$CursorWrapperInner@122df08f cursor.count=1
12-10 00:55:06.972 D/DCT     ( 3128): [0]getPreferredApn: apnSetting=[ApnSettingV3] LTE Tethering, 404, 302720, ltedata.apn, , , , , , -1, dun, IP, IP, true, 0, 0, false, 1023, 0, 300, 0, , 
12-10 00:55:06.972 D/DCT     ( 3128): [0]getPreferredApn: apnSetting=[ApnSettingV3] Rogers LTE, 405, 302720, ltemobile.apn, , http://mms.gprs.rogers.com, 10.128.1.69, 80, , -1, default | mms | supl | hipri, IPV4V6, IPV4V6, true, 0, 0, false, 1023, 0, 300, 0, , 
12-10 00:55:06.972 D/DCT     ( 3128): [0]getPreferredApn: X found apnSetting[ApnSettingV3] Rogers LTE, 405, 302720, ltemobile.apn, , http://mms.gprs.rogers.com, 10.128.1.69, 80, , -1, default | mms | supl | hipri, IPV4V6, IPV4V6, true, 0, 0, false, 1023, 0, 300, 0, , 
12-10 00:55:06.973 D/DCT     ( 3128): [0]createAllApnList: mPreferredApn=[ApnSettingV3] Rogers LTE, 405, 302720, ltemobile.apn, , http://mms.gprs.rogers.com, 10.128.1.69, 80, , -1, default | mms | supl | hipri, IPV4V6, IPV4V6, true, 0, 0, false, 1023, 0, 300, 0, , 
12-10 00:55:06.973 D/DCT     ( 3128): [0]setDataProfilesAsNeeded
12-10 00:55:06.973 D/RILJ    ( 3128): [0125]> OEM_HOOK_RAW[09040004] [SUB0]
12-10 00:55:06.974 D/DCT     ( 3128): [0]refresh Attach APN
12-10 00:55:06.974 D/DCT     ( 3128): [0]setupDataOnConnectableApns: apnChanged
12-10 00:55:06.974 D/DCT     ( 3128): [0]setupDataOnConnectableApns: apnContext {mApnType=hipri mState=IDLE mWaitingApns={null} mWaitingApnsPermanentFailureCountDown=0 mApnSetting={null} mReason=radioTurnedOff mDataEnabled=false mDependencyMet=true}
12-10 00:55:06.974 D/DCT     ( 3128): [0]setupDataOnConnectableApns: apnContext {mApnType=mms mState=IDLE mWaitingApns={null} mWaitingApnsPermanentFailureCountDown=0 mApnSetting={null} mReason=radioTurnedOff mDataEnabled=false mDependencyMet=true}
12-10 00:55:06.974 D/DCT     ( 3128): [0]setupDataOnConnectableApns: apnContext {mApnType=supl mState=IDLE mWaitingApns={null} mWaitingApnsPermanentFailureCountDown=0 mApnSetting={null} mReason=radioTurnedOff mDataEnabled=false mDependencyMet=true}
12-10 00:55:06.974 D/DCT     ( 3128): [0]setupDataOnConnectableApns: apnContext {mApnType=dun mState=IDLE mWaitingApns={null} mWaitingApnsPermanentFailureCountDown=0 mApnSetting={null} mReason=radioTurnedOff mDataEnabled=false mDependencyMet=true}
12-10 00:55:06.974 D/DCT     ( 3128): [0]setupDataOnConnectableApns: apnContext {mApnType=fota mState=IDLE mWaitingApns={null} mWaitingApnsPermanentFailureCountDown=0 mApnSetting={null} mReason=radioTurnedOff mDataEnabled=false mDependencyMet=true}
12-10 00:55:06.974 D/DCT     ( 3128): [0]setupDataOnConnectableApns: apnContext {mApnType=ims mState=IDLE mWaitingApns={null} mWaitingApnsPermanentFailureCountDown=0 mApnSetting={null} mReason=radioTurnedOff mDataEnabled=false mDependencyMet=true}
12-10 00:55:06.974 D/DCT     ( 3128): [0]setupDataOnConnectableApns: apnContext {mApnType=cbs mState=IDLE mWaitingApns={null} mWaitingApnsPermanentFailureCountDown=0 mApnSetting={null} mReason=radioTurnedOff mDataEnabled=false mDependencyMet=true}
12-10 00:55:06.974 D/DCT     ( 3128): [0]setupDataOnConnectableApns: apnContext {mApnType=ent1 mState=IDLE mWaitingApns={null} mWaitingApnsPermanentFailureCountDown=0 mApnSetting={null} mReason=radioTurnedOff mDataEnabled=false mDependencyMet=true}
12-10 00:55:06.974 D/DCT     ( 3128): [0]setupDataOnConnectableApns: apnContext {mApnType=ent2 mState=IDLE mWaitingApns={null} mWaitingApnsPermanentFailureCountDown=0 mApnSetting={null} mReason=radioTurnedOff mDataEnabled=false mDependencyMet=true}
12-10 00:55:06.975 D/DCT     ( 3128): [0]setupDataOnConnectableApns: apnContext {mApnType=default mState=IDLE mWaitingApns={null} mWaitingApnsPermanentFailureCountDown=0 mApnSetting={null} mReason=dataDisabled mDataEnabled=false mDependencyMet=true}
12-10 00:55:06.975 D/RILJ    ( 3128): [0126]> iccIO: SIM_IO 0xb2 0x6f04  path: 3F007FFF,4,4,75 aid: xxx [SUB0]
12-10 00:55:06.975 D/RILC    (  272): SOCKET RIL_SOCKET_1 REQUEST: OEM_HOOK_RAW length:16
12-10 00:55:06.975 D/UiccCard( 3128): Error in SIM access with exceptioncom.android.internal.telephony.CommandException: GENERIC_FAILURE
12-10 00:55:06.975 D/RILC    (  272): RequestComplete, RIL_SOCKET_1
12-10 00:55:06.975 E/RILC    (  272): Send Response to RIL_SOCKET_1
12-10 00:55:06.976 D/RILJ    ( 3128): [0125]< OEM_HOOK_RAW [B@1a... [SUB0]
12-10 00:55:06.976 D/RILC    (  272): SOCKET RIL_SOCKET_1 REQUEST: SIM_IO length:132
12-10 00:55:06.977 E/use-Rlog/RLOG-RIL-QMI(  377): qmuxd: RX 85 bytes on fd=20 from qmux_client_id=0x1
12-10 00:55:06.979 D/RILJ    ( 3128): [0127]> iccIO: SIM_IO 0xb2 0x6fc6  path: 3F007FFF,5,4,8 aid: xxx [SUB0]
12-10 00:55:06.980 D/RILJ    ( 3128): [0128]> iccIO: SIM_IO 0xb2 0x6fb7  path: 3F007FFF,4,4,4 aid: xxx [SUB0]
12-10 00:55:06.982 D/RILC    (  272): SOCKET RIL_SOCKET_1 REQUEST: SIM_IO length:132
12-10 00:55:06.982 E/use-Rlog/RLOG-RIL-QMI(  377): qmuxd: RX 69 bytes on fd=20 from qmux_client_id=0x1
12-10 00:55:06.985 D/RILJ    ( 3128): [0129]> iccIO: SIM_IO 0xb2 0x6fc5  path: 3F007FFF,5,4,20 aid: xxx [SUB0]
12-10 00:55:06.986 D/RILC    (  272): SOCKET RIL_SOCKET_1 REQUEST: SIM_IO length:132
12-10 00:55:06.986 E/use-Rlog/RLOG-RIL-QMI(  377): qmuxd: RX 69 bytes on fd=20 from qmux_client_id=0x1
12-10 00:55:06.991 D/RILC    (  272): SOCKET RIL_SOCKET_1 REQUEST: SIM_IO length:132
12-10 00:55:06.991 E/use-Rlog/RLOG-RIL-QMI(  377): qmuxd: RX 69 bytes on fd=20 from qmux_client_id=0x1
12-10 00:55:06.998 E/use-Rlog/RLOG-RIL-QMI(  377): qmuxd: TX message on fd=20, to qmux_client_id=0x1, len=139
12-10 00:55:06.998 D/RILC    (  272): RequestComplete, RIL_SOCKET_1
12-10 00:55:06.998 E/RILC    (  272): Send Response to RIL_SOCKET_1
12-10 00:55:06.999 D/RILJ    ( 3128): [0126]< SIM_IO IccIoResponse xx xx [SUB0]
12-10 00:55:07.006 E/use-Rlog/RLOG-RIL-QMI(  377): qmuxd: TX message on fd=20, to qmux_client_id=0x1, len=72
12-10 00:55:07.006 D/RILC    (  272): RequestComplete, RIL_SOCKET_1
12-10 00:55:07.006 E/RILC    (  272): Send Response to RIL_SOCKET_1
12-10 00:55:07.007 D/RILJ    ( 3128): [0127]< SIM_IO IccIoResponse xx xx [SUB0]
12-10 00:55:07.014 E/use-Rlog/RLOG-RIL-QMI(  377): qmuxd: TX message on fd=20, to qmux_client_id=0x1, len=68
12-10 00:55:07.014 D/RILC    (  272): RequestComplete, RIL_SOCKET_1
12-10 00:55:07.014 E/RILC    (  272): Send Response to RIL_SOCKET_1
12-10 00:55:07.015 D/RILJ    ( 3128): [0128]< SIM_IO IccIoResponse xx xx [SUB0]
12-10 00:55:07.022 E/use-Rlog/RLOG-RIL-QMI(  377): qmuxd: TX message on fd=20, to qmux_client_id=0x1, len=84
12-10 00:55:07.022 D/RILC    (  272): RequestComplete, RIL_SOCKET_1
12-10 00:55:07.022 E/RILC    (  272): Send Response to RIL_SOCKET_1
12-10 00:55:07.023 D/RILJ    ( 3128): [0129]< SIM_IO IccIoResponse xx xx [SUB0]
12-10 00:55:07.025 D/TelephonyManager( 1888): getSimOperator(): default subId=1
12-10 00:55:07.046 D/TelephonyManager( 1888): getSimOperator: subId=1 operator=
12-10 00:55:07.187 D/SIMRecords( 3128): [SIMRecords] MSISDN: xxxxxxx
12-10 00:55:07.187 D/SIMRecords( 3128): [SIMRecords] onRecordLoaded 4 requested: true
12-10 00:55:07.188 D/IccCardProxy( 3128): IccCardProxy handleMessage : 500
12-10 00:55:07.190 D/IccCardProxy( 3128): IccCardProxy handleMessage : 500
12-10 00:55:07.190 D/SIMRecords( 3128): [SIMRecords] VM: ADN Record 'Voicemail' '+17782881453 null' EF[MBDN]
12-10 00:55:07.190 D/SIMRecords( 3128): [SIMRecords] onRecordLoaded 3 requested: true
12-10 00:55:07.190 D/RILJ    ( 3128): [0130]> iccIO: SIM_IO 0xb2 0x6fc7  path: 3F007FFF,1,4,24 aid: xxx [SUB0]
12-10 00:55:07.193 D/RILC    (  272): SOCKET RIL_SOCKET_1 REQUEST: SIM_IO length:132
12-10 00:55:07.193 E/use-Rlog/RLOG-RIL-QMI(  377): qmuxd: RX 69 bytes on fd=20 from qmux_client_id=0x1
12-10 00:55:07.197 D/RILJ    ( 3128): [0131]> iccIO: SIM_IO 0xb2 0x6f04  path: 3F007FFF,5,4,75 aid: xxx [SUB0]
12-10 00:55:07.198 D/RILC    (  272): SOCKET RIL_SOCKET_1 REQUEST: SIM_IO length:132
12-10 00:55:07.198 D/RILJ    ( 3128): [0132]> iccIO: SIM_IO 0xb2 0x6fc6  path: 3F007FFF,6,4,8 aid: xxx [SUB0]
12-10 00:55:07.198 E/use-Rlog/RLOG-RIL-QMI(  377): qmuxd: RX 85 bytes on fd=20 from qmux_client_id=0x1
12-10 00:55:07.199 D/RILC    (  272): SOCKET RIL_SOCKET_1 REQUEST: SIM_IO length:132
12-10 00:55:07.199 E/use-Rlog/RLOG-RIL-QMI(  377): qmuxd: RX 69 bytes on fd=20 from qmux_client_id=0x1
12-10 00:55:07.203 D/RILJ    ( 3128): [0133]> iccIO: SIM_IO 0xb2 0x6fb7  path: 3F007FFF,5,4,4 aid: xxx [SUB0]
12-10 00:55:07.206 D/RILC    (  272): SOCKET RIL_SOCKET_1 REQUEST: SIM_IO length:132
12-10 00:55:07.207 E/use-Rlog/RLOG-RIL-QMI(  377): qmuxd: RX 69 bytes on fd=20 from qmux_client_id=0x1
12-10 00:55:07.207 D/RILJ    ( 3128): [0134]> iccIO: SIM_IO 0xb2 0x6fc5  path: 3F007FFF,6,4,20 aid: xxx [SUB0]
12-10 00:55:07.208 D/RILC    (  272): SOCKET RIL_SOCKET_1 REQUEST: SIM_IO length:132
12-10 00:55:07.208 E/use-Rlog/RLOG-RIL-QMI(  377): qmuxd: RX 69 bytes on fd=20 from qmux_client_id=0x1
12-10 00:55:07.210 E/use-Rlog/RLOG-RIL-QMI(  377): qmuxd: TX message on fd=20, to qmux_client_id=0x1, len=88
12-10 00:55:07.210 D/RILC    (  272): RequestComplete, RIL_SOCKET_1
12-10 00:55:07.210 E/RILC    (  272): Send Response to RIL_SOCKET_1
12-10 00:55:07.211 D/RILJ    ( 3128): [0130]< SIM_IO IccIoResponse xx xx [SUB0]
12-10 00:55:07.222 E/use-Rlog/RLOG-RIL-QMI(  377): qmuxd: TX message on fd=20, to qmux_client_id=0x1, len=139
12-10 00:55:07.222 D/RILC    (  272): RequestComplete, RIL_SOCKET_1
12-10 00:55:07.222 E/RILC    (  272): Send Response to RIL_SOCKET_1
12-10 00:55:07.223 D/RILJ    ( 3128): [0131]< SIM_IO IccIoResponse xx xx [SUB0]
12-10 00:55:07.230 E/use-Rlog/RLOG-RIL-QMI(  377): qmuxd: TX message on fd=20, to qmux_client_id=0x1, len=72
12-10 00:55:07.230 D/RILC    (  272): RequestComplete, RIL_SOCKET_1
12-10 00:55:07.230 E/RILC    (  272): Send Response to RIL_SOCKET_1
12-10 00:55:07.231 D/RILJ    ( 3128): [0132]< SIM_IO IccIoResponse xx xx [SUB0]
12-10 00:55:07.238 E/use-Rlog/RLOG-RIL-QMI(  377): qmuxd: TX message on fd=20, to qmux_client_id=0x1, len=68
12-10 00:55:07.238 D/RILC    (  272): RequestComplete, RIL_SOCKET_1
12-10 00:55:07.238 E/RILC    (  272): Send Response to RIL_SOCKET_1
12-10 00:55:07.239 D/RILJ    ( 3128): [0133]< SIM_IO IccIoResponse xx xx [SUB0]
12-10 00:55:07.245 D/RILJ    ( 3128): [0135]> iccIO: SIM_IO 0xb2 0x6f04  path: 3F007FFF,6,4,75 aid: xxx [SUB0]
12-10 00:55:07.246 D/RILC    (  272): SOCKET RIL_SOCKET_1 REQUEST: SIM_IO length:132
12-10 00:55:07.246 E/use-Rlog/RLOG-RIL-QMI(  377): qmuxd: TX message on fd=20, to qmux_client_id=0x1, len=84
12-10 00:55:07.246 E/use-Rlog/RLOG-RIL-QMI(  377): qmuxd: RX 85 bytes on fd=20 from qmux_client_id=0x1
12-10 00:55:07.247 D/RILC    (  272): RequestComplete, RIL_SOCKET_1
12-10 00:55:07.247 E/RILC    (  272): Send Response to RIL_SOCKET_1
12-10 00:55:07.247 D/RILJ    ( 3128): [0134]< SIM_IO IccIoResponse xx xx [SUB0]
12-10 00:55:07.249 D/RILJ    ( 3128): [0136]> iccIO: SIM_IO 0xb2 0x6fc6  path: 3F007FFF,7,4,8 aid: xxx [SUB0]
12-10 00:55:07.255 D/RILC    (  272): SOCKET RIL_SOCKET_1 REQUEST: SIM_IO length:132
12-10 00:55:07.255 D/RILJ    ( 3128): [0137]> iccIO: SIM_IO 0xb2 0x6fc5  path: 3F007FFF,7,4,20 aid: xxx [SUB0]
12-10 00:55:07.255 E/use-Rlog/RLOG-RIL-QMI(  377): qmuxd: RX 69 bytes on fd=20 from qmux_client_id=0x1
12-10 00:55:07.256 D/IccCardProxy( 3128): IccCardProxy handleMessage : 200
12-10 00:55:07.256 D/RILC    (  272): SOCKET RIL_SOCKET_1 REQUEST: SIM_IO length:132
12-10 00:55:07.256 E/use-Rlog/RLOG-RIL-QMI(  377): qmuxd: RX 69 bytes on fd=20 from qmux_client_id=0x1
12-10 00:55:07.257 D/IccCardProxy( 3128): read3GEccList: 911/255,112/255
12-10 00:55:07.258 D/GSMPhone( 3128): setEmergencyNumbers: mPrevSs=[0 0 home  LTE LTE CSS not supported -1 -1 RoamInd=-1 DefRoamInd=-1 EmergOnly=false], ss=[0 0 home  LTE LTE CSS not supported -1 -1 RoamInd=-1 DefRoamInd=-1 EmergOnly=false]
12-10 00:55:07.258 D/GSMPhone( 3128): setEmergencyNumbers: customerSpec=null
12-10 00:55:07.258 D/GSMPhone( 3128): setEmergencyNumbers: simstateProperty=READY
12-10 00:55:07.258 D/GSMPhone( 3128): setEmergencyNumbers: withSIM=true
12-10 00:55:07.258 D/GSMPhone( 3128): setEmergencyNumbers: ECC from SIM=911/255,112/255
12-10 00:55:07.258 D/GSMPhone( 3128): setEmergencyNumbers: ECC for operator=112,911
12-10 00:55:07.258 D/GSMPhone( 3128): setEmergencyNumbers: emergencyNumbers=911/255,112/255,112,911
12-10 00:55:07.263 D/GSMPhone( 3128): setEmergencyNumbers: ril.ecclist00 - 911/255,112/255,112,911
12-10 00:55:07.263 D/SIMRecords( 3128): [SIMRecords] VM: ADN Record 'Voicemail' '+17782881453 null' EF[MBDN]
12-10 00:55:07.263 D/SIMRecords( 3128): [SIMRecords] onRecordLoaded 2 requested: true
12-10 00:55:07.266 E/use-Rlog/RLOG-RIL-QMI(  377): qmuxd: TX message on fd=20, to qmux_client_id=0x1, len=139
12-10 00:55:07.266 D/RILC    (  272): RequestComplete, RIL_SOCKET_1
12-10 00:55:07.266 E/RILC    (  272): Send Response to RIL_SOCKET_1
12-10 00:55:07.267 D/RILJ    ( 3128): [0135]< SIM_IO IccIoResponse xx xx [SUB0]
12-10 00:55:07.267 D/RILJ    ( 3128): [0138]> iccIO: SIM_IO 0xb2 0x6f04  path: 3F007FFF,7,4,75 aid: xxx [SUB0]
12-10 00:55:07.268 D/RILC    (  272): SOCKET RIL_SOCKET_1 REQUEST: SIM_IO length:132
12-10 00:55:07.268 E/use-Rlog/RLOG-RIL-QMI(  377): qmuxd: RX 85 bytes on fd=20 from qmux_client_id=0x1
12-10 00:55:07.274 E/use-Rlog/RLOG-RIL-QMI(  377): qmuxd: TX message on fd=20, to qmux_client_id=0x1, len=72
12-10 00:55:07.274 D/RILC    (  272): RequestComplete, RIL_SOCKET_1
12-10 00:55:07.274 E/RILC    (  272): Send Response to RIL_SOCKET_1
12-10 00:55:07.275 D/RILJ    ( 3128): [0136]< SIM_IO IccIoResponse xx xx [SUB0]
12-10 00:55:07.276 D/RILJ    ( 3128): [0139]> iccIO: SIM_IO 0xb2 0x6fc6  path: 3F007FFF,8,4,8 aid: xxx [SUB0]
12-10 00:55:07.277 D/RILC    (  272): SOCKET RIL_SOCKET_1 REQUEST: SIM_IO length:132
12-10 00:55:07.278 E/use-Rlog/RLOG-RIL-QMI(  377): qmuxd: RX 69 bytes on fd=20 from qmux_client_id=0x1
12-10 00:55:07.282 E/use-Rlog/RLOG-RIL-QMI(  377): qmuxd: TX message on fd=20, to qmux_client_id=0x1, len=84
12-10 00:55:07.282 D/RILC    (  272): RequestComplete, RIL_SOCKET_1
12-10 00:55:07.282 E/RILC    (  272): Send Response to RIL_SOCKET_1
12-10 00:55:07.283 D/RILJ    ( 3128): [0137]< SIM_IO IccIoResponse xx xx [SUB0]
12-10 00:55:07.283 D/RILJ    ( 3128): [0140]> iccIO: SIM_IO 0xb2 0x6fc5  path: 3F007FFF,8,4,20 aid: xxx [SUB0]
12-10 00:55:07.284 D/RILC    (  272): SOCKET RIL_SOCKET_1 REQUEST: SIM_IO length:132
12-10 00:55:07.285 E/use-Rlog/RLOG-RIL-QMI(  377): qmuxd: RX 69 bytes on fd=20 from qmux_client_id=0x1
12-10 00:55:07.290 E/use-Rlog/RLOG-RIL-QMI(  377): qmuxd: TX message on fd=20, to qmux_client_id=0x1, len=139
12-10 00:55:07.290 D/RILC    (  272): RequestComplete, RIL_SOCKET_1
12-10 00:55:07.290 E/RILC    (  272): Send Response to RIL_SOCKET_1
12-10 00:55:07.291 D/RILJ    ( 3128): [0138]< SIM_IO IccIoResponse xx xx [SUB0]
12-10 00:55:07.291 D/RILJ    ( 3128): [0141]> iccIO: SIM_IO 0xb2 0x6f04  path: 3F007FFF,8,4,75 aid: xxx [SUB0]
12-10 00:55:07.292 D/RILC    (  272): SOCKET RIL_SOCKET_1 REQUEST: SIM_IO length:132
12-10 00:55:07.292 E/use-Rlog/RLOG-RIL-QMI(  377): qmuxd: RX 85 bytes on fd=20 from qmux_client_id=0x1
12-10 00:55:07.298 E/use-Rlog/RLOG-RIL-QMI(  377): qmuxd: TX message on fd=20, to qmux_client_id=0x1, len=72
12-10 00:55:07.298 D/RILC    (  272): RequestComplete, RIL_SOCKET_1
12-10 00:55:07.298 E/RILC    (  272): Send Response to RIL_SOCKET_1
12-10 00:55:07.304 D/RILJ    ( 3128): [0139]< SIM_IO IccIoResponse xx xx [SUB0]
12-10 00:55:07.304 D/RILJ    ( 3128): [0142]> iccIO: SIM_IO 0xb2 0x6fc6  path: 3F007FFF,9,4,8 aid: xxx [SUB0]
12-10 00:55:07.305 D/RILC    (  272): SOCKET RIL_SOCKET_1 REQUEST: SIM_IO length:132
12-10 00:55:07.305 E/use-Rlog/RLOG-RIL-QMI(  377): qmuxd: RX 69 bytes on fd=20 from qmux_client_id=0x1
12-10 00:55:07.306 E/use-Rlog/RLOG-RIL-QMI(  377): qmuxd: TX message on fd=20, to qmux_client_id=0x1, len=84
12-10 00:55:07.306 D/RILC    (  272): RequestComplete, RIL_SOCKET_1
12-10 00:55:07.306 E/RILC    (  272): Send Response to RIL_SOCKET_1
12-10 00:55:07.307 D/RILJ    ( 3128): [0140]< SIM_IO IccIoResponse xx xx [SUB0]
12-10 00:55:07.307 I/SIMRecords( 3128): [SIMRecords] [handlePnns] Load PNN Value[0] = ROGERS
12-10 00:55:07.307 I/SIMRecords( 3128): [SIMRecords] [handlePnns] Load PNN Value[1] = Rogers-EXT
12-10 00:55:07.307 I/SIMRecords( 3128): [SIMRecords] [handlePnns] Load PNN Value[2] = null
12-10 00:55:07.307 I/SIMRecords( 3128): [SIMRecords] [handlePnns] Load PNN Value[3] = null
12-10 00:55:07.307 I/SIMRecords( 3128): [SIMRecords] [handlePnns] Load PNN Value[4] = null
12-10 00:55:07.307 I/SIMRecords( 3128): [SIMRecords] [handlePnns] Load PNN Value[5] = null
12-10 00:55:07.307 I/SIMRecords( 3128): [SIMRecords] [handlePnns] Load PNN Value[6] = null
12-10 00:55:07.307 I/SIMRecords( 3128): [SIMRecords] [handlePnns] Load PNN Value[7] = null
12-10 00:55:07.307 D/SIMRecords( 3128): [SIMRecords] onRecordLoaded 1 requested: true
12-10 00:55:07.314 E/use-Rlog/RLOG-RIL-QMI(  377): qmuxd: TX message on fd=20, to qmux_client_id=0x1, len=139
12-10 00:55:07.315 D/RILC    (  272): RequestComplete, RIL_SOCKET_1
12-10 00:55:07.315 E/RILC    (  272): Send Response to RIL_SOCKET_1
12-10 00:55:07.315 D/RILJ    ( 3128): [0141]< SIM_IO IccIoResponse xx xx [SUB0]
12-10 00:55:07.315 D/RILJ    ( 3128): [0143]> iccIO: SIM_IO 0xb2 0x6f04  path: 3F007FFF,9,4,75 aid: xxx [SUB0]
12-10 00:55:07.319 D/RILC    (  272): SOCKET RIL_SOCKET_1 REQUEST: SIM_IO length:132
12-10 00:55:07.320 E/use-Rlog/RLOG-RIL-QMI(  377): qmuxd: RX 85 bytes on fd=20 from qmux_client_id=0x1
12-10 00:55:07.322 E/use-Rlog/RLOG-RIL-QMI(  377): qmuxd: TX message on fd=20, to qmux_client_id=0x1, len=72
12-10 00:55:07.322 D/RILC    (  272): RequestComplete, RIL_SOCKET_1
12-10 00:55:07.322 E/RILC    (  272): Send Response to RIL_SOCKET_1
12-10 00:55:07.323 D/RILJ    ( 3128): [0142]< SIM_IO IccIoResponse xx xx [SUB0]
12-10 00:55:07.323 D/RILJ    ( 3128): [0144]> iccIO: SIM_IO 0xb2 0x6fc6  path: 3F007FFF,10,4,8 aid: xxx [SUB0]
12-10 00:55:07.324 D/RILC    (  272): SOCKET RIL_SOCKET_1 REQUEST: SIM_IO length:132
12-10 00:55:07.325 E/use-Rlog/RLOG-RIL-QMI(  377): qmuxd: RX 69 bytes on fd=20 from qmux_client_id=0x1
12-10 00:55:07.338 E/use-Rlog/RLOG-RIL-QMI(  377): qmuxd: TX message on fd=20, to qmux_client_id=0x1, len=139
12-10 00:55:07.338 D/RILC    (  272): RequestComplete, RIL_SOCKET_1
12-10 00:55:07.338 E/RILC    (  272): Send Response to RIL_SOCKET_1
12-10 00:55:07.339 D/RILJ    ( 3128): [0143]< SIM_IO IccIoResponse xx xx [SUB0]
12-10 00:55:07.339 D/RILJ    ( 3128): [0145]> iccIO: SIM_IO 0xb2 0x6f04  path: 3F007FFF,10,4,75 aid: xxx [SUB0]
12-10 00:55:07.340 D/RILC    (  272): SOCKET RIL_SOCKET_1 REQUEST: SIM_IO length:132
12-10 00:55:07.341 E/use-Rlog/RLOG-RIL-QMI(  377): qmuxd: RX 85 bytes on fd=20 from qmux_client_id=0x1
12-10 00:55:07.346 E/use-Rlog/RLOG-RIL-QMI(  377): qmuxd: TX message on fd=20, to qmux_client_id=0x1, len=72
12-10 00:55:07.346 D/RILC    (  272): RequestComplete, RIL_SOCKET_1
12-10 00:55:07.347 E/RILC    (  272): Send Response to RIL_SOCKET_1
12-10 00:55:07.348 D/RILJ    ( 3128): [0144]< SIM_IO IccIoResponse xx xx [SUB0]
12-10 00:55:07.348 D/RILJ    ( 3128): [0146]> iccIO: SIM_IO 0xb2 0x6fc6  path: 3F007FFF,11,4,8 aid: xxx [SUB0]
12-10 00:55:07.351 D/RILC    (  272): SOCKET RIL_SOCKET_1 REQUEST: SIM_IO length:132
12-10 00:55:07.351 E/use-Rlog/RLOG-RIL-QMI(  377): qmuxd: RX 69 bytes on fd=20 from qmux_client_id=0x1
12-10 00:55:07.362 E/use-Rlog/RLOG-RIL-QMI(  377): qmuxd: TX message on fd=20, to qmux_client_id=0x1, len=139
12-10 00:55:07.362 E/RILD    (  272): ims modem is null
12-10 00:55:07.362 D/RILC    (  272): RequestComplete, RIL_SOCKET_1
12-10 00:55:07.362 E/RILC    (  272): Send Response to RIL_SOCKET_1
12-10 00:55:07.363 D/RILJ    ( 3128): [0145]< SIM_IO IccIoResponse xx xx [SUB0]
12-10 00:55:07.363 E/IsimUiccRecords( 3128): [ISIM] IsimUiccRecords: handleMessage { when=0 what=100 obj=android.os.AsyncResult@3e7c725 target=com.android.internal.telephony.uicc.IsimUiccRecords }[100] 
12-10 00:55:07.363 D/IsimUiccRecords( 3128): [ISIM] EF_ISIM_IMPU LOADED
12-10 00:55:07.363 D/IsimUiccRecords( 3128): [ISIM] EF_IMPU record count: 10
12-10 00:55:07.363 D/IsimUiccRecords( 3128): [ISIM] EF_IMPU[0]=**
12-10 00:55:07.363 D/IsimUiccRecords( 3128): [ISIM] EF_IMPU[1]=**
12-10 00:55:07.363 D/IsimUiccRecords( 3128): [ISIM] EF_IMPU[2]=**
12-10 00:55:07.363 D/IsimUiccRecords( 3128): [ISIM] EF_IMPU[3]=**
12-10 00:55:07.364 D/IsimUiccRecords( 3128): [ISIM] EF_IMPU[4]=**
12-10 00:55:07.364 D/IsimUiccRecords( 3128): [ISIM] EF_IMPU[5]=**
12-10 00:55:07.364 D/IsimUiccRecords( 3128): [ISIM] EF_IMPU[6]=**
12-10 00:55:07.364 D/IsimUiccRecords( 3128): [ISIM] EF_IMPU[7]=**
12-10 00:55:07.364 D/IsimUiccRecords( 3128): [ISIM] EF_IMPU[8]=**
12-10 00:55:07.364 D/IsimUiccRecords( 3128): [ISIM] EF_IMPU[9]=**
12-10 00:55:07.364 D/IsimUiccRecords( 3128): [ISIM] onRecordLoaded 0 requested: true
12-10 00:55:07.364 D/IsimUiccRecords( 3128): [ISIM] record load complete
12-10 00:55:07.364 D/IsimUiccRecords( 3128): [ISIM] Broadcasting intent ACTION_ISIM_LOADED 
12-10 00:55:07.370 E/use-Rlog/RLOG-RIL-QMI(  377): qmuxd: TX message on fd=20, to qmux_client_id=0x1, len=72
12-10 00:55:07.370 D/RILC    (  272): RequestComplete, RIL_SOCKET_1
12-10 00:55:07.370 E/RILC    (  272): Send Response to RIL_SOCKET_1
12-10 00:55:07.371 D/RILJ    ( 3128): [0146]< SIM_IO IccIoResponse xx xx [SUB0]
12-10 00:55:07.468 D/RILJ    ( 3128): [0147]> iccIO: SIM_IO 0xb2 0x6fc6  path: 3F007FFF,12,4,8 aid: xxx [SUB0]
12-10 00:55:07.519 D/RILC    (  272): SOCKET RIL_SOCKET_1 REQUEST: SIM_IO length:132
12-10 00:55:07.520 E/use-Rlog/RLOG-RIL-QMI(  377): qmuxd: RX 69 bytes on fd=20 from qmux_client_id=0x1
12-10 00:55:07.530 E/use-Rlog/RLOG-RIL-QMI(  377): qmuxd: TX message on fd=20, to qmux_client_id=0x1, len=72
12-10 00:55:07.530 D/RILC    (  272): RequestComplete, RIL_SOCKET_1
12-10 00:55:07.531 E/RILC    (  272): Send Response to RIL_SOCKET_1
12-10 00:55:07.531 D/RILJ    ( 3128): [0147]< SIM_IO IccIoResponse xx xx [SUB0]
12-10 00:55:07.531 D/RILJ    ( 3128): [0148]> iccIO: SIM_IO 0xb2 0x6fc6  path: 3F007FFF,13,4,8 aid: xxx [SUB0]
12-10 00:55:07.535 D/RILC    (  272): SOCKET RIL_SOCKET_1 REQUEST: SIM_IO length:132
12-10 00:55:07.536 E/use-Rlog/RLOG-RIL-QMI(  377): qmuxd: RX 69 bytes on fd=20 from qmux_client_id=0x1
12-10 00:55:07.546 E/use-Rlog/RLOG-RIL-QMI(  377): qmuxd: TX message on fd=20, to qmux_client_id=0x1, len=72
12-10 00:55:07.547 D/RILC    (  272): RequestComplete, RIL_SOCKET_1
12-10 00:55:07.547 E/RILC    (  272): Send Response to RIL_SOCKET_1
12-10 00:55:07.547 D/RILJ    ( 3128): [0148]< SIM_IO IccIoResponse xx xx [SUB0]
12-10 00:55:07.547 D/RILJ    ( 3128): [0149]> iccIO: SIM_IO 0xb2 0x6fc6  path: 3F007FFF,14,4,8 aid: xxx [SUB0]
12-10 00:55:07.617 D/RILC    (  272): SOCKET RIL_SOCKET_1 REQUEST: SIM_IO length:132
12-10 00:55:07.618 E/use-Rlog/RLOG-RIL-QMI(  377): qmuxd: RX 69 bytes on fd=20 from qmux_client_id=0x1
12-10 00:55:07.631 E/use-Rlog/RLOG-RIL-QMI(  377): qmuxd: TX message on fd=20, to qmux_client_id=0x1, len=72
12-10 00:55:07.631 D/RILC    (  272): RequestComplete, RIL_SOCKET_1
12-10 00:55:07.631 E/RILC    (  272): Send Response to RIL_SOCKET_1
12-10 00:55:07.632 D/RILJ    ( 3128): [0149]< SIM_IO IccIoResponse xx xx [SUB0]
12-10 00:55:07.633 D/RILJ    ( 3128): [0150]> iccIO: SIM_IO 0xb2 0x6fc6  path: 3F007FFF,15,4,8 aid: xxx [SUB0]
12-10 00:55:07.668 D/RILC    (  272): SOCKET RIL_SOCKET_1 REQUEST: SIM_IO length:132
12-10 00:55:07.669 E/use-Rlog/RLOG-RIL-QMI(  377): qmuxd: RX 69 bytes on fd=20 from qmux_client_id=0x1
12-10 00:55:07.682 E/use-Rlog/RLOG-RIL-QMI(  377): qmuxd: TX message on fd=20, to qmux_client_id=0x1, len=72
12-10 00:55:07.683 D/RILC    (  272): RequestComplete, RIL_SOCKET_1
12-10 00:55:07.683 E/RILC    (  272): Send Response to RIL_SOCKET_1
12-10 00:55:07.685 D/RILJ    ( 3128): [0150]< SIM_IO IccIoResponse xx xx [SUB0]
12-10 00:55:07.686 D/RILJ    ( 3128): [0151]> iccIO: SIM_IO 0xb2 0x6fc6  path: 3F007FFF,16,4,8 aid: xxx [SUB0]
12-10 00:55:07.693 D/RILC    (  272): SOCKET RIL_SOCKET_1 REQUEST: SIM_IO length:132
12-10 00:55:07.694 E/use-Rlog/RLOG-RIL-QMI(  377): qmuxd: RX 69 bytes on fd=20 from qmux_client_id=0x1
12-10 00:55:07.707 E/use-Rlog/RLOG-RIL-QMI(  377): qmuxd: TX message on fd=20, to qmux_client_id=0x1, len=72
12-10 00:55:07.708 D/RILC    (  272): RequestComplete, RIL_SOCKET_1
12-10 00:55:07.708 E/RILC    (  272): Send Response to RIL_SOCKET_1
12-10 00:55:07.708 D/RILJ    ( 3128): [0151]< SIM_IO IccIoResponse xx xx [SUB0]
12-10 00:55:07.709 D/RILJ    ( 3128): [0152]> iccIO: SIM_IO 0xb2 0x6fc6  path: 3F007FFF,17,4,8 aid: xxx [SUB0]
12-10 00:55:07.725 D/RILC    (  272): SOCKET RIL_SOCKET_1 REQUEST: SIM_IO length:132
12-10 00:55:07.725 E/use-Rlog/RLOG-RIL-QMI(  377): qmuxd: RX 69 bytes on fd=20 from qmux_client_id=0x1
12-10 00:55:07.738 E/use-Rlog/RLOG-RIL-QMI(  377): qmuxd: TX message on fd=20, to qmux_client_id=0x1, len=72
12-10 00:55:07.739 D/RILC    (  272): RequestComplete, RIL_SOCKET_1
12-10 00:55:07.739 E/RILC    (  272): Send Response to RIL_SOCKET_1
12-10 00:55:07.739 D/RILJ    ( 3128): [0152]< SIM_IO IccIoResponse xx xx [SUB0]
12-10 00:55:07.740 D/RILJ    ( 3128): [0153]> iccIO: SIM_IO 0xb2 0x6fc6  path: 3F007FFF,18,4,8 aid: xxx [SUB0]
12-10 00:55:07.784 D/RILC    (  272): SOCKET RIL_SOCKET_1 REQUEST: SIM_IO length:132
12-10 00:55:07.784 E/use-Rlog/RLOG-RIL-QMI(  377): qmuxd: RX 69 bytes on fd=20 from qmux_client_id=0x1
12-10 00:55:07.794 E/use-Rlog/RLOG-RIL-QMI(  377): qmuxd: TX message on fd=20, to qmux_client_id=0x1, len=72
12-10 00:55:07.795 D/RILC    (  272): RequestComplete, RIL_SOCKET_1
12-10 00:55:07.795 E/RILC    (  272): Send Response to RIL_SOCKET_1
12-10 00:55:07.795 D/RILJ    ( 3128): [0153]< SIM_IO IccIoResponse xx xx [SUB0]
12-10 00:55:07.796 D/RILJ    ( 3128): [0154]> iccIO: SIM_IO 0xb2 0x6fc6  path: 3F007FFF,19,4,8 aid: xxx [SUB0]
12-10 00:55:07.933 D/RILC    (  272): SOCKET RIL_SOCKET_1 REQUEST: SIM_IO length:132
12-10 00:55:07.934 E/use-Rlog/RLOG-RIL-QMI(  377): qmuxd: RX 69 bytes on fd=20 from qmux_client_id=0x1
12-10 00:55:07.946 E/use-Rlog/RLOG-RIL-QMI(  377): qmuxd: TX message on fd=20, to qmux_client_id=0x1, len=72
12-10 00:55:07.947 D/RILC    (  272): RequestComplete, RIL_SOCKET_1
12-10 00:55:07.947 E/RILC    (  272): Send Response to RIL_SOCKET_1
