12-10 00:55:22.664 W/SignalStrength( 3128): Signal before validate=SignalStrength: 99 3145827 -1 -1 -1 -1 -1 21 98 10 18 -1 2147483647 0x0 gsm|lte
12-10 00:55:22.664 W/SignalStrength( 3128): Signal after validate=SignalStrength: 99 99 -120 -160 -120 -1 -1 21 -98 -10 18 -1 2147483647 0x3000 gsm|lte
12-10 00:55:22.664 D/DefaultPhoneNotifier( 3128): notifySignalStrength: mRegistry=com.android.internal.telephony.ITelephonyRegistry$Stub$Proxy@280c75ad ss=SignalStrength: 99 99 -120 -160 -120 -1 -1 21 -98 -10 18 -1 2147483647 0x3000 gsm|lte sender=Handler (com.android.internal.telephony.gsm.GSMPhone) {2df77a2c}
12-10 00:55:22.672 E/use-Rlog/RLOG-RIL-QMI(  377): qmuxd: TX message on fd=20, to qmux_client_id=0x1, len=68
12-10 00:55:22.672 I/RILC    (  272): RIL_SOCKET_1 UNSOLICITED: UNSOL_SIGNAL_STRENGTH length:60
12-10 00:55:22.672 E/RILC    (  272): Send Response to RIL_SOCKET_1
12-10 00:55:22.705 W/SignalStrength( 3128): Signal before validate=SignalStrength: 99 3145827 -1 -1 -1 -1 -1 21 98 10 18 -1 2147483647 0x0 gsm|lte
12-10 00:55:22.705 W/SignalStrength( 3128): Signal after validate=SignalStrength: 99 99 -120 -160 -120 -1 -1 21 -98 -10 18 -1 2147483647 0x3000 gsm|lte
12-10 00:55:22.705 D/DefaultPhoneNotifier( 3128): notifySignalStrength: mRegistry=com.android.internal.telephony.ITelephonyRegistry$Stub$Proxy@280c75ad ss=SignalStrength: 99 99 -120 -160 -120 -1 -1 21 -98 -10 18 -1 2147483647 0x3000 gsm|lte sender=Handler (com.android.internal.telephony.gsm.GSMPhone) {2df77a2c}
12-10 00:55:23.296 E/use-Rlog/RLOG-RIL-QMI(  377): qmuxd: TX message on fd=20, to qmux_client_id=0x1, len=56
12-10 00:55:23.298 E/use-Rlog/RLOG-RIL-QMI(  377): qmuxd: RX 47 bytes on fd=20 from qmux_client_id=0x1
12-10 00:55:23.307 E/use-Rlog/RLOG-RIL-QMI(  377): qmuxd: TX message on fd=20, to qmux_client_id=0x1, len=68
12-10 00:55:23.309 I/RILC    (  272): RIL_SOCKET_1 UNSOLICITED: UNSOL_SIGNAL_STRENGTH length:60
12-10 00:55:23.309 E/RILC    (  272): Send Response to RIL_SOCKET_1
12-10 00:55:23.318 W/SignalStrength( 3128): Signal before validate=SignalStrength: 99 3145827 -1 -1 -1 -1 -1 19 97 10 20 -1 2147483647 0x0 gsm|lte
12-10 00:55:23.318 W/SignalStrength( 3128): Signal after validate=SignalStrength: 99 99 -120 -160 -120 -1 -1 19 -97 -10 20 -1 2147483647 0x3000 gsm|lte
12-10 00:55:23.318 D/DefaultPhoneNotifier( 3128): notifySignalStrength: mRegistry=com.android.internal.telephony.ITelephonyRegistry$Stub$Proxy@280c75ad ss=SignalStrength: 99 99 -120 -160 -120 -1 -1 19 -97 -10 20 -1 2147483647 0x3000 gsm|lte sender=Handler (com.android.internal.telephony.gsm.GSMPhone) {2df77a2c}
12-10 00:55:23.733 D/PhoneFactory( 3128): getPhone: phoneId == DEFAULT_PHONE_ID
12-10 00:55:23.734 D/PhoneFactory( 3128): getPhone:- phone=Handler (com.android.internal.telephony.PhoneProxy) {3e0d3ddf}
12-10 00:55:23.815 D/PhoneFactory( 3128): getPhone: phoneId == DEFAULT_PHONE_ID
12-10 00:55:23.815 D/PhoneFactory( 3128): getPhone:- phone=Handler (com.android.internal.telephony.PhoneProxy) {3e0d3ddf}
12-10 00:55:23.828 D/SUB     ( 1888): [SubManager] isValidSubId, invalid sub id = 9223372036854775807
12-10 00:55:23.829 D/SUB     ( 1888): [SubManager] [getPhoneId]- default subid insert DEFAULT_PHONE_ID return
12-10 00:55:23.846 D/PhoneFactory( 3128): getPhone: phoneId == DEFAULT_PHONE_ID
12-10 00:55:23.846 D/PhoneFactory( 3128): getPhone:- phone=Handler (com.android.internal.telephony.PhoneProxy) {3e0d3ddf}
12-10 00:55:23.852 D/PhoneFactory( 3128): getPhone: phoneId == DEFAULT_PHONE_ID
12-10 00:55:23.852 D/PhoneFactory( 3128): getPhone:- phone=Handler (com.android.internal.telephony.PhoneProxy) {3e0d3ddf}
12-10 00:55:23.874 D/PhoneFactory( 3128): getPhone: phoneId == DEFAULT_PHONE_ID
12-10 00:55:23.874 D/PhoneFactory( 3128): getPhone:- phone=Handler (com.android.internal.telephony.PhoneProxy) {3e0d3ddf}
12-10 00:55:23.965 D/SUB     ( 4744): [SubManager] [getSubId]- fail, slotId:1, getSimCount():1
12-10 00:55:24.871 E/use-Rlog/RLOG-RIL-QMI(  377): qmuxd: TX message on fd=20, to qmux_client_id=0x1, len=56
12-10 00:55:24.876 E/use-Rlog/RLOG-RIL-QMI(  377): qmuxd: RX 47 bytes on fd=20 from qmux_client_id=0x1
12-10 00:55:24.887 E/use-Rlog/RLOG-RIL-QMI(  377): qmuxd: TX message on fd=20, to qmux_client_id=0x1, len=68
12-10 00:55:24.890 I/RILC    (  272): RIL_SOCKET_1 UNSOLICITED: UNSOL_SIGNAL_STRENGTH length:60
12-10 00:55:24.890 E/RILC    (  272): Send Response to RIL_SOCKET_1
12-10 00:55:24.893 W/SignalStrength( 3128): Signal before validate=SignalStrength: 99 3145827 -1 -1 -1 -1 -1 20 97 10 22 -1 2147483647 0x0 gsm|lte
12-10 00:55:24.893 W/SignalStrength( 3128): Signal after validate=SignalStrength: 99 99 -120 -160 -120 -1 -1 20 -97 -10 22 -1 2147483647 0x3000 gsm|lte
12-10 00:55:24.893 D/DefaultPhoneNotifier( 3128): notifySignalStrength: mRegistry=com.android.internal.telephony.ITelephonyRegistry$Stub$Proxy@280c75ad ss=SignalStrength: 99 99 -120 -160 -120 -1 -1 20 -97 -10 22 -1 2147483647 0x3000 gsm|lte sender=Handler (com.android.internal.telephony.gsm.GSMPhone) {2df77a2c}
12-10 00:55:25.349 D/TelephonyManager( 5136): getSimOperator(): default subId=1
12-10 00:55:25.351 D/TelephonyManager( 5136): getSimOperator: subId=1 operator=302720
12-10 00:55:25.357 D/PhoneFactory( 3128): getPhone: phoneId == DEFAULT_PHONE_ID
12-10 00:55:25.357 D/PhoneFactory( 3128): getPhone:- phone=Handler (com.android.internal.telephony.PhoneProxy) {3e0d3ddf}
12-10 00:55:25.962 D/SUB     ( 1888): [SubManager] isValidSubId, invalid sub id = 9223372036854775807
12-10 00:55:25.962 D/SUB     ( 1888): [SubManager] [getPhoneId]- default subid insert DEFAULT_PHONE_ID return
12-10 00:55:25.989 D/TelephonyManager( 3128): getSimOperator: subId=1 operator=302720
12-10 00:55:26.029 D/SIMRecords( 3128): [SIMRecords] [Voicemail] receive android.intent.action.CSC_UPDATE_NETWORK_DONE
12-10 00:55:26.029 D/SIMRecords( 3128): [SIMRecords] [Voicemail] Voicemail number can not be set because there is no matched networkName!
12-10 00:55:29.601 E/use-Rlog/RLOG-RIL-QMI(  377): qmuxd: TX message on fd=20, to qmux_client_id=0x1, len=147
12-10 00:55:29.604 E/RILD    (  272): UpdateVoiceRte: [CS] 1x reg [0], gsm reg [2], wcdma reg [2], lte reg [1], hdr reg [0], Td reg [0]
12-10 00:55:29.604 E/RILD    (  272): UpdateVoiceRte: mVoiceRte(5), Confidence(1), mReportedLteSmsStatus(0)
12-10 00:55:29.604 E/RILD    (  272): UpdateDataRte: [PS] 1x reg [0], gsm reg [2], wcdma reg [2], lte reg [1], hdr reg [0], Td reg [0], pref_data_tech(6), radio_tech_flag(1)
12-10 00:55:29.604 E/RILD    (  272): UpdateDataRte: mDataRte(5), Confidence(1)
12-10 00:55:29.604 E/RILD    (  272): UpdateImsRte: mImsRte(0), Confidence(4)
12-10 00:55:29.605 I/RILC    (  272): RIL_SOCKET_1 UNSOLICITED: UNSOL_SIGNAL_STRENGTH length:60
12-10 00:55:29.605 E/RILC    (  272): Send Response to RIL_SOCKET_1
12-10 00:55:29.606 I/RILC    (  272): RIL_SOCKET_1 UNSOLICITED: UNSOL_RESPONSE_VOICE_NETWORK_STATE_CHANGED length:8
12-10 00:55:29.606 E/RILC    (  272): Send Response to RIL_SOCKET_1
12-10 00:55:29.608 E/use-Rlog/RLOG-RIL-QMI(  377): qmuxd: TX message on fd=20, to qmux_client_id=0x1, len=56
12-10 00:55:29.609 E/use-Rlog/RLOG-RIL-QMI(  377): qmuxd: RX 47 bytes on fd=20 from qmux_client_id=0x1
12-10 00:55:29.610 D/RILJ    ( 3128): [UNSL]< UNSOL_RESPONSE_VOICE_NETWORK_STATE_CHANGED [SUB0]
12-10 00:55:29.611 W/SignalStrength( 3128): Signal before validate=SignalStrength: 99 3145827 -1 -1 -1 -1 -1 20 97 10 22 -1 2147483647 0x0 gsm|lte
12-10 00:55:29.611 W/SignalStrength( 3128): Signal after validate=SignalStrength: 99 99 -120 -160 -120 -1 -1 20 -97 -10 22 -1 2147483647 0x3000 gsm|lte
12-10 00:55:29.611 D/DefaultPhoneNotifier( 3128): notifySignalStrength: mRegistry=com.android.internal.telephony.ITelephonyRegistry$Stub$Proxy@280c75ad ss=SignalStrength: 99 99 -120 -160 -120 -1 -1 20 -97 -10 22 -1 2147483647 0x3000 gsm|lte sender=Handler (com.android.internal.telephony.gsm.GSMPhone) {2df77a2c}
12-10 00:55:29.615 D/RILJ    ( 3128): [0229]> OPERATOR [SUB0]
12-10 00:55:29.616 E/use-Rlog/RLOG-RIL-QMI(  377): qmuxd: TX message on fd=20, to qmux_client_id=0x1, len=56
12-10 00:55:29.619 D/RILJ    ( 3128): [0230]> DATA_REGISTRATION_STATE [SUB0]
12-10 00:55:29.620 D/RILC    (  272): SOCKET RIL_SOCKET_1 REQUEST: OPERATOR length:8
12-10 00:55:29.620 D/RILC    (  272): RequestComplete, RIL_SOCKET_1
12-10 00:55:29.620 E/RILC    (  272): Send Response to RIL_SOCKET_1
12-10 00:55:29.620 D/RILJ    ( 3128): [0231]> VOICE_REGISTRATION_STATE [SUB0]
12-10 00:55:29.621 D/RILJ    ( 3128): [0229]< OPERATOR {xx,xx,xx,xx} [SUB0]
12-10 00:55:29.621 D/RILC    (  272): SOCKET RIL_SOCKET_1 REQUEST: DATA_REGISTRATION_STATE length:8
12-10 00:55:29.621 I/RILC    (  272): RIL_SOCKET_1 UNSOLICITED: UNSOL_RESPONSE_VOICE_NETWORK_STATE_CHANGED length:8
12-10 00:55:29.621 E/RILC    (  272): Send Response to RIL_SOCKET_1
12-10 00:55:29.621 D/RILJ    ( 3128): [0232]> QUERY_NETWORK_SELECTION_MODE [SUB0]
12-10 00:55:29.622 D/RILC    (  272): SOCKET RIL_SOCKET_1 REQUEST: VOICE_REGISTRATION_STATE length:8
12-10 00:55:29.624 D/RILC    (  272): SOCKET RIL_SOCKET_1 REQUEST: QUERY_NETWORK_SELECTION_MODE length:8
12-10 00:55:29.624 E/use-Rlog/RLOG-RIL-QMI(  377): qmuxd: TX message on fd=20, to qmux_client_id=0x1, len=68
12-10 00:55:29.625 E/use-Rlog/RLOG-RIL-QMI(  377): qmuxd: RX 47 bytes on fd=20 from qmux_client_id=0x1
12-10 00:55:29.626 D/RILC    (  272): RequestComplete, RIL_SOCKET_1
12-10 00:55:29.626 E/RILC    (  272): Send Response to RIL_SOCKET_1
12-10 00:55:29.626 I/RILC    (  272): RIL_SOCKET_1 UNSOLICITED: UNSOL_SIGNAL_STRENGTH length:60
12-10 00:55:29.626 E/RILC    (  272): Send Response to RIL_SOCKET_1
12-10 00:55:29.627 D/RILJ    ( 3128): [UNSL]< UNSOL_RESPONSE_VOICE_NETWORK_STATE_CHANGED [SUB0]
12-10 00:55:29.627 D/RILJ    ( 3128): [0233]> OPERATOR [SUB0]
12-10 00:55:29.627 D/RILC    (  272): RequestComplete, RIL_SOCKET_1
12-10 00:55:29.627 E/RILC    (  272): Send Response to RIL_SOCKET_1
12-10 00:55:29.627 D/RILJ    ( 3128): [0230]< DATA_REGISTRATION_STATE {1, 7ef4, 01741006, 14, null, 4, null} [SUB0]
12-10 00:55:29.628 D/RILJ    ( 3128): [0234]> DATA_REGISTRATION_STATE [SUB0]
12-10 00:55:29.628 D/RILC    (  272): RequestComplete, RIL_SOCKET_1
12-10 00:55:29.628 E/RILC    (  272): Send Response to RIL_SOCKET_1
12-10 00:55:29.628 D/RILC    (  272): SOCKET RIL_SOCKET_1 REQUEST: OPERATOR length:8
12-10 00:55:29.629 D/RILC    (  272): RequestComplete, RIL_SOCKET_1
12-10 00:55:29.629 D/RILJ    ( 3128): [0235]> VOICE_REGISTRATION_STATE [SUB0]
12-10 00:55:29.629 E/RILC    (  272): Send Response to RIL_SOCKET_1
12-10 00:55:29.629 D/RILC    (  272): SOCKET RIL_SOCKET_1 REQUEST: DATA_REGISTRATION_STATE length:8
12-10 00:55:29.630 D/RILJ    ( 3128): [0236]> QUERY_NETWORK_SELECTION_MODE [SUB0]
12-10 00:55:29.630 D/RILC    (  272): RequestComplete, RIL_SOCKET_1
12-10 00:55:29.630 E/RILC    (  272): Send Response to RIL_SOCKET_1
12-10 00:55:29.630 W/SignalStrength( 3128): Signal before validate=SignalStrength: 99 3145827 -1 -1 -1 -1 -1 17 95 13 30 -1 2147483647 0x0 gsm|lte
12-10 00:55:29.630 W/SignalStrength( 3128): Signal after validate=SignalStrength: 99 99 -120 -160 -120 -1 -1 17 -95 -13 30 -1 2147483647 0x3000 gsm|lte
12-10 00:55:29.630 D/RILJ    ( 3128): [0231]< VOICE_REGISTRATION_STATE {1, 7ef4, 01741006, 14, null, null, null, null, null, null, null, null, null, null, 0000} [SUB0]
12-10 00:55:29.630 D/DefaultPhoneNotifier( 3128): notifySignalStrength: mRegistry=com.android.internal.telephony.ITelephonyRegistry$Stub$Proxy@280c75ad ss=SignalStrength: 99 99 -120 -160 -120 -1 -1 17 -95 -13 30 -1 2147483647 0x3000 gsm|lte sender=Handler (com.android.internal.telephony.gsm.GSMPhone) {2df77a2c}
12-10 00:55:29.630 D/RILJ    ( 3128): [0232]< QUERY_NETWORK_SELECTION_MODE {0} [SUB0]
12-10 00:55:29.630 D/RILJ    ( 3128): [0233]< OPERATOR {xx,xx,xx,xx} [SUB0]
12-10 00:55:29.631 D/RILJ    ( 3128): [0234]< DATA_REGISTRATION_STATE {1, 7ef4, 01741006, 14, null, 4, null} [SUB0]
12-10 00:55:29.631 D/RILC    (  272): SOCKET RIL_SOCKET_1 REQUEST: VOICE_REGISTRATION_STATE length:8
12-10 00:55:29.632 D/RILC    (  272): RequestComplete, RIL_SOCKET_1
12-10 00:55:29.632 E/RILC    (  272): Send Response to RIL_SOCKET_1
12-10 00:55:29.632 D/RILC    (  272): SOCKET RIL_SOCKET_1 REQUEST: QUERY_NETWORK_SELECTION_MODE length:8
12-10 00:55:29.633 D/RILC    (  272): RequestComplete, RIL_SOCKET_1
12-10 00:55:29.633 E/RILC    (  272): Send Response to RIL_SOCKET_1
12-10 00:55:29.634 D/PHONE   ( 3128): [ServiceState] setDataRegState=0
12-10 00:55:29.634 D/TelephonyManager( 3128): setTelephonyProperty property=gsm.operator.ispsroaming propVal=false
12-10 00:55:29.634 D/RILJ    ( 3128): [0235]< VOICE_REGISTRATION_STATE {1, 7ef4, 01741006, 14, null, null, null, null, null, null, null, null, null, null, 0000} [SUB0]
12-10 00:55:29.634 D/RILJ    ( 3128): [0236]< QUERY_NETWORK_SELECTION_MODE {0} [SUB0]
12-10 00:55:29.636 E/use-Rlog/RLOG-RIL-QMI(  377): qmuxd: TX message on fd=20, to qmux_client_id=0x1, len=68
12-10 00:55:29.637 I/RILC    (  272): RIL_SOCKET_1 UNSOLICITED: UNSOL_SIGNAL_STRENGTH length:60
12-10 00:55:29.637 E/RILC    (  272): Send Response to RIL_SOCKET_1
12-10 00:55:29.638 D/PHONE   ( 3128): [ServiceState] setDataRadioTechnology=14
12-10 00:55:29.638 D/GsmSST  ( 3128): handlPollStateResultMessage: GsmSST setDataRegState=0 regState=1 dataRadioTechnology=14
12-10 00:55:29.638 D/PHONE   ( 3128): [ServiceState] setVoiceRegState=0
12-10 00:55:29.638 E/PHONE   ( 3128): [ServiceState] setState deprecated use setVoiceRegState()
12-10 00:55:29.638 I/SIMRecords( 3128): [SIMRecords] getFakeHomeOn() simOper[******], getIMSI()[******]
12-10 00:55:29.639 D/SpnOverride( 3128): [SpnOverride] getMatchingSpnOverrideInfo, carrier=[302720], simop=[30272]
12-10 00:55:29.639 D/SpnOverride( 3128): [SpnOverride] getMatchingSpnOverrideInfo - no entry for carrier=[302720]
12-10 00:55:29.639 D/GsmSST  ( 3128): Poll ServiceState done:  oldSS=[0 0 home  LTE LTE CSS not supported -1 -1 RoamInd=-1 DefRoamInd=-1 EmergOnly=false] newSS=[0 0 home  LTE LTE CSS not supported -1 -1 RoamInd=-1 DefRoamInd=-1 EmergOnly=false] oldMaxDataCalls=4 mNewMaxDataCalls=4 oldReasonDataDenied=-1 mNewReasonDataDenied=-1
12-10 00:55:29.639 D/PHONE   ( 3128): [ServiceState] setNullState=1
12-10 00:55:29.639 D/GsmSST  ( 3128): getCellLocation(): X good mCellLoc= xxx
12-10 00:55:29.640 D/TelephonyRegistry( 1888): notify Cell Location ForSubscriber: subId=1 cell Location=Bundle[mParcelledData.dataSize=64]
12-10 00:55:29.643 W/SignalStrength( 3128): Signal before validate=SignalStrength: 99 3145827 -1 -1 -1 -1 -1 17 95 13 30 -1 2147483647 0x0 gsm|lte
12-10 00:55:29.643 W/SignalStrength( 3128): Signal after validate=SignalStrength: 99 99 -120 -160 -120 -1 -1 17 -95 -13 30 -1 2147483647 0x3000 gsm|lte
12-10 00:55:29.643 D/DefaultPhoneNotifier( 3128): notifySignalStrength: mRegistry=com.android.internal.telephony.ITelephonyRegistry$Stub$Proxy@280c75ad ss=SignalStrength: 99 99 -120 -160 -120 -1 -1 17 -95 -13 30 -1 2147483647 0x3000 gsm|lte sender=Handler (com.android.internal.telephony.gsm.GSMPhone) {2df77a2c}
12-10 00:55:29.785 D/SUB     ( 1888): [SubManager] isValidSubId, invalid sub id = 9223372036854775807
12-10 00:55:29.785 D/SUB     ( 1888): [SubManager] [getPhoneId]- default subid insert DEFAULT_PHONE_ID return
12-10 00:55:29.989 D/SecPhoneBootCompleteReceiver( 5819): onReceive(): android.intent.action.BOOT_COMPLETED
12-10 00:55:29.990 D/SecPhoneBootCompleteReceiver( 5819): Starting RilInitTracker service
12-10 00:55:30.002 I/RIL_TRACKER( 5819): swVer : I337MVLUGOH1
12-10 00:55:30.002 E/RIL_TRACKER( 5819): Secril is ready
12-10 00:55:30.002 E/RIL_TRACKER( 5819): intent for SECPHONE_READY
12-10 00:55:30.005 I/RIL_TRACKER( 5819): onDestroy()
12-10 00:55:30.186 D/SUB     ( 1888): [SubManager] isValidSubId, invalid sub id = 9223372036854775807
12-10 00:55:30.186 D/SUB     ( 1888): [SubManager] [getPhoneId]- default subid insert DEFAULT_PHONE_ID return
12-10 00:55:30.631 E/use-Rlog/RLOG-RIL-QMI(  377): qmuxd: TX message on fd=20, to qmux_client_id=0x1, len=56
12-10 00:55:30.633 E/use-Rlog/RLOG-RIL-QMI(  377): qmuxd: RX 47 bytes on fd=20 from qmux_client_id=0x1
12-10 00:55:30.644 E/use-Rlog/RLOG-RIL-QMI(  377): qmuxd: TX message on fd=20, to qmux_client_id=0x1, len=68
12-10 00:55:30.644 I/RILC    (  272): RIL_SOCKET_1 UNSOLICITED: UNSOL_SIGNAL_STRENGTH length:60
12-10 00:55:30.644 E/RILC    (  272): Send Response to RIL_SOCKET_1
12-10 00:55:30.647 W/SignalStrength( 3128): Signal before validate=SignalStrength: 99 3145827 -1 -1 -1 -1 -1 16 96 10 34 -1 2147483647 0x0 gsm|lte
12-10 00:55:30.648 W/SignalStrength( 3128): Signal after validate=SignalStrength: 99 99 -120 -160 -120 -1 -1 16 -96 -10 34 -1 2147483647 0x3000 gsm|lte
12-10 00:55:30.648 D/DefaultPhoneNotifier( 3128): notifySignalStrength: mRegistry=com.android.internal.telephony.ITelephonyRegistry$Stub$Proxy@280c75ad ss=SignalStrength: 99 99 -120 -160 -120 -1 -1 16 -96 -10 34 -1 2147483647 0x3000 gsm|lte sender=Handler (com.android.internal.telephony.gsm.GSMPhone) {2df77a2c}
12-10 00:55:31.170 E/use-Rlog/RLOG-RIL-QMI(  377): qmuxd: added new qmux_client_id=0x3, fd=22, max_fd=22
12-10 00:55:31.170 E/use-Rlog/RLOG-RIL-QMI(  377): qmuxd: RX 968 bytes on fd=22 from qmux_client_id=0x3
12-10 00:55:31.170 E/use-Rlog/RLOG-RIL-QMI(  377): qmuxd: TX message on fd=22, to qmux_client_id=0x3, len=968
12-10 00:55:31.170 E/use-Rlog/RLOG-RIL-QMI(  377): qmuxd: RX 968 bytes on fd=22 from qmux_client_id=0x3
12-10 00:55:31.170 E/use-Rlog/RLOG-RIL-RAWDATA(  377): qmi_qmux_open_connection: connection is disabled for conn_id=0
12-10 00:55:31.170 E/use-Rlog/RLOG-RIL-RAWDATA(  377): qmi_qmux_tx_msg: failed to open inactive connd_id=0
12-10 00:55:31.170 E/use-Rlog/RLOG-RIL-RAWDATA(  377): qmi_qmux: TX failed, connection inactive or in reset, conn_id=0, status_flags=4
12-10 00:55:31.170 E/use-Rlog/RLOG-RIL-RAWDATA(  377): qmi_ctl_tx_msg: qmi_qmux_tx_msg failed
12-10 00:55:31.170 E/use-Rlog/RLOG-RIL-RAWDATA(  377): qmi_ctl_handle_request: qmi_ctl_tx_msg call failed
12-10 00:55:31.170 E/use-Rlog/RLOG-RIL-QMI(  377): qmuxd: TX message on fd=22, to qmux_client_id=0x3, len=968
12-10 00:55:31.171 E/use-Rlog/RLOG-RIL-QMI(  377): qmuxd: RX 968 bytes on fd=22 from qmux_client_id=0x3
12-10 00:55:31.171 E/use-Rlog/RLOG-RIL-RAWDATA(  377): qmi_qmux_open_connection: connection is disabled for conn_id=0
12-10 00:55:31.171 E/use-Rlog/RLOG-RIL-RAWDATA(  377): qmi_qmux_tx_msg: failed to open inactive connd_id=0
12-10 00:55:31.171 E/use-Rlog/RLOG-RIL-RAWDATA(  377): qmi_qmux: TX failed, connection inactive or in reset, conn_id=0, status_flags=4
12-10 00:55:31.171 E/use-Rlog/RLOG-RIL-RAWDATA(  377): qmi_ctl_tx_msg: qmi_qmux_tx_msg failed
12-10 00:55:31.171 E/use-Rlog/RLOG-RIL-RAWDATA(  377): qmi_ctl_handle_request: qmi_ctl_tx_msg call failed
12-10 00:55:31.171 E/use-Rlog/RLOG-RIL-QMI(  377): qmuxd: TX message on fd=22, to qmux_client_id=0x3, len=968
12-10 00:55:31.171 E/use-Rlog/RLOG-RIL-QMI(  377): qmuxd: RX 968 bytes on fd=22 from qmux_client_id=0x3
12-10 00:55:31.171 E/use-Rlog/RLOG-RIL-RAWDATA(  377): qmi_qmux_open_connection: connection is disabled for conn_id=0
12-10 00:55:31.171 E/use-Rlog/RLOG-RIL-RAWDATA(  377): qmi_qmux_tx_msg: failed to open inactive connd_id=0
12-10 00:55:31.171 E/use-Rlog/RLOG-RIL-RAWDATA(  377): qmi_qmux: TX failed, connection inactive or in reset, conn_id=0, status_flags=4
12-10 00:55:31.171 E/use-Rlog/RLOG-RIL-RAWDATA(  377): qmi_ctl_tx_msg: qmi_qmux_tx_msg failed
12-10 00:55:31.171 E/use-Rlog/RLOG-RIL-RAWDATA(  377): qmi_ctl_handle_request: qmi_ctl_tx_msg call failed
12-10 00:55:31.171 E/use-Rlog/RLOG-RIL-QMI(  377): qmuxd: TX message on fd=22, to qmux_client_id=0x3, len=968
12-10 00:55:31.171 E/use-Rlog/RLOG-RIL-QMI(  377): qmuxd: RX 968 bytes on fd=22 from qmux_client_id=0x3
12-10 00:55:31.184 E/use-Rlog/RLOG-RIL-QMI(  377): qmuxd: TX message on fd=22, to qmux_client_id=0x3, len=968
12-10 00:55:31.185 E/use-Rlog/RLOG-RIL-QMI(  377): qmuxd: RX 968 bytes on fd=22 from qmux_client_id=0x3
12-10 00:55:31.185 E/use-Rlog/RLOG-RIL-RAWDATA(  377): qmi_qmux_open_connection: connection is disabled for conn_id=48
12-10 00:55:31.185 E/use-Rlog/RLOG-RIL-RAWDATA(  377): qmi_qmux_tx_msg: failed to open inactive connd_id=48
12-10 00:55:31.185 E/use-Rlog/RLOG-RIL-RAWDATA(  377): qmi_qmux: TX failed, connection inactive or in reset, conn_id=48, status_flags=4
12-10 00:55:31.185 E/use-Rlog/RLOG-RIL-RAWDATA(  377): qmi_ctl_tx_msg: qmi_qmux_tx_msg failed
12-10 00:55:31.185 E/use-Rlog/RLOG-RIL-RAWDATA(  377): qmi_ctl_handle_request: qmi_ctl_tx_msg call failed
12-10 00:55:31.185 E/use-Rlog/RLOG-RIL-QMI(  377): qmuxd: TX message on fd=22, to qmux_client_id=0x3, len=968
12-10 00:55:31.185 E/use-Rlog/RLOG-RIL-QMI(  377): qmuxd: RX 968 bytes on fd=22 from qmux_client_id=0x3
12-10 00:55:31.185 E/use-Rlog/RLOG-RIL-RAWDATA(  377): qmi_qmux_open_connection: connection is disabled for conn_id=48
12-10 00:55:31.185 E/use-Rlog/RLOG-RIL-RAWDATA(  377): qmi_qmux_tx_msg: failed to open inactive connd_id=48
12-10 00:55:31.185 E/use-Rlog/RLOG-RIL-RAWDATA(  377): qmi_qmux: TX failed, connection inactive or in reset, conn_id=48, status_flags=4
12-10 00:55:31.185 E/use-Rlog/RLOG-RIL-RAWDATA(  377): qmi_ctl_tx_msg: qmi_qmux_tx_msg failed
12-10 00:55:31.185 E/use-Rlog/RLOG-RIL-RAWDATA(  377): qmi_ctl_handle_request: qmi_ctl_tx_msg call failed
12-10 00:55:31.185 E/use-Rlog/RLOG-RIL-QMI(  377): qmuxd: TX message on fd=22, to qmux_client_id=0x3, len=968
12-10 00:55:31.185 E/use-Rlog/RLOG-RIL-QMI(  377): qmuxd: RX 968 bytes on fd=22 from qmux_client_id=0x3
12-10 00:55:31.185 E/use-Rlog/RLOG-RIL-RAWDATA(  377): qmi_qmux_open_connection: connection is disabled for conn_id=57
12-10 00:55:31.185 E/use-Rlog/RLOG-RIL-RAWDATA(  377): qmi_qmux_tx_msg: failed to open inactive connd_id=57
12-10 00:55:31.185 E/use-Rlog/RLOG-RIL-RAWDATA(  377): qmi_qmux: TX failed, connection inactive or in reset, conn_id=57, status_flags=4
12-10 00:55:31.185 E/use-Rlog/RLOG-RIL-RAWDATA(  377): qmi_ctl_tx_msg: qmi_qmux_tx_msg failed
12-10 00:55:31.185 E/use-Rlog/RLOG-RIL-RAWDATA(  377): qmi_ctl_handle_request: qmi_ctl_tx_msg call failed
12-10 00:55:31.185 E/use-Rlog/RLOG-RIL-QMI(  377): qmuxd: TX message on fd=22, to qmux_client_id=0x3, len=968
12-10 00:55:31.186 E/use-Rlog/RLOG-RIL-QMI(  377): qmuxd: RX 968 bytes on fd=22 from qmux_client_id=0x3
12-10 00:55:31.186 E/use-Rlog/RLOG-RIL-RAWDATA(  377): qmi_qmux_open_connection: connection is disabled for conn_id=57
12-10 00:55:31.186 E/use-Rlog/RLOG-RIL-RAWDATA(  377): qmi_qmux_tx_msg: failed to open inactive connd_id=57
12-10 00:55:31.186 E/use-Rlog/RLOG-RIL-RAWDATA(  377): qmi_qmux: TX failed, connection inactive or in reset, conn_id=57, status_flags=4
12-10 00:55:31.186 E/use-Rlog/RLOG-RIL-RAWDATA(  377): qmi_ctl_tx_msg: qmi_qmux_tx_msg failed
12-10 00:55:31.186 E/use-Rlog/RLOG-RIL-RAWDATA(  377): qmi_ctl_handle_request: qmi_ctl_tx_msg call failed
12-10 00:55:31.186 E/use-Rlog/RLOG-RIL-QMI(  377): qmuxd: TX message on fd=22, to qmux_client_id=0x3, len=968
12-10 00:55:31.186 E/use-Rlog/RLOG-RIL-QMI(  377): qmuxd: RX 968 bytes on fd=22 from qmux_client_id=0x3
12-10 00:55:31.186 E/use-Rlog/RLOG-RIL-RAWDATA(  377): qmi_qmux_open_connection: connection is disabled for conn_id=0
12-10 00:55:31.186 E/use-Rlog/RLOG-RIL-RAWDATA(  377): qmi_qmux_tx_msg: failed to open inactive connd_id=0
12-10 00:55:31.186 E/use-Rlog/RLOG-RIL-RAWDATA(  377): qmi_qmux: TX failed, connection inactive or in reset, conn_id=0, status_flags=4
12-10 00:55:31.186 E/use-Rlog/RLOG-RIL-RAWDATA(  377): qmi_ctl_tx_msg: qmi_qmux_tx_msg failed
12-10 00:55:31.186 E/use-Rlog/RLOG-RIL-RAWDATA(  377): qmi_ctl_handle_request: qmi_ctl_tx_msg call failed
12-10 00:55:31.186 E/use-Rlog/RLOG-RIL-QMI(  377): qmuxd: TX message on fd=22, to qmux_client_id=0x3, len=968
12-10 00:55:31.186 E/use-Rlog/RLOG-RIL-QMI(  377): qmuxd: RX 968 bytes on fd=22 from qmux_client_id=0x3
12-10 00:55:31.186 E/use-Rlog/RLOG-RIL-RAWDATA(  377): qmi_qmux_open_connection: connection is disabled for conn_id=0
12-10 00:55:31.186 E/use-Rlog/RLOG-RIL-RAWDATA(  377): qmi_qmux_tx_msg: failed to open inactive connd_id=0
12-10 00:55:31.186 E/use-Rlog/RLOG-RIL-RAWDATA(  377): qmi_qmux: TX failed, connection inactive or in reset, conn_id=0, status_flags=4
12-10 00:55:31.186 E/use-Rlog/RLOG-RIL-RAWDATA(  377): qmi_ctl_tx_msg: qmi_qmux_tx_msg failed
12-10 00:55:31.186 E/use-Rlog/RLOG-RIL-RAWDATA(  377): qmi_ctl_handle_request: qmi_ctl_tx_msg call failed
12-10 00:55:31.186 E/use-Rlog/RLOG-RIL-QMI(  377): qmuxd: TX message on fd=22, to qmux_client_id=0x3, len=968
12-10 00:55:31.187 E/use-Rlog/RLOG-RIL-QMI(  377): qmuxd: RX 968 bytes on fd=22 from qmux_client_id=0x3
12-10 00:55:31.187 E/use-Rlog/RLOG-RIL-RAWDATA(  377): qmi_qmux_open_connection: connection is disabled for conn_id=48
12-10 00:55:31.187 E/use-Rlog/RLOG-RIL-RAWDATA(  377): qmi_qmux_tx_msg: failed to open inactive connd_id=48
12-10 00:55:31.187 E/use-Rlog/RLOG-RIL-RAWDATA(  377): qmi_qmux: TX failed, connection inactive or in reset, conn_id=48, status_flags=4
12-10 00:55:31.187 E/use-Rlog/RLOG-RIL-RAWDATA(  377): qmi_ctl_tx_msg: qmi_qmux_tx_msg failed
12-10 00:55:31.187 E/use-Rlog/RLOG-RIL-RAWDATA(  377): qmi_ctl_handle_request: qmi_ctl_tx_msg call failed
12-10 00:55:31.187 E/use-Rlog/RLOG-RIL-QMI(  377): qmuxd: TX message on fd=22, to qmux_client_id=0x3, len=968
12-10 00:55:31.187 E/use-Rlog/RLOG-RIL-QMI(  377): qmuxd: RX 968 bytes on fd=22 from qmux_client_id=0x3
12-10 00:55:31.187 E/use-Rlog/RLOG-RIL-RAWDATA(  377): qmi_qmux_open_connection: connection is disabled for conn_id=48
12-10 00:55:31.187 E/use-Rlog/RLOG-RIL-RAWDATA(  377): qmi_qmux_tx_msg: failed to open inactive connd_id=48
12-10 00:55:31.187 E/use-Rlog/RLOG-RIL-RAWDATA(  377): qmi_qmux: TX failed, connection inactive or in reset, conn_id=48, status_flags=4
12-10 00:55:31.187 E/use-Rlog/RLOG-RIL-RAWDATA(  377): qmi_ctl_tx_msg: qmi_qmux_tx_msg failed
12-10 00:55:31.187 E/use-Rlog/RLOG-RIL-RAWDATA(  377): qmi_ctl_handle_request: qmi_ctl_tx_msg call failed
12-10 00:55:31.187 E/use-Rlog/RLOG-RIL-QMI(  377): qmuxd: TX message on fd=22, to qmux_client_id=0x3, len=968
12-10 00:55:31.187 E/use-Rlog/RLOG-RIL-QMI(  377): qmuxd: RX 968 bytes on fd=22 from qmux_client_id=0x3
12-10 00:55:31.187 E/use-Rlog/RLOG-RIL-RAWDATA(  377): qmi_qmux_open_connection: connection is disabled for conn_id=57
12-10 00:55:31.187 E/use-Rlog/RLOG-RIL-RAWDATA(  377): qmi_qmux_tx_msg: failed to open inactive connd_id=57
12-10 00:55:31.187 E/use-Rlog/RLOG-RIL-RAWDATA(  377): qmi_qmux: TX failed, connection inactive or in reset, conn_id=57, status_flags=4
12-10 00:55:31.187 E/use-Rlog/RLOG-RIL-RAWDATA(  377): qmi_ctl_tx_msg: qmi_qmux_tx_msg failed
12-10 00:55:31.187 E/use-Rlog/RLOG-RIL-RAWDATA(  377): qmi_ctl_handle_request: qmi_ctl_tx_msg call failed
12-10 00:55:31.187 E/use-Rlog/RLOG-RIL-QMI(  377): qmuxd: TX message on fd=22, to qmux_client_id=0x3, len=968
12-10 00:55:31.188 E/use-Rlog/RLOG-RIL-QMI(  377): qmuxd: RX 968 bytes on fd=22 from qmux_client_id=0x3
12-10 00:55:31.188 E/use-Rlog/RLOG-RIL-RAWDATA(  377): qmi_qmux_open_connection: connection is disabled for conn_id=57
12-10 00:55:31.188 E/use-Rlog/RLOG-RIL-RAWDATA(  377): qmi_qmux_tx_msg: failed to open inactive connd_id=57
12-10 00:55:31.188 E/use-Rlog/RLOG-RIL-RAWDATA(  377): qmi_qmux: TX failed, connection inactive or in reset, conn_id=57, status_flags=4
12-10 00:55:31.188 E/use-Rlog/RLOG-RIL-RAWDATA(  377): qmi_ctl_tx_msg: qmi_qmux_tx_msg failed
12-10 00:55:31.188 E/use-Rlog/RLOG-RIL-RAWDATA(  377): qmi_ctl_handle_request: qmi_ctl_tx_msg call failed
12-10 00:55:31.188 E/use-Rlog/RLOG-RIL-QMI(  377): qmuxd: TX message on fd=22, to qmux_client_id=0x3, len=968
12-10 00:55:31.188 E/use-Rlog/RLOG-RIL-QMI(  377): qmuxd: RX 968 bytes on fd=22 from qmux_client_id=0x3
12-10 00:55:31.200 E/use-Rlog/RLOG-RIL-QMI(  377): qmuxd: TX message on fd=22, to qmux_client_id=0x3, len=968
12-10 00:55:31.200 E/use-Rlog/RLOG-RIL-QMI(  377): qmuxd: RX 968 bytes on fd=22 from qmux_client_id=0x3
12-10 00:55:31.200 E/use-Rlog/RLOG-RIL-RAWDATA(  377): qmi_qmux_open_connection: connection is disabled for conn_id=0
12-10 00:55:31.200 E/use-Rlog/RLOG-RIL-RAWDATA(  377): qmi_qmux_tx_msg: failed to open inactive connd_id=0
12-10 00:55:31.200 E/use-Rlog/RLOG-RIL-RAWDATA(  377): qmi_qmux: TX failed, connection inactive or in reset, conn_id=0, status_flags=4
12-10 00:55:31.200 E/use-Rlog/RLOG-RIL-RAWDATA(  377): qmi_ctl_tx_msg: qmi_qmux_tx_msg failed
12-10 00:55:31.200 E/use-Rlog/RLOG-RIL-RAWDATA(  377): qmi_ctl_handle_request: qmi_ctl_tx_msg call failed
12-10 00:55:31.200 E/use-Rlog/RLOG-RIL-QMI(  377): qmuxd: TX message on fd=22, to qmux_client_id=0x3, len=968
12-10 00:55:31.201 E/use-Rlog/RLOG-RIL-QMI(  377): qmuxd: RX 968 bytes on fd=22 from qmux_client_id=0x3
12-10 00:55:31.201 E/use-Rlog/RLOG-RIL-RAWDATA(  377): qmi_qmux_open_connection: connection is disabled for conn_id=0
12-10 00:55:31.201 E/use-Rlog/RLOG-RIL-RAWDATA(  377): qmi_qmux_tx_msg: failed to open inactive connd_id=0
12-10 00:55:31.201 E/use-Rlog/RLOG-RIL-RAWDATA(  377): qmi_qmux: TX failed, connection inactive or in reset, conn_id=0, status_flags=4
12-10 00:55:31.201 E/use-Rlog/RLOG-RIL-RAWDATA(  377): qmi_ctl_tx_msg: qmi_qmux_tx_msg failed
12-10 00:55:31.201 E/use-Rlog/RLOG-RIL-RAWDATA(  377): qmi_ctl_handle_request: qmi_ctl_tx_msg call failed
12-10 00:55:31.201 E/use-Rlog/RLOG-RIL-QMI(  377): qmuxd: TX message on fd=22, to qmux_client_id=0x3, len=968
12-10 00:55:31.201 E/use-Rlog/RLOG-RIL-QMI(  377): qmuxd: RX 968 bytes on fd=22 from qmux_client_id=0x3
12-10 00:55:31.201 E/use-Rlog/RLOG-RIL-RAWDATA(  377): qmi_qmux_open_connection: connection is disabled for conn_id=48
12-10 00:55:31.201 E/use-Rlog/RLOG-RIL-RAWDATA(  377): qmi_qmux_tx_msg: failed to open inactive connd_id=48
12-10 00:55:31.201 E/use-Rlog/RLOG-RIL-RAWDATA(  377): qmi_qmux: TX failed, connection inactive or in reset, conn_id=48, status_flags=4
12-10 00:55:31.201 E/use-Rlog/RLOG-RIL-RAWDATA(  377): qmi_ctl_tx_msg: qmi_qmux_tx_msg failed
12-10 00:55:31.201 E/use-Rlog/RLOG-RIL-RAWDATA(  377): qmi_ctl_handle_request: qmi_ctl_tx_msg call failed
12-10 00:55:31.201 E/use-Rlog/RLOG-RIL-QMI(  377): qmuxd: TX message on fd=22, to qmux_client_id=0x3, len=968
12-10 00:55:31.201 E/use-Rlog/RLOG-RIL-QMI(  377): qmuxd: RX 968 bytes on fd=22 from qmux_client_id=0x3
12-10 00:55:31.201 E/use-Rlog/RLOG-RIL-RAWDATA(  377): qmi_qmux_open_connection: connection is disabled for conn_id=48
12-10 00:55:31.201 E/use-Rlog/RLOG-RIL-RAWDATA(  377): qmi_qmux_tx_msg: failed to open inactive connd_id=48
12-10 00:55:31.201 E/use-Rlog/RLOG-RIL-RAWDATA(  377): qmi_qmux: TX failed, connection inactive or in reset, conn_id=48, status_flags=4
12-10 00:55:31.201 E/use-Rlog/RLOG-RIL-RAWDATA(  377): qmi_ctl_tx_msg: qmi_qmux_tx_msg failed
12-10 00:55:31.201 E/use-Rlog/RLOG-RIL-RAWDATA(  377): qmi_ctl_handle_request: qmi_ctl_tx_msg call failed
12-10 00:55:31.201 E/use-Rlog/RLOG-RIL-QMI(  377): qmuxd: TX message on fd=22, to qmux_client_id=0x3, len=968
12-10 00:55:31.201 E/use-Rlog/RLOG-RIL-QMI(  377): qmuxd: RX 968 bytes on fd=22 from qmux_client_id=0x3
12-10 00:55:31.202 E/use-Rlog/RLOG-RIL-RAWDATA(  377): qmi_qmux_open_connection: connection is disabled for conn_id=57
12-10 00:55:31.202 E/use-Rlog/RLOG-RIL-RAWDATA(  377): qmi_qmux_tx_msg: failed to open inactive connd_id=57
12-10 00:55:31.202 E/use-Rlog/RLOG-RIL-RAWDATA(  377): qmi_qmux: TX failed, connection inactive or in reset, conn_id=57, status_flags=4
12-10 00:55:31.202 E/use-Rlog/RLOG-RIL-RAWDATA(  377): qmi_ctl_tx_msg: qmi_qmux_tx_msg failed
12-10 00:55:31.202 E/use-Rlog/RLOG-RIL-RAWDATA(  377): qmi_ctl_handle_request: qmi_ctl_tx_msg call failed
12-10 00:55:31.202 E/use-Rlog/RLOG-RIL-QMI(  377): qmuxd: TX message on fd=22, to qmux_client_id=0x3, len=968
12-10 00:55:31.202 E/use-Rlog/RLOG-RIL-QMI(  377): qmuxd: RX 968 bytes on fd=22 from qmux_client_id=0x3
12-10 00:55:31.202 E/use-Rlog/RLOG-RIL-RAWDATA(  377): qmi_qmux_open_connection: connection is disabled for conn_id=57
12-10 00:55:31.202 E/use-Rlog/RLOG-RIL-RAWDATA(  377): qmi_qmux_tx_msg: failed to open inactive connd_id=57
12-10 00:55:31.202 E/use-Rlog/RLOG-RIL-RAWDATA(  377): qmi_qmux: TX failed, connection inactive or in reset, conn_id=57, status_flags=4
12-10 00:55:31.202 E/use-Rlog/RLOG-RIL-RAWDATA(  377): qmi_ctl_tx_msg: qmi_qmux_tx_msg failed
12-10 00:55:31.202 E/use-Rlog/RLOG-RIL-RAWDATA(  377): qmi_ctl_handle_request: qmi_ctl_tx_msg call failed
12-10 00:55:31.202 E/use-Rlog/RLOG-RIL-QMI(  377): qmuxd: TX message on fd=22, to qmux_client_id=0x3, len=968
12-10 00:55:31.202 E/use-Rlog/RLOG-RIL-QMI(  377): qmuxd: RX 968 bytes on fd=22 from qmux_client_id=0x3
12-10 00:55:31.202 E/use-Rlog/RLOG-RIL-RAWDATA(  377): qmi_qmux_open_connection: connection is disabled for conn_id=0
12-10 00:55:31.202 E/use-Rlog/RLOG-RIL-RAWDATA(  377): qmi_qmux_tx_msg: failed to open inactive connd_id=0
12-10 00:55:31.202 E/use-Rlog/RLOG-RIL-RAWDATA(  377): qmi_qmux: TX failed, connection inactive or in reset, conn_id=0, status_flags=4
12-10 00:55:31.202 E/use-Rlog/RLOG-RIL-RAWDATA(  377): qmi_ctl_tx_msg: qmi_qmux_tx_msg failed
12-10 00:55:31.202 E/use-Rlog/RLOG-RIL-RAWDATA(  377): qmi_ctl_handle_request: qmi_ctl_tx_msg call failed
12-10 00:55:31.202 E/use-Rlog/RLOG-RIL-QMI(  377): qmuxd: TX message on fd=22, to qmux_client_id=0x3, len=968
12-10 00:55:31.203 E/use-Rlog/RLOG-RIL-QMI(  377): qmuxd: RX 968 bytes on fd=22 from qmux_client_id=0x3
12-10 00:55:31.203 E/use-Rlog/RLOG-RIL-RAWDATA(  377): qmi_qmux_open_connection: connection is disabled for conn_id=0
12-10 00:55:31.203 E/use-Rlog/RLOG-RIL-RAWDATA(  377): qmi_qmux_tx_msg: failed to open inactive connd_id=0
12-10 00:55:31.203 E/use-Rlog/RLOG-RIL-RAWDATA(  377): qmi_qmux: TX failed, connection inactive or in reset, conn_id=0, status_flags=4
12-10 00:55:31.203 E/use-Rlog/RLOG-RIL-RAWDATA(  377): qmi_ctl_tx_msg: qmi_qmux_tx_msg failed
12-10 00:55:31.203 E/use-Rlog/RLOG-RIL-RAWDATA(  377): qmi_ctl_handle_request: qmi_ctl_tx_msg call failed
12-10 00:55:31.203 E/use-Rlog/RLOG-RIL-QMI(  377): qmuxd: TX message on fd=22, to qmux_client_id=0x3, len=968
12-10 00:55:31.203 E/use-Rlog/RLOG-RIL-QMI(  377): qmuxd: RX 968 bytes on fd=22 from qmux_client_id=0x3
12-10 00:55:31.203 E/use-Rlog/RLOG-RIL-RAWDATA(  377): qmi_qmux_open_connection: connection is disabled for conn_id=48
12-10 00:55:31.203 E/use-Rlog/RLOG-RIL-RAWDATA(  377): qmi_qmux_tx_msg: failed to open inactive connd_id=48
12-10 00:55:31.203 E/use-Rlog/RLOG-RIL-RAWDATA(  377): qmi_qmux: TX failed, connection inactive or in reset, conn_id=48, status_flags=4
12-10 00:55:31.203 E/use-Rlog/RLOG-RIL-RAWDATA(  377): qmi_ctl_tx_msg: qmi_qmux_tx_msg failed
12-10 00:55:31.203 E/use-Rlog/RLOG-RIL-RAWDATA(  377): qmi_ctl_handle_request: qmi_ctl_tx_msg call failed
12-10 00:55:31.203 E/use-Rlog/RLOG-RIL-QMI(  377): qmuxd: TX message on fd=22, to qmux_client_id=0x3, len=968
12-10 00:55:31.203 E/use-Rlog/RLOG-RIL-QMI(  377): qmuxd: RX 968 bytes on fd=22 from qmux_client_id=0x3
12-10 00:55:31.203 E/use-Rlog/RLOG-RIL-RAWDATA(  377): qmi_qmux_open_connection: connection is disabled for conn_id=48
12-10 00:55:31.203 E/use-Rlog/RLOG-RIL-RAWDATA(  377): qmi_qmux_tx_msg: failed to open inactive connd_id=48
12-10 00:55:31.203 E/use-Rlog/RLOG-RIL-RAWDATA(  377): qmi_qmux: TX failed, connection inactive or in reset, conn_id=48, status_flags=4
12-10 00:55:31.203 E/use-Rlog/RLOG-RIL-RAWDATA(  377): qmi_ctl_tx_msg: qmi_qmux_tx_msg failed
12-10 00:55:31.203 E/use-Rlog/RLOG-RIL-RAWDATA(  377): qmi_ctl_handle_request: qmi_ctl_tx_msg call failed
12-10 00:55:31.203 E/use-Rlog/RLOG-RIL-QMI(  377): qmuxd: TX message on fd=22, to qmux_client_id=0x3, len=968
12-10 00:55:31.204 E/use-Rlog/RLOG-RIL-QMI(  377): qmuxd: RX 968 bytes on fd=22 from qmux_client_id=0x3
12-10 00:55:31.204 E/use-Rlog/RLOG-RIL-RAWDATA(  377): qmi_qmux_open_connection: connection is disabled for conn_id=57
12-10 00:55:31.204 E/use-Rlog/RLOG-RIL-RAWDATA(  377): qmi_qmux_tx_msg: failed to open inactive connd_id=57
12-10 00:55:31.204 E/use-Rlog/RLOG-RIL-RAWDATA(  377): qmi_qmux: TX failed, connection inactive or in reset, conn_id=57, status_flags=4
12-10 00:55:31.204 E/use-Rlog/RLOG-RIL-RAWDATA(  377): qmi_ctl_tx_msg: qmi_qmux_tx_msg failed
12-10 00:55:31.204 E/use-Rlog/RLOG-RIL-RAWDATA(  377): qmi_ctl_handle_request: qmi_ctl_tx_msg call failed
12-10 00:55:31.204 E/use-Rlog/RLOG-RIL-QMI(  377): qmuxd: TX message on fd=22, to qmux_client_id=0x3, len=968
12-10 00:55:31.204 E/use-Rlog/RLOG-RIL-QMI(  377): qmuxd: RX 968 bytes on fd=22 from qmux_client_id=0x3
12-10 00:55:31.204 E/use-Rlog/RLOG-RIL-RAWDATA(  377): qmi_qmux_open_connection: connection is disabled for conn_id=57
12-10 00:55:31.204 E/use-Rlog/RLOG-RIL-RAWDATA(  377): qmi_qmux_tx_msg: failed to open inactive connd_id=57
12-10 00:55:31.204 E/use-Rlog/RLOG-RIL-RAWDATA(  377): qmi_qmux: TX failed, connection inactive or in reset, conn_id=57, status_flags=4
12-10 00:55:31.204 E/use-Rlog/RLOG-RIL-RAWDATA(  377): qmi_ctl_tx_msg: qmi_qmux_tx_msg failed
12-10 00:55:31.204 E/use-Rlog/RLOG-RIL-RAWDATA(  377): qmi_ctl_handle_request: qmi_ctl_tx_msg call failed
12-10 00:55:31.204 E/use-Rlog/RLOG-RIL-QMI(  377): qmuxd: TX message on fd=22, to qmux_client_id=0x3, len=968
12-10 00:55:31.267 E/use-Rlog/RLOG-RIL-QMI(  377): qmuxd: RX 58 bytes on fd=22 from qmux_client_id=0x3
12-10 00:55:31.276 E/use-Rlog/RLOG-RIL-QMI(  377): qmuxd: TX message on fd=22, to qmux_client_id=0x3, len=54
12-10 00:55:31.276 E/use-Rlog/RLOG-RIL-QMI(  377): qmuxd: RX 47 bytes on fd=22 from qmux_client_id=0x3
12-10 00:55:31.288 E/use-Rlog/RLOG-RIL-QMI(  377): qmuxd: TX message on fd=22, to qmux_client_id=0x3, len=54
12-10 00:55:31.288 E/use-Rlog/RLOG-RIL-QMI(  377): qmuxd: RX 61 bytes on fd=22 from qmux_client_id=0x3
12-10 00:55:31.300 E/use-Rlog/RLOG-RIL-QMI(  377): qmuxd: TX message on fd=22, to qmux_client_id=0x3, len=54
12-10 00:55:31.301 E/use-Rlog/RLOG-RIL-QMI(  377): qmuxd: RX 61 bytes on fd=22 from qmux_client_id=0x3
12-10 00:55:31.312 E/use-Rlog/RLOG-RIL-QMI(  377): qmuxd: TX message on fd=22, to qmux_client_id=0x3, len=54
12-10 00:55:31.312 E/use-Rlog/RLOG-RIL-QMI(  377): qmuxd: RX 58 bytes on fd=22 from qmux_client_id=0x3
12-10 00:55:31.324 E/use-Rlog/RLOG-RIL-QMI(  377): qmuxd: TX message on fd=22, to qmux_client_id=0x3, len=54
12-10 00:55:31.325 E/use-Rlog/RLOG-RIL-QMI(  377): qmuxd: RX 968 bytes on fd=22 from qmux_client_id=0x3
12-10 00:55:31.325 E/use-Rlog/RLOG-RIL-RAWDATA(  377): qmi_qmux_open_connection: connection is disabled for conn_id=0
12-10 00:55:31.325 E/use-Rlog/RLOG-RIL-RAWDATA(  377): qmi_qmux_tx_msg: failed to open inactive connd_id=0
12-10 00:55:31.325 E/use-Rlog/RLOG-RIL-RAWDATA(  377): qmi_qmux: TX failed, connection inactive or in reset, conn_id=0, status_flags=4
12-10 00:55:31.325 E/use-Rlog/RLOG-RIL-RAWDATA(  377): qmi_ctl_tx_msg: qmi_qmux_tx_msg failed
12-10 00:55:31.325 E/use-Rlog/RLOG-RIL-RAWDATA(  377): qmi_ctl_handle_request: qmi_ctl_tx_msg call failed
12-10 00:55:31.325 E/use-Rlog/RLOG-RIL-QMI(  377): qmuxd: TX message on fd=22, to qmux_client_id=0x3, len=968
12-10 00:55:31.326 E/use-Rlog/RLOG-RIL-QMI(  377): qmuxd: RX 968 bytes on fd=22 from qmux_client_id=0x3
12-10 00:55:31.326 E/use-Rlog/RLOG-RIL-RAWDATA(  377): qmi_qmux_open_connection: connection is disabled for conn_id=0
12-10 00:55:31.326 E/use-Rlog/RLOG-RIL-RAWDATA(  377): qmi_qmux_tx_msg: failed to open inactive connd_id=0
12-10 00:55:31.326 E/use-Rlog/RLOG-RIL-RAWDATA(  377): qmi_qmux: TX failed, connection inactive or in reset, conn_id=0, status_flags=4
12-10 00:55:31.326 E/use-Rlog/RLOG-RIL-RAWDATA(  377): qmi_ctl_tx_msg: qmi_qmux_tx_msg failed
12-10 00:55:31.326 E/use-Rlog/RLOG-RIL-RAWDATA(  377): qmi_ctl_handle_request: qmi_ctl_tx_msg call failed
12-10 00:55:31.326 E/use-Rlog/RLOG-RIL-QMI(  377): qmuxd: TX message on fd=22, to qmux_client_id=0x3, len=968
12-10 00:55:31.326 E/use-Rlog/RLOG-RIL-QMI(  377): qmuxd: RX 968 bytes on fd=22 from qmux_client_id=0x3
12-10 00:55:31.326 E/use-Rlog/RLOG-RIL-RAWDATA(  377): qmi_qmux_open_connection: connection is disabled for conn_id=48
12-10 00:55:31.326 E/use-Rlog/RLOG-RIL-RAWDATA(  377): qmi_qmux_tx_msg: failed to open inactive connd_id=48
12-10 00:55:31.326 E/use-Rlog/RLOG-RIL-RAWDATA(  377): qmi_qmux: TX failed, connection inactive or in reset, conn_id=48, status_flags=4
12-10 00:55:31.326 E/use-Rlog/RLOG-RIL-RAWDATA(  377): qmi_ctl_tx_msg: qmi_qmux_tx_msg failed
12-10 00:55:31.326 E/use-Rlog/RLOG-RIL-RAWDATA(  377): qmi_ctl_handle_request: qmi_ctl_tx_msg call failed
12-10 00:55:31.326 E/use-Rlog/RLOG-RIL-QMI(  377): qmuxd: TX message on fd=22, to qmux_client_id=0x3, len=968
12-10 00:55:31.327 E/use-Rlog/RLOG-RIL-QMI(  377): qmuxd: RX 968 bytes on fd=22 from qmux_client_id=0x3
12-10 00:55:31.327 E/use-Rlog/RLOG-RIL-RAWDATA(  377): qmi_qmux_open_connection: connection is disabled for conn_id=48
12-10 00:55:31.327 E/use-Rlog/RLOG-RIL-RAWDATA(  377): qmi_qmux_tx_msg: failed to open inactive connd_id=48
12-10 00:55:31.327 E/use-Rlog/RLOG-RIL-RAWDATA(  377): qmi_qmux: TX failed, connection inactive or in reset, conn_id=48, status_flags=4
12-10 00:55:31.327 E/use-Rlog/RLOG-RIL-RAWDATA(  377): qmi_ctl_tx_msg: qmi_qmux_tx_msg failed
12-10 00:55:31.327 E/use-Rlog/RLOG-RIL-RAWDATA(  377): qmi_ctl_handle_request: qmi_ctl_tx_msg call failed
12-10 00:55:31.327 E/use-Rlog/RLOG-RIL-QMI(  377): qmuxd: TX message on fd=22, to qmux_client_id=0x3, len=968
12-10 00:55:31.327 E/use-Rlog/RLOG-RIL-QMI(  377): qmuxd: RX 968 bytes on fd=22 from qmux_client_id=0x3
12-10 00:55:31.327 E/use-Rlog/RLOG-RIL-RAWDATA(  377): qmi_qmux_open_connection: connection is disabled for conn_id=57
12-10 00:55:31.327 E/use-Rlog/RLOG-RIL-RAWDATA(  377): qmi_qmux_tx_msg: failed to open inactive connd_id=57
12-10 00:55:31.327 E/use-Rlog/RLOG-RIL-RAWDATA(  377): qmi_qmux: TX failed, connection inactive or in reset, conn_id=57, status_flags=4
12-10 00:55:31.327 E/use-Rlog/RLOG-RIL-RAWDATA(  377): qmi_ctl_tx_msg: qmi_qmux_tx_msg failed
12-10 00:55:31.327 E/use-Rlog/RLOG-RIL-RAWDATA(  377): qmi_ctl_handle_request: qmi_ctl_tx_msg call failed
12-10 00:55:31.327 E/use-Rlog/RLOG-RIL-QMI(  377): qmuxd: TX message on fd=22, to qmux_client_id=0x3, len=968
12-10 00:55:31.327 E/use-Rlog/RLOG-RIL-QMI(  377): qmuxd: RX 968 bytes on fd=22 from qmux_client_id=0x3
12-10 00:55:31.327 E/use-Rlog/RLOG-RIL-RAWDATA(  377): qmi_qmux_open_connection: connection is disabled for conn_id=57
12-10 00:55:31.327 E/use-Rlog/RLOG-RIL-RAWDATA(  377): qmi_qmux_tx_msg: failed to open inactive connd_id=57
12-10 00:55:31.327 E/use-Rlog/RLOG-RIL-RAWDATA(  377): qmi_qmux: TX failed, connection inactive or in reset, conn_id=57, status_flags=4
12-10 00:55:31.327 E/use-Rlog/RLOG-RIL-RAWDATA(  377): qmi_ctl_tx_msg: qmi_qmux_tx_msg failed
12-10 00:55:31.327 E/use-Rlog/RLOG-RIL-RAWDATA(  377): qmi_ctl_handle_request: qmi_ctl_tx_msg call failed
12-10 00:55:31.327 E/use-Rlog/RLOG-RIL-QMI(  377): qmuxd: TX message on fd=22, to qmux_client_id=0x3, len=968
12-10 00:55:31.327 E/use-Rlog/RLOG-RIL-QMI(  377): qmuxd: RX 968 bytes on fd=22 from qmux_client_id=0x3
12-10 00:55:31.327 E/use-Rlog/RLOG-RIL-RAWDATA(  377): qmi_qmux_open_connection: connection is disabled for conn_id=0
12-10 00:55:31.327 E/use-Rlog/RLOG-RIL-RAWDATA(  377): qmi_qmux_tx_msg: failed to open inactive connd_id=0
12-10 00:55:31.327 E/use-Rlog/RLOG-RIL-RAWDATA(  377): qmi_qmux: TX failed, connection inactive or in reset, conn_id=0, status_flags=4
12-10 00:55:31.327 E/use-Rlog/RLOG-RIL-RAWDATA(  377): qmi_ctl_tx_msg: qmi_qmux_tx_msg failed
12-10 00:55:31.328 E/use-Rlog/RLOG-RIL-RAWDATA(  377): qmi_ctl_handle_request: qmi_ctl_tx_msg call failed
12-10 00:55:31.328 E/use-Rlog/RLOG-RIL-QMI(  377): qmuxd: TX message on fd=22, to qmux_client_id=0x3, len=968
12-10 00:55:31.328 E/use-Rlog/RLOG-RIL-QMI(  377): qmuxd: RX 968 bytes on fd=22 from qmux_client_id=0x3
12-10 00:55:31.328 E/use-Rlog/RLOG-RIL-RAWDATA(  377): qmi_qmux_open_connection: connection is disabled for conn_id=0
12-10 00:55:31.328 E/use-Rlog/RLOG-RIL-RAWDATA(  377): qmi_qmux_tx_msg: failed to open inactive connd_id=0
12-10 00:55:31.328 E/use-Rlog/RLOG-RIL-RAWDATA(  377): qmi_qmux: TX failed, connection inactive or in reset, conn_id=0, status_flags=4
12-10 00:55:31.328 E/use-Rlog/RLOG-RIL-RAWDATA(  377): qmi_ctl_tx_msg: qmi_qmux_tx_msg failed
12-10 00:55:31.328 E/use-Rlog/RLOG-RIL-RAWDATA(  377): qmi_ctl_handle_request: qmi_ctl_tx_msg call failed
12-10 00:55:31.328 E/use-Rlog/RLOG-RIL-QMI(  377): qmuxd: TX message on fd=22, to qmux_client_id=0x3, len=968
12-10 00:55:31.328 E/use-Rlog/RLOG-RIL-QMI(  377): qmuxd: RX 968 bytes on fd=22 from qmux_client_id=0x3
12-10 00:55:31.328 E/use-Rlog/RLOG-RIL-RAWDATA(  377): qmi_qmux_open_connection: connection is disabled for conn_id=48
12-10 00:55:31.328 E/use-Rlog/RLOG-RIL-RAWDATA(  377): qmi_qmux_tx_msg: failed to open inactive connd_id=48
12-10 00:55:31.328 E/use-Rlog/RLOG-RIL-RAWDATA(  377): qmi_qmux: TX failed, connection inactive or in reset, conn_id=48, status_flags=4
12-10 00:55:31.328 E/use-Rlog/RLOG-RIL-RAWDATA(  377): qmi_ctl_tx_msg: qmi_qmux_tx_msg failed
12-10 00:55:31.328 E/use-Rlog/RLOG-RIL-RAWDATA(  377): qmi_ctl_handle_request: qmi_ctl_tx_msg call failed
12-10 00:55:31.328 E/use-Rlog/RLOG-RIL-QMI(  377): qmuxd: TX message on fd=22, to qmux_client_id=0x3, len=968
12-10 00:55:31.328 E/use-Rlog/RLOG-RIL-QMI(  377): qmuxd: RX 968 bytes on fd=22 from qmux_client_id=0x3
12-10 00:55:31.328 E/use-Rlog/RLOG-RIL-RAWDATA(  377): qmi_qmux_open_connection: connection is disabled for conn_id=48
12-10 00:55:31.328 E/use-Rlog/RLOG-RIL-RAWDATA(  377): qmi_qmux_tx_msg: failed to open inactive connd_id=48
12-10 00:55:31.328 E/use-Rlog/RLOG-RIL-RAWDATA(  377): qmi_qmux: TX failed, connection inactive or in reset, conn_id=48, status_flags=4
12-10 00:55:31.328 E/use-Rlog/RLOG-RIL-RAWDATA(  377): qmi_ctl_tx_msg: qmi_qmux_tx_msg failed
12-10 00:55:31.328 E/use-Rlog/RLOG-RIL-RAWDATA(  377): qmi_ctl_handle_request: qmi_ctl_tx_msg call failed
12-10 00:55:31.328 E/use-Rlog/RLOG-RIL-QMI(  377): qmuxd: TX message on fd=22, to qmux_client_id=0x3, len=968
12-10 00:55:31.329 E/use-Rlog/RLOG-RIL-QMI(  377): qmuxd: RX 968 bytes on fd=22 from qmux_client_id=0x3
12-10 00:55:31.329 E/use-Rlog/RLOG-RIL-RAWDATA(  377): qmi_qmux_open_connection: connection is disabled for conn_id=57
12-10 00:55:31.329 E/use-Rlog/RLOG-RIL-RAWDATA(  377): qmi_qmux_tx_msg: failed to open inactive connd_id=57
12-10 00:55:31.329 E/use-Rlog/RLOG-RIL-RAWDATA(  377): qmi_qmux: TX failed, connection inactive or in reset, conn_id=57, status_flags=4
12-10 00:55:31.329 E/use-Rlog/RLOG-RIL-RAWDATA(  377): qmi_ctl_tx_msg: qmi_qmux_tx_msg failed
12-10 00:55:31.329 E/use-Rlog/RLOG-RIL-RAWDATA(  377): qmi_ctl_handle_request: qmi_ctl_tx_msg call failed
12-10 00:55:31.329 E/use-Rlog/RLOG-RIL-QMI(  377): qmuxd: TX message on fd=22, to qmux_client_id=0x3, len=968
12-10 00:55:31.329 E/use-Rlog/RLOG-RIL-QMI(  377): qmuxd: RX 968 bytes on fd=22 from qmux_client_id=0x3
12-10 00:55:31.329 E/use-Rlog/RLOG-RIL-RAWDATA(  377): qmi_qmux_open_connection: connection is disabled for conn_id=57
12-10 00:55:31.329 E/use-Rlog/RLOG-RIL-RAWDATA(  377): qmi_qmux_tx_msg: failed to open inactive connd_id=57
12-10 00:55:31.329 E/use-Rlog/RLOG-RIL-RAWDATA(  377): qmi_qmux: TX failed, connection inactive or in reset, conn_id=57, status_flags=4
12-10 00:55:31.329 E/use-Rlog/RLOG-RIL-RAWDATA(  377): qmi_ctl_tx_msg: qmi_qmux_tx_msg failed
12-10 00:55:31.329 E/use-Rlog/RLOG-RIL-RAWDATA(  377): qmi_ctl_handle_request: qmi_ctl_tx_msg call failed
12-10 00:55:31.329 E/use-Rlog/RLOG-RIL-QMI(  377): qmuxd: TX message on fd=22, to qmux_client_id=0x3, len=968
12-10 00:55:31.330 E/use-Rlog/RLOG-RIL-QMI(  377): qmuxd: RX 968 bytes on fd=22 from qmux_client_id=0x3
12-10 00:55:31.330 E/use-Rlog/RLOG-RIL-RAWDATA(  377): qmi_qmux_open_connection: connection is disabled for conn_id=0
12-10 00:55:31.330 E/use-Rlog/RLOG-RIL-RAWDATA(  377): qmi_qmux_tx_msg: failed to open inactive connd_id=0
12-10 00:55:31.330 E/use-Rlog/RLOG-RIL-RAWDATA(  377): qmi_qmux: TX failed, connection inactive or in reset, conn_id=0, status_flags=4
12-10 00:55:31.330 E/use-Rlog/RLOG-RIL-RAWDATA(  377): qmi_ctl_tx_msg: qmi_qmux_tx_msg failed
12-10 00:55:31.330 E/use-Rlog/RLOG-RIL-RAWDATA(  377): qmi_ctl_handle_request: qmi_ctl_tx_msg call failed
12-10 00:55:31.330 E/use-Rlog/RLOG-RIL-QMI(  377): qmuxd: TX message on fd=22, to qmux_client_id=0x3, len=968
12-10 00:55:31.330 E/use-Rlog/RLOG-RIL-QMI(  377): qmuxd: RX 968 bytes on fd=22 from qmux_client_id=0x3
12-10 00:55:31.330 E/use-Rlog/RLOG-RIL-RAWDATA(  377): qmi_qmux_open_connection: connection is disabled for conn_id=0
12-10 00:55:31.330 E/use-Rlog/RLOG-RIL-RAWDATA(  377): qmi_qmux_tx_msg: failed to open inactive connd_id=0
12-10 00:55:31.330 E/use-Rlog/RLOG-RIL-RAWDATA(  377): qmi_qmux: TX failed, connection inactive or in reset, conn_id=0, status_flags=4
12-10 00:55:31.330 E/use-Rlog/RLOG-RIL-RAWDATA(  377): qmi_ctl_tx_msg: qmi_qmux_tx_msg failed
12-10 00:55:31.330 E/use-Rlog/RLOG-RIL-RAWDATA(  377): qmi_ctl_handle_request: qmi_ctl_tx_msg call failed
12-10 00:55:31.330 E/use-Rlog/RLOG-RIL-QMI(  377): qmuxd: TX message on fd=22, to qmux_client_id=0x3, len=968
12-10 00:55:31.331 E/use-Rlog/RLOG-RIL-QMI(  377): qmuxd: RX 968 bytes on fd=22 from qmux_client_id=0x3
12-10 00:55:31.331 E/use-Rlog/RLOG-RIL-RAWDATA(  377): qmi_qmux_open_connection: connection is disabled for conn_id=48
12-10 00:55:31.331 E/use-Rlog/RLOG-RIL-RAWDATA(  377): qmi_qmux_tx_msg: failed to open inactive connd_id=48
12-10 00:55:31.331 E/use-Rlog/RLOG-RIL-RAWDATA(  377): qmi_qmux: TX failed, connection inactive or in reset, conn_id=48, status_flags=4
12-10 00:55:31.331 E/use-Rlog/RLOG-RIL-RAWDATA(  377): qmi_ctl_tx_msg: qmi_qmux_tx_msg failed
12-10 00:55:31.331 E/use-Rlog/RLOG-RIL-RAWDATA(  377): qmi_ctl_handle_request: qmi_ctl_tx_msg call failed
12-10 00:55:31.331 E/use-Rlog/RLOG-RIL-QMI(  377): qmuxd: TX message on fd=22, to qmux_client_id=0x3, len=968
12-10 00:55:31.331 E/use-Rlog/RLOG-RIL-QMI(  377): qmuxd: RX 968 bytes on fd=22 from qmux_client_id=0x3
