12-10 00:55:07.948 D/RILJ    ( 3128): [0154]< SIM_IO IccIoResponse xx xx [SUB0]
12-10 00:55:07.948 D/RILJ    ( 3128): [0155]> iccIO: SIM_IO 0xb2 0x6fc6  path: 3F007FFF,20,4,8 aid: xxx [SUB0]
12-10 00:55:07.975 D/RILC    (  272): SOCKET RIL_SOCKET_1 REQUEST: SIM_IO length:132
12-10 00:55:07.977 E/use-Rlog/RLOG-RIL-QMI(  377): qmuxd: RX 69 bytes on fd=20 from qmux_client_id=0x1
12-10 00:55:07.978 E/RILD    (  272): GetRoamingState: roaming false
12-10 00:55:07.986 E/use-Rlog/RLOG-RIL-QMI(  377): qmuxd: TX message on fd=20, to qmux_client_id=0x1, len=72
12-10 00:55:07.987 E/use-Rlog/RLOG-RIL-QMI(  377): qmuxd: RX 52 bytes on fd=20 from qmux_client_id=0x1
12-10 00:55:07.998 E/use-Rlog/RLOG-RIL-QMI(  377): qmuxd: TX message on fd=20, to qmux_client_id=0x1, len=172
12-10 00:55:07.999 D/RILC    (  272): RequestComplete, RIL_SOCKET_1
12-10 00:55:07.999 E/RILC    (  272): Send Response to RIL_SOCKET_1
12-10 00:55:07.999 D/RILJ    ( 3128): [0155]< SIM_IO IccIoResponse xx xx [SUB0]
12-10 00:55:08.000 D/RILJ    ( 3128): [0156]> iccIO: SIM_IO 0xb2 0x6fc6  path: 3F007FFF,21,4,8 aid: xxx [SUB0]
12-10 00:55:08.007 D/RILC    (  272): SOCKET RIL_SOCKET_1 REQUEST: SIM_IO length:132
12-10 00:55:08.008 E/use-Rlog/RLOG-RIL-QMI(  377): qmuxd: RX 69 bytes on fd=20 from qmux_client_id=0x1
12-10 00:55:08.018 E/use-Rlog/RLOG-RIL-QMI(  377): qmuxd: TX message on fd=20, to qmux_client_id=0x1, len=72
12-10 00:55:08.019 D/RILC    (  272): RequestComplete, RIL_SOCKET_1
12-10 00:55:08.019 E/RILC    (  272): Send Response to RIL_SOCKET_1
12-10 00:55:08.019 D/RILJ    ( 3128): [0156]< SIM_IO IccIoResponse xx xx [SUB0]
12-10 00:55:08.020 D/RILJ    ( 3128): [0157]> iccIO: SIM_IO 0xb2 0x6fc6  path: 3F007FFF,22,4,8 aid: xxx [SUB0]
12-10 00:55:08.023 D/RILC    (  272): SOCKET RIL_SOCKET_1 REQUEST: SIM_IO length:132
12-10 00:55:08.024 E/use-Rlog/RLOG-RIL-QMI(  377): qmuxd: RX 69 bytes on fd=20 from qmux_client_id=0x1
12-10 00:55:08.034 E/use-Rlog/RLOG-RIL-QMI(  377): qmuxd: TX message on fd=20, to qmux_client_id=0x1, len=72
12-10 00:55:08.035 D/RILC    (  272): RequestComplete, RIL_SOCKET_1
12-10 00:55:08.035 E/RILC    (  272): Send Response to RIL_SOCKET_1
12-10 00:55:08.035 D/RILJ    ( 3128): [0157]< SIM_IO IccIoResponse xx xx [SUB0]
12-10 00:55:08.036 D/RILJ    ( 3128): [0158]> iccIO: SIM_IO 0xb2 0x6fc6  path: 3F007FFF,23,4,8 aid: xxx [SUB0]
12-10 00:55:08.047 D/RILC    (  272): SOCKET RIL_SOCKET_1 REQUEST: SIM_IO length:132
12-10 00:55:08.048 E/use-Rlog/RLOG-RIL-QMI(  377): qmuxd: RX 69 bytes on fd=20 from qmux_client_id=0x1
12-10 00:55:08.058 E/use-Rlog/RLOG-RIL-QMI(  377): qmuxd: TX message on fd=20, to qmux_client_id=0x1, len=72
12-10 00:55:08.059 D/RILC    (  272): RequestComplete, RIL_SOCKET_1
12-10 00:55:08.059 E/RILC    (  272): Send Response to RIL_SOCKET_1
12-10 00:55:08.059 D/RILJ    ( 3128): [0158]< SIM_IO IccIoResponse xx xx [SUB0]
12-10 00:55:08.060 D/RILJ    ( 3128): [0159]> iccIO: SIM_IO 0xb2 0x6fc6  path: 3F007FFF,24,4,8 aid: xxx [SUB0]
12-10 00:55:08.071 D/RILC    (  272): SOCKET RIL_SOCKET_1 REQUEST: SIM_IO length:132
12-10 00:55:08.071 E/use-Rlog/RLOG-RIL-QMI(  377): qmuxd: RX 69 bytes on fd=20 from qmux_client_id=0x1
12-10 00:55:08.082 E/use-Rlog/RLOG-RIL-QMI(  377): qmuxd: TX message on fd=20, to qmux_client_id=0x1, len=72
12-10 00:55:08.082 D/RILC    (  272): RequestComplete, RIL_SOCKET_1
12-10 00:55:08.083 E/RILC    (  272): Send Response to RIL_SOCKET_1
12-10 00:55:08.083 D/RILJ    ( 3128): [0159]< SIM_IO IccIoResponse xx xx [SUB0]
12-10 00:55:08.084 D/RILJ    ( 3128): [0160]> iccIO: SIM_IO 0xb2 0x6fc6  path: 3F007FFF,25,4,8 aid: xxx [SUB0]
12-10 00:55:08.085 D/RILC    (  272): SOCKET RIL_SOCKET_1 REQUEST: SIM_IO length:132
12-10 00:55:08.086 E/use-Rlog/RLOG-RIL-QMI(  377): qmuxd: RX 69 bytes on fd=20 from qmux_client_id=0x1
12-10 00:55:08.098 E/use-Rlog/RLOG-RIL-QMI(  377): qmuxd: TX message on fd=20, to qmux_client_id=0x1, len=72
12-10 00:55:08.098 D/RILC    (  272): RequestComplete, RIL_SOCKET_1
12-10 00:55:08.099 E/RILC    (  272): Send Response to RIL_SOCKET_1
12-10 00:55:08.099 D/RILJ    ( 3128): [0160]< SIM_IO IccIoResponse xx xx [SUB0]
12-10 00:55:08.100 D/RILJ    ( 3128): [0161]> iccIO: SIM_IO 0xb2 0x6fc6  path: 3F007FFF,26,4,8 aid: xxx [SUB0]
12-10 00:55:08.105 D/RILC    (  272): SOCKET RIL_SOCKET_1 REQUEST: SIM_IO length:132
12-10 00:55:08.106 E/use-Rlog/RLOG-RIL-QMI(  377): qmuxd: RX 69 bytes on fd=20 from qmux_client_id=0x1
12-10 00:55:08.118 E/use-Rlog/RLOG-RIL-QMI(  377): qmuxd: TX message on fd=20, to qmux_client_id=0x1, len=72
12-10 00:55:08.118 D/RILC    (  272): RequestComplete, RIL_SOCKET_1
12-10 00:55:08.118 E/RILC    (  272): Send Response to RIL_SOCKET_1
12-10 00:55:08.119 D/RILJ    ( 3128): [0161]< SIM_IO IccIoResponse xx xx [SUB0]
12-10 00:55:08.120 D/RILJ    ( 3128): [0162]> iccIO: SIM_IO 0xb2 0x6fc6  path: 3F007FFF,27,4,8 aid: xxx [SUB0]
12-10 00:55:08.122 D/RILC    (  272): SOCKET RIL_SOCKET_1 REQUEST: SIM_IO length:132
12-10 00:55:08.122 E/use-Rlog/RLOG-RIL-QMI(  377): qmuxd: RX 69 bytes on fd=20 from qmux_client_id=0x1
12-10 00:55:08.134 E/use-Rlog/RLOG-RIL-QMI(  377): qmuxd: TX message on fd=20, to qmux_client_id=0x1, len=72
12-10 00:55:08.135 D/RILC    (  272): RequestComplete, RIL_SOCKET_1
12-10 00:55:08.135 E/RILC    (  272): Send Response to RIL_SOCKET_1
12-10 00:55:08.136 D/RILJ    ( 3128): [0162]< SIM_IO IccIoResponse xx xx [SUB0]
12-10 00:55:08.136 D/RILJ    ( 3128): [0163]> iccIO: SIM_IO 0xb2 0x6fc6  path: 3F007FFF,28,4,8 aid: xxx [SUB0]
12-10 00:55:08.149 D/RILC    (  272): SOCKET RIL_SOCKET_1 REQUEST: SIM_IO length:132
12-10 00:55:08.149 E/use-Rlog/RLOG-RIL-QMI(  377): qmuxd: RX 69 bytes on fd=20 from qmux_client_id=0x1
12-10 00:55:08.162 E/use-Rlog/RLOG-RIL-QMI(  377): qmuxd: TX message on fd=20, to qmux_client_id=0x1, len=72
12-10 00:55:08.162 D/RILC    (  272): RequestComplete, RIL_SOCKET_1
12-10 00:55:08.162 E/RILC    (  272): Send Response to RIL_SOCKET_1
12-10 00:55:08.163 D/RILJ    ( 3128): [0163]< SIM_IO IccIoResponse xx xx [SUB0]
12-10 00:55:08.164 D/RILJ    ( 3128): [0164]> iccIO: SIM_IO 0xb2 0x6fc6  path: 3F007FFF,29,4,8 aid: xxx [SUB0]
12-10 00:55:08.167 D/RILC    (  272): SOCKET RIL_SOCKET_1 REQUEST: SIM_IO length:132
12-10 00:55:08.168 E/use-Rlog/RLOG-RIL-QMI(  377): qmuxd: RX 69 bytes on fd=20 from qmux_client_id=0x1
12-10 00:55:08.178 E/use-Rlog/RLOG-RIL-QMI(  377): qmuxd: TX message on fd=20, to qmux_client_id=0x1, len=72
12-10 00:55:08.179 D/RILC    (  272): RequestComplete, RIL_SOCKET_1
12-10 00:55:08.179 E/RILC    (  272): Send Response to RIL_SOCKET_1
12-10 00:55:08.179 D/RILJ    ( 3128): [0164]< SIM_IO IccIoResponse xx xx [SUB0]
12-10 00:55:08.180 D/RILJ    ( 3128): [0165]> iccIO: SIM_IO 0xb2 0x6fc6  path: 3F007FFF,30,4,8 aid: xxx [SUB0]
12-10 00:55:08.183 D/RILC    (  272): SOCKET RIL_SOCKET_1 REQUEST: SIM_IO length:132
12-10 00:55:08.183 E/use-Rlog/RLOG-RIL-QMI(  377): qmuxd: RX 69 bytes on fd=20 from qmux_client_id=0x1
12-10 00:55:08.194 E/use-Rlog/RLOG-RIL-QMI(  377): qmuxd: TX message on fd=20, to qmux_client_id=0x1, len=72
12-10 00:55:08.194 D/RILC    (  272): RequestComplete, RIL_SOCKET_1
12-10 00:55:08.194 E/RILC    (  272): Send Response to RIL_SOCKET_1
12-10 00:55:08.195 D/RILJ    ( 3128): [0165]< SIM_IO IccIoResponse xx xx [SUB0]
12-10 00:55:08.195 I/SIMRecords( 3128): [SIMRecords] [handleMessage] EVENT_GET_OPL_DONE 
12-10 00:55:08.195 I/SIMRecords( 3128): [SIMRecords] [handleOPL] EF_OPL contains Data(Not Null)
12-10 00:55:08.196 I/IccUtils( 3128): [MccMncConvert] Convert Result :302720
12-10 00:55:08.196 I/SIMRecords( 3128): [SIMRecords] [handleOPL]Load OPL_MCCMNC[0]=302720
12-10 00:55:08.196 I/SIMRecords( 3128): [SIMRecords] [handleOPL]Load OPL_LAC1[0]=0
12-10 00:55:08.196 I/SIMRecords( 3128): [SIMRecords] [handleOPL]Load OPL_LAC2[0]=65534
12-10 00:55:08.196 I/SIMRecords( 3128): [SIMRecords] [handleOPL]Load OPL_INDEX[0]=1
12-10 00:55:08.196 I/SIMRecords( 3128): [SIMRecords] [handleOPL] EF_OPL contains Data(Not Null)
12-10 00:55:08.196 I/IccUtils( 3128): [MccMncConvert] Convert Result :302220
12-10 00:55:08.196 I/SIMRecords( 3128): [SIMRecords] [handleOPL]Load OPL_MCCMNC[1]=302220
12-10 00:55:08.196 I/SIMRecords( 3128): [SIMRecords] [handleOPL]Load OPL_LAC1[1]=0
12-10 00:55:08.196 I/SIMRecords( 3128): [SIMRecords] [handleOPL]Load OPL_LAC2[1]=65534
12-10 00:55:08.196 I/SIMRecords( 3128): [SIMRecords] [handleOPL]Load OPL_INDEX[1]=2
12-10 00:55:08.197 I/SIMRecords( 3128): [SIMRecords] [handleOPL] EF_OPL contains Data(Not Null)
12-10 00:55:08.197 I/IccUtils( 3128): [MccMncConvert] Convert Result :302880
12-10 00:55:08.197 I/SIMRecords( 3128): [SIMRecords] [handleOPL]Load OPL_MCCMNC[2]=302880
12-10 00:55:08.197 I/SIMRecords( 3128): [SIMRecords] [handleOPL]Load OPL_LAC1[2]=0
12-10 00:55:08.197 I/SIMRecords( 3128): [SIMRecords] [handleOPL]Load OPL_LAC2[2]=65534
12-10 00:55:08.197 I/SIMRecords( 3128): [SIMRecords] [handleOPL]Load OPL_INDEX[2]=2
12-10 00:55:08.197 I/SIMRecords( 3128): [SIMRecords] [handleOPL] EF_OPL contains Data(Not Null)
12-10 00:55:08.197 I/IccUtils( 3128): [MccMncConvert] Convert Result :302610
12-10 00:55:08.197 I/SIMRecords( 3128): [SIMRecords] [handleOPL]Load OPL_MCCMNC[3]=302610
12-10 00:55:08.197 I/SIMRecords( 3128): [SIMRecords] [handleOPL]Load OPL_LAC1[3]=0
12-10 00:55:08.197 I/SIMRecords( 3128): [SIMRecords] [handleOPL]Load OPL_LAC2[3]=65534
12-10 00:55:08.197 I/SIMRecords( 3128): [SIMRecords] [handleOPL]Load OPL_INDEX[3]=2
12-10 00:55:08.197 I/SIMRecords( 3128): [SIMRecords] [handleOPL] EF_OPL contains Data(Not Null)
12-10 00:55:08.197 I/IccUtils( 3128): [MccMncConvert] Convert Result :302780
12-10 00:55:08.197 I/SIMRecords( 3128): [SIMRecords] [handleOPL]Load OPL_MCCMNC[4]=302780
12-10 00:55:08.197 I/SIMRecords( 3128): [SIMRecords] [handleOPL]Load OPL_LAC1[4]=0
12-10 00:55:08.198 I/SIMRecords( 3128): [SIMRecords] [handleOPL]Load OPL_LAC2[4]=65534
12-10 00:55:08.198 I/SIMRecords( 3128): [SIMRecords] [handleOPL]Load OPL_INDEX[4]=2
12-10 00:55:08.198 I/SIMRecords( 3128): [SIMRecords] [handleOPL] EF_OPL contains Data(Not Null)
12-10 00:55:08.198 I/IccUtils( 3128): [MccMncConvert] Convert Result :302620
12-10 00:55:08.198 I/SIMRecords( 3128): [SIMRecords] [handleOPL]Load OPL_MCCMNC[5]=302620
12-10 00:55:08.198 I/SIMRecords( 3128): [SIMRecords] [handleOPL]Load OPL_LAC1[5]=0
12-10 00:55:08.198 I/SIMRecords( 3128): [SIMRecords] [handleOPL]Load OPL_LAC2[5]=65534
12-10 00:55:08.198 I/SIMRecords( 3128): [SIMRecords] [handleOPL]Load OPL_INDEX[5]=2
12-10 00:55:08.198 I/SIMRecords( 3128): [SIMRecords] [handleOPL] EF_OPL contains Null
12-10 00:55:08.198 I/SIMRecords( 3128): [SIMRecords] [handleOPL]Load OPL_MCCMNC[6]=null
12-10 00:55:08.198 I/SIMRecords( 3128): [SIMRecords] [handleOPL]Load OPL_LAC1[6]=0
12-10 00:55:08.198 I/SIMRecords( 3128): [SIMRecords] [handleOPL]Load OPL_LAC2[6]=0
12-10 00:55:08.199 I/SIMRecords( 3128): [SIMRecords] [handleOPL]Load OPL_INDEX[6]=0
12-10 00:55:08.199 I/SIMRecords( 3128): [SIMRecords] [handleOPL] EF_OPL contains Null
12-10 00:55:08.199 I/SIMRecords( 3128): [SIMRecords] [handleOPL]Load OPL_MCCMNC[7]=null
12-10 00:55:08.199 I/SIMRecords( 3128): [SIMRecords] [handleOPL]Load OPL_LAC1[7]=0
12-10 00:55:08.199 I/SIMRecords( 3128): [SIMRecords] [handleOPL]Load OPL_LAC2[7]=0
12-10 00:55:08.199 I/SIMRecords( 3128): [SIMRecords] [handleOPL]Load OPL_INDEX[7]=0
12-10 00:55:08.199 I/SIMRecords( 3128): [SIMRecords] [handleOPL] EF_OPL contains Null
12-10 00:55:08.199 I/SIMRecords( 3128): [SIMRecords] [handleOPL]Load OPL_MCCMNC[8]=null
12-10 00:55:08.199 I/SIMRecords( 3128): [SIMRecords] [handleOPL]Load OPL_LAC1[8]=0
12-10 00:55:08.199 I/SIMRecords( 3128): [SIMRecords] [handleOPL]Load OPL_LAC2[8]=0
12-10 00:55:08.199 I/SIMRecords( 3128): [SIMRecords] [handleOPL]Load OPL_INDEX[8]=0
12-10 00:55:08.199 I/SIMRecords( 3128): [SIMRecords] [handleOPL] EF_OPL contains Null
12-10 00:55:08.200 I/SIMRecords( 3128): [SIMRecords] [handleOPL]Load OPL_MCCMNC[9]=null
12-10 00:55:08.200 I/SIMRecords( 3128): [SIMRecords] [handleOPL]Load OPL_LAC1[9]=0
12-10 00:55:08.200 I/SIMRecords( 3128): [SIMRecords] [handleOPL]Load OPL_LAC2[9]=0
12-10 00:55:08.200 I/SIMRecords( 3128): [SIMRecords] [handleOPL]Load OPL_INDEX[9]=0
12-10 00:55:08.200 I/SIMRecords( 3128): [SIMRecords] [handleOPL] EF_OPL contains Null
12-10 00:55:08.200 I/SIMRecords( 3128): [SIMRecords] [handleOPL]Load OPL_MCCMNC[10]=null
12-10 00:55:08.200 I/SIMRecords( 3128): [SIMRecords] [handleOPL]Load OPL_LAC1[10]=0
12-10 00:55:08.200 I/SIMRecords( 3128): [SIMRecords] [handleOPL]Load OPL_LAC2[10]=0
12-10 00:55:08.200 I/SIMRecords( 3128): [SIMRecords] [handleOPL]Load OPL_INDEX[10]=0
12-10 00:55:08.200 I/SIMRecords( 3128): [SIMRecords] [handleOPL] EF_OPL contains Null
12-10 00:55:08.200 I/SIMRecords( 3128): [SIMRecords] [handleOPL]Load OPL_MCCMNC[11]=null
12-10 00:55:08.201 I/SIMRecords( 3128): [SIMRecords] [handleOPL]Load OPL_LAC1[11]=0
12-10 00:55:08.202 I/SIMRecords( 3128): [SIMRecords] [handleOPL]Load OPL_LAC2[11]=0
12-10 00:55:08.202 I/SIMRecords( 3128): [SIMRecords] [handleOPL]Load OPL_INDEX[11]=0
12-10 00:55:08.202 I/SIMRecords( 3128): [SIMRecords] [handleOPL] EF_OPL contains Null
12-10 00:55:08.202 I/SIMRecords( 3128): [SIMRecords] [handleOPL]Load OPL_MCCMNC[12]=null
12-10 00:55:08.202 I/SIMRecords( 3128): [SIMRecords] [handleOPL]Load OPL_LAC1[12]=0
12-10 00:55:08.203 I/SIMRecords( 3128): [SIMRecords] [handleOPL]Load OPL_LAC2[12]=0
12-10 00:55:08.203 I/SIMRecords( 3128): [SIMRecords] [handleOPL]Load OPL_INDEX[12]=0
12-10 00:55:08.203 I/SIMRecords( 3128): [SIMRecords] [handleOPL] EF_OPL contains Null
12-10 00:55:08.203 I/SIMRecords( 3128): [SIMRecords] [handleOPL]Load OPL_MCCMNC[13]=null
12-10 00:55:08.203 I/SIMRecords( 3128): [SIMRecords] [handleOPL]Load OPL_LAC1[13]=0
12-10 00:55:08.203 I/SIMRecords( 3128): [SIMRecords] [handleOPL]Load OPL_LAC2[13]=0
12-10 00:55:08.203 I/SIMRecords( 3128): [SIMRecords] [handleOPL]Load OPL_INDEX[13]=0
12-10 00:55:08.203 I/SIMRecords( 3128): [SIMRecords] [handleOPL] EF_OPL contains Null
12-10 00:55:08.203 I/SIMRecords( 3128): [SIMRecords] [handleOPL]Load OPL_MCCMNC[14]=null
12-10 00:55:08.203 I/SIMRecords( 3128): [SIMRecords] [handleOPL]Load OPL_LAC1[14]=0
12-10 00:55:08.203 I/SIMRecords( 3128): [SIMRecords] [handleOPL]Load OPL_LAC2[14]=0
12-10 00:55:08.203 I/SIMRecords( 3128): [SIMRecords] [handleOPL]Load OPL_INDEX[14]=0
12-10 00:55:08.203 I/SIMRecords( 3128): [SIMRecords] [handleOPL] EF_OPL contains Null
12-10 00:55:08.204 I/SIMRecords( 3128): [SIMRecords] [handleOPL]Load OPL_MCCMNC[15]=null
12-10 00:55:08.204 I/SIMRecords( 3128): [SIMRecords] [handleOPL]Load OPL_LAC1[15]=0
12-10 00:55:08.204 I/SIMRecords( 3128): [SIMRecords] [handleOPL]Load OPL_LAC2[15]=0
12-10 00:55:08.204 I/SIMRecords( 3128): [SIMRecords] [handleOPL]Load OPL_INDEX[15]=0
12-10 00:55:08.204 I/SIMRecords( 3128): [SIMRecords] [handleOPL] EF_OPL contains Null
12-10 00:55:08.204 I/SIMRecords( 3128): [SIMRecords] [handleOPL]Load OPL_MCCMNC[16]=null
12-10 00:55:08.204 I/SIMRecords( 3128): [SIMRecords] [handleOPL]Load OPL_LAC1[16]=0
12-10 00:55:08.204 I/SIMRecords( 3128): [SIMRecords] [handleOPL]Load OPL_LAC2[16]=0
12-10 00:55:08.204 I/SIMRecords( 3128): [SIMRecords] [handleOPL]Load OPL_INDEX[16]=0
12-10 00:55:08.204 I/SIMRecords( 3128): [SIMRecords] [handleOPL] EF_OPL contains Null
12-10 00:55:08.205 I/SIMRecords( 3128): [SIMRecords] [handleOPL]Load OPL_MCCMNC[17]=null
12-10 00:55:08.205 I/SIMRecords( 3128): [SIMRecords] [handleOPL]Load OPL_LAC1[17]=0
12-10 00:55:08.205 I/SIMRecords( 3128): [SIMRecords] [handleOPL]Load OPL_LAC2[17]=0
12-10 00:55:08.205 I/SIMRecords( 3128): [SIMRecords] [handleOPL]Load OPL_INDEX[17]=0
12-10 00:55:08.205 I/SIMRecords( 3128): [SIMRecords] [handleOPL] EF_OPL contains Null
12-10 00:55:08.205 I/SIMRecords( 3128): [SIMRecords] [handleOPL]Load OPL_MCCMNC[18]=null
12-10 00:55:08.205 I/SIMRecords( 3128): [SIMRecords] [handleOPL]Load OPL_LAC1[18]=0
12-10 00:55:08.205 I/SIMRecords( 3128): [SIMRecords] [handleOPL]Load OPL_LAC2[18]=0
12-10 00:55:08.205 I/SIMRecords( 3128): [SIMRecords] [handleOPL]Load OPL_INDEX[18]=0
12-10 00:55:08.205 I/SIMRecords( 3128): [SIMRecords] [handleOPL] EF_OPL contains Null
12-10 00:55:08.205 I/SIMRecords( 3128): [SIMRecords] [handleOPL]Load OPL_MCCMNC[19]=null
12-10 00:55:08.205 I/SIMRecords( 3128): [SIMRecords] [handleOPL]Load OPL_LAC1[19]=0
12-10 00:55:08.205 I/SIMRecords( 3128): [SIMRecords] [handleOPL]Load OPL_LAC2[19]=0
12-10 00:55:08.205 I/SIMRecords( 3128): [SIMRecords] [handleOPL]Load OPL_INDEX[19]=0
12-10 00:55:08.205 I/SIMRecords( 3128): [SIMRecords] [handleOPL] EF_OPL contains Null
12-10 00:55:08.206 I/SIMRecords( 3128): [SIMRecords] [handleOPL]Load OPL_MCCMNC[20]=null
12-10 00:55:08.206 I/SIMRecords( 3128): [SIMRecords] [handleOPL]Load OPL_LAC1[20]=0
12-10 00:55:08.206 I/SIMRecords( 3128): [SIMRecords] [handleOPL]Load OPL_LAC2[20]=0
12-10 00:55:08.206 I/SIMRecords( 3128): [SIMRecords] [handleOPL]Load OPL_INDEX[20]=0
12-10 00:55:08.206 I/SIMRecords( 3128): [SIMRecords] [handleOPL] EF_OPL contains Null
12-10 00:55:08.206 I/SIMRecords( 3128): [SIMRecords] [handleOPL]Load OPL_MCCMNC[21]=null
12-10 00:55:08.206 I/SIMRecords( 3128): [SIMRecords] [handleOPL]Load OPL_LAC1[21]=0
12-10 00:55:08.206 I/SIMRecords( 3128): [SIMRecords] [handleOPL]Load OPL_LAC2[21]=0
12-10 00:55:08.206 I/SIMRecords( 3128): [SIMRecords] [handleOPL]Load OPL_INDEX[21]=0
12-10 00:55:08.206 I/SIMRecords( 3128): [SIMRecords] [handleOPL] EF_OPL contains Null
12-10 00:55:08.207 I/SIMRecords( 3128): [SIMRecords] [handleOPL]Load OPL_MCCMNC[22]=null
12-10 00:55:08.207 I/SIMRecords( 3128): [SIMRecords] [handleOPL]Load OPL_LAC1[22]=0
12-10 00:55:08.207 I/SIMRecords( 3128): [SIMRecords] [handleOPL]Load OPL_LAC2[22]=0
12-10 00:55:08.207 I/SIMRecords( 3128): [SIMRecords] [handleOPL]Load OPL_INDEX[22]=0
12-10 00:55:08.207 I/SIMRecords( 3128): [SIMRecords] [handleOPL] EF_OPL contains Null
12-10 00:55:08.207 I/SIMRecords( 3128): [SIMRecords] [handleOPL]Load OPL_MCCMNC[23]=null
12-10 00:55:08.207 I/SIMRecords( 3128): [SIMRecords] [handleOPL]Load OPL_LAC1[23]=0
12-10 00:55:08.207 I/SIMRecords( 3128): [SIMRecords] [handleOPL]Load OPL_LAC2[23]=0
12-10 00:55:08.207 I/SIMRecords( 3128): [SIMRecords] [handleOPL]Load OPL_INDEX[23]=0
12-10 00:55:08.207 I/SIMRecords( 3128): [SIMRecords] [handleOPL] EF_OPL contains Null
12-10 00:55:08.207 I/SIMRecords( 3128): [SIMRecords] [handleOPL]Load OPL_MCCMNC[24]=null
12-10 00:55:08.207 I/SIMRecords( 3128): [SIMRecords] [handleOPL]Load OPL_LAC1[24]=0
12-10 00:55:08.207 I/SIMRecords( 3128): [SIMRecords] [handleOPL]Load OPL_LAC2[24]=0
12-10 00:55:08.207 I/SIMRecords( 3128): [SIMRecords] [handleOPL]Load OPL_INDEX[24]=0
12-10 00:55:08.207 I/SIMRecords( 3128): [SIMRecords] [handleOPL] EF_OPL contains Null
12-10 00:55:08.207 I/SIMRecords( 3128): [SIMRecords] [handleOPL]Load OPL_MCCMNC[25]=null
12-10 00:55:08.208 I/SIMRecords( 3128): [SIMRecords] [handleOPL]Load OPL_LAC1[25]=0
12-10 00:55:08.208 I/SIMRecords( 3128): [SIMRecords] [handleOPL]Load OPL_LAC2[25]=0
12-10 00:55:08.208 I/SIMRecords( 3128): [SIMRecords] [handleOPL]Load OPL_INDEX[25]=0
12-10 00:55:08.208 I/SIMRecords( 3128): [SIMRecords] [handleOPL] EF_OPL contains Null
12-10 00:55:08.208 I/SIMRecords( 3128): [SIMRecords] [handleOPL]Load OPL_MCCMNC[26]=null
12-10 00:55:08.208 I/SIMRecords( 3128): [SIMRecords] [handleOPL]Load OPL_LAC1[26]=0
12-10 00:55:08.208 I/SIMRecords( 3128): [SIMRecords] [handleOPL]Load OPL_LAC2[26]=0
12-10 00:55:08.208 I/SIMRecords( 3128): [SIMRecords] [handleOPL]Load OPL_INDEX[26]=0
12-10 00:55:08.208 I/SIMRecords( 3128): [SIMRecords] [handleOPL] EF_OPL contains Null
12-10 00:55:08.208 I/SIMRecords( 3128): [SIMRecords] [handleOPL]Load OPL_MCCMNC[27]=null
12-10 00:55:08.208 I/SIMRecords( 3128): [SIMRecords] [handleOPL]Load OPL_LAC1[27]=0
12-10 00:55:08.208 I/SIMRecords( 3128): [SIMRecords] [handleOPL]Load OPL_LAC2[27]=0
12-10 00:55:08.208 I/SIMRecords( 3128): [SIMRecords] [handleOPL]Load OPL_INDEX[27]=0
12-10 00:55:08.208 I/SIMRecords( 3128): [SIMRecords] [handleOPL] EF_OPL contains Null
12-10 00:55:08.208 I/SIMRecords( 3128): [SIMRecords] [handleOPL]Load OPL_MCCMNC[28]=null
12-10 00:55:08.209 I/SIMRecords( 3128): [SIMRecords] [handleOPL]Load OPL_LAC1[28]=0
12-10 00:55:08.213 I/SIMRecords( 3128): [SIMRecords] [handleOPL]Load OPL_LAC2[28]=0
12-10 00:55:08.213 I/SIMRecords( 3128): [SIMRecords] [handleOPL]Load OPL_INDEX[28]=0
12-10 00:55:08.213 I/SIMRecords( 3128): [SIMRecords] [handleOPL] EF_OPL contains Null
12-10 00:55:08.213 I/SIMRecords( 3128): [SIMRecords] [handleOPL]Load OPL_MCCMNC[29]=null
12-10 00:55:08.213 I/SIMRecords( 3128): [SIMRecords] [handleOPL]Load OPL_LAC1[29]=0
12-10 00:55:08.214 I/SIMRecords( 3128): [SIMRecords] [handleOPL]Load OPL_LAC2[29]=0
12-10 00:55:08.214 I/SIMRecords( 3128): [SIMRecords] [handleOPL]Load OPL_INDEX[29]=0
12-10 00:55:08.214 D/SIMRecords( 3128): [SIMRecords] onRecordLoaded 0 requested: true
12-10 00:55:08.214 D/SIMRecords( 3128): [SIMRecords] record load complete
12-10 00:55:08.221 D/SIMRecords( 3128): [SIMRecords] languages from sim = en
12-10 00:55:08.221 D/SIMRecords( 3128): [SIMRecords] Setting locale to en_ca
12-10 00:55:08.222 D/SIMRecords( 3128): [SIMRecords] onAllRecordsLoaded set 'gsm.sim.operator.numeric' to operator='302720'
12-10 00:55:08.222 D/SIMRecords( 3128): [SIMRecords] update icc_operator_numeric=302720
12-10 00:55:08.226 E/use-Rlog/RLOG-RIL-QMI(  377): qmuxd: TX message on fd=20, to qmux_client_id=0x1, len=56
12-10 00:55:08.227 E/use-Rlog/RLOG-RIL-QMI(  377): qmuxd: RX 47 bytes on fd=20 from qmux_client_id=0x1
12-10 00:55:08.228 D/SIMRecords( 3128): [SIMRecords] getO2payState SIMState[READY]  MCCMNC[302720]
12-10 00:55:08.228 D/SIMRecords( 3128): [SIMRecords] perso null
12-10 00:55:08.228 D/SIMRecords( 3128): [SIMRecords] SIM state is not READY or SIM card is not O2 SIM
12-10 00:55:08.228 D/SIMRecords( 3128): [SIMRecords] The result of getO2payState is NOT_READY
12-10 00:55:08.229 D/RILJ    ( 3128): [0166]> RIL_REQUEST_SIM_OPEN_CHANNEL [SUB0]
12-10 00:55:08.238 E/use-Rlog/RLOG-RIL-QMI(  377): qmuxd: TX message on fd=20, to qmux_client_id=0x1, len=68
12-10 00:55:08.239 I/RILC    (  272): RIL_SOCKET_1 UNSOLICITED: UNSOL_SIGNAL_STRENGTH length:60
12-10 00:55:08.239 E/RILC    (  272): Send Response to RIL_SOCKET_1
12-10 00:55:08.246 D/GSMPhone( 3128): updateCurrentCarrierInProvider: mSubId = 1 currentDds = 1 operatorNumeric = 302720
12-10 00:55:08.247 D/RILC    (  272): SOCKET RIL_SOCKET_1 REQUEST: SIM_OPEN_CHANNEL length:52
12-10 00:55:08.247 E/use-Rlog/RLOG-RIL-QMI(  377): qmuxd: RX 64 bytes on fd=20 from qmux_client_id=0x1
12-10 00:55:08.290 E/use-Rlog/RLOG-RIL-QMI(  377): qmuxd: TX message on fd=20, to qmux_client_id=0x1, len=59
12-10 00:55:08.290 D/RILC    (  272): RequestComplete, RIL_SOCKET_1
12-10 00:55:08.290 E/RILC    (  272): Send Response to RIL_SOCKET_1
12-10 00:55:08.291 D/RilRequest( 3128): [0166]< RIL_REQUEST_SIM_OPEN_CHANNEL error: com.android.internal.telephony.CommandException: NO_SUCH_ELEMENT ret=
12-10 00:55:08.295 D/GsmSST  ( 3128): EVENT_SIM_RECORDS_LOADED: what=16
12-10 00:55:08.297 D/PhoneProxy( 3128): [PhoneProxy] updatePhoneObject: radioTechnology=14
12-10 00:55:08.297 D/SIMRecords( 3128): [SIMRecords] getServiceProviderName: no brandOverride
12-10 00:55:08.297 D/SIMRecords( 3128): [SIMRecords] getServiceProviderName: providerName=ROGERS
12-10 00:55:08.297 D/GsmSST  ( 3128): spn string == plmn string, showing only plmn
12-10 00:55:08.298 D/GsmSST  ( 3128): updateSpnDisplay: changed sending intent rule=1 showPlmn='true' plmn='ROGERS' showSpn='false' spn='ROGERS' phoneId='0'
12-10 00:55:08.313 D/DefaultPhoneNotifier( 3128): nofityServiceState: mRegistry=com.android.internal.telephony.ITelephonyRegistry$Stub$Proxy@280c75ad ss=0 0 home  LTE LTE CSS not supported -1 -1 RoamInd=-1 DefRoamInd=-1 EmergOnly=false sender=Handler (com.android.internal.telephony.gsm.GSMPhone) {2df77a2c} phondId=0 subId=1
12-10 00:55:08.324 D/PhoneFactory( 3128): getPhone: phoneId == DEFAULT_PHONE_ID
12-10 00:55:08.324 D/PhoneFactory( 3128): getPhone:- phone=Handler (com.android.internal.telephony.PhoneProxy) {3e0d3ddf}
12-10 00:55:08.324 D/TelephonyManager( 3128): getLteOnCdmaMode=0 curVal=-1 product_type='' lteOnCdmaProductType=''
12-10 00:55:08.336 D/PhoneFactory( 3128): getPhone: phoneId == DEFAULT_PHONE_ID
12-10 00:55:08.336 D/PhoneFactory( 3128): getPhone:- phone=Handler (com.android.internal.telephony.PhoneProxy) {3e0d3ddf}
12-10 00:55:08.337 D/TelephonyManager( 3128): setTelephonyProperty property=gsm.operator.alpha propVal=ROGERS
12-10 00:55:08.338 D/DCT     ( 3128): [0]handleMessage msg={ when=-109ms what=270338 obj=android.os.AsyncResult@33fb40fa target=com.android.internal.telephony.dataconnection.DcTracker }
12-10 00:55:08.338 D/DCT     ( 3128): [0]onRecordsLoaded: createAllApnList
12-10 00:55:08.338 D/DCT     ( 3128): [0]createAllApnList: selection=numeric = '302720'
12-10 00:55:08.381 D/DCT     ( 3128): [0]getPreferredApn: mRequestedApnType=default cursor=android.content.ContentResolver$CursorWrapperInner@2b2306ab cursor.count=1
12-10 00:55:08.381 D/DCT     ( 3128): [0]getPreferredApn: apnSetting=[ApnSettingV3] LTE Tethering, 404, 302720, ltedata.apn, , , , , , -1, dun, IP, IP, true, 0, 0, false, 1023, 0, 300, 0, , 
12-10 00:55:08.381 D/DCT     ( 3128): [0]getPreferredApn: apnSetting=[ApnSettingV3] Rogers LTE, 405, 302720, ltemobile.apn, , http://mms.gprs.rogers.com, 10.128.1.69, 80, , -1, default | mms | supl | hipri, IPV4V6, IPV4V6, true, 0, 0, false, 1023, 0, 300, 0, , 
12-10 00:55:08.382 D/DCT     ( 3128): [0]getPreferredApn: X found apnSetting[ApnSettingV3] Rogers LTE, 405, 302720, ltemobile.apn, , http://mms.gprs.rogers.com, 10.128.1.69, 80, , -1, default | mms | supl | hipri, IPV4V6, IPV4V6, true, 0, 0, false, 1023, 0, 300, 0, , 
12-10 00:55:08.383 D/DCT     ( 3128): [0]createAllApnList: mPreferredApn=[ApnSettingV3] Rogers LTE, 405, 302720, ltemobile.apn, , http://mms.gprs.rogers.com, 10.128.1.69, 80, , -1, default | mms | supl | hipri, IPV4V6, IPV4V6, true, 0, 0, false, 1023, 0, 300, 0, , 
12-10 00:55:08.383 D/DCT     ( 3128): [0]setDataProfilesAsNeeded
12-10 00:55:08.383 D/DCT     ( 3128): [0]onRecordsLoaded: notifying data availability
12-10 00:55:08.383 D/DCT     ( 3128): [0]isDataPossible(default): possible=true isDataAllowed=true apnTypePossible=true apnContextisEnabled=false apnContextState()=IDLE isDataAllowedOnDataDisabled =false
12-10 00:55:08.384 D/DCT     ( 3128): [ApnContext:default] getApnSetting: apnSetting=null
12-10 00:55:08.384 D/PhoneFactory( 3128): getPhone: phoneId == DEFAULT_PHONE_ID
12-10 00:55:08.385 D/PhoneFactory( 3128): getPhone:- phone=Handler (com.android.internal.telephony.PhoneProxy) {3e0d3ddf}
12-10 00:55:08.388 D/DCT     ( 3128): [0]isDataPossible(mms): possible=true isDataAllowed=true apnTypePossible=true apnContextisEnabled=false apnContextState()=IDLE isDataAllowedOnDataDisabled =false
12-10 00:55:08.388 D/DCT     ( 3128): [ApnContext:mms] getApnSetting: apnSetting=null
12-10 00:55:08.389 D/PhoneFactory( 3128): getPhone: phoneId == DEFAULT_PHONE_ID
12-10 00:55:08.389 D/PhoneFactory( 3128): getPhone:- phone=Handler (com.android.internal.telephony.PhoneProxy) {3e0d3ddf}
12-10 00:55:08.392 D/DCT     ( 3128): [0]isDataPossible(cbs): possible=true isDataAllowed=true apnTypePossible=true apnContextisEnabled=false apnContextState()=IDLE isDataAllowedOnDataDisabled =false
12-10 00:55:08.392 D/DCT     ( 3128): [ApnContext:cbs] getApnSetting: apnSetting=null
12-10 00:55:08.395 D/PhoneFactory( 3128): getPhone: phoneId == DEFAULT_PHONE_ID
12-10 00:55:08.395 D/PhoneFactory( 3128): getPhone:- phone=Handler (com.android.internal.telephony.PhoneProxy) {3e0d3ddf}
12-10 00:55:08.418 D/DCT     ( 3128): [0]isDataPossible(fota): possible=true isDataAllowed=true apnTypePossible=true apnContextisEnabled=false apnContextState()=IDLE isDataAllowedOnDataDisabled =false
12-10 00:55:08.418 D/DCT     ( 3128): [ApnContext:fota] getApnSetting: apnSetting=null
12-10 00:55:08.419 D/PhoneFactory( 3128): getPhone: phoneId == DEFAULT_PHONE_ID
12-10 00:55:08.420 D/PhoneFactory( 3128): getPhone:- phone=Handler (com.android.internal.telephony.PhoneProxy) {3e0d3ddf}
12-10 00:55:08.423 D/DCT     ( 3128): [0]isDataPossible(supl): possible=true isDataAllowed=true apnTypePossible=true apnContextisEnabled=false apnContextState()=IDLE isDataAllowedOnDataDisabled =false
12-10 00:55:08.423 D/DCT     ( 3128): [ApnContext:supl] getApnSetting: apnSetting=null
12-10 00:55:08.424 D/PhoneFactory( 3128): getPhone: phoneId == DEFAULT_PHONE_ID
12-10 00:55:08.424 D/PhoneFactory( 3128): getPhone:- phone=Handler (com.android.internal.telephony.PhoneProxy) {3e0d3ddf}
12-10 00:55:08.437 D/DCT     ( 3128): [0]isDataPossible(ent2): possible=true isDataAllowed=true apnTypePossible=true apnContextisEnabled=false apnContextState()=IDLE isDataAllowedOnDataDisabled =false
12-10 00:55:08.437 D/DCT     ( 3128): [ApnContext:ent2] getApnSetting: apnSetting=null
12-10 00:55:08.441 D/PhoneFactory( 3128): getPhone: phoneId == DEFAULT_PHONE_ID
12-10 00:55:08.441 D/PhoneFactory( 3128): getPhone:- phone=Handler (com.android.internal.telephony.PhoneProxy) {3e0d3ddf}
12-10 00:55:08.448 D/DCT     ( 3128): [0]isDataPossible(ent1): possible=true isDataAllowed=true apnTypePossible=true apnContextisEnabled=false apnContextState()=IDLE isDataAllowedOnDataDisabled =false
12-10 00:55:08.448 D/DCT     ( 3128): [ApnContext:ent1] getApnSetting: apnSetting=null
12-10 00:55:08.451 D/PhoneFactory( 3128): getPhone: phoneId == DEFAULT_PHONE_ID
12-10 00:55:08.451 D/PhoneFactory( 3128): getPhone:- phone=Handler (com.android.internal.telephony.PhoneProxy) {3e0d3ddf}
12-10 00:55:08.454 D/DCT     ( 3128): [0]isDataPossible(dun): possible=true isDataAllowed=true apnTypePossible=true apnContextisEnabled=false apnContextState()=IDLE isDataAllowedOnDataDisabled =false
12-10 00:55:08.454 D/DCT     ( 3128): [ApnContext:dun] getApnSetting: apnSetting=null
12-10 00:55:08.455 D/PhoneFactory( 3128): getPhone: phoneId == DEFAULT_PHONE_ID
12-10 00:55:08.455 D/PhoneFactory( 3128): getPhone:- phone=Handler (com.android.internal.telephony.PhoneProxy) {3e0d3ddf}
12-10 00:55:08.461 D/DCT     ( 3128): [0]isDataPossible(hipri): possible=true isDataAllowed=true apnTypePossible=true apnContextisEnabled=false apnContextState()=IDLE isDataAllowedOnDataDisabled =false
12-10 00:55:08.461 D/DCT     ( 3128): [ApnContext:hipri] getApnSetting: apnSetting=null
12-10 00:55:08.462 D/PhoneFactory( 3128): getPhone: phoneId == DEFAULT_PHONE_ID
12-10 00:55:08.462 D/PhoneFactory( 3128): getPhone:- phone=Handler (com.android.internal.telephony.PhoneProxy) {3e0d3ddf}
12-10 00:55:08.468 D/DCT     ( 3128): [0]isDataPossible(ims): possible=true isDataAllowed=true apnTypePossible=true apnContextisEnabled=false apnContextState()=IDLE isDataAllowedOnDataDisabled =false
12-10 00:55:08.468 D/DCT     ( 3128): [ApnContext:ims] getApnSetting: apnSetting=null
12-10 00:55:08.472 D/PhoneFactory( 3128): getPhone: phoneId == DEFAULT_PHONE_ID
12-10 00:55:08.472 D/PhoneFactory( 3128): getPhone:- phone=Handler (com.android.internal.telephony.PhoneProxy) {3e0d3ddf}
12-10 00:55:08.474 D/DCT     ( 3128): [0]setupDataOnConnectableApns: simLoaded
12-10 00:55:08.474 D/DCT     ( 3128): [0]setupDataOnConnectableApns: apnContext {mApnType=hipri mState=IDLE mWaitingApns={null} mWaitingApnsPermanentFailureCountDown=0 mApnSetting={null} mReason=radioTurnedOff mDataEnabled=false mDependencyMet=true}
12-10 00:55:08.475 D/DCT     ( 3128): [0]setupDataOnConnectableApns: apnContext {mApnType=mms mState=IDLE mWaitingApns={null} mWaitingApnsPermanentFailureCountDown=0 mApnSetting={null} mReason=radioTurnedOff mDataEnabled=false mDependencyMet=true}
12-10 00:55:08.475 D/DCT     ( 3128): [0]setupDataOnConnectableApns: apnContext {mApnType=supl mState=IDLE mWaitingApns={null} mWaitingApnsPermanentFailureCountDown=0 mApnSetting={null} mReason=radioTurnedOff mDataEnabled=false mDependencyMet=true}
12-10 00:55:08.475 D/DCT     ( 3128): [0]setupDataOnConnectableApns: apnContext {mApnType=dun mState=IDLE mWaitingApns={null} mWaitingApnsPermanentFailureCountDown=0 mApnSetting={null} mReason=radioTurnedOff mDataEnabled=false mDependencyMet=true}
12-10 00:55:08.475 D/DCT     ( 3128): [0]setupDataOnConnectableApns: apnContext {mApnType=fota mState=IDLE mWaitingApns={null} mWaitingApnsPermanentFailureCountDown=0 mApnSetting={null} mReason=radioTurnedOff mDataEnabled=false mDependencyMet=true}
12-10 00:55:08.475 D/DCT     ( 3128): [0]setupDataOnConnectableApns: apnContext {mApnType=ims mState=IDLE mWaitingApns={null} mWaitingApnsPermanentFailureCountDown=0 mApnSetting={null} mReason=radioTurnedOff mDataEnabled=false mDependencyMet=true}
12-10 00:55:08.475 D/DCT     ( 3128): [0]setupDataOnConnectableApns: apnContext {mApnType=cbs mState=IDLE mWaitingApns={null} mWaitingApnsPermanentFailureCountDown=0 mApnSetting={null} mReason=radioTurnedOff mDataEnabled=false mDependencyMet=true}
12-10 00:55:08.475 D/DCT     ( 3128): [0]setupDataOnConnectableApns: apnContext {mApnType=ent1 mState=IDLE mWaitingApns={null} mWaitingApnsPermanentFailureCountDown=0 mApnSetting={null} mReason=radioTurnedOff mDataEnabled=false mDependencyMet=true}
12-10 00:55:08.476 D/DCT     ( 3128): [0]setupDataOnConnectableApns: apnContext {mApnType=ent2 mState=IDLE mWaitingApns={null} mWaitingApnsPermanentFailureCountDown=0 mApnSetting={null} mReason=radioTurnedOff mDataEnabled=false mDependencyMet=true}
12-10 00:55:08.476 D/DCT     ( 3128): [0]setupDataOnConnectableApns: apnContext {mApnType=default mState=IDLE mWaitingApns={null} mWaitingApnsPermanentFailureCountDown=0 mApnSetting={null} mReason=dataDisabled mDataEnabled=false mDependencyMet=true}
12-10 00:55:08.476 D/IccCardProxy( 3128): IccCardProxy handleMessage : 7
12-10 00:55:08.476 D/IccCardProxy( 3128): operator = 302720 slotId = 0
12-10 00:55:08.476 D/IccCardProxy( 3128): update icc_operator_numeric=302720
12-10 00:55:08.494 D/TelephonyManager( 3128): setTelephonyProperty property=gsm.sim.operator.numeric propVal=302720
12-10 00:55:08.498 D/TelephonyManager( 3128): setTelephonyProperty property=gsm.sim.operator.iso-country propVal=ca
12-10 00:55:08.499 D/IccCardProxy( 3128): update mccmnc=302720 config for default subscription.
12-10 00:55:08.499 D/TelephonyManager( 3128): getSimOperator(): default subId=1
12-10 00:55:08.500 D/TelephonyManager( 3128): getSimOperator: subId=1 operator=302720
12-10 00:55:08.506 D/SubController( 3128): [setMccMnc]+ mcc/mnc:302/720 subId:1
12-10 00:55:08.539 D/SubController( 3128): [refreshSubInfo]+ defaultSubId system:1 voice:1 data:1 sms:1 / defaultSlotId voice:0 data:0
12-10 00:55:08.539 D/SubController( 3128): selection:null null
12-10 00:55:08.542 D/SubController( 3128): [getSubInfoRecord] SubId: XXX iccid: XXX slotId: XXX displayName: XXX color: XXX mcc/mnc: XXX subStatus: XXX Nwmode: XXX
12-10 00:55:08.543 D/SubController( 3128): selection:sim_id!=-1000 null
12-10 00:55:08.548 D/SubController( 3128): [getSubInfoRecord] SubId: XXX iccid: XXX slotId: XXX displayName: XXX color: XXX mcc/mnc: XXX subStatus: XXX Nwmode: XXX
12-10 00:55:08.549 D/SubController( 3128): [broadcastSimInfoContentChanged] subId1 changed, mcc -> 302
12-10 00:55:08.551 D/IccCardProxy( 3128): Broadcasting intent ACTION_SIM_STATE_CHANGED LOADED reason null for mCardIndex : 0
12-10 00:55:08.553 W/SignalStrength( 3128): Signal before validate=SignalStrength: 99 2097251 -1 -1 -1 -1 -1 19 102 12 4 -1 2147483647 0x0 gsm|lte
12-10 00:55:08.553 W/SignalStrength( 3128): Signal after validate=SignalStrength: 99 99 -120 -160 -120 -1 -1 19 -102 -12 4 -1 2147483647 0x2000 gsm|lte
12-10 00:55:08.554 D/DefaultPhoneNotifier( 3128): notifySignalStrength: mRegistry=com.android.internal.telephony.ITelephonyRegistry$Stub$Proxy@280c75ad ss=SignalStrength: 99 99 -120 -160 -120 -1 -1 19 -102 -12 4 -1 2147483647 0x2000 gsm|lte sender=Handler (com.android.internal.telephony.gsm.GSMPhone) {2df77a2c}
12-10 00:55:08.556 D/UiccCard( 3128): Error in SIM access with exceptioncom.android.internal.telephony.CommandException: NO_SUCH_ELEMENT
12-10 00:55:08.556 D/PhoneProxy( 3128): [PhoneProxy] phoneObjectUpdater: newVoiceRadioTech=14
12-10 00:55:08.558 D/PhoneProxy( 3128): [PhoneProxy] phoneObjectUpdater: volteReplacementRat=0
12-10 00:55:08.558 D/PhoneProxy( 3128): [PhoneProxy] phoneObjectUpdater: No change ignore, newVoiceRadioTech=14 mActivePhone=GSM
12-10 00:55:08.558 D/GSMPhone( 3128): Service state changed for emergnecy number
12-10 00:55:08.560 D/GSMPhone( 3128): setEmergencyNumbers: mPrevSs=[0 0 home  LTE LTE CSS not supported -1 -1 RoamInd=-1 DefRoamInd=-1 EmergOnly=false], ss=[0 0 home  LTE LTE CSS not supported -1 -1 RoamInd=-1 DefRoamInd=-1 EmergOnly=false]
12-10 00:55:08.560 D/GSMPhone( 3128): setEmergencyNumbers: customerSpec=null
12-10 00:55:08.560 D/GSMPhone( 3128): setEmergencyNumbers: simstateProperty=READY
12-10 00:55:08.560 D/GSMPhone( 3128): setEmergencyNumbers: withSIM=true
12-10 00:55:08.560 D/GSMPhone( 3128): setEmergencyNumbers: ECC from SIM=911/255,112/255
12-10 00:55:08.560 D/GSMPhone( 3128): setEmergencyNumbers: ECC for operator=112,911
12-10 00:55:08.560 D/GSMPhone( 3128): setEmergencyNumbers: emergencyNumbers=911/255,112/255,112,911
12-10 00:55:08.562 D/GSMPhone( 3128): setEmergencyNumbers: ril.ecclist00 - 911/255,112/255,112,911
12-10 00:55:08.564 D/RILJ    ( 3128): [0167]> RIL_REQUEST_ALLOW_DATA [SUB0]
12-10 00:55:08.566 D/RILC    (  272): SOCKET RIL_SOCKET_1 REQUEST: ALLOW_DATA length:16
12-10 00:55:08.567 D/RILC    (  272): RequestComplete, RIL_SOCKET_1
12-10 00:55:08.567 E/RILC    (  272): Send Response to RIL_SOCKET_1
12-10 00:55:08.567 D/RilRequest( 3128): [0167]< RIL_REQUEST_ALLOW_DATA error: com.android.internal.telephony.CommandException: GENERIC_FAILURE ret=
12-10 00:55:08.650 D/DCT     ( 3128): [0]handleMessage msg={ when=-9ms what=270355 target=com.android.internal.telephony.dataconnection.DcTracker }
12-10 00:55:08.650 D/DCT     ( 3128): [0]overall state is IDLE
12-10 00:55:08.650 D/GSMPhone( 3128): updateCurrentCarrierInProvider: mSubId = 1 currentDds = 1 operatorNumeric = 302720
12-10 00:55:08.687 D/DCT     ( 3128): [0]onApnChanged: createAllApnList and cleanUpAllConnections
12-10 00:55:08.687 D/DCT     ( 3128): [0]createAllApnList: selection=numeric = '302720'
12-10 00:55:08.711 D/DCT     ( 3128): [0]getPreferredApn: mRequestedApnType=default cursor=android.content.ContentResolver$CursorWrapperInner@1d342108 cursor.count=1
12-10 00:55:08.711 D/DCT     ( 3128): [0]getPreferredApn: apnSetting=[ApnSettingV3] LTE Tethering, 404, 302720, ltedata.apn, , , , , , -1, dun, IP, IP, true, 0, 0, false, 1023, 0, 300, 0, , 
12-10 00:55:08.712 D/DCT     ( 3128): [0]getPreferredApn: apnSetting=[ApnSettingV3] Rogers LTE, 405, 302720, ltemobile.apn, , http://mms.gprs.rogers.com, 10.128.1.69, 80, , -1, default | mms | supl | hipri, IPV4V6, IPV4V6, true, 0, 0, false, 1023, 0, 300, 0, , 
12-10 00:55:08.712 D/DCT     ( 3128): [0]getPreferredApn: X found apnSetting[ApnSettingV3] Rogers LTE, 405, 302720, ltemobile.apn, , http://mms.gprs.rogers.com, 10.128.1.69, 80, , -1, default | mms | supl | hipri, IPV4V6, IPV4V6, true, 0, 0, false, 1023, 0, 300, 0, , 
12-10 00:55:08.724 D/DCT     ( 3128): [0]createAllApnList: mPreferredApn=[ApnSettingV3] Rogers LTE, 405, 302720, ltemobile.apn, , http://mms.gprs.rogers.com, 10.128.1.69, 80, , -1, default | mms | supl | hipri, IPV4V6, IPV4V6, true, 0, 0, false, 1023, 0, 300, 0, , 
12-10 00:55:08.724 D/DCT     ( 3128): [0]setDataProfilesAsNeeded
12-10 00:55:08.724 D/RILJ    ( 3128): [0168]> OEM_HOOK_RAW[09040004] [SUB0]
12-10 00:55:08.829 D/DCT     ( 3128): [0]refresh Attach APN
12-10 00:55:08.829 D/DCT     ( 3128): [0]setupDataOnConnectableApns: apnChanged
12-10 00:55:08.829 D/RILC    (  272): SOCKET RIL_SOCKET_1 REQUEST: OEM_HOOK_RAW length:16
12-10 00:55:08.829 D/DCT     ( 3128): [0]setupDataOnConnectableApns: apnContext {mApnType=hipri mState=IDLE mWaitingApns={null} mWaitingApnsPermanentFailureCountDown=0 mApnSetting={null} mReason=radioTurnedOff mDataEnabled=false mDependencyMet=true}
12-10 00:55:08.829 D/DCT     ( 3128): [0]setupDataOnConnectableApns: apnContext {mApnType=mms mState=IDLE mWaitingApns={null} mWaitingApnsPermanentFailureCountDown=0 mApnSetting={null} mReason=radioTurnedOff mDataEnabled=false mDependencyMet=true}
12-10 00:55:08.829 D/DCT     ( 3128): [0]setupDataOnConnectableApns: apnContext {mApnType=supl mState=IDLE mWaitingApns={null} mWaitingApnsPermanentFailureCountDown=0 mApnSetting={null} mReason=radioTurnedOff mDataEnabled=false mDependencyMet=true}
12-10 00:55:08.829 D/DCT     ( 3128): [0]setupDataOnConnectableApns: apnContext {mApnType=dun mState=IDLE mWaitingApns={null} mWaitingApnsPermanentFailureCountDown=0 mApnSetting={null} mReason=radioTurnedOff mDataEnabled=false mDependencyMet=true}
12-10 00:55:08.829 D/DCT     ( 3128): [0]setupDataOnConnectableApns: apnContext {mApnType=fota mState=IDLE mWaitingApns={null} mWaitingApnsPermanentFailureCountDown=0 mApnSetting={null} mReason=radioTurnedOff mDataEnabled=false mDependencyMet=true}
12-10 00:55:08.829 D/RILC    (  272): RequestComplete, RIL_SOCKET_1
12-10 00:55:08.829 E/RILC    (  272): Send Response to RIL_SOCKET_1
12-10 00:55:08.829 D/DCT     ( 3128): [0]setupDataOnConnectableApns: apnContext {mApnType=ims mState=IDLE mWaitingApns={null} mWaitingApnsPermanentFailureCountDown=0 mApnSetting={null} mReason=radioTurnedOff mDataEnabled=false mDependencyMet=true}
12-10 00:55:08.829 D/DCT     ( 3128): [0]setupDataOnConnectableApns: apnContext {mApnType=cbs mState=IDLE mWaitingApns={null} mWaitingApnsPermanentFailureCountDown=0 mApnSetting={null} mReason=radioTurnedOff mDataEnabled=false mDependencyMet=true}
12-10 00:55:08.829 D/DCT     ( 3128): [0]setupDataOnConnectableApns: apnContext {mApnType=ent1 mState=IDLE mWaitingApns={null} mWaitingApnsPermanentFailureCountDown=0 mApnSetting={null} mReason=radioTurnedOff mDataEnabled=false mDependencyMet=true}
12-10 00:55:08.829 D/DCT     ( 3128): [0]setupDataOnConnectableApns: apnContext {mApnType=ent2 mState=IDLE mWaitingApns={null} mWaitingApnsPermanentFailureCountDown=0 mApnSetting={null} mReason=radioTurnedOff mDataEnabled=false mDependencyMet=true}
12-10 00:55:08.830 D/DCT     ( 3128): [0]setupDataOnConnectableApns: apnContext {mApnType=default mState=IDLE mWaitingApns={null} mWaitingApnsPermanentFailureCountDown=0 mApnSetting={null} mReason=dataDisabled mDataEnabled=false mDependencyMet=true}
12-10 00:55:08.830 D/RILJ    ( 3128): [0169]> RIL_REQUEST_SIM_OPEN_CHANNEL [SUB0]
12-10 00:55:08.830 D/RILJ    ( 3128): [0168]< OEM_HOOK_RAW [B@25... [SUB0]
12-10 00:55:08.894 D/RILC    (  272): SOCKET RIL_SOCKET_1 REQUEST: SIM_OPEN_CHANNEL length:64
12-10 00:55:08.896 E/use-Rlog/RLOG-RIL-QMI(  377): qmuxd: RX 67 bytes on fd=20 from qmux_client_id=0x1
12-10 00:55:08.903 D/DCT     ( 3128): [0]mReceiver action: android.intent.action.ACTION_SUBINFO_CONTENT_CHANGE
12-10 00:55:08.926 E/use-Rlog/RLOG-RIL-QMI(  377): qmuxd: TX message on fd=20, to qmux_client_id=0x1, len=63
12-10 00:55:08.927 E/RILD    (  272): BuildResp: Invalid selectlen(0)
12-10 00:55:08.927 D/RILC    (  272): RequestComplete, RIL_SOCKET_1
12-10 00:55:08.927 E/RILC    (  272): Send Response to RIL_SOCKET_1
12-10 00:55:08.927 D/RILJ    ( 3128): [0169]< RIL_REQUEST_SIM_OPEN_CHANNEL  [SUB0]
12-10 00:55:08.953 D/DCT     ( 3128): [0]getInsertedSimCount() count:1
12-10 00:55:08.959 E/PhoneBase( 3128): Error! unregisterForCallWaiting() in PhoneBase should not be called, CDMAPhone inactive.
12-10 00:55:08.959 D/RILJ    ( 3128): [0170]> SET_SUPP_SVC_NOTIFICATION [SUB0]
12-10 00:55:08.975 D/RILC    (  272): SOCKET RIL_SOCKET_1 REQUEST: <unknown request> length:16
12-10 00:55:08.975 D/RILC    (  272): RequestComplete, RIL_SOCKET_1
12-10 00:55:08.975 E/RILC    (  272): Send Response to RIL_SOCKET_1
12-10 00:55:08.976 D/RilRequest( 3128): [0170]< SET_SUPP_SVC_NOTIFICATION error: com.android.internal.telephony.CommandException: REQUEST_NOT_SUPPORTED ret=
12-10 00:55:08.981 D/TelephonyManager( 1888): getSimOperator(): default subId=1
12-10 00:55:08.981 D/PhoneFactory( 3128): getPhone: phoneId == DEFAULT_PHONE_ID
12-10 00:55:08.981 D/PhoneFactory( 3128): getPhone:- phone=Handler (com.android.internal.telephony.PhoneProxy) {3e0d3ddf}
12-10 00:55:08.983 D/TelephonyManager( 1888): getSimOperator: subId=1 operator=302720
12-10 00:55:09.027 E/PhoneBase( 3128): Error! registerForCallWaiting() in PhoneBase should not be called, CDMAPhone inactive.
12-10 00:55:09.027 D/RILJ    ( 3128): [0171]> SET_SUPP_SVC_NOTIFICATION [SUB0]
12-10 00:55:09.040 D/RILC    (  272): SOCKET RIL_SOCKET_1 REQUEST: <unknown request> length:16
12-10 00:55:09.041 D/RILC    (  272): RequestComplete, RIL_SOCKET_1
12-10 00:55:09.041 E/RILC    (  272): Send Response to RIL_SOCKET_1
12-10 00:55:09.041 D/RilRequest( 3128): [0171]< SET_SUPP_SVC_NOTIFICATION error: com.android.internal.telephony.CommandException: REQUEST_NOT_SUPPORTED ret=
12-10 00:55:09.047 D/GsmSST  ( 3128): Intent : android.intent.action.SIM_STATE_CHANGED
12-10 00:55:09.047 D/SUB     ( 3128): [SubInfoRecordUpdater][Receiver]+
12-10 00:55:09.047 D/SUB     ( 3128): [SubInfoRecordUpdater]Action: android.intent.action.SIM_STATE_CHANGED
12-10 00:55:09.048 D/SUB     ( 3128): [SubInfoRecordUpdater]slotId: 0 simStatus: LOADED
12-10 00:55:09.048 D/SUB     ( 3128): [SubInfoRecordUpdater]queryIccId: slotid=0
12-10 00:55:09.048 D/SUB     ( 3128): [SubInfoRecordUpdater]NOT Querying IccId its already set sIccid[0]= XXX
12-10 00:55:09.137 D/SubController( 3128): [getSubInfoForSubscriberx]- Info detail:
12-10 00:55:09.137 D/SubController( 3128): [getSubInfoRecord] SubId: XXX iccid: XXX slotId: XXX displayName: XXX color: XXX mcc/mnc: XXX subStatus: XXX Nwmode: XXX
12-10 00:55:09.174 D/TelephonyManager( 3128): getSimOperator: subId=1 operator=302720
12-10 00:55:09.174 D/SUB     ( 3128): [SubInfoRecordUpdater]CarrierName = 302720
12-10 00:55:09.174 D/SUB     ( 3128): [SubInfoRecordUpdater]Not found, name = SUB 01
12-10 00:55:09.177 D/SUB     ( 1888): [SubManager] isValidSubId, invalid sub id = 9223372036854775807
12-10 00:55:09.177 D/SUB     ( 1888): [SubManager] [getPhoneId]- default subid insert DEFAULT_PHONE_ID return
12-10 00:55:09.198 D/SUB     ( 3128): [SubInfoRecordUpdater][Receiver]-
12-10 00:55:09.199 D/DCT     ( 3128): [0]handleMessage msg={ when=0 what=270355 target=com.android.internal.telephony.dataconnection.DcTracker }
12-10 00:55:09.199 D/DCT     ( 3128): [0]overall state is IDLE
12-10 00:55:09.199 D/GSMPhone( 3128): updateCurrentCarrierInProvider: mSubId = 1 currentDds = 1 operatorNumeric = 302720
12-10 00:55:09.234 D/DCT     ( 3128): [0]onApnChanged: createAllApnList and cleanUpAllConnections
12-10 00:55:09.234 D/DCT     ( 3128): [0]createAllApnList: selection=numeric = '302720'
12-10 00:55:09.269 D/DCT     ( 3128): [0]getPreferredApn: mRequestedApnType=default cursor=android.content.ContentResolver$CursorWrapperInner@a68b5dd cursor.count=1
12-10 00:55:09.269 D/DCT     ( 3128): [0]getPreferredApn: apnSetting=[ApnSettingV3] LTE Tethering, 404, 302720, ltedata.apn, , , , , , -1, dun, IP, IP, true, 0, 0, false, 1023, 0, 300, 0, , 
12-10 00:55:09.269 D/DCT     ( 3128): [0]getPreferredApn: apnSetting=[ApnSettingV3] Rogers LTE, 405, 302720, ltemobile.apn, , http://mms.gprs.rogers.com, 10.128.1.69, 80, , -1, default | mms | supl | hipri, IPV4V6, IPV4V6, true, 0, 0, false, 1023, 0, 300, 0, , 
12-10 00:55:09.269 D/DCT     ( 3128): [0]getPreferredApn: X found apnSetting[ApnSettingV3] Rogers LTE, 405, 302720, ltemobile.apn, , http://mms.gprs.rogers.com, 10.128.1.69, 80, , -1, default | mms | supl | hipri, IPV4V6, IPV4V6, true, 0, 0, false, 1023, 0, 300, 0, , 
12-10 00:55:09.275 D/DCT     ( 3128): [0]createAllApnList: mPreferredApn=[ApnSettingV3] Rogers LTE, 405, 302720, ltemobile.apn, , http://mms.gprs.rogers.com, 10.128.1.69, 80, , -1, default | mms | supl | hipri, IPV4V6, IPV4V6, true, 0, 0, false, 1023, 0, 300, 0, , 
12-10 00:55:09.275 D/DCT     ( 3128): [0]setDataProfilesAsNeeded
12-10 00:55:09.276 D/RILJ    ( 3128): [0172]> OEM_HOOK_RAW[09040004] [SUB0]
12-10 00:55:09.278 D/RILC    (  272): SOCKET RIL_SOCKET_1 REQUEST: OEM_HOOK_RAW length:16
12-10 00:55:09.278 D/DCT     ( 3128): [0]refresh Attach APN
12-10 00:55:09.278 D/DCT     ( 3128): [0]setupDataOnConnectableApns: apnChanged
12-10 00:55:09.278 D/DCT     ( 3128): [0]setupDataOnConnectableApns: apnContext {mApnType=hipri mState=IDLE mWaitingApns={null} mWaitingApnsPermanentFailureCountDown=0 mApnSetting={null} mReason=radioTurnedOff mDataEnabled=false mDependencyMet=true}
12-10 00:55:09.278 D/DCT     ( 3128): [0]setupDataOnConnectableApns: apnContext {mApnType=mms mState=IDLE mWaitingApns={null} mWaitingApnsPermanentFailureCountDown=0 mApnSetting={null} mReason=radioTurnedOff mDataEnabled=false mDependencyMet=true}
12-10 00:55:09.278 D/RILC    (  272): RequestComplete, RIL_SOCKET_1
12-10 00:55:09.278 D/DCT     ( 3128): [0]setupDataOnConnectableApns: apnContext {mApnType=supl mState=IDLE mWaitingApns={null} mWaitingApnsPermanentFailureCountDown=0 mApnSetting={null} mReason=radioTurnedOff mDataEnabled=false mDependencyMet=true}
12-10 00:55:09.278 E/RILC    (  272): Send Response to RIL_SOCKET_1
12-10 00:55:09.278 D/DCT     ( 3128): [0]setupDataOnConnectableApns: apnContext {mApnType=dun mState=IDLE mWaitingApns={null} mWaitingApnsPermanentFailureCountDown=0 mApnSetting={null} mReason=radioTurnedOff mDataEnabled=false mDependencyMet=true}
12-10 00:55:09.278 D/DCT     ( 3128): [0]setupDataOnConnectableApns: apnContext {mApnType=fota mState=IDLE mWaitingApns={null} mWaitingApnsPermanentFailureCountDown=0 mApnSetting={null} mReason=radioTurnedOff mDataEnabled=false mDependencyMet=true}
12-10 00:55:09.279 D/DCT     ( 3128): [0]setupDataOnConnectableApns: apnContext {mApnType=ims mState=IDLE mWaitingApns={null} mWaitingApnsPermanentFailureCountDown=0 mApnSetting={null} mReason=radioTurnedOff mDataEnabled=false mDependencyMet=true}
12-10 00:55:09.279 D/RILJ    ( 3128): [0172]< OEM_HOOK_RAW [B@1b... [SUB0]
