12-10 00:55:31.331 E/use-Rlog/RLOG-RIL-RAWDATA(  377): qmi_qmux_open_connection: connection is disabled for conn_id=48
12-10 00:55:31.331 E/use-Rlog/RLOG-RIL-RAWDATA(  377): qmi_qmux_tx_msg: failed to open inactive connd_id=48
12-10 00:55:31.331 E/use-Rlog/RLOG-RIL-RAWDATA(  377): qmi_qmux: TX failed, connection inactive or in reset, conn_id=48, status_flags=4
12-10 00:55:31.331 E/use-Rlog/RLOG-RIL-RAWDATA(  377): qmi_ctl_tx_msg: qmi_qmux_tx_msg failed
12-10 00:55:31.331 E/use-Rlog/RLOG-RIL-RAWDATA(  377): qmi_ctl_handle_request: qmi_ctl_tx_msg call failed
12-10 00:55:31.331 E/use-Rlog/RLOG-RIL-QMI(  377): qmuxd: TX message on fd=22, to qmux_client_id=0x3, len=968
12-10 00:55:31.331 E/use-Rlog/RLOG-RIL-QMI(  377): qmuxd: RX 968 bytes on fd=22 from qmux_client_id=0x3
12-10 00:55:31.331 E/use-Rlog/RLOG-RIL-RAWDATA(  377): qmi_qmux_open_connection: connection is disabled for conn_id=57
12-10 00:55:31.331 E/use-Rlog/RLOG-RIL-RAWDATA(  377): qmi_qmux_tx_msg: failed to open inactive connd_id=57
12-10 00:55:31.331 E/use-Rlog/RLOG-RIL-RAWDATA(  377): qmi_qmux: TX failed, connection inactive or in reset, conn_id=57, status_flags=4
12-10 00:55:31.331 E/use-Rlog/RLOG-RIL-RAWDATA(  377): qmi_ctl_tx_msg: qmi_qmux_tx_msg failed
12-10 00:55:31.331 E/use-Rlog/RLOG-RIL-RAWDATA(  377): qmi_ctl_handle_request: qmi_ctl_tx_msg call failed
12-10 00:55:31.331 E/use-Rlog/RLOG-RIL-QMI(  377): qmuxd: TX message on fd=22, to qmux_client_id=0x3, len=968
12-10 00:55:31.331 E/use-Rlog/RLOG-RIL-QMI(  377): qmuxd: RX 968 bytes on fd=22 from qmux_client_id=0x3
12-10 00:55:31.331 E/use-Rlog/RLOG-RIL-RAWDATA(  377): qmi_qmux_open_connection: connection is disabled for conn_id=57
12-10 00:55:31.332 E/use-Rlog/RLOG-RIL-RAWDATA(  377): qmi_qmux_tx_msg: failed to open inactive connd_id=57
12-10 00:55:31.332 E/use-Rlog/RLOG-RIL-RAWDATA(  377): qmi_qmux: TX failed, connection inactive or in reset, conn_id=57, status_flags=4
12-10 00:55:31.332 E/use-Rlog/RLOG-RIL-RAWDATA(  377): qmi_ctl_tx_msg: qmi_qmux_tx_msg failed
12-10 00:55:31.332 E/use-Rlog/RLOG-RIL-RAWDATA(  377): qmi_ctl_handle_request: qmi_ctl_tx_msg call failed
12-10 00:55:31.332 E/use-Rlog/RLOG-RIL-QMI(  377): qmuxd: TX message on fd=22, to qmux_client_id=0x3, len=968
12-10 00:55:31.332 E/use-Rlog/RLOG-RIL-QMI(  377): qmuxd: RX 968 bytes on fd=22 from qmux_client_id=0x3
12-10 00:55:31.332 E/use-Rlog/RLOG-RIL-RAWDATA(  377): qmi_qmux_open_connection: connection is disabled for conn_id=0
12-10 00:55:31.332 E/use-Rlog/RLOG-RIL-RAWDATA(  377): qmi_qmux_tx_msg: failed to open inactive connd_id=0
12-10 00:55:31.332 E/use-Rlog/RLOG-RIL-RAWDATA(  377): qmi_qmux: TX failed, connection inactive or in reset, conn_id=0, status_flags=4
12-10 00:55:31.332 E/use-Rlog/RLOG-RIL-RAWDATA(  377): qmi_ctl_tx_msg: qmi_qmux_tx_msg failed
12-10 00:55:31.332 E/use-Rlog/RLOG-RIL-RAWDATA(  377): qmi_ctl_handle_request: qmi_ctl_tx_msg call failed
12-10 00:55:31.332 E/use-Rlog/RLOG-RIL-QMI(  377): qmuxd: TX message on fd=22, to qmux_client_id=0x3, len=968
12-10 00:55:31.332 E/use-Rlog/RLOG-RIL-QMI(  377): qmuxd: RX 968 bytes on fd=22 from qmux_client_id=0x3
12-10 00:55:31.332 E/use-Rlog/RLOG-RIL-RAWDATA(  377): qmi_qmux_open_connection: connection is disabled for conn_id=0
12-10 00:55:31.332 E/use-Rlog/RLOG-RIL-RAWDATA(  377): qmi_qmux_tx_msg: failed to open inactive connd_id=0
12-10 00:55:31.332 E/use-Rlog/RLOG-RIL-RAWDATA(  377): qmi_qmux: TX failed, connection inactive or in reset, conn_id=0, status_flags=4
12-10 00:55:31.332 E/use-Rlog/RLOG-RIL-RAWDATA(  377): qmi_ctl_tx_msg: qmi_qmux_tx_msg failed
12-10 00:55:31.332 E/use-Rlog/RLOG-RIL-RAWDATA(  377): qmi_ctl_handle_request: qmi_ctl_tx_msg call failed
12-10 00:55:31.332 E/use-Rlog/RLOG-RIL-QMI(  377): qmuxd: TX message on fd=22, to qmux_client_id=0x3, len=968
12-10 00:55:31.333 E/use-Rlog/RLOG-RIL-QMI(  377): qmuxd: RX 968 bytes on fd=22 from qmux_client_id=0x3
12-10 00:55:31.333 E/use-Rlog/RLOG-RIL-RAWDATA(  377): qmi_qmux_open_connection: connection is disabled for conn_id=48
12-10 00:55:31.333 E/use-Rlog/RLOG-RIL-RAWDATA(  377): qmi_qmux_tx_msg: failed to open inactive connd_id=48
12-10 00:55:31.333 E/use-Rlog/RLOG-RIL-RAWDATA(  377): qmi_qmux: TX failed, connection inactive or in reset, conn_id=48, status_flags=4
12-10 00:55:31.333 E/use-Rlog/RLOG-RIL-RAWDATA(  377): qmi_ctl_tx_msg: qmi_qmux_tx_msg failed
12-10 00:55:31.333 E/use-Rlog/RLOG-RIL-RAWDATA(  377): qmi_ctl_handle_request: qmi_ctl_tx_msg call failed
12-10 00:55:31.333 E/use-Rlog/RLOG-RIL-QMI(  377): qmuxd: TX message on fd=22, to qmux_client_id=0x3, len=968
12-10 00:55:31.333 E/use-Rlog/RLOG-RIL-QMI(  377): qmuxd: RX 968 bytes on fd=22 from qmux_client_id=0x3
12-10 00:55:31.333 E/use-Rlog/RLOG-RIL-RAWDATA(  377): qmi_qmux_open_connection: connection is disabled for conn_id=48
12-10 00:55:31.333 E/use-Rlog/RLOG-RIL-RAWDATA(  377): qmi_qmux_tx_msg: failed to open inactive connd_id=48
12-10 00:55:31.333 E/use-Rlog/RLOG-RIL-RAWDATA(  377): qmi_qmux: TX failed, connection inactive or in reset, conn_id=48, status_flags=4
12-10 00:55:31.333 E/use-Rlog/RLOG-RIL-RAWDATA(  377): qmi_ctl_tx_msg: qmi_qmux_tx_msg failed
12-10 00:55:31.333 E/use-Rlog/RLOG-RIL-RAWDATA(  377): qmi_ctl_handle_request: qmi_ctl_tx_msg call failed
12-10 00:55:31.333 E/use-Rlog/RLOG-RIL-QMI(  377): qmuxd: TX message on fd=22, to qmux_client_id=0x3, len=968
12-10 00:55:31.333 E/use-Rlog/RLOG-RIL-QMI(  377): qmuxd: RX 968 bytes on fd=22 from qmux_client_id=0x3
12-10 00:55:31.333 E/use-Rlog/RLOG-RIL-RAWDATA(  377): qmi_qmux_open_connection: connection is disabled for conn_id=57
12-10 00:55:31.333 E/use-Rlog/RLOG-RIL-RAWDATA(  377): qmi_qmux_tx_msg: failed to open inactive connd_id=57
12-10 00:55:31.333 E/use-Rlog/RLOG-RIL-RAWDATA(  377): qmi_qmux: TX failed, connection inactive or in reset, conn_id=57, status_flags=4
12-10 00:55:31.333 E/use-Rlog/RLOG-RIL-RAWDATA(  377): qmi_ctl_tx_msg: qmi_qmux_tx_msg failed
12-10 00:55:31.333 E/use-Rlog/RLOG-RIL-RAWDATA(  377): qmi_ctl_handle_request: qmi_ctl_tx_msg call failed
12-10 00:55:31.333 E/use-Rlog/RLOG-RIL-QMI(  377): qmuxd: TX message on fd=22, to qmux_client_id=0x3, len=968
12-10 00:55:31.334 E/use-Rlog/RLOG-RIL-QMI(  377): qmuxd: RX 968 bytes on fd=22 from qmux_client_id=0x3
12-10 00:55:31.334 E/use-Rlog/RLOG-RIL-RAWDATA(  377): qmi_qmux_open_connection: connection is disabled for conn_id=57
12-10 00:55:31.334 E/use-Rlog/RLOG-RIL-RAWDATA(  377): qmi_qmux_tx_msg: failed to open inactive connd_id=57
12-10 00:55:31.334 E/use-Rlog/RLOG-RIL-RAWDATA(  377): qmi_qmux: TX failed, connection inactive or in reset, conn_id=57, status_flags=4
12-10 00:55:31.334 E/use-Rlog/RLOG-RIL-RAWDATA(  377): qmi_ctl_tx_msg: qmi_qmux_tx_msg failed
12-10 00:55:31.334 E/use-Rlog/RLOG-RIL-RAWDATA(  377): qmi_ctl_handle_request: qmi_ctl_tx_msg call failed
12-10 00:55:31.334 E/use-Rlog/RLOG-RIL-QMI(  377): qmuxd: TX message on fd=22, to qmux_client_id=0x3, len=968
12-10 00:55:31.334 E/use-Rlog/RLOG-RIL-QMI(  377): qmuxd: RX 968 bytes on fd=22 from qmux_client_id=0x3
12-10 00:55:31.344 E/use-Rlog/RLOG-RIL-QMI(  377): qmuxd: TX message on fd=22, to qmux_client_id=0x3, len=968
12-10 00:55:31.345 E/use-Rlog/RLOG-RIL-QMI(  377): qmuxd: RX 968 bytes on fd=22 from qmux_client_id=0x3
12-10 00:55:31.345 E/use-Rlog/RLOG-RIL-RAWDATA(  377): qmi_qmux_open_connection: connection is disabled for conn_id=0
12-10 00:55:31.345 E/use-Rlog/RLOG-RIL-RAWDATA(  377): qmi_qmux_tx_msg: failed to open inactive connd_id=0
12-10 00:55:31.345 E/use-Rlog/RLOG-RIL-RAWDATA(  377): qmi_qmux: TX failed, connection inactive or in reset, conn_id=0, status_flags=4
12-10 00:55:31.345 E/use-Rlog/RLOG-RIL-RAWDATA(  377): qmi_ctl_tx_msg: qmi_qmux_tx_msg failed
12-10 00:55:31.345 E/use-Rlog/RLOG-RIL-RAWDATA(  377): qmi_ctl_handle_request: qmi_ctl_tx_msg call failed
12-10 00:55:31.345 E/use-Rlog/RLOG-RIL-QMI(  377): qmuxd: TX message on fd=22, to qmux_client_id=0x3, len=968
12-10 00:55:31.345 E/use-Rlog/RLOG-RIL-QMI(  377): qmuxd: RX 968 bytes on fd=22 from qmux_client_id=0x3
12-10 00:55:31.345 E/use-Rlog/RLOG-RIL-RAWDATA(  377): qmi_qmux_open_connection: connection is disabled for conn_id=0
12-10 00:55:31.345 E/use-Rlog/RLOG-RIL-RAWDATA(  377): qmi_qmux_tx_msg: failed to open inactive connd_id=0
12-10 00:55:31.345 E/use-Rlog/RLOG-RIL-RAWDATA(  377): qmi_qmux: TX failed, connection inactive or in reset, conn_id=0, status_flags=4
12-10 00:55:31.345 E/use-Rlog/RLOG-RIL-RAWDATA(  377): qmi_ctl_tx_msg: qmi_qmux_tx_msg failed
12-10 00:55:31.345 E/use-Rlog/RLOG-RIL-RAWDATA(  377): qmi_ctl_handle_request: qmi_ctl_tx_msg call failed
12-10 00:55:31.345 E/use-Rlog/RLOG-RIL-QMI(  377): qmuxd: TX message on fd=22, to qmux_client_id=0x3, len=968
12-10 00:55:31.346 E/use-Rlog/RLOG-RIL-QMI(  377): qmuxd: RX 968 bytes on fd=22 from qmux_client_id=0x3
12-10 00:55:31.346 E/use-Rlog/RLOG-RIL-RAWDATA(  377): qmi_qmux_open_connection: connection is disabled for conn_id=48
12-10 00:55:31.346 E/use-Rlog/RLOG-RIL-RAWDATA(  377): qmi_qmux_tx_msg: failed to open inactive connd_id=48
12-10 00:55:31.346 E/use-Rlog/RLOG-RIL-RAWDATA(  377): qmi_qmux: TX failed, connection inactive or in reset, conn_id=48, status_flags=4
12-10 00:55:31.346 E/use-Rlog/RLOG-RIL-RAWDATA(  377): qmi_ctl_tx_msg: qmi_qmux_tx_msg failed
12-10 00:55:31.346 E/use-Rlog/RLOG-RIL-RAWDATA(  377): qmi_ctl_handle_request: qmi_ctl_tx_msg call failed
12-10 00:55:31.346 E/use-Rlog/RLOG-RIL-QMI(  377): qmuxd: TX message on fd=22, to qmux_client_id=0x3, len=968
12-10 00:55:31.347 E/use-Rlog/RLOG-RIL-QMI(  377): qmuxd: RX 968 bytes on fd=22 from qmux_client_id=0x3
12-10 00:55:31.347 E/use-Rlog/RLOG-RIL-RAWDATA(  377): qmi_qmux_open_connection: connection is disabled for conn_id=48
12-10 00:55:31.347 E/use-Rlog/RLOG-RIL-RAWDATA(  377): qmi_qmux_tx_msg: failed to open inactive connd_id=48
12-10 00:55:31.347 E/use-Rlog/RLOG-RIL-RAWDATA(  377): qmi_qmux: TX failed, connection inactive or in reset, conn_id=48, status_flags=4
12-10 00:55:31.347 E/use-Rlog/RLOG-RIL-RAWDATA(  377): qmi_ctl_tx_msg: qmi_qmux_tx_msg failed
12-10 00:55:31.347 E/use-Rlog/RLOG-RIL-RAWDATA(  377): qmi_ctl_handle_request: qmi_ctl_tx_msg call failed
12-10 00:55:31.347 E/use-Rlog/RLOG-RIL-QMI(  377): qmuxd: TX message on fd=22, to qmux_client_id=0x3, len=968
12-10 00:55:31.347 E/use-Rlog/RLOG-RIL-QMI(  377): qmuxd: RX 968 bytes on fd=22 from qmux_client_id=0x3
12-10 00:55:31.347 E/use-Rlog/RLOG-RIL-RAWDATA(  377): qmi_qmux_open_connection: connection is disabled for conn_id=57
12-10 00:55:31.347 E/use-Rlog/RLOG-RIL-RAWDATA(  377): qmi_qmux_tx_msg: failed to open inactive connd_id=57
12-10 00:55:31.347 E/use-Rlog/RLOG-RIL-RAWDATA(  377): qmi_qmux: TX failed, connection inactive or in reset, conn_id=57, status_flags=4
12-10 00:55:31.347 E/use-Rlog/RLOG-RIL-RAWDATA(  377): qmi_ctl_tx_msg: qmi_qmux_tx_msg failed
12-10 00:55:31.347 E/use-Rlog/RLOG-RIL-RAWDATA(  377): qmi_ctl_handle_request: qmi_ctl_tx_msg call failed
12-10 00:55:31.347 E/use-Rlog/RLOG-RIL-QMI(  377): qmuxd: TX message on fd=22, to qmux_client_id=0x3, len=968
12-10 00:55:31.347 E/use-Rlog/RLOG-RIL-QMI(  377): qmuxd: RX 968 bytes on fd=22 from qmux_client_id=0x3
12-10 00:55:31.348 E/use-Rlog/RLOG-RIL-RAWDATA(  377): qmi_qmux_open_connection: connection is disabled for conn_id=57
12-10 00:55:31.348 E/use-Rlog/RLOG-RIL-RAWDATA(  377): qmi_qmux_tx_msg: failed to open inactive connd_id=57
12-10 00:55:31.348 E/use-Rlog/RLOG-RIL-RAWDATA(  377): qmi_qmux: TX failed, connection inactive or in reset, conn_id=57, status_flags=4
12-10 00:55:31.348 E/use-Rlog/RLOG-RIL-RAWDATA(  377): qmi_ctl_tx_msg: qmi_qmux_tx_msg failed
12-10 00:55:31.348 E/use-Rlog/RLOG-RIL-RAWDATA(  377): qmi_ctl_handle_request: qmi_ctl_tx_msg call failed
12-10 00:55:31.348 E/use-Rlog/RLOG-RIL-QMI(  377): qmuxd: TX message on fd=22, to qmux_client_id=0x3, len=968
12-10 00:55:31.348 E/use-Rlog/RLOG-RIL-QMI(  377): qmuxd: RX 968 bytes on fd=22 from qmux_client_id=0x3
12-10 00:55:31.348 E/use-Rlog/RLOG-RIL-RAWDATA(  377): qmi_qmux_open_connection: connection is disabled for conn_id=0
12-10 00:55:31.348 E/use-Rlog/RLOG-RIL-RAWDATA(  377): qmi_qmux_tx_msg: failed to open inactive connd_id=0
12-10 00:55:31.348 E/use-Rlog/RLOG-RIL-RAWDATA(  377): qmi_qmux: TX failed, connection inactive or in reset, conn_id=0, status_flags=4
12-10 00:55:31.348 E/use-Rlog/RLOG-RIL-RAWDATA(  377): qmi_ctl_tx_msg: qmi_qmux_tx_msg failed
12-10 00:55:31.348 E/use-Rlog/RLOG-RIL-RAWDATA(  377): qmi_ctl_handle_request: qmi_ctl_tx_msg call failed
12-10 00:55:31.348 E/use-Rlog/RLOG-RIL-QMI(  377): qmuxd: TX message on fd=22, to qmux_client_id=0x3, len=968
12-10 00:55:31.348 E/use-Rlog/RLOG-RIL-QMI(  377): qmuxd: RX 968 bytes on fd=22 from qmux_client_id=0x3
12-10 00:55:31.348 E/use-Rlog/RLOG-RIL-RAWDATA(  377): qmi_qmux_open_connection: connection is disabled for conn_id=0
12-10 00:55:31.348 E/use-Rlog/RLOG-RIL-RAWDATA(  377): qmi_qmux_tx_msg: failed to open inactive connd_id=0
12-10 00:55:31.348 E/use-Rlog/RLOG-RIL-RAWDATA(  377): qmi_qmux: TX failed, connection inactive or in reset, conn_id=0, status_flags=4
12-10 00:55:31.348 E/use-Rlog/RLOG-RIL-RAWDATA(  377): qmi_ctl_tx_msg: qmi_qmux_tx_msg failed
12-10 00:55:31.349 E/use-Rlog/RLOG-RIL-RAWDATA(  377): qmi_ctl_handle_request: qmi_ctl_tx_msg call failed
12-10 00:55:31.349 E/use-Rlog/RLOG-RIL-QMI(  377): qmuxd: TX message on fd=22, to qmux_client_id=0x3, len=968
12-10 00:55:31.349 E/use-Rlog/RLOG-RIL-QMI(  377): qmuxd: RX 968 bytes on fd=22 from qmux_client_id=0x3
12-10 00:55:31.349 E/use-Rlog/RLOG-RIL-RAWDATA(  377): qmi_qmux_open_connection: connection is disabled for conn_id=48
12-10 00:55:31.349 E/use-Rlog/RLOG-RIL-RAWDATA(  377): qmi_qmux_tx_msg: failed to open inactive connd_id=48
12-10 00:55:31.349 E/use-Rlog/RLOG-RIL-RAWDATA(  377): qmi_qmux: TX failed, connection inactive or in reset, conn_id=48, status_flags=4
12-10 00:55:31.349 E/use-Rlog/RLOG-RIL-RAWDATA(  377): qmi_ctl_tx_msg: qmi_qmux_tx_msg failed
12-10 00:55:31.349 E/use-Rlog/RLOG-RIL-RAWDATA(  377): qmi_ctl_handle_request: qmi_ctl_tx_msg call failed
12-10 00:55:31.349 E/use-Rlog/RLOG-RIL-QMI(  377): qmuxd: TX message on fd=22, to qmux_client_id=0x3, len=968
12-10 00:55:31.349 E/use-Rlog/RLOG-RIL-QMI(  377): qmuxd: RX 968 bytes on fd=22 from qmux_client_id=0x3
12-10 00:55:31.349 E/use-Rlog/RLOG-RIL-RAWDATA(  377): qmi_qmux_open_connection: connection is disabled for conn_id=48
12-10 00:55:31.349 E/use-Rlog/RLOG-RIL-RAWDATA(  377): qmi_qmux_tx_msg: failed to open inactive connd_id=48
12-10 00:55:31.349 E/use-Rlog/RLOG-RIL-RAWDATA(  377): qmi_qmux: TX failed, connection inactive or in reset, conn_id=48, status_flags=4
12-10 00:55:31.349 E/use-Rlog/RLOG-RIL-RAWDATA(  377): qmi_ctl_tx_msg: qmi_qmux_tx_msg failed
12-10 00:55:31.349 E/use-Rlog/RLOG-RIL-RAWDATA(  377): qmi_ctl_handle_request: qmi_ctl_tx_msg call failed
12-10 00:55:31.349 E/use-Rlog/RLOG-RIL-QMI(  377): qmuxd: TX message on fd=22, to qmux_client_id=0x3, len=968
12-10 00:55:31.350 E/use-Rlog/RLOG-RIL-QMI(  377): qmuxd: RX 968 bytes on fd=22 from qmux_client_id=0x3
12-10 00:55:31.350 E/use-Rlog/RLOG-RIL-RAWDATA(  377): qmi_qmux_open_connection: connection is disabled for conn_id=57
12-10 00:55:31.350 E/use-Rlog/RLOG-RIL-RAWDATA(  377): qmi_qmux_tx_msg: failed to open inactive connd_id=57
12-10 00:55:31.350 E/use-Rlog/RLOG-RIL-RAWDATA(  377): qmi_qmux: TX failed, connection inactive or in reset, conn_id=57, status_flags=4
12-10 00:55:31.350 E/use-Rlog/RLOG-RIL-RAWDATA(  377): qmi_ctl_tx_msg: qmi_qmux_tx_msg failed
12-10 00:55:31.350 E/use-Rlog/RLOG-RIL-RAWDATA(  377): qmi_ctl_handle_request: qmi_ctl_tx_msg call failed
12-10 00:55:31.350 E/use-Rlog/RLOG-RIL-QMI(  377): qmuxd: TX message on fd=22, to qmux_client_id=0x3, len=968
12-10 00:55:31.350 E/use-Rlog/RLOG-RIL-QMI(  377): qmuxd: RX 968 bytes on fd=22 from qmux_client_id=0x3
12-10 00:55:31.350 E/use-Rlog/RLOG-RIL-RAWDATA(  377): qmi_qmux_open_connection: connection is disabled for conn_id=57
12-10 00:55:31.350 E/use-Rlog/RLOG-RIL-RAWDATA(  377): qmi_qmux_tx_msg: failed to open inactive connd_id=57
12-10 00:55:31.350 E/use-Rlog/RLOG-RIL-RAWDATA(  377): qmi_qmux: TX failed, connection inactive or in reset, conn_id=57, status_flags=4
12-10 00:55:31.350 E/use-Rlog/RLOG-RIL-RAWDATA(  377): qmi_ctl_tx_msg: qmi_qmux_tx_msg failed
12-10 00:55:31.350 E/use-Rlog/RLOG-RIL-RAWDATA(  377): qmi_ctl_handle_request: qmi_ctl_tx_msg call failed
12-10 00:55:31.350 E/use-Rlog/RLOG-RIL-QMI(  377): qmuxd: TX message on fd=22, to qmux_client_id=0x3, len=968
12-10 00:55:31.417 E/use-Rlog/RLOG-RIL-QMI(  377): qmuxd: RX 54 bytes on fd=22 from qmux_client_id=0x3
12-10 00:55:31.428 E/use-Rlog/RLOG-RIL-QMI(  377): qmuxd: TX message on fd=22, to qmux_client_id=0x3, len=54
12-10 00:55:31.436 E/use-Rlog/RLOG-RIL-QMI(  377): qmuxd: TX message on fd=22, to qmux_client_id=0x3, len=54
12-10 00:55:31.438 E/use-Rlog/RLOG-RIL-QMI(  377): qmuxd: RX 58 bytes on fd=22 from qmux_client_id=0x3
12-10 00:55:31.448 E/use-Rlog/RLOG-RIL-QMI(  377): qmuxd: TX message on fd=22, to qmux_client_id=0x3, len=54
12-10 00:55:31.448 E/use-Rlog/RLOG-RIL-QMI(  377): qmuxd: RX 54 bytes on fd=22 from qmux_client_id=0x3
12-10 00:55:31.460 E/use-Rlog/RLOG-RIL-QMI(  377): qmuxd: TX message on fd=22, to qmux_client_id=0x3, len=54
12-10 00:55:31.472 E/use-Rlog/RLOG-RIL-QMI(  377): qmuxd: TX message on fd=22, to qmux_client_id=0x3, len=54
12-10 00:55:31.472 E/use-Rlog/RLOG-RIL-QMI(  377): qmuxd: RX 77 bytes on fd=22 from qmux_client_id=0x3
12-10 00:55:31.488 E/use-Rlog/RLOG-RIL-QMI(  377): qmuxd: TX message on fd=22, to qmux_client_id=0x3, len=54
12-10 00:55:31.496 E/use-Rlog/RLOG-RIL-QMI(  377): qmuxd: TX message on fd=22, to qmux_client_id=0x3, len=54
12-10 00:55:31.496 E/use-Rlog/RLOG-RIL-QMI(  377): qmuxd: RX 52 bytes on fd=22 from qmux_client_id=0x3
12-10 00:55:31.508 E/use-Rlog/RLOG-RIL-QMI(  377): qmuxd: TX message on fd=22, to qmux_client_id=0x3, len=51
12-10 00:55:31.508 E/use-Rlog/RLOG-RIL-QMI(  377): qmuxd: RX 51 bytes on fd=22 from qmux_client_id=0x3
12-10 00:55:31.520 E/use-Rlog/RLOG-RIL-QMI(  377): qmuxd: TX message on fd=22, to qmux_client_id=0x3, len=54
12-10 00:55:31.528 E/use-Rlog/RLOG-RIL-QMI(  377): qmuxd: TX message on fd=22, to qmux_client_id=0x3, len=54
12-10 00:55:31.528 E/use-Rlog/RLOG-RIL-QMI(  377): qmuxd: RX 54 bytes on fd=22 from qmux_client_id=0x3
12-10 00:55:31.540 E/use-Rlog/RLOG-RIL-QMI(  377): qmuxd: TX message on fd=22, to qmux_client_id=0x3, len=54
12-10 00:55:31.548 E/use-Rlog/RLOG-RIL-QMI(  377): qmuxd: TX message on fd=22, to qmux_client_id=0x3, len=54
12-10 00:55:31.548 E/use-Rlog/RLOG-RIL-QMI(  377): qmuxd: RX 54 bytes on fd=22 from qmux_client_id=0x3
12-10 00:55:31.560 E/use-Rlog/RLOG-RIL-QMI(  377): qmuxd: TX message on fd=22, to qmux_client_id=0x3, len=54
12-10 00:55:31.568 E/use-Rlog/RLOG-RIL-QMI(  377): qmuxd: TX message on fd=22, to qmux_client_id=0x3, len=54
12-10 00:55:31.569 E/use-Rlog/RLOG-RIL-QMI(  377): qmuxd: RX 51 bytes on fd=22 from qmux_client_id=0x3
12-10 00:55:31.580 E/use-Rlog/RLOG-RIL-QMI(  377): qmuxd: TX message on fd=22, to qmux_client_id=0x3, len=51
12-10 00:55:31.581 E/use-Rlog/RLOG-RIL-QMI(  377): qmuxd: RX 51 bytes on fd=22 from qmux_client_id=0x3
12-10 00:55:31.593 E/use-Rlog/RLOG-RIL-QMI(  377): qmuxd: TX message on fd=22, to qmux_client_id=0x3, len=51
12-10 00:55:31.593 E/use-Rlog/RLOG-RIL-QMI(  377): qmuxd: RX 51 bytes on fd=22 from qmux_client_id=0x3
12-10 00:55:31.604 E/use-Rlog/RLOG-RIL-QMI(  377): qmuxd: TX message on fd=22, to qmux_client_id=0x3, len=51
12-10 00:55:31.605 E/use-Rlog/RLOG-RIL-QMI(  377): qmuxd: RX 54 bytes on fd=22 from qmux_client_id=0x3
12-10 00:55:31.621 E/use-Rlog/RLOG-RIL-QMI(  377): qmuxd: TX message on fd=22, to qmux_client_id=0x3, len=54
12-10 00:55:31.628 E/use-Rlog/RLOG-RIL-QMI(  377): qmuxd: TX message on fd=22, to qmux_client_id=0x3, len=54
12-10 00:55:31.628 E/use-Rlog/RLOG-RIL-QMI(  377): qmuxd: RX 61 bytes on fd=22 from qmux_client_id=0x3
12-10 00:55:31.640 E/use-Rlog/RLOG-RIL-QMI(  377): qmuxd: TX message on fd=22, to qmux_client_id=0x3, len=54
12-10 00:55:31.648 E/use-Rlog/RLOG-RIL-QMI(  377): qmuxd: TX message on fd=22, to qmux_client_id=0x3, len=54
12-10 00:55:31.648 E/use-Rlog/RLOG-RIL-QMI(  377): qmuxd: RX 89 bytes on fd=22 from qmux_client_id=0x3
12-10 00:55:31.660 E/use-Rlog/RLOG-RIL-QMI(  377): qmuxd: TX message on fd=22, to qmux_client_id=0x3, len=54
12-10 00:55:31.668 E/use-Rlog/RLOG-RIL-QMI(  377): qmuxd: TX message on fd=22, to qmux_client_id=0x3, len=54
12-10 00:55:31.668 E/use-Rlog/RLOG-RIL-QMI(  377): qmuxd: RX 54 bytes on fd=22 from qmux_client_id=0x3
12-10 00:55:31.680 E/use-Rlog/RLOG-RIL-QMI(  377): qmuxd: TX message on fd=22, to qmux_client_id=0x3, len=54
12-10 00:55:31.680 E/use-Rlog/RLOG-RIL-QMI(  377): qmuxd: RX 58 bytes on fd=22 from qmux_client_id=0x3
12-10 00:55:31.692 E/use-Rlog/RLOG-RIL-QMI(  377): qmuxd: TX message on fd=22, to qmux_client_id=0x3, len=54
12-10 00:55:33.640 E/use-Rlog/RLOG-RIL-QMI(  377): qmuxd: TX message on fd=20, to qmux_client_id=0x1, len=56
12-10 00:55:33.643 E/use-Rlog/RLOG-RIL-QMI(  377): qmuxd: RX 47 bytes on fd=20 from qmux_client_id=0x1
12-10 00:55:33.656 E/use-Rlog/RLOG-RIL-QMI(  377): qmuxd: TX message on fd=20, to qmux_client_id=0x1, len=68
12-10 00:55:33.657 I/RILC    (  272): RIL_SOCKET_1 UNSOLICITED: UNSOL_SIGNAL_STRENGTH length:60
12-10 00:55:33.657 E/RILC    (  272): Send Response to RIL_SOCKET_1
12-10 00:55:33.660 W/SignalStrength( 3128): Signal before validate=SignalStrength: 99 3145827 -1 -1 -1 -1 -1 16 99 11 34 -1 2147483647 0x0 gsm|lte
12-10 00:55:33.660 W/SignalStrength( 3128): Signal after validate=SignalStrength: 99 99 -120 -160 -120 -1 -1 16 -99 -11 34 -1 2147483647 0x3000 gsm|lte
12-10 00:55:33.660 D/DefaultPhoneNotifier( 3128): notifySignalStrength: mRegistry=com.android.internal.telephony.ITelephonyRegistry$Stub$Proxy@280c75ad ss=SignalStrength: 99 99 -120 -160 -120 -1 -1 16 -99 -11 34 -1 2147483647 0x3000 gsm|lte sender=Handler (com.android.internal.telephony.gsm.GSMPhone) {2df77a2c}
12-10 00:55:34.295 D/SUB     ( 3128): [SubManager] [getSubId]- fail, slotId:1, getSimCount():1
12-10 00:55:34.752 D/TelephonyManager( 1888): getSimOperator(): default subId=1
12-10 00:55:34.753 D/TelephonyManager( 1888): getSimOperator: subId=1 operator=302720
12-10 00:55:34.777 D/TelephonyManager( 1888): getSimOperator(): default subId=1
12-10 00:55:34.778 D/TelephonyManager( 1888): getSimOperator: subId=1 operator=302720
12-10 00:55:34.818 D/TelephonyManager( 1888): getSimOperator(): default subId=1
12-10 00:55:34.819 D/TelephonyManager( 1888): getSimOperator: subId=1 operator=302720
12-10 00:55:34.849 D/TelephonyManager( 1888): getSimOperator(): default subId=1
12-10 00:55:34.849 D/TelephonyManager( 1888): getSimOperator: subId=1 operator=302720
12-10 00:55:35.554 D/RILJ    ( 3128): [0237]> OPERATOR [SUB0]
12-10 00:55:35.555 D/RILJ    ( 3128): [0238]> DATA_REGISTRATION_STATE [SUB0]
12-10 00:55:35.556 D/RILJ    ( 3128): [0239]> VOICE_REGISTRATION_STATE [SUB0]
12-10 00:55:35.557 D/RILJ    ( 3128): [0240]> QUERY_NETWORK_SELECTION_MODE [SUB0]
12-10 00:55:35.560 D/RILC    (  272): SOCKET RIL_SOCKET_1 REQUEST: OPERATOR length:8
12-10 00:55:35.563 D/RILC    (  272): RequestComplete, RIL_SOCKET_1
12-10 00:55:35.563 E/RILC    (  272): Send Response to RIL_SOCKET_1
12-10 00:55:35.563 D/RILC    (  272): SOCKET RIL_SOCKET_1 REQUEST: DATA_REGISTRATION_STATE length:8
12-10 00:55:35.564 D/RILJ    ( 3128): [0237]< OPERATOR {xx,xx,xx,xx} [SUB0]
12-10 00:55:35.576 D/RILC    (  272): RequestComplete, RIL_SOCKET_1
12-10 00:55:35.576 E/RILC    (  272): Send Response to RIL_SOCKET_1
12-10 00:55:35.576 D/RILJ    ( 3128): [0238]< DATA_REGISTRATION_STATE {1, 7ef4, 01741006, 14, null, 4, null} [SUB0]
12-10 00:55:35.576 D/PHONE   ( 3128): [ServiceState] setDataRegState=0
12-10 00:55:35.577 D/TelephonyManager( 3128): setTelephonyProperty property=gsm.operator.ispsroaming propVal=false
12-10 00:55:35.579 D/RILC    (  272): SOCKET RIL_SOCKET_1 REQUEST: VOICE_REGISTRATION_STATE length:8
12-10 00:55:35.580 D/PHONE   ( 3128): [ServiceState] setDataRadioTechnology=14
12-10 00:55:35.580 D/GsmSST  ( 3128): handlPollStateResultMessage: GsmSST setDataRegState=0 regState=1 dataRadioTechnology=14
12-10 00:55:35.583 D/RILC    (  272): RequestComplete, RIL_SOCKET_1
12-10 00:55:35.583 E/RILC    (  272): Send Response to RIL_SOCKET_1
12-10 00:55:35.584 D/RILJ    ( 3128): [0239]< VOICE_REGISTRATION_STATE {1, 7ef4, 01741006, 14, null, null, null, null, null, null, null, null, null, null, 0000} [SUB0]
12-10 00:55:35.584 D/PHONE   ( 3128): [ServiceState] setVoiceRegState=0
12-10 00:55:35.584 E/PHONE   ( 3128): [ServiceState] setState deprecated use setVoiceRegState()
12-10 00:55:35.585 D/RILC    (  272): SOCKET RIL_SOCKET_1 REQUEST: QUERY_NETWORK_SELECTION_MODE length:8
12-10 00:55:35.585 D/RILC    (  272): RequestComplete, RIL_SOCKET_1
12-10 00:55:35.585 E/RILC    (  272): Send Response to RIL_SOCKET_1
12-10 00:55:35.586 D/RILJ    ( 3128): [0240]< QUERY_NETWORK_SELECTION_MODE {0} [SUB0]
12-10 00:55:35.586 I/SIMRecords( 3128): [SIMRecords] getFakeHomeOn() simOper[******], getIMSI()[******]
12-10 00:55:35.587 D/SpnOverride( 3128): [SpnOverride] getMatchingSpnOverrideInfo, carrier=[302720], simop=[30272]
12-10 00:55:35.587 D/SpnOverride( 3128): [SpnOverride] getMatchingSpnOverrideInfo - no entry for carrier=[302720]
12-10 00:55:35.587 D/GsmSST  ( 3128): Poll ServiceState done:  oldSS=[0 0 home  LTE LTE CSS not supported -1 -1 RoamInd=-1 DefRoamInd=-1 EmergOnly=false] newSS=[0 0 home  LTE LTE CSS not supported -1 -1 RoamInd=-1 DefRoamInd=-1 EmergOnly=false] oldMaxDataCalls=4 mNewMaxDataCalls=4 oldReasonDataDenied=-1 mNewReasonDataDenied=-1
12-10 00:55:35.587 D/PHONE   ( 3128): [ServiceState] setNullState=1
12-10 00:55:35.977 D/PhoneFactory( 3128): getPhone: phoneId == DEFAULT_PHONE_ID
12-10 00:55:35.977 D/PhoneFactory( 3128): getPhone:- phone=Handler (com.android.internal.telephony.PhoneProxy) {3e0d3ddf}
12-10 00:55:35.979 D/PhoneFactory( 3128): getPhone: phoneId == DEFAULT_PHONE_ID
12-10 00:55:35.979 D/PhoneFactory( 3128): getPhone:- phone=Handler (com.android.internal.telephony.PhoneProxy) {3e0d3ddf}
12-10 00:55:36.201 E/use-Rlog/RLOG-RIL-QMI(  377): qmuxd: TX message on fd=20, to qmux_client_id=0x1, len=56
12-10 00:55:36.202 E/use-Rlog/RLOG-RIL-QMI(  377): qmuxd: RX 47 bytes on fd=20 from qmux_client_id=0x1
12-10 00:55:36.208 E/use-Rlog/RLOG-RIL-QMI(  377): qmuxd: TX message on fd=20, to qmux_client_id=0x1, len=56
12-10 00:55:36.216 E/use-Rlog/RLOG-RIL-QMI(  377): qmuxd: TX message on fd=20, to qmux_client_id=0x1, len=68
12-10 00:55:36.216 I/RILC    (  272): RIL_SOCKET_1 UNSOLICITED: UNSOL_SIGNAL_STRENGTH length:60
12-10 00:55:36.216 E/RILC    (  272): Send Response to RIL_SOCKET_1
12-10 00:55:36.216 E/use-Rlog/RLOG-RIL-QMI(  377): qmuxd: RX 47 bytes on fd=20 from qmux_client_id=0x1
12-10 00:55:36.218 W/SignalStrength( 3128): Signal before validate=SignalStrength: 99 3145827 -1 -1 -1 -1 -1 17 102 11 26 -1 2147483647 0x0 gsm|lte
12-10 00:55:36.218 W/SignalStrength( 3128): Signal after validate=SignalStrength: 99 99 -120 -160 -120 -1 -1 17 -102 -11 26 -1 2147483647 0x3000 gsm|lte
12-10 00:55:36.218 D/DefaultPhoneNotifier( 3128): notifySignalStrength: mRegistry=com.android.internal.telephony.ITelephonyRegistry$Stub$Proxy@280c75ad ss=SignalStrength: 99 99 -120 -160 -120 -1 -1 17 -102 -11 26 -1 2147483647 0x3000 gsm|lte sender=Handler (com.android.internal.telephony.gsm.GSMPhone) {2df77a2c}
12-10 00:55:36.232 E/use-Rlog/RLOG-RIL-QMI(  377): qmuxd: TX message on fd=20, to qmux_client_id=0x1, len=68
12-10 00:55:36.232 I/RILC    (  272): RIL_SOCKET_1 UNSOLICITED: UNSOL_SIGNAL_STRENGTH length:60
12-10 00:55:36.232 E/RILC    (  272): Send Response to RIL_SOCKET_1
12-10 00:55:36.232 W/SignalStrength( 3128): Signal before validate=SignalStrength: 99 3145827 -1 -1 -1 -1 -1 17 102 11 26 -1 2147483647 0x0 gsm|lte
12-10 00:55:36.232 W/SignalStrength( 3128): Signal after validate=SignalStrength: 99 99 -120 -160 -120 -1 -1 17 -102 -11 26 -1 2147483647 0x3000 gsm|lte
12-10 00:55:36.233 D/DefaultPhoneNotifier( 3128): notifySignalStrength: mRegistry=com.android.internal.telephony.ITelephonyRegistry$Stub$Proxy@280c75ad ss=SignalStrength: 99 99 -120 -160 -120 -1 -1 17 -102 -11 26 -1 2147483647 0x3000 gsm|lte sender=Handler (com.android.internal.telephony.gsm.GSMPhone) {2df77a2c}
12-10 00:55:36.655 D/SUB     ( 1888): [SubManager] isValidSubId, invalid sub id = 9223372036854775807
12-10 00:55:36.656 D/SUB     ( 1888): [SubManager] [getPhoneId]- default subid insert DEFAULT_PHONE_ID return
12-10 00:55:36.692 D/PhoneFactory( 3128): getPhone: phoneId == DEFAULT_PHONE_ID
12-10 00:55:36.692 D/PhoneFactory( 3128): getPhone:- phone=Handler (com.android.internal.telephony.PhoneProxy) {3e0d3ddf}
12-10 00:55:36.812 D/TelephonyManager( 6348): getSimOperator(): default subId=1
12-10 00:55:36.827 D/TelephonyManager( 6348): getSimOperator: subId=1 operator=302720
12-10 00:55:36.977 D/PhoneFactory( 3128): getPhone: phoneId == DEFAULT_PHONE_ID
12-10 00:55:36.977 D/PhoneFactory( 3128): getPhone:- phone=Handler (com.android.internal.telephony.PhoneProxy) {3e0d3ddf}
12-10 00:55:37.727 D/TelephonyManager( 6608): getSimOperator(): default subId=1
12-10 00:55:37.746 D/TelephonyManager( 6608): getSimOperator: subId=1 operator=302720
12-10 00:55:39.093 D/PhoneFactory( 3128): getPhone: phoneId == DEFAULT_PHONE_ID
12-10 00:55:39.093 D/PhoneFactory( 3128): getPhone:- phone=Handler (com.android.internal.telephony.PhoneProxy) {3e0d3ddf}
12-10 00:55:40.663 E/use-Rlog/RLOG-RIL-QMI(  377): qmuxd: TX message on fd=20, to qmux_client_id=0x1, len=56
12-10 00:55:40.667 E/use-Rlog/RLOG-RIL-QMI(  377): qmuxd: RX 47 bytes on fd=20 from qmux_client_id=0x1
12-10 00:55:40.670 E/use-Rlog/RLOG-RIL-QMI(  377): qmuxd: TX message on fd=20, to qmux_client_id=0x1, len=56
12-10 00:55:40.678 E/use-Rlog/RLOG-RIL-QMI(  377): qmuxd: TX message on fd=20, to qmux_client_id=0x1, len=147
12-10 00:55:40.686 E/use-Rlog/RLOG-RIL-QMI(  377): qmuxd: TX message on fd=20, to qmux_client_id=0x1, len=68
12-10 00:55:40.687 E/use-Rlog/RLOG-RIL-QMI(  377): qmuxd: RX 47 bytes on fd=20 from qmux_client_id=0x1
12-10 00:55:40.687 I/RILC    (  272): RIL_SOCKET_1 UNSOLICITED: UNSOL_SIGNAL_STRENGTH length:60
12-10 00:55:40.687 E/RILC    (  272): Send Response to RIL_SOCKET_1
12-10 00:55:40.691 W/SignalStrength( 3128): Signal before validate=SignalStrength: 99 2097251 -1 -1 -1 -1 -1 16 107 10 20 -1 2147483647 0x0 gsm|lte
12-10 00:55:40.691 W/SignalStrength( 3128): Signal after validate=SignalStrength: 99 99 -120 -160 -120 -1 -1 16 -107 -10 20 -1 2147483647 0x2000 gsm|lte
12-10 00:55:40.691 D/DefaultPhoneNotifier( 3128): notifySignalStrength: mRegistry=com.android.internal.telephony.ITelephonyRegistry$Stub$Proxy@280c75ad ss=SignalStrength: 99 99 -120 -160 -120 -1 -1 16 -107 -10 20 -1 2147483647 0x2000 gsm|lte sender=Handler (com.android.internal.telephony.gsm.GSMPhone) {2df77a2c}
12-10 00:55:40.702 E/use-Rlog/RLOG-RIL-QMI(  377): qmuxd: TX message on fd=20, to qmux_client_id=0x1, len=68
12-10 00:55:40.702 E/RILD    (  272): UpdateVoiceRte: [CS] 1x reg [0], gsm reg [2], wcdma reg [2], lte reg [1], hdr reg [0], Td reg [0]
12-10 00:55:40.702 E/RILD    (  272): UpdateVoiceRte: mVoiceRte(5), Confidence(1), mReportedLteSmsStatus(0)
12-10 00:55:40.702 E/RILD    (  272): UpdateDataRte: [PS] 1x reg [0], gsm reg [2], wcdma reg [2], lte reg [1], hdr reg [0], Td reg [0], pref_data_tech(6), radio_tech_flag(1)
12-10 00:55:40.702 E/RILD    (  272): UpdateDataRte: mDataRte(5), Confidence(1)
12-10 00:55:40.702 E/RILD    (  272): UpdateImsRte: mImsRte(0), Confidence(4)
12-10 00:55:40.703 I/RILC    (  272): RIL_SOCKET_1 UNSOLICITED: UNSOL_SIGNAL_STRENGTH length:60
12-10 00:55:40.703 E/RILC    (  272): Send Response to RIL_SOCKET_1
12-10 00:55:40.703 I/RILC    (  272): RIL_SOCKET_1 UNSOLICITED: UNSOL_SIGNAL_STRENGTH length:60
12-10 00:55:40.703 E/RILC    (  272): Send Response to RIL_SOCKET_1
12-10 00:55:40.704 I/RILC    (  272): RIL_SOCKET_1 UNSOLICITED: UNSOL_RESPONSE_VOICE_NETWORK_STATE_CHANGED length:8
12-10 00:55:40.704 E/RILC    (  272): Send Response to RIL_SOCKET_1
12-10 00:55:40.704 W/SignalStrength( 3128): Signal before validate=SignalStrength: 99 2097251 -1 -1 -1 -1 -1 16 107 10 20 -1 2147483647 0x0 gsm|lte
12-10 00:55:40.704 W/SignalStrength( 3128): Signal after validate=SignalStrength: 99 99 -120 -160 -120 -1 -1 16 -107 -10 20 -1 2147483647 0x2000 gsm|lte
12-10 00:55:40.704 D/RILJ    ( 3128): [UNSL]< UNSOL_RESPONSE_VOICE_NETWORK_STATE_CHANGED [SUB0]
12-10 00:55:40.704 D/DefaultPhoneNotifier( 3128): notifySignalStrength: mRegistry=com.android.internal.telephony.ITelephonyRegistry$Stub$Proxy@280c75ad ss=SignalStrength: 99 99 -120 -160 -120 -1 -1 16 -107 -10 20 -1 2147483647 0x2000 gsm|lte sender=Handler (com.android.internal.telephony.gsm.GSMPhone) {2df77a2c}
12-10 00:55:40.707 W/SignalStrength( 3128): Signal before validate=SignalStrength: 99 2097251 -1 -1 -1 -1 -1 16 107 10 20 -1 2147483647 0x0 gsm|lte
12-10 00:55:40.707 W/SignalStrength( 3128): Signal after validate=SignalStrength: 99 99 -120 -160 -120 -1 -1 16 -107 -10 20 -1 2147483647 0x2000 gsm|lte
12-10 00:55:40.707 D/DefaultPhoneNotifier( 3128): notifySignalStrength: mRegistry=com.android.internal.telephony.ITelephonyRegistry$Stub$Proxy@280c75ad ss=SignalStrength: 99 99 -120 -160 -120 -1 -1 16 -107 -10 20 -1 2147483647 0x2000 gsm|lte sender=Handler (com.android.internal.telephony.gsm.GSMPhone) {2df77a2c}
12-10 00:55:40.709 D/RILJ    ( 3128): [0241]> OPERATOR [SUB0]
12-10 00:55:40.712 D/RILJ    ( 3128): [0242]> DATA_REGISTRATION_STATE [SUB0]
12-10 00:55:40.712 D/RILC    (  272): SOCKET RIL_SOCKET_1 REQUEST: OPERATOR length:8
12-10 00:55:40.712 D/RILJ    ( 3128): [0243]> VOICE_REGISTRATION_STATE [SUB0]
12-10 00:55:40.712 D/RILC    (  272): SOCKET RIL_SOCKET_1 REQUEST: DATA_REGISTRATION_STATE length:8
12-10 00:55:40.712 D/RILC    (  272): RequestComplete, RIL_SOCKET_1
12-10 00:55:40.712 E/RILC    (  272): Send Response to RIL_SOCKET_1
12-10 00:55:40.713 D/RILJ    ( 3128): [0244]> QUERY_NETWORK_SELECTION_MODE [SUB0]
12-10 00:55:40.713 D/RILC    (  272): SOCKET RIL_SOCKET_1 REQUEST: VOICE_REGISTRATION_STATE length:8
12-10 00:55:40.713 I/RILC    (  272): RIL_SOCKET_1 UNSOLICITED: UNSOL_RESPONSE_VOICE_NETWORK_STATE_CHANGED length:8
12-10 00:55:40.713 E/RILC    (  272): Send Response to RIL_SOCKET_1
12-10 00:55:40.713 D/RILC    (  272): SOCKET RIL_SOCKET_1 REQUEST: QUERY_NETWORK_SELECTION_MODE length:8
12-10 00:55:40.715 D/RILJ    ( 3128): [0241]< OPERATOR {xx,xx,xx,xx} [SUB0]
12-10 00:55:40.716 D/RILC    (  272): RequestComplete, RIL_SOCKET_1
12-10 00:55:40.716 E/RILC    (  272): Send Response to RIL_SOCKET_1
12-10 00:55:40.716 D/RILJ    ( 3128): [UNSL]< UNSOL_RESPONSE_VOICE_NETWORK_STATE_CHANGED [SUB0]
12-10 00:55:40.717 D/RILJ    ( 3128): [0242]< DATA_REGISTRATION_STATE {1, 7ef4, 01740805, 14, null, 4, null} [SUB0]
12-10 00:55:40.717 D/RILC    (  272): RequestComplete, RIL_SOCKET_1
12-10 00:55:40.717 E/RILC    (  272): Send Response to RIL_SOCKET_1
12-10 00:55:40.718 D/RILC    (  272): RequestComplete, RIL_SOCKET_1
12-10 00:55:40.718 E/RILC    (  272): Send Response to RIL_SOCKET_1
12-10 00:55:40.718 D/RILJ    ( 3128): [0243]< VOICE_REGISTRATION_STATE {1, 7ef4, 01740805, 14, null, null, null, null, null, null, null, null, null, null, 0000} [SUB0]
12-10 00:55:40.718 D/RILJ    ( 3128): [0244]< QUERY_NETWORK_SELECTION_MODE {0} [SUB0]
12-10 00:55:40.722 D/RILJ    ( 3128): [0245]> OPERATOR [SUB0]
12-10 00:55:40.722 D/RILJ    ( 3128): [0246]> DATA_REGISTRATION_STATE [SUB0]
12-10 00:55:40.723 D/RILC    (  272): SOCKET RIL_SOCKET_1 REQUEST: OPERATOR length:8
12-10 00:55:40.723 D/RILJ    ( 3128): [0247]> VOICE_REGISTRATION_STATE [SUB0]
12-10 00:55:40.723 D/RILC    (  272): RequestComplete, RIL_SOCKET_1
12-10 00:55:40.723 E/RILC    (  272): Send Response to RIL_SOCKET_1
12-10 00:55:40.723 D/RILJ    ( 3128): [0245]< OPERATOR {xx,xx,xx,xx} [SUB0]
12-10 00:55:40.724 D/RILJ    ( 3128): [0248]> QUERY_NETWORK_SELECTION_MODE [SUB0]
12-10 00:55:40.724 D/RILC    (  272): SOCKET RIL_SOCKET_1 REQUEST: DATA_REGISTRATION_STATE length:8
12-10 00:55:40.724 D/RILC    (  272): SOCKET RIL_SOCKET_1 REQUEST: VOICE_REGISTRATION_STATE length:8
12-10 00:55:40.725 D/RILC    (  272): SOCKET RIL_SOCKET_1 REQUEST: QUERY_NETWORK_SELECTION_MODE length:8
12-10 00:55:40.725 D/RILC    (  272): RequestComplete, RIL_SOCKET_1
12-10 00:55:40.725 E/RILC    (  272): Send Response to RIL_SOCKET_1
12-10 00:55:40.726 D/RILC    (  272): RequestComplete, RIL_SOCKET_1
12-10 00:55:40.726 E/RILC    (  272): Send Response to RIL_SOCKET_1
12-10 00:55:40.727 D/RILC    (  272): RequestComplete, RIL_SOCKET_1
12-10 00:55:40.727 E/RILC    (  272): Send Response to RIL_SOCKET_1
12-10 00:55:40.727 D/RILJ    ( 3128): [0246]< DATA_REGISTRATION_STATE {1, 7ef4, 01740805, 14, null, 4, null} [SUB0]
12-10 00:55:40.727 D/RILJ    ( 3128): [0247]< VOICE_REGISTRATION_STATE {1, 7ef4, 01740805, 14, null, null, null, null, null, null, null, null, null, null, 0000} [SUB0]
12-10 00:55:40.727 D/PHONE   ( 3128): [ServiceState] setDataRegState=0
12-10 00:55:40.727 D/RILJ    ( 3128): [0248]< QUERY_NETWORK_SELECTION_MODE {0} [SUB0]
12-10 00:55:40.727 D/TelephonyManager( 3128): setTelephonyProperty property=gsm.operator.ispsroaming propVal=false
12-10 00:55:40.732 D/PHONE   ( 3128): [ServiceState] setDataRadioTechnology=14
12-10 00:55:40.732 D/GsmSST  ( 3128): handlPollStateResultMessage: GsmSST setDataRegState=0 regState=1 dataRadioTechnology=14
12-10 00:55:40.732 D/PHONE   ( 3128): [ServiceState] setVoiceRegState=0
12-10 00:55:40.732 E/PHONE   ( 3128): [ServiceState] setState deprecated use setVoiceRegState()
12-10 00:55:40.732 I/SIMRecords( 3128): [SIMRecords] getFakeHomeOn() simOper[******], getIMSI()[******]
12-10 00:55:40.732 D/SpnOverride( 3128): [SpnOverride] getMatchingSpnOverrideInfo, carrier=[302720], simop=[30272]
12-10 00:55:40.732 D/SpnOverride( 3128): [SpnOverride] getMatchingSpnOverrideInfo - no entry for carrier=[302720]
12-10 00:55:40.732 D/GsmSST  ( 3128): Poll ServiceState done:  oldSS=[0 0 home  LTE LTE CSS not supported -1 -1 RoamInd=-1 DefRoamInd=-1 EmergOnly=false] newSS=[0 0 home  LTE LTE CSS not supported -1 -1 RoamInd=-1 DefRoamInd=-1 EmergOnly=false] oldMaxDataCalls=4 mNewMaxDataCalls=4 oldReasonDataDenied=-1 mNewReasonDataDenied=-1
12-10 00:55:40.732 D/PHONE   ( 3128): [ServiceState] setNullState=1
12-10 00:55:40.733 D/GsmSST  ( 3128): getCellLocation(): X good mCellLoc= xxx
12-10 00:55:40.733 D/TelephonyRegistry( 1888): notify Cell Location ForSubscriber: subId=1 cell Location=Bundle[mParcelledData.dataSize=64]
12-10 00:55:40.743 D/PhoneFactory( 3128): getPhone: phoneId == DEFAULT_PHONE_ID
12-10 00:55:40.743 D/PhoneFactory( 3128): getPhone:- phone=Handler (com.android.internal.telephony.PhoneProxy) {3e0d3ddf}
12-10 00:55:40.765 D/SUB     ( 1888): [SubManager] isValidSubId, invalid sub id = 9223372036854775807
12-10 00:55:40.765 D/SUB     ( 1888): [SubManager] [getPhoneId]- default subid insert DEFAULT_PHONE_ID return
12-10 00:55:41.559 D/PhoneFactory( 3128): getPhone: phoneId == DEFAULT_PHONE_ID
12-10 00:55:41.559 D/PhoneFactory( 3128): getPhone:- phone=Handler (com.android.internal.telephony.PhoneProxy) {3e0d3ddf}
12-10 00:55:44.250 E/use-Rlog/RLOG-STK( 3128): onReceive android.intent.action.BOOT_COMPLETED
12-10 00:55:44.814 D/SUB     ( 1888): [SubManager] isValidSubId, invalid sub id = 9223372036854775807
12-10 00:55:44.814 D/SUB     ( 1888): [SubManager] [getPhoneId]- default subid insert DEFAULT_PHONE_ID return
12-10 00:55:45.401 E/SmsApplication( 3128): onPackageChanged: packageName = com.google.android.gms
12-10 00:55:45.419 E/SmsApplication( 3128): onPackageChanged: run
12-10 00:55:45.643 E/use-Rlog/RLOG-RIL-QMI(  377): qmuxd: TX message on fd=20, to qmux_client_id=0x1, len=56
12-10 00:55:45.647 E/use-Rlog/RLOG-RIL-QMI(  377): qmuxd: RX 47 bytes on fd=20 from qmux_client_id=0x1
12-10 00:55:45.651 E/use-Rlog/RLOG-RIL-QMI(  377): qmuxd: TX message on fd=20, to qmux_client_id=0x1, len=56
12-10 00:55:45.663 E/use-Rlog/RLOG-RIL-QMI(  377): qmuxd: TX message on fd=20, to qmux_client_id=0x1, len=68
12-10 00:55:45.663 E/use-Rlog/RLOG-RIL-QMI(  377): qmuxd: RX 47 bytes on fd=20 from qmux_client_id=0x1
12-10 00:55:45.664 I/RILC    (  272): RIL_SOCKET_1 UNSOLICITED: UNSOL_SIGNAL_STRENGTH length:60
12-10 00:55:45.664 E/RILC    (  272): Send Response to RIL_SOCKET_1
12-10 00:55:45.667 W/SignalStrength( 3128): Signal before validate=SignalStrength: 99 2097251 -1 -1 -1 -1 -1 16 110 10 14 -1 2147483647 0x0 gsm|lte
12-10 00:55:45.667 W/SignalStrength( 3128): Signal after validate=SignalStrength: 99 99 -120 -160 -120 -1 -1 16 -110 -10 14 -1 2147483647 0x2000 gsm|lte
12-10 00:55:45.667 D/DefaultPhoneNotifier( 3128): notifySignalStrength: mRegistry=com.android.internal.telephony.ITelephonyRegistry$Stub$Proxy@280c75ad ss=SignalStrength: 99 99 -120 -160 -120 -1 -1 16 -110 -10 14 -1 2147483647 0x2000 gsm|lte sender=Handler (com.android.internal.telephony.gsm.GSMPhone) {2df77a2c}
12-10 00:55:45.679 E/use-Rlog/RLOG-RIL-QMI(  377): qmuxd: TX message on fd=20, to qmux_client_id=0x1, len=68
12-10 00:55:45.679 I/RILC    (  272): RIL_SOCKET_1 UNSOLICITED: UNSOL_SIGNAL_STRENGTH length:60
12-10 00:55:45.679 E/RILC    (  272): Send Response to RIL_SOCKET_1
12-10 00:55:45.711 W/SignalStrength( 3128): Signal before validate=SignalStrength: 99 2097251 -1 -1 -1 -1 -1 16 110 10 14 -1 2147483647 0x0 gsm|lte
12-10 00:55:45.711 W/SignalStrength( 3128): Signal after validate=SignalStrength: 99 99 -120 -160 -120 -1 -1 16 -110 -10 14 -1 2147483647 0x2000 gsm|lte
12-10 00:55:45.712 D/DefaultPhoneNotifier( 3128): notifySignalStrength: mRegistry=com.android.internal.telephony.ITelephonyRegistry$Stub$Proxy@280c75ad ss=SignalStrength: 99 99 -120 -160 -120 -1 -1 16 -110 -10 14 -1 2147483647 0x2000 gsm|lte sender=Handler (com.android.internal.telephony.gsm.GSMPhone) {2df77a2c}
12-10 00:55:46.241 D/PhoneFactory( 3128): getPhone: phoneId == DEFAULT_PHONE_ID
12-10 00:55:46.241 D/PhoneFactory( 3128): getPhone:- phone=Handler (com.android.internal.telephony.PhoneProxy) {3e0d3ddf}
12-10 00:55:46.891 D/TelephonyManager( 7511): getSimOperator(): default subId=1
12-10 00:55:46.895 D/TelephonyManager( 7511): getSimOperator: subId=1 operator=302720
12-10 00:55:47.203 D/TelephonyManager( 7511): getSimOperator(): default subId=1
12-10 00:55:47.204 D/TelephonyManager( 7511): getSimOperator: subId=1 operator=302720
12-10 00:55:47.674 D/TelephonyManager( 3075): getSimOperator(): default subId=1
12-10 00:55:47.677 D/TelephonyManager( 3075): getSimOperator: subId=1 operator=302720
12-10 00:55:47.739 E/use-Rlog/RLOG-RIL-QMI(  377): qmuxd: TX message on fd=20, to qmux_client_id=0x1, len=56
12-10 00:55:47.740 E/use-Rlog/RLOG-RIL-QMI(  377): qmuxd: RX 47 bytes on fd=20 from qmux_client_id=0x1
12-10 00:55:47.751 E/use-Rlog/RLOG-RIL-QMI(  377): qmuxd: TX message on fd=20, to qmux_client_id=0x1, len=68
12-10 00:55:47.751 I/RILC    (  272): RIL_SOCKET_1 UNSOLICITED: UNSOL_SIGNAL_STRENGTH length:60
12-10 00:55:47.751 E/RILC    (  272): Send Response to RIL_SOCKET_1
12-10 00:55:47.752 W/SignalStrength( 3128): Signal before validate=SignalStrength: 99 2097251 -1 -1 -1 -1 -1 18 110 10 8 -1 2147483647 0x0 gsm|lte
12-10 00:55:47.752 W/SignalStrength( 3128): Signal after validate=SignalStrength: 99 99 -120 -160 -120 -1 -1 18 -110 -10 8 -1 2147483647 0x2000 gsm|lte
12-10 00:55:47.752 D/DefaultPhoneNotifier( 3128): notifySignalStrength: mRegistry=com.android.internal.telephony.ITelephonyRegistry$Stub$Proxy@280c75ad ss=SignalStrength: 99 99 -120 -160 -120 -1 -1 18 -110 -10 8 -1 2147483647 0x2000 gsm|lte sender=Handler (com.android.internal.telephony.gsm.GSMPhone) {2df77a2c}
12-10 00:55:48.542 D/TelephonyManager( 3075): getSimOperator(): default subId=1
12-10 00:55:48.547 D/TelephonyManager( 3075): getSimOperator: subId=1 operator=302720
12-10 00:55:48.664 D/TelephonyManager( 3075): getSimOperator(): default subId=1
12-10 00:55:48.669 D/TelephonyManager( 3075): getSimOperator: subId=1 operator=302720
12-10 00:55:49.019 E/use-Rlog/RLOG-RIL-QMI(  377): qmuxd: TX message on fd=20, to qmux_client_id=0x1, len=56
12-10 00:55:49.022 E/use-Rlog/RLOG-RIL-QMI(  377): qmuxd: RX 47 bytes on fd=20 from qmux_client_id=0x1
12-10 00:55:49.035 E/use-Rlog/RLOG-RIL-QMI(  377): qmuxd: TX message on fd=20, to qmux_client_id=0x1, len=68
12-10 00:55:49.035 I/RILC    (  272): RIL_SOCKET_1 UNSOLICITED: UNSOL_SIGNAL_STRENGTH length:60
12-10 00:55:49.035 E/RILC    (  272): Send Response to RIL_SOCKET_1
12-10 00:55:49.038 W/SignalStrength( 3128): Signal before validate=SignalStrength: 99 2097251 -1 -1 -1 -1 -1 16 110 10 10 -1 2147483647 0x0 gsm|lte
12-10 00:55:49.038 W/SignalStrength( 3128): Signal after validate=SignalStrength: 99 99 -120 -160 -120 -1 -1 16 -110 -10 10 -1 2147483647 0x2000 gsm|lte
12-10 00:55:49.038 D/DefaultPhoneNotifier( 3128): notifySignalStrength: mRegistry=com.android.internal.telephony.ITelephonyRegistry$Stub$Proxy@280c75ad ss=SignalStrength: 99 99 -120 -160 -120 -1 -1 16 -110 -10 10 -1 2147483647 0x2000 gsm|lte sender=Handler (com.android.internal.telephony.gsm.GSMPhone) {2df77a2c}
12-10 00:55:53.604 E/use-Rlog/RLOG-RIL-QMI(  377): qmuxd: TX message on fd=20, to qmux_client_id=0x1, len=56
12-10 00:55:53.607 E/use-Rlog/RLOG-RIL-QMI(  377): qmuxd: RX 47 bytes on fd=20 from qmux_client_id=0x1
12-10 00:55:53.623 E/use-Rlog/RLOG-RIL-QMI(  377): qmuxd: TX message on fd=20, to qmux_client_id=0x1, len=68
12-10 00:55:53.623 I/RILC    (  272): RIL_SOCKET_1 UNSOLICITED: UNSOL_SIGNAL_STRENGTH length:60
12-10 00:55:53.623 E/RILC    (  272): Send Response to RIL_SOCKET_1
12-10 00:55:53.627 W/SignalStrength( 3128): Signal before validate=SignalStrength: 99 2097251 -1 -1 -1 -1 -1 18 110 10 8 -1 2147483647 0x0 gsm|lte
12-10 00:55:53.627 W/SignalStrength( 3128): Signal after validate=SignalStrength: 99 99 -120 -160 -120 -1 -1 18 -110 -10 8 -1 2147483647 0x2000 gsm|lte
12-10 00:55:53.627 D/DefaultPhoneNotifier( 3128): notifySignalStrength: mRegistry=com.android.internal.telephony.ITelephonyRegistry$Stub$Proxy@280c75ad ss=SignalStrength: 99 99 -120 -160 -120 -1 -1 18 -110 -10 8 -1 2147483647 0x2000 gsm|lte sender=Handler (com.android.internal.telephony.gsm.GSMPhone) {2df77a2c}
12-10 00:55:54.588 D/TelephonyManager( 3075): getSimOperator(): default subId=1
12-10 00:55:54.593 D/TelephonyManager( 3075): getSimOperator: subId=1 operator=302720
12-10 00:55:54.697 D/TelephonyManager( 3075): getSimOperator(): default subId=1
12-10 00:55:54.698 D/TelephonyManager( 3075): getSimOperator: subId=1 operator=302720
12-10 00:55:57.783 D/SubController( 3128): [getSlotId]- return fail
12-10 00:55:57.835 D/PhoneFactory( 3128): getPhone: phoneId == DEFAULT_PHONE_ID
12-10 00:55:57.835 D/PhoneFactory( 3128): getPhone:- phone=Handler (com.android.internal.telephony.PhoneProxy) {3e0d3ddf}
12-10 00:55:57.838 D/PhoneFactory( 3128): getPhone: phoneId == DEFAULT_PHONE_ID
12-10 00:55:57.838 D/PhoneFactory( 3128): getPhone:- phone=Handler (com.android.internal.telephony.PhoneProxy) {3e0d3ddf}
12-10 00:55:58.235 D/PhoneFactory( 3128): getPhone: phoneId == DEFAULT_PHONE_ID
12-10 00:55:58.235 D/PhoneFactory( 3128): getPhone:- phone=Handler (com.android.internal.telephony.PhoneProxy) {3e0d3ddf}
12-10 00:55:58.993 D/TelephonyManager( 8219): getSimOperator(): default subId=1
12-10 00:55:58.994 D/TelephonyManager( 8219): getSimOperator: subId=1 operator=302720
12-10 00:55:59.032 D/TelephonyManager( 8219): getSimOperator(): default subId=1
12-10 00:55:59.033 D/TelephonyManager( 8219): getSimOperator: subId=1 operator=302720
12-10 00:55:59.034 D/TelephonyManager( 8219): getSimOperator(): default subId=1
12-10 00:55:59.034 D/TelephonyManager( 8219): getSimOperator: subId=1 operator=302720
12-10 00:55:59.284 D/PhoneFactory( 3128): getPhone: phoneId == DEFAULT_PHONE_ID
12-10 00:55:59.284 D/PhoneFactory( 3128): getPhone:- phone=Handler (com.android.internal.telephony.PhoneProxy) {3e0d3ddf}
12-10 00:55:59.292 D/PhoneFactory( 3128): getPhone: phoneId == DEFAULT_PHONE_ID
12-10 00:55:59.292 D/PhoneFactory( 3128): getPhone:- phone=Handler (com.android.internal.telephony.PhoneProxy) {3e0d3ddf}
12-10 00:55:59.340 D/TelephonyManager( 8219): getSimOperator(): default subId=1
12-10 00:55:59.341 D/TelephonyManager( 8219): getSimOperator: subId=1 operator=302720
12-10 00:56:00.674 D/PhoneFactory( 3128): getPhone: phoneId == DEFAULT_PHONE_ID
12-10 00:56:00.674 D/PhoneFactory( 3128): getPhone:- phone=Handler (com.android.internal.telephony.PhoneProxy) {3e0d3ddf}
12-10 00:56:00.688 D/PhoneFactory( 3128): getPhone: phoneId == DEFAULT_PHONE_ID
12-10 00:56:00.688 D/PhoneFactory( 3128): getPhone:- phone=Handler (com.android.internal.telephony.PhoneProxy) {3e0d3ddf}
12-10 00:56:00.689 D/SUB     ( 1888): [SubManager] isValidSubId, invalid sub id = 9223372036854775807
12-10 00:56:00.689 D/SUB     ( 1888): [SubManager] [getPhoneId]- default subid insert DEFAULT_PHONE_ID return
12-10 00:56:00.694 D/PhoneFactory( 3128): getPhone: phoneId == DEFAULT_PHONE_ID
12-10 00:56:00.694 D/PhoneFactory( 3128): getPhone:- phone=Handler (com.android.internal.telephony.PhoneProxy) {3e0d3ddf}
12-10 00:56:00.703 D/PhoneFactory( 3128): getPhone: phoneId == DEFAULT_PHONE_ID
12-10 00:56:00.703 D/PhoneFactory( 3128): getPhone:- phone=Handler (com.android.internal.telephony.PhoneProxy) {3e0d3ddf}
12-10 00:56:00.708 D/PhoneFactory( 3128): getPhone: phoneId == DEFAULT_PHONE_ID
12-10 00:56:00.708 D/PhoneFactory( 3128): getPhone:- phone=Handler (com.android.internal.telephony.PhoneProxy) {3e0d3ddf}
12-10 00:56:00.778 D/SUB     ( 8293): [SubManager] [getSubId]- fail, slotId:1, getSimCount():1
12-10 00:56:01.035 D/SubController( 3128): [setDefaultSmsSubId] subId=1
12-10 00:56:01.037 D/SubController( 3128): [broadcastDefaultSmsSubIdChanged] subId=1
12-10 00:56:01.069 D/SmsManager( 8293): [CB] In getCbConfig
12-10 00:56:01.123 D/RILJ    ( 3128): [0249]> GET_CELL_BROADCAST_CONFIG [SUB0]
12-10 00:56:01.134 D/RILC    (  272): SOCKET RIL_SOCKET_1 REQUEST: GET_CELL_BROADCAST_CONFIG length:8
12-10 00:56:01.137 E/use-Rlog/RLOG-RIL-QMI(  377): qmuxd: RX 51 bytes on fd=20 from qmux_client_id=0x1
